2026-09-17 14:55:58,443 P29480 INFO ^^^^^^^^^^ Current Model:hades, f48b43b7 ^^^^^^^^^^
2026-09-17 14:55:58,443 P29480 INFO Load from D:\UAM-AD\data\sn
2026-09-17 14:55:58,666 P29480 INFO 375 unique log templates found.
2026-09-17 14:55:58,682 P29480 INFO Transforming unlabel train data.
2026-09-17 14:55:58,700 P29480 INFO Transforming test data.
2026-09-17 14:55:58,729 P29480 INFO 721 new templates show.
2026-09-17 14:55:58,767 P29480 INFO Transforming val data.
2026-09-17 14:55:58,767 P29480 INFO 77 new templates show.
2026-09-17 14:55:58,767 P29480 INFO Data loaded done!
2026-09-17 14:55:58,812 P29480 INFO Known word number: 375
2026-09-17 14:55:58,998 P29480 INFO Epoch 0/50, train generator loss: 1.58376
2026-09-17 14:55:59,108 P29480 INFO Epoch 0/50, train discriminator loss: 5.33880
2026-09-17 14:55:59,265 P29480 INFO *** Test time is 0.15692448616027832
2026-09-17 14:55:59,265 P29480 INFO Epoch 0/50, test f1: 0.79245 rc: 0.70000 pc: 0.91304. [0.24s]
2026-09-17 14:55:59,432 P29480 INFO Epoch 1/50, train generator loss: 1.40693
2026-09-17 14:55:59,564 P29480 INFO Epoch 1/50, train discriminator loss: 4.78991
2026-09-17 14:55:59,707 P29480 INFO *** Test time is 0.1430051326751709
2026-09-17 14:55:59,707 P29480 INFO Epoch 1/50, test f1: 0.79245 rc: 0.70000 pc: 0.91304. [0.28s]
2026-09-17 14:55:59,707 P29480 INFO early stopping epoch 1/15
2026-09-17 14:55:59,843 P29480 INFO Epoch 2/50, train generator loss: 1.33329
2026-09-17 14:55:59,975 P29480 INFO Epoch 2/50, train discriminator loss: 4.68372
2026-09-17 14:56:00,116 P29480 INFO *** Test time is 0.14143037796020508
2026-09-17 14:56:00,116 P29480 INFO Epoch 2/50, test f1: 0.80769 rc: 0.70000 pc: 0.95455. [0.27s]
2026-09-17 14:56:00,292 P29480 INFO Epoch 3/50, train generator loss: 1.24776
2026-09-17 14:56:00,393 P29480 INFO Epoch 3/50, train discriminator loss: 5.11574
2026-09-17 14:56:00,551 P29480 INFO *** Test time is 0.1589808464050293
2026-09-17 14:56:00,553 P29480 INFO Epoch 3/50, test f1: 0.80769 rc: 0.70000 pc: 0.95455. [0.25s]
2026-09-17 14:56:00,553 P29480 INFO early stopping epoch 1/15
2026-09-17 14:56:00,692 P29480 INFO Epoch 4/50, train generator loss: 1.12697
2026-09-17 14:56:00,803 P29480 INFO Epoch 4/50, train discriminator loss: 6.30343
2026-09-17 14:56:00,954 P29480 INFO *** Test time is 0.15131187438964844
2026-09-17 14:56:00,954 P29480 INFO Epoch 4/50, test f1: 0.83019 rc: 0.73333 pc: 0.95652. [0.25s]
2026-09-17 14:56:01,122 P29480 INFO Epoch 5/50, train generator loss: 0.98267
2026-09-17 14:56:01,274 P29480 INFO Epoch 5/50, train discriminator loss: 7.72081
2026-09-17 14:56:01,479 P29480 INFO *** Test time is 0.2051410675048828
2026-09-17 14:56:01,479 P29480 INFO Epoch 5/50, test f1: 0.65385 rc: 0.56667 pc: 0.77273. [0.30s]
2026-09-17 14:56:01,479 P29480 INFO early stopping epoch 1/15
2026-09-17 14:56:01,691 P29480 INFO Epoch 6/50, train generator loss: 0.82461
2026-09-17 14:56:01,862 P29480 INFO Epoch 6/50, train discriminator loss: 8.58267
2026-09-17 14:56:02,087 P29480 INFO *** Test time is 0.22525262832641602
2026-09-17 14:56:02,087 P29480 INFO Epoch 6/50, test f1: 0.56000 rc: 0.46667 pc: 0.70000. [0.38s]
2026-09-17 14:56:02,087 P29480 INFO early stopping epoch 2/15
2026-09-17 14:56:02,265 P29480 INFO Epoch 7/50, train generator loss: 0.67129
2026-09-17 14:56:02,402 P29480 INFO Epoch 7/50, train discriminator loss: 8.50453
2026-09-17 14:56:02,609 P29480 INFO *** Test time is 0.2061922550201416
2026-09-17 14:56:02,611 P29480 INFO Epoch 7/50, test f1: 0.54902 rc: 0.46667 pc: 0.66667. [0.31s]
2026-09-17 14:56:02,611 P29480 INFO early stopping epoch 3/15
2026-09-17 14:56:02,756 P29480 INFO Epoch 8/50, train generator loss: 0.65544
2026-09-17 14:56:02,919 P29480 INFO Epoch 8/50, train discriminator loss: 7.01757
2026-09-17 14:56:03,110 P29480 INFO *** Test time is 0.19054603576660156
2026-09-17 14:56:03,110 P29480 INFO Epoch 8/50, test f1: 0.54902 rc: 0.46667 pc: 0.66667. [0.31s]
2026-09-17 14:56:03,110 P29480 INFO early stopping epoch 4/15
2026-09-17 14:56:03,271 P29480 INFO Epoch 9/50, train generator loss: 0.56603
2026-09-17 14:56:03,409 P29480 INFO Epoch 9/50, train discriminator loss: 5.82533
2026-09-17 14:56:03,606 P29480 INFO *** Test time is 0.19652295112609863
2026-09-17 14:56:03,606 P29480 INFO Epoch 9/50, test f1: 0.54902 rc: 0.46667 pc: 0.66667. [0.30s]
2026-09-17 14:56:03,606 P29480 INFO early stopping epoch 5/15
2026-09-17 14:56:03,762 P29480 INFO Epoch 10/50, train generator loss: 0.47393
2026-09-17 14:56:03,863 P29480 INFO Epoch 10/50, train discriminator loss: 5.42466
2026-09-17 14:56:04,002 P29480 INFO *** Test time is 0.13904857635498047
2026-09-17 14:56:04,002 P29480 INFO Epoch 10/50, test f1: 0.61538 rc: 0.53333 pc: 0.72727. [0.26s]
2026-09-17 14:56:04,002 P29480 INFO early stopping epoch 6/15
2026-09-17 14:56:04,214 P29480 INFO Epoch 11/50, train generator loss: 0.52531
2026-09-17 14:56:04,335 P29480 INFO Epoch 11/50, train discriminator loss: 5.52624
2026-09-17 14:56:04,481 P29480 INFO *** Test time is 0.14629340171813965
2026-09-17 14:56:04,481 P29480 INFO Epoch 11/50, test f1: 0.61538 rc: 0.53333 pc: 0.72727. [0.33s]
2026-09-17 14:56:04,481 P29480 INFO early stopping epoch 7/15
2026-09-17 14:56:04,608 P29480 INFO Epoch 12/50, train generator loss: 0.51340
2026-09-17 14:56:04,724 P29480 INFO Epoch 12/50, train discriminator loss: 5.71266
2026-09-17 14:56:04,919 P29480 INFO *** Test time is 0.19457626342773438
2026-09-17 14:56:04,919 P29480 INFO Epoch 12/50, test f1: 0.50000 rc: 0.40000 pc: 0.66667. [0.24s]
2026-09-17 14:56:04,919 P29480 INFO early stopping epoch 8/15
2026-09-17 14:56:05,049 P29480 INFO Epoch 13/50, train generator loss: 0.47481
2026-09-17 14:56:05,155 P29480 INFO Epoch 13/50, train discriminator loss: 5.74545
2026-09-17 14:56:05,298 P29480 INFO *** Test time is 0.14281845092773438
2026-09-17 14:56:05,298 P29480 INFO Epoch 13/50, test f1: 0.48980 rc: 0.40000 pc: 0.63158. [0.24s]
2026-09-17 14:56:05,298 P29480 INFO early stopping epoch 9/15
2026-09-17 14:56:05,389 P29480 INFO Epoch 14/50, train generator loss: 0.51173
2026-09-17 14:56:05,472 P29480 INFO Epoch 14/50, train discriminator loss: 5.68022
2026-09-17 14:56:05,615 P29480 INFO *** Test time is 0.1426246166229248
2026-09-17 14:56:05,615 P29480 INFO Epoch 14/50, test f1: 0.48980 rc: 0.40000 pc: 0.63158. [0.17s]
2026-09-17 14:56:05,615 P29480 INFO early stopping epoch 10/15
2026-09-17 14:56:05,741 P29480 INFO Epoch 15/50, train generator loss: 0.48129
2026-09-17 14:56:05,855 P29480 INFO Epoch 15/50, train discriminator loss: 5.65558
2026-09-17 14:56:06,025 P29480 INFO *** Test time is 0.1705944538116455
2026-09-17 14:56:06,025 P29480 INFO Epoch 15/50, test f1: 0.50000 rc: 0.40000 pc: 0.66667. [0.24s]
2026-09-17 14:56:06,025 P29480 INFO early stopping epoch 11/15
2026-09-17 14:56:06,128 P29480 INFO Epoch 16/50, train generator loss: 0.42245
2026-09-17 14:56:06,225 P29480 INFO Epoch 16/50, train discriminator loss: 5.68189
2026-09-17 14:56:06,361 P29480 INFO *** Test time is 0.13593196868896484
2026-09-17 14:56:06,361 P29480 INFO Epoch 16/50, test f1: 0.56000 rc: 0.46667 pc: 0.70000. [0.20s]
2026-09-17 14:56:06,361 P29480 INFO early stopping epoch 12/15
2026-09-17 14:56:06,481 P29480 INFO Epoch 17/50, train generator loss: 0.42134
2026-09-17 14:56:06,600 P29480 INFO Epoch 17/50, train discriminator loss: 5.68579
2026-09-17 14:56:06,759 P29480 INFO *** Test time is 0.1589522361755371
2026-09-17 14:56:06,759 P29480 INFO Epoch 17/50, test f1: 0.56000 rc: 0.46667 pc: 0.70000. [0.24s]
2026-09-17 14:56:06,759 P29480 INFO early stopping epoch 13/15
2026-09-17 14:56:06,884 P29480 INFO Epoch 18/50, train generator loss: 0.41561
2026-09-17 14:56:06,991 P29480 INFO Epoch 18/50, train discriminator loss: 5.65360
2026-09-17 14:56:07,153 P29480 INFO *** Test time is 0.16144537925720215
2026-09-17 14:56:07,153 P29480 INFO Epoch 18/50, test f1: 0.50000 rc: 0.40000 pc: 0.66667. [0.23s]
2026-09-17 14:56:07,153 P29480 INFO early stopping epoch 14/15
2026-09-17 14:56:07,247 P29480 INFO Epoch 19/50, train generator loss: 0.38040
2026-09-17 14:56:07,351 P29480 INFO Epoch 19/50, train discriminator loss: 5.60369
2026-09-17 14:56:07,514 P29480 INFO *** Test time is 0.16268324851989746
2026-09-17 14:56:07,514 P29480 INFO Epoch 19/50, test f1: 0.48980 rc: 0.40000 pc: 0.63158. [0.20s]
2026-09-17 14:56:07,514 P29480 INFO early stopping epoch 15/15
2026-09-17 14:56:07,514 P29480 INFO Early stopping
2026-09-17 14:56:07,612 P29480 INFO Threshold (p=95.0, src=val): 1.104850
2026-09-17 14:56:07,644 P29480 INFO *** Test F1 0.9375  of unsupervised traning
2026-09-17 14:56:07,644 P29480 INFO *** Best F1 {'f1': 0.8301886792452831, 'rc': 0.7333333333333333, 'pc': 0.9565217391304348, 'threshold': np.float64(1.261743655204773)}  of unsupervised traning
2026-09-17 14:56:07,644 P29480 INFO Current hash id f48b43b7
