2026-09-17 14:55:49,308 P29480 INFO ^^^^^^^^^^ Current Model:hades, 80f4f595 ^^^^^^^^^^
2026-09-17 14:55:49,308 P29480 INFO Load from D:\UAM-AD\data\sn
2026-09-17 14:55:49,599 P29480 INFO 375 unique log templates found.
2026-09-17 14:55:49,607 P29480 INFO Transforming unlabel train data.
2026-09-17 14:55:49,648 P29480 INFO Transforming test data.
2026-09-17 14:55:49,688 P29480 INFO 721 new templates show.
2026-09-17 14:55:49,751 P29480 INFO Transforming val data.
2026-09-17 14:55:49,751 P29480 INFO 77 new templates show.
2026-09-17 14:55:49,751 P29480 INFO Data loaded done!
2026-09-17 14:55:49,798 P29480 INFO Known word number: 375
2026-09-17 14:55:50,083 P29480 INFO Epoch 0/50, train generator loss: 1.54145
2026-09-17 14:55:50,241 P29480 INFO Epoch 0/50, train discriminator loss: 5.45859
2026-09-17 14:55:50,442 P29480 INFO *** Test time is 0.20073246955871582
2026-09-17 14:55:50,442 P29480 INFO Epoch 0/50, test f1: 0.73077 rc: 0.63333 pc: 0.86364. [0.36s]
2026-09-17 14:55:50,597 P29480 INFO Epoch 1/50, train generator loss: 1.40201
2026-09-17 14:55:50,733 P29480 INFO Epoch 1/50, train discriminator loss: 4.89577
2026-09-17 14:55:50,903 P29480 INFO *** Test time is 0.16994786262512207
2026-09-17 14:55:50,903 P29480 INFO Epoch 1/50, test f1: 0.73077 rc: 0.63333 pc: 0.86364. [0.27s]
2026-09-17 14:55:50,903 P29480 INFO early stopping epoch 1/15
2026-09-17 14:55:51,043 P29480 INFO Epoch 2/50, train generator loss: 1.29003
2026-09-17 14:55:51,154 P29480 INFO Epoch 2/50, train discriminator loss: 4.83559
2026-09-17 14:55:51,331 P29480 INFO *** Test time is 0.17672038078308105
2026-09-17 14:55:51,331 P29480 INFO Epoch 2/50, test f1: 0.73077 rc: 0.63333 pc: 0.86364. [0.25s]
2026-09-17 14:55:51,331 P29480 INFO early stopping epoch 2/15
2026-09-17 14:55:51,490 P29480 INFO Epoch 3/50, train generator loss: 1.17399
2026-09-17 14:55:51,629 P29480 INFO Epoch 3/50, train discriminator loss: 5.39004
2026-09-17 14:55:51,803 P29480 INFO *** Test time is 0.17320561408996582
2026-09-17 14:55:51,803 P29480 INFO Epoch 3/50, test f1: 0.75472 rc: 0.66667 pc: 0.86957. [0.30s]
2026-09-17 14:55:51,951 P29480 INFO Epoch 4/50, train generator loss: 1.04032
2026-09-17 14:55:52,073 P29480 INFO Epoch 4/50, train discriminator loss: 6.52509
2026-09-17 14:55:52,233 P29480 INFO *** Test time is 0.16042184829711914
2026-09-17 14:55:52,233 P29480 INFO Epoch 4/50, test f1: 0.75472 rc: 0.66667 pc: 0.86957. [0.25s]
2026-09-17 14:55:52,233 P29480 INFO early stopping epoch 1/15
2026-09-17 14:55:52,398 P29480 INFO Epoch 5/50, train generator loss: 0.85945
2026-09-17 14:55:52,519 P29480 INFO Epoch 5/50, train discriminator loss: 7.84437
2026-09-17 14:55:52,717 P29480 INFO *** Test time is 0.19790291786193848
2026-09-17 14:55:52,717 P29480 INFO Epoch 5/50, test f1: 0.61538 rc: 0.53333 pc: 0.72727. [0.29s]
2026-09-17 14:55:52,717 P29480 INFO early stopping epoch 2/15
2026-09-17 14:55:52,859 P29480 INFO Epoch 6/50, train generator loss: 0.63662
2026-09-17 14:55:52,977 P29480 INFO Epoch 6/50, train discriminator loss: 8.72075
2026-09-17 14:55:53,137 P29480 INFO *** Test time is 0.15999317169189453
2026-09-17 14:55:53,137 P29480 INFO Epoch 6/50, test f1: 0.54902 rc: 0.46667 pc: 0.66667. [0.26s]
2026-09-17 14:55:53,137 P29480 INFO early stopping epoch 3/15
2026-09-17 14:55:53,253 P29480 INFO Epoch 7/50, train generator loss: 0.65282
2026-09-17 14:55:53,362 P29480 INFO Epoch 7/50, train discriminator loss: 7.78830
2026-09-17 14:55:53,510 P29480 INFO *** Test time is 0.14694452285766602
2026-09-17 14:55:53,510 P29480 INFO Epoch 7/50, test f1: 0.54902 rc: 0.46667 pc: 0.66667. [0.23s]
2026-09-17 14:55:53,510 P29480 INFO early stopping epoch 4/15
2026-09-17 14:55:53,608 P29480 INFO Epoch 8/50, train generator loss: 0.65686
2026-09-17 14:55:53,713 P29480 INFO Epoch 8/50, train discriminator loss: 6.46714
2026-09-17 14:55:53,876 P29480 INFO *** Test time is 0.16283082962036133
2026-09-17 14:55:53,876 P29480 INFO Epoch 8/50, test f1: 0.54902 rc: 0.46667 pc: 0.66667. [0.20s]
2026-09-17 14:55:53,876 P29480 INFO early stopping epoch 5/15
2026-09-17 14:55:53,967 P29480 INFO Epoch 9/50, train generator loss: 0.55001
2026-09-17 14:55:54,060 P29480 INFO Epoch 9/50, train discriminator loss: 5.62326
2026-09-17 14:55:54,236 P29480 INFO *** Test time is 0.17534589767456055
2026-09-17 14:55:54,236 P29480 INFO Epoch 9/50, test f1: 0.54902 rc: 0.46667 pc: 0.66667. [0.18s]
2026-09-17 14:55:54,236 P29480 INFO early stopping epoch 6/15
2026-09-17 14:55:54,334 P29480 INFO Epoch 10/50, train generator loss: 0.48725
2026-09-17 14:55:54,467 P29480 INFO Epoch 10/50, train discriminator loss: 5.38616
2026-09-17 14:55:54,678 P29480 INFO *** Test time is 0.21032404899597168
2026-09-17 14:55:54,678 P29480 INFO Epoch 10/50, test f1: 0.56000 rc: 0.46667 pc: 0.70000. [0.23s]
2026-09-17 14:55:54,678 P29480 INFO early stopping epoch 7/15
2026-09-17 14:55:54,887 P29480 INFO Epoch 11/50, train generator loss: 0.51978
2026-09-17 14:55:55,047 P29480 INFO Epoch 11/50, train discriminator loss: 5.44404
2026-09-17 14:55:55,245 P29480 INFO *** Test time is 0.1975393295288086
2026-09-17 14:55:55,245 P29480 INFO Epoch 11/50, test f1: 0.61538 rc: 0.53333 pc: 0.72727. [0.37s]
2026-09-17 14:55:55,245 P29480 INFO early stopping epoch 8/15
2026-09-17 14:55:55,426 P29480 INFO Epoch 12/50, train generator loss: 0.52061
2026-09-17 14:55:55,563 P29480 INFO Epoch 12/50, train discriminator loss: 5.56097
2026-09-17 14:55:55,766 P29480 INFO *** Test time is 0.20282888412475586
2026-09-17 14:55:55,766 P29480 INFO Epoch 12/50, test f1: 0.50000 rc: 0.40000 pc: 0.66667. [0.32s]
2026-09-17 14:55:55,766 P29480 INFO early stopping epoch 9/15
2026-09-17 14:55:55,932 P29480 INFO Epoch 13/50, train generator loss: 0.48165
2026-09-17 14:55:56,055 P29480 INFO Epoch 13/50, train discriminator loss: 5.64674
2026-09-17 14:55:56,263 P29480 INFO *** Test time is 0.20727968215942383
2026-09-17 14:55:56,263 P29480 INFO Epoch 13/50, test f1: 0.48980 rc: 0.40000 pc: 0.63158. [0.29s]
2026-09-17 14:55:56,263 P29480 INFO early stopping epoch 10/15
2026-09-17 14:55:56,412 P29480 INFO Epoch 14/50, train generator loss: 0.46641
2026-09-17 14:55:56,567 P29480 INFO Epoch 14/50, train discriminator loss: 5.66809
2026-09-17 14:55:56,791 P29480 INFO *** Test time is 0.22395086288452148
2026-09-17 14:55:56,791 P29480 INFO Epoch 14/50, test f1: 0.48980 rc: 0.40000 pc: 0.63158. [0.30s]
2026-09-17 14:55:56,791 P29480 INFO early stopping epoch 11/15
2026-09-17 14:55:56,931 P29480 INFO Epoch 15/50, train generator loss: 0.45355
2026-09-17 14:55:57,074 P29480 INFO Epoch 15/50, train discriminator loss: 5.64947
2026-09-17 14:55:57,228 P29480 INFO *** Test time is 0.1538996696472168
2026-09-17 14:55:57,228 P29480 INFO Epoch 15/50, test f1: 0.48980 rc: 0.40000 pc: 0.63158. [0.28s]
2026-09-17 14:55:57,228 P29480 INFO early stopping epoch 12/15
2026-09-17 14:55:57,318 P29480 INFO Epoch 16/50, train generator loss: 0.43667
2026-09-17 14:55:57,417 P29480 INFO Epoch 16/50, train discriminator loss: 5.62166
2026-09-17 14:55:57,555 P29480 INFO *** Test time is 0.1379082202911377
2026-09-17 14:55:57,555 P29480 INFO Epoch 16/50, test f1: 0.48980 rc: 0.40000 pc: 0.63158. [0.19s]
2026-09-17 14:55:57,555 P29480 INFO early stopping epoch 13/15
2026-09-17 14:55:57,661 P29480 INFO Epoch 17/50, train generator loss: 0.40084
2026-09-17 14:55:57,796 P29480 INFO Epoch 17/50, train discriminator loss: 5.58424
2026-09-17 14:55:57,942 P29480 INFO *** Test time is 0.14621376991271973
2026-09-17 14:55:57,942 P29480 INFO Epoch 17/50, test f1: 0.48980 rc: 0.40000 pc: 0.63158. [0.24s]
2026-09-17 14:55:57,942 P29480 INFO early stopping epoch 14/15
2026-09-17 14:55:58,047 P29480 INFO Epoch 18/50, train generator loss: 0.38120
2026-09-17 14:55:58,166 P29480 INFO Epoch 18/50, train discriminator loss: 5.53874
2026-09-17 14:55:58,304 P29480 INFO *** Test time is 0.1384737491607666
2026-09-17 14:55:58,304 P29480 INFO Epoch 18/50, test f1: 0.48980 rc: 0.40000 pc: 0.63158. [0.22s]
2026-09-17 14:55:58,304 P29480 INFO early stopping epoch 15/15
2026-09-17 14:55:58,304 P29480 INFO Early stopping
2026-09-17 14:55:58,380 P29480 INFO Threshold (p=95.0, src=val): 1.240455
2026-09-17 14:55:58,427 P29480 INFO *** Test F1 0.9375  of unsupervised traning
2026-09-17 14:55:58,427 P29480 INFO *** Best F1 {'f1': 0.7547169811320755, 'rc': 0.6666666666666666, 'pc': 0.8695652173913043, 'threshold': np.float64(1.3572269010543823)}  of unsupervised traning
2026-09-17 14:55:58,427 P29480 INFO Current hash id 80f4f595
