2026-09-17 15:00:35,721 P2732 INFO ^^^^^^^^^^ Current Model:hades, b3237707 ^^^^^^^^^^
2026-09-17 15:00:35,721 P2732 INFO Load from D:\UAM-AD\data\sn
2026-09-17 15:00:36,035 P2732 INFO 375 unique log templates found.
2026-09-17 15:00:36,039 P2732 INFO Transforming unlabel train data.
2026-09-17 15:00:36,058 P2732 INFO Transforming test data.
2026-09-17 15:00:36,087 P2732 INFO 733 new templates show.
2026-09-17 15:00:36,119 P2732 INFO Transforming val data.
2026-09-17 15:00:36,119 P2732 INFO 77 new templates show.
2026-09-17 15:00:36,119 P2732 INFO Data loaded done!
2026-09-17 15:00:36,151 P2732 INFO Known word number: 375
2026-09-17 15:00:38,413 P2732 INFO Epoch 0/50, train generator loss: 1.52038
2026-09-17 15:00:38,637 P2732 INFO Epoch 0/50, train discriminator loss: 5.64117
2026-09-17 15:00:38,851 P2732 INFO *** Test time is 0.20455288887023926
2026-09-17 15:00:38,851 P2732 INFO Epoch 0/50, test f1: 0.71429 rc: 0.57692 pc: 0.93750. [1.02s]
2026-09-17 15:00:39,055 P2732 INFO Epoch 1/50, train generator loss: 1.37886
2026-09-17 15:00:39,207 P2732 INFO Epoch 1/50, train discriminator loss: 5.06685
2026-09-17 15:00:39,339 P2732 INFO *** Test time is 0.13255882263183594
2026-09-17 15:00:39,339 P2732 INFO Epoch 1/50, test f1: 0.71429 rc: 0.57692 pc: 0.93750. [0.32s]
2026-09-17 15:00:39,339 P2732 INFO early stopping epoch 1/15
2026-09-17 15:00:39,449 P2732 INFO Epoch 2/50, train generator loss: 1.30567
2026-09-17 15:00:39,544 P2732 INFO Epoch 2/50, train discriminator loss: 4.90775
2026-09-17 15:00:39,702 P2732 INFO *** Test time is 0.1577911376953125
2026-09-17 15:00:39,702 P2732 INFO Epoch 2/50, test f1: 0.71429 rc: 0.57692 pc: 0.93750. [0.20s]
2026-09-17 15:00:39,702 P2732 INFO early stopping epoch 2/15
2026-09-17 15:00:39,812 P2732 INFO Epoch 3/50, train generator loss: 1.21854
2026-09-17 15:00:39,953 P2732 INFO Epoch 3/50, train discriminator loss: 5.24373
2026-09-17 15:00:40,098 P2732 INFO *** Test time is 0.14464211463928223
2026-09-17 15:00:40,098 P2732 INFO Epoch 3/50, test f1: 0.74419 rc: 0.61538 pc: 0.94118. [0.25s]
2026-09-17 15:00:40,253 P2732 INFO Epoch 4/50, train generator loss: 1.09226
2026-09-17 15:00:40,379 P2732 INFO Epoch 4/50, train discriminator loss: 6.27900
2026-09-17 15:00:40,537 P2732 INFO *** Test time is 0.15770792961120605
2026-09-17 15:00:40,537 P2732 INFO Epoch 4/50, test f1: 0.65116 rc: 0.53846 pc: 0.82353. [0.27s]
2026-09-17 15:00:40,537 P2732 INFO early stopping epoch 1/15
2026-09-17 15:00:40,729 P2732 INFO Epoch 5/50, train generator loss: 0.93540
2026-09-17 15:00:40,852 P2732 INFO Epoch 5/50, train discriminator loss: 7.56002
2026-09-17 15:00:40,997 P2732 INFO *** Test time is 0.14572453498840332
2026-09-17 15:00:40,997 P2732 INFO Epoch 5/50, test f1: 0.46512 rc: 0.38462 pc: 0.58824. [0.31s]
2026-09-17 15:00:40,997 P2732 INFO early stopping epoch 2/15
2026-09-17 15:00:41,123 P2732 INFO Epoch 6/50, train generator loss: 0.76951
2026-09-17 15:00:41,222 P2732 INFO Epoch 6/50, train discriminator loss: 8.33882
2026-09-17 15:00:41,382 P2732 INFO *** Test time is 0.15976238250732422
2026-09-17 15:00:41,382 P2732 INFO Epoch 6/50, test f1: 0.30000 rc: 0.23077 pc: 0.42857. [0.22s]
2026-09-17 15:00:41,382 P2732 INFO early stopping epoch 3/15
2026-09-17 15:00:41,486 P2732 INFO Epoch 7/50, train generator loss: 0.68357
2026-09-17 15:00:41,616 P2732 INFO Epoch 7/50, train discriminator loss: 8.01383
2026-09-17 15:00:41,778 P2732 INFO *** Test time is 0.1625046730041504
2026-09-17 15:00:41,778 P2732 INFO Epoch 7/50, test f1: 0.29268 rc: 0.23077 pc: 0.40000. [0.23s]
2026-09-17 15:00:41,778 P2732 INFO early stopping epoch 4/15
2026-09-17 15:00:41,912 P2732 INFO Epoch 8/50, train generator loss: 0.66109
2026-09-17 15:00:42,009 P2732 INFO Epoch 8/50, train discriminator loss: 6.92026
2026-09-17 15:00:42,150 P2732 INFO *** Test time is 0.14124488830566406
2026-09-17 15:00:42,150 P2732 INFO Epoch 8/50, test f1: 0.29268 rc: 0.23077 pc: 0.40000. [0.23s]
2026-09-17 15:00:42,150 P2732 INFO early stopping epoch 5/15
2026-09-17 15:00:42,297 P2732 INFO Epoch 9/50, train generator loss: 0.59234
2026-09-17 15:00:42,396 P2732 INFO Epoch 9/50, train discriminator loss: 6.02884
2026-09-17 15:00:42,568 P2732 INFO *** Test time is 0.17230463027954102
2026-09-17 15:00:42,568 P2732 INFO Epoch 9/50, test f1: 0.29268 rc: 0.23077 pc: 0.40000. [0.25s]
2026-09-17 15:00:42,568 P2732 INFO early stopping epoch 6/15
2026-09-17 15:00:42,733 P2732 INFO Epoch 10/50, train generator loss: 0.53505
2026-09-17 15:00:42,834 P2732 INFO Epoch 10/50, train discriminator loss: 5.65971
2026-09-17 15:00:42,994 P2732 INFO *** Test time is 0.15958404541015625
2026-09-17 15:00:42,994 P2732 INFO Epoch 10/50, test f1: 0.30000 rc: 0.23077 pc: 0.42857. [0.27s]
2026-09-17 15:00:42,994 P2732 INFO early stopping epoch 7/15
2026-09-17 15:00:43,139 P2732 INFO Epoch 11/50, train generator loss: 0.54709
2026-09-17 15:00:43,271 P2732 INFO Epoch 11/50, train discriminator loss: 5.59890
2026-09-17 15:00:43,477 P2732 INFO *** Test time is 0.2064051628112793
2026-09-17 15:00:43,477 P2732 INFO Epoch 11/50, test f1: 0.30000 rc: 0.23077 pc: 0.42857. [0.28s]
2026-09-17 15:00:43,477 P2732 INFO early stopping epoch 8/15
2026-09-17 15:00:43,650 P2732 INFO Epoch 12/50, train generator loss: 0.54602
2026-09-17 15:00:43,808 P2732 INFO Epoch 12/50, train discriminator loss: 5.60926
2026-09-17 15:00:44,056 P2732 INFO *** Test time is 0.24771952629089355
2026-09-17 15:00:44,056 P2732 INFO Epoch 12/50, test f1: 0.30000 rc: 0.23077 pc: 0.42857. [0.33s]
2026-09-17 15:00:44,056 P2732 INFO early stopping epoch 9/15
2026-09-17 15:00:44,240 P2732 INFO Epoch 13/50, train generator loss: 0.52959
2026-09-17 15:00:44,378 P2732 INFO Epoch 13/50, train discriminator loss: 5.60003
2026-09-17 15:00:44,583 P2732 INFO *** Test time is 0.2051856517791748
2026-09-17 15:00:44,583 P2732 INFO Epoch 13/50, test f1: 0.30000 rc: 0.23077 pc: 0.42857. [0.32s]
2026-09-17 15:00:44,583 P2732 INFO early stopping epoch 10/15
2026-09-17 15:00:44,802 P2732 INFO Epoch 14/50, train generator loss: 0.52431
2026-09-17 15:00:44,988 P2732 INFO Epoch 14/50, train discriminator loss: 5.57857
2026-09-17 15:00:45,194 P2732 INFO *** Test time is 0.20582246780395508
2026-09-17 15:00:45,194 P2732 INFO Epoch 14/50, test f1: 0.30000 rc: 0.23077 pc: 0.42857. [0.41s]
2026-09-17 15:00:45,194 P2732 INFO early stopping epoch 11/15
2026-09-17 15:00:45,394 P2732 INFO Epoch 15/50, train generator loss: 0.50764
2026-09-17 15:00:45,554 P2732 INFO Epoch 15/50, train discriminator loss: 5.58555
2026-09-17 15:00:45,766 P2732 INFO *** Test time is 0.21198415756225586
2026-09-17 15:00:45,766 P2732 INFO Epoch 15/50, test f1: 0.30000 rc: 0.23077 pc: 0.42857. [0.36s]
2026-09-17 15:00:45,766 P2732 INFO early stopping epoch 12/15
2026-09-17 15:00:45,930 P2732 INFO Epoch 16/50, train generator loss: 0.47328
2026-09-17 15:00:46,018 P2732 INFO Epoch 16/50, train discriminator loss: 5.60250
2026-09-17 15:00:46,161 P2732 INFO *** Test time is 0.14269709587097168
2026-09-17 15:00:46,161 P2732 INFO Epoch 16/50, test f1: 0.30000 rc: 0.23077 pc: 0.42857. [0.25s]
2026-09-17 15:00:46,161 P2732 INFO early stopping epoch 13/15
2026-09-17 15:00:46,277 P2732 INFO Epoch 17/50, train generator loss: 0.45276
2026-09-17 15:00:46,405 P2732 INFO Epoch 17/50, train discriminator loss: 5.59846
2026-09-17 15:00:46,543 P2732 INFO *** Test time is 0.13833141326904297
2026-09-17 15:00:46,543 P2732 INFO Epoch 17/50, test f1: 0.30000 rc: 0.23077 pc: 0.42857. [0.24s]
2026-09-17 15:00:46,543 P2732 INFO early stopping epoch 14/15
2026-09-17 15:00:46,668 P2732 INFO Epoch 18/50, train generator loss: 0.44108
2026-09-17 15:00:46,771 P2732 INFO Epoch 18/50, train discriminator loss: 5.55972
2026-09-17 15:00:46,922 P2732 INFO *** Test time is 0.15063095092773438
2026-09-17 15:00:46,922 P2732 INFO Epoch 18/50, test f1: 0.30000 rc: 0.23077 pc: 0.42857. [0.23s]
2026-09-17 15:00:46,922 P2732 INFO early stopping epoch 15/15
2026-09-17 15:00:46,922 P2732 INFO Early stopping
2026-09-17 15:00:47,030 P2732 INFO Threshold (p=95.0, src=val): 1.352874
2026-09-17 15:00:47,063 P2732 INFO *** Test F1 0.7727  of unsupervised traning
2026-09-17 15:00:47,063 P2732 INFO *** Best F1 {'f1': 0.7441860465116279, 'rc': 0.6153846153846154, 'pc': 0.9411764705882353, 'threshold': np.float64(1.3846723890304566)}  of unsupervised traning
2026-09-17 15:00:47,065 P2732 INFO Current hash id b3237707
