2026-09-17 14:59:55,984 P8488 INFO ^^^^^^^^^^ Current Model:hades, 81e35afa ^^^^^^^^^^
2026-09-17 14:59:55,984 P8488 INFO Load from D:\UAM-AD\data\sn
2026-09-17 14:59:56,287 P8488 INFO 375 unique log templates found.
2026-09-17 14:59:56,287 P8488 INFO Transforming unlabel train data.
2026-09-17 14:59:56,319 P8488 INFO Transforming test data.
2026-09-17 14:59:56,343 P8488 INFO 721 new templates show.
2026-09-17 14:59:56,379 P8488 INFO Transforming val data.
2026-09-17 14:59:56,379 P8488 INFO 77 new templates show.
2026-09-17 14:59:56,384 P8488 INFO Data loaded done!
2026-09-17 14:59:56,415 P8488 INFO Known word number: 375
2026-09-17 14:59:56,612 P8488 INFO Epoch 0/50, train generator loss: 1.51480
2026-09-17 14:59:56,715 P8488 INFO Epoch 0/50, train discriminator loss: 5.58643
2026-09-17 14:59:56,890 P8488 INFO *** Test time is 0.1723470687866211
2026-09-17 14:59:56,890 P8488 INFO Epoch 0/50, test f1: 0.66667 rc: 0.53846 pc: 0.87500. [0.25s]
2026-09-17 14:59:57,020 P8488 INFO Epoch 1/50, train generator loss: 1.39582
2026-09-17 14:59:57,128 P8488 INFO Epoch 1/50, train discriminator loss: 5.14870
2026-09-17 14:59:57,289 P8488 INFO *** Test time is 0.1606764793395996
2026-09-17 14:59:57,289 P8488 INFO Epoch 1/50, test f1: 0.78261 rc: 0.69231 pc: 0.90000. [0.23s]
2026-09-17 14:59:57,436 P8488 INFO Epoch 2/50, train generator loss: 1.31930
2026-09-17 14:59:57,531 P8488 INFO Epoch 2/50, train discriminator loss: 5.05341
2026-09-17 14:59:57,686 P8488 INFO *** Test time is 0.15538716316223145
2026-09-17 14:59:57,686 P8488 INFO Epoch 2/50, test f1: 0.78261 rc: 0.69231 pc: 0.90000. [0.23s]
2026-09-17 14:59:57,686 P8488 INFO early stopping epoch 1/15
2026-09-17 14:59:57,795 P8488 INFO Epoch 3/50, train generator loss: 1.20929
2026-09-17 14:59:57,886 P8488 INFO Epoch 3/50, train discriminator loss: 5.67316
2026-09-17 14:59:58,060 P8488 INFO *** Test time is 0.17392706871032715
2026-09-17 14:59:58,060 P8488 INFO Epoch 3/50, test f1: 0.80851 rc: 0.73077 pc: 0.90476. [0.20s]
2026-09-17 14:59:58,215 P8488 INFO Epoch 4/50, train generator loss: 1.04894
2026-09-17 14:59:58,334 P8488 INFO Epoch 4/50, train discriminator loss: 7.03944
2026-09-17 14:59:58,504 P8488 INFO *** Test time is 0.17001986503601074
2026-09-17 14:59:58,504 P8488 INFO Epoch 4/50, test f1: 0.62222 rc: 0.53846 pc: 0.73684. [0.26s]
2026-09-17 14:59:58,504 P8488 INFO early stopping epoch 1/15
2026-09-17 14:59:58,629 P8488 INFO Epoch 5/50, train generator loss: 0.86160
2026-09-17 14:59:58,730 P8488 INFO Epoch 5/50, train discriminator loss: 8.27973
2026-09-17 14:59:58,894 P8488 INFO *** Test time is 0.16383886337280273
2026-09-17 14:59:58,894 P8488 INFO Epoch 5/50, test f1: 0.33333 rc: 0.23077 pc: 0.60000. [0.23s]
2026-09-17 14:59:58,894 P8488 INFO early stopping epoch 2/15
2026-09-17 14:59:59,048 P8488 INFO Epoch 6/50, train generator loss: 0.66038
2026-09-17 14:59:59,191 P8488 INFO Epoch 6/50, train discriminator loss: 8.69862
2026-09-17 14:59:59,402 P8488 INFO *** Test time is 0.2111666202545166
2026-09-17 14:59:59,402 P8488 INFO Epoch 6/50, test f1: 0.30769 rc: 0.23077 pc: 0.46154. [0.30s]
2026-09-17 14:59:59,402 P8488 INFO early stopping epoch 3/15
2026-09-17 14:59:59,554 P8488 INFO Epoch 7/50, train generator loss: 0.69026
2026-09-17 14:59:59,710 P8488 INFO Epoch 7/50, train discriminator loss: 7.56866
2026-09-17 14:59:59,922 P8488 INFO *** Test time is 0.21267104148864746
2026-09-17 14:59:59,922 P8488 INFO Epoch 7/50, test f1: 0.30769 rc: 0.23077 pc: 0.46154. [0.31s]
2026-09-17 14:59:59,922 P8488 INFO early stopping epoch 4/15
2026-09-17 15:00:00,082 P8488 INFO Epoch 8/50, train generator loss: 0.65819
2026-09-17 15:00:00,223 P8488 INFO Epoch 8/50, train discriminator loss: 6.33533
2026-09-17 15:00:00,436 P8488 INFO *** Test time is 0.21358776092529297
2026-09-17 15:00:00,436 P8488 INFO Epoch 8/50, test f1: 0.30769 rc: 0.23077 pc: 0.46154. [0.30s]
2026-09-17 15:00:00,436 P8488 INFO early stopping epoch 5/15
2026-09-17 15:00:00,623 P8488 INFO Epoch 9/50, train generator loss: 0.53859
2026-09-17 15:00:00,766 P8488 INFO Epoch 9/50, train discriminator loss: 5.65821
2026-09-17 15:00:00,982 P8488 INFO *** Test time is 0.21593737602233887
2026-09-17 15:00:00,982 P8488 INFO Epoch 9/50, test f1: 0.30769 rc: 0.23077 pc: 0.46154. [0.33s]
2026-09-17 15:00:00,982 P8488 INFO early stopping epoch 6/15
2026-09-17 15:00:01,140 P8488 INFO Epoch 10/50, train generator loss: 0.47545
2026-09-17 15:00:01,288 P8488 INFO Epoch 10/50, train discriminator loss: 5.47800
2026-09-17 15:00:01,502 P8488 INFO *** Test time is 0.21431493759155273
2026-09-17 15:00:01,502 P8488 INFO Epoch 10/50, test f1: 0.33333 rc: 0.23077 pc: 0.60000. [0.31s]
2026-09-17 15:00:01,502 P8488 INFO early stopping epoch 7/15
2026-09-17 15:00:01,699 P8488 INFO Epoch 11/50, train generator loss: 0.54346
2026-09-17 15:00:01,823 P8488 INFO Epoch 11/50, train discriminator loss: 5.49195
2026-09-17 15:00:01,967 P8488 INFO *** Test time is 0.14435291290283203
2026-09-17 15:00:01,967 P8488 INFO Epoch 11/50, test f1: 0.33333 rc: 0.23077 pc: 0.60000. [0.32s]
2026-09-17 15:00:01,967 P8488 INFO early stopping epoch 8/15
2026-09-17 15:00:02,089 P8488 INFO Epoch 12/50, train generator loss: 0.54124
2026-09-17 15:00:02,201 P8488 INFO Epoch 12/50, train discriminator loss: 5.53314
2026-09-17 15:00:02,350 P8488 INFO *** Test time is 0.14866900444030762
2026-09-17 15:00:02,350 P8488 INFO Epoch 12/50, test f1: 0.33333 rc: 0.23077 pc: 0.60000. [0.23s]
2026-09-17 15:00:02,350 P8488 INFO early stopping epoch 9/15
2026-09-17 15:00:02,464 P8488 INFO Epoch 13/50, train generator loss: 0.50414
2026-09-17 15:00:02,567 P8488 INFO Epoch 13/50, train discriminator loss: 5.55432
2026-09-17 15:00:02,712 P8488 INFO *** Test time is 0.14527678489685059
2026-09-17 15:00:02,712 P8488 INFO Epoch 13/50, test f1: 0.30769 rc: 0.23077 pc: 0.46154. [0.22s]
2026-09-17 15:00:02,712 P8488 INFO early stopping epoch 10/15
2026-09-17 15:00:02,833 P8488 INFO Epoch 14/50, train generator loss: 0.48817
2026-09-17 15:00:02,948 P8488 INFO Epoch 14/50, train discriminator loss: 5.56649
2026-09-17 15:00:03,108 P8488 INFO *** Test time is 0.15924620628356934
2026-09-17 15:00:03,108 P8488 INFO Epoch 14/50, test f1: 0.30769 rc: 0.23077 pc: 0.46154. [0.24s]
2026-09-17 15:00:03,108 P8488 INFO early stopping epoch 11/15
2026-09-17 15:00:03,208 P8488 INFO Epoch 15/50, train generator loss: 0.48159
2026-09-17 15:00:03,312 P8488 INFO Epoch 15/50, train discriminator loss: 5.57926
2026-09-17 15:00:03,449 P8488 INFO *** Test time is 0.1371302604675293
2026-09-17 15:00:03,449 P8488 INFO Epoch 15/50, test f1: 0.30769 rc: 0.23077 pc: 0.46154. [0.20s]
2026-09-17 15:00:03,449 P8488 INFO early stopping epoch 12/15
2026-09-17 15:00:03,577 P8488 INFO Epoch 16/50, train generator loss: 0.46580
2026-09-17 15:00:03,670 P8488 INFO Epoch 16/50, train discriminator loss: 5.59395
2026-09-17 15:00:03,814 P8488 INFO *** Test time is 0.14343619346618652
2026-09-17 15:00:03,814 P8488 INFO Epoch 16/50, test f1: 0.30769 rc: 0.23077 pc: 0.46154. [0.22s]
2026-09-17 15:00:03,814 P8488 INFO early stopping epoch 13/15
2026-09-17 15:00:03,949 P8488 INFO Epoch 17/50, train generator loss: 0.43116
2026-09-17 15:00:04,063 P8488 INFO Epoch 17/50, train discriminator loss: 5.58699
2026-09-17 15:00:04,215 P8488 INFO *** Test time is 0.1516711711883545
2026-09-17 15:00:04,215 P8488 INFO Epoch 17/50, test f1: 0.30769 rc: 0.23077 pc: 0.46154. [0.25s]
2026-09-17 15:00:04,215 P8488 INFO early stopping epoch 14/15
2026-09-17 15:00:04,315 P8488 INFO Epoch 18/50, train generator loss: 0.41779
2026-09-17 15:00:04,398 P8488 INFO Epoch 18/50, train discriminator loss: 5.54912
2026-09-17 15:00:04,610 P8488 INFO *** Test time is 0.2118394374847412
2026-09-17 15:00:04,610 P8488 INFO Epoch 18/50, test f1: 0.32432 rc: 0.23077 pc: 0.54545. [0.18s]
2026-09-17 15:00:04,610 P8488 INFO early stopping epoch 15/15
2026-09-17 15:00:04,610 P8488 INFO Early stopping
2026-09-17 15:00:04,744 P8488 INFO Threshold (p=95.0, src=val): 1.253481
2026-09-17 15:00:04,776 P8488 INFO *** Test F1 0.5263  of unsupervised traning
2026-09-17 15:00:04,776 P8488 INFO *** Best F1 {'f1': 0.8085106382978723, 'rc': 0.7307692307692307, 'pc': 0.9047619047619048, 'threshold': np.float64(1.2448058414459229)}  of unsupervised traning
2026-09-17 15:00:04,776 P8488 INFO Current hash id 81e35afa
