2026-09-17 14:53:36,481 P10552 INFO ^^^^^^^^^^ Current Model:hades, 14cf6de1 ^^^^^^^^^^
2026-09-17 14:53:36,481 P10552 INFO Load from D:\UAM-AD\data\sn
2026-09-17 14:53:36,782 P10552 INFO 375 unique log templates found.
2026-09-17 14:53:36,782 P10552 INFO Transforming unlabel train data.
2026-09-17 14:53:36,834 P10552 INFO Transforming test data.
2026-09-17 14:53:36,867 P10552 INFO 738 new templates show.
2026-09-17 14:53:36,933 P10552 INFO Transforming val data.
2026-09-17 14:53:36,933 P10552 INFO 77 new templates show.
2026-09-17 14:53:36,933 P10552 INFO Data loaded done!
2026-09-17 14:53:36,974 P10552 INFO Known word number: 375
2026-09-17 14:53:37,278 P10552 INFO Epoch 0/50, train generator loss: 1.44691
2026-09-17 14:53:37,473 P10552 INFO Epoch 0/50, train discriminator loss: 5.46046
2026-09-17 14:53:37,687 P10552 INFO *** Test time is 0.21311712265014648
2026-09-17 14:53:37,687 P10552 INFO Epoch 0/50, test f1: 0.75758 rc: 0.60976 pc: 1.00000. [0.41s]
2026-09-17 14:53:37,859 P10552 INFO Epoch 1/50, train generator loss: 1.36546
2026-09-17 14:53:37,974 P10552 INFO Epoch 1/50, train discriminator loss: 4.97349
2026-09-17 14:53:38,125 P10552 INFO *** Test time is 0.15134263038635254
2026-09-17 14:53:38,125 P10552 INFO Epoch 1/50, test f1: 0.75758 rc: 0.60976 pc: 1.00000. [0.27s]
2026-09-17 14:53:38,125 P10552 INFO early stopping epoch 1/15
2026-09-17 14:53:38,278 P10552 INFO Epoch 2/50, train generator loss: 1.25723
2026-09-17 14:53:38,393 P10552 INFO Epoch 2/50, train discriminator loss: 4.89729
2026-09-17 14:53:38,553 P10552 INFO *** Test time is 0.15994858741760254
2026-09-17 14:53:38,553 P10552 INFO Epoch 2/50, test f1: 0.75758 rc: 0.60976 pc: 1.00000. [0.27s]
2026-09-17 14:53:38,553 P10552 INFO early stopping epoch 2/15
2026-09-17 14:53:38,703 P10552 INFO Epoch 3/50, train generator loss: 1.15490
2026-09-17 14:53:38,830 P10552 INFO Epoch 3/50, train discriminator loss: 5.50393
2026-09-17 14:53:39,003 P10552 INFO *** Test time is 0.17372822761535645
2026-09-17 14:53:39,003 P10552 INFO Epoch 3/50, test f1: 0.75758 rc: 0.60976 pc: 1.00000. [0.28s]
2026-09-17 14:53:39,003 P10552 INFO early stopping epoch 3/15
2026-09-17 14:53:39,137 P10552 INFO Epoch 4/50, train generator loss: 1.02877
2026-09-17 14:53:39,268 P10552 INFO Epoch 4/50, train discriminator loss: 6.47255
2026-09-17 14:53:39,414 P10552 INFO *** Test time is 0.1454477310180664
2026-09-17 14:53:39,414 P10552 INFO Epoch 4/50, test f1: 0.75758 rc: 0.60976 pc: 1.00000. [0.26s]
2026-09-17 14:53:39,414 P10552 INFO early stopping epoch 4/15
2026-09-17 14:53:39,567 P10552 INFO Epoch 5/50, train generator loss: 0.86810
2026-09-17 14:53:39,682 P10552 INFO Epoch 5/50, train discriminator loss: 7.37859
2026-09-17 14:53:39,860 P10552 INFO *** Test time is 0.1772007942199707
2026-09-17 14:53:39,860 P10552 INFO Epoch 5/50, test f1: 0.81159 rc: 0.68293 pc: 1.00000. [0.27s]
2026-09-17 14:53:40,014 P10552 INFO Epoch 6/50, train generator loss: 0.67646
2026-09-17 14:53:40,155 P10552 INFO Epoch 6/50, train discriminator loss: 8.00058
2026-09-17 14:53:40,313 P10552 INFO *** Test time is 0.15843915939331055
2026-09-17 14:53:40,313 P10552 INFO Epoch 6/50, test f1: 0.80556 rc: 0.70732 pc: 0.93548. [0.28s]
2026-09-17 14:53:40,313 P10552 INFO early stopping epoch 1/15
2026-09-17 14:53:40,423 P10552 INFO Epoch 7/50, train generator loss: 0.62075
2026-09-17 14:53:40,546 P10552 INFO Epoch 7/50, train discriminator loss: 7.35322
2026-09-17 14:53:40,693 P10552 INFO *** Test time is 0.14704179763793945
2026-09-17 14:53:40,693 P10552 INFO Epoch 7/50, test f1: 0.80556 rc: 0.70732 pc: 0.93548. [0.23s]
2026-09-17 14:53:40,693 P10552 INFO early stopping epoch 2/15
2026-09-17 14:53:40,825 P10552 INFO Epoch 8/50, train generator loss: 0.60889
2026-09-17 14:53:40,947 P10552 INFO Epoch 8/50, train discriminator loss: 6.31949
2026-09-17 14:53:41,103 P10552 INFO *** Test time is 0.1560497283935547
2026-09-17 14:53:41,103 P10552 INFO Epoch 8/50, test f1: 0.80556 rc: 0.70732 pc: 0.93548. [0.25s]
2026-09-17 14:53:41,103 P10552 INFO early stopping epoch 3/15
2026-09-17 14:53:41,218 P10552 INFO Epoch 9/50, train generator loss: 0.53239
2026-09-17 14:53:41,339 P10552 INFO Epoch 9/50, train discriminator loss: 5.63289
2026-09-17 14:53:41,499 P10552 INFO *** Test time is 0.16040325164794922
2026-09-17 14:53:41,501 P10552 INFO Epoch 9/50, test f1: 0.80556 rc: 0.70732 pc: 0.93548. [0.24s]
2026-09-17 14:53:41,501 P10552 INFO early stopping epoch 4/15
2026-09-17 14:53:41,702 P10552 INFO Epoch 10/50, train generator loss: 0.48694
2026-09-17 14:53:41,870 P10552 INFO Epoch 10/50, train discriminator loss: 5.44410
2026-09-17 14:53:42,079 P10552 INFO *** Test time is 0.2088019847869873
2026-09-17 14:53:42,079 P10552 INFO Epoch 10/50, test f1: 0.80556 rc: 0.70732 pc: 0.93548. [0.37s]
2026-09-17 14:53:42,079 P10552 INFO early stopping epoch 5/15
2026-09-17 14:53:42,291 P10552 INFO Epoch 11/50, train generator loss: 0.50688
2026-09-17 14:53:42,481 P10552 INFO Epoch 11/50, train discriminator loss: 5.43353
2026-09-17 14:53:42,686 P10552 INFO *** Test time is 0.20502614974975586
2026-09-17 14:53:42,700 P10552 INFO Epoch 11/50, test f1: 0.80556 rc: 0.70732 pc: 0.93548. [0.40s]
2026-09-17 14:53:42,700 P10552 INFO early stopping epoch 6/15
2026-09-17 14:53:42,906 P10552 INFO Epoch 12/50, train generator loss: 0.49199
2026-09-17 14:53:43,082 P10552 INFO Epoch 12/50, train discriminator loss: 5.43264
2026-09-17 14:53:43,300 P10552 INFO *** Test time is 0.21814465522766113
2026-09-17 14:53:43,300 P10552 INFO Epoch 12/50, test f1: 0.80556 rc: 0.70732 pc: 0.93548. [0.38s]
2026-09-17 14:53:43,302 P10552 INFO early stopping epoch 7/15
2026-09-17 14:53:43,480 P10552 INFO Epoch 13/50, train generator loss: 0.47958
2026-09-17 14:53:43,654 P10552 INFO Epoch 13/50, train discriminator loss: 5.43366
2026-09-17 14:53:43,857 P10552 INFO *** Test time is 0.2037358283996582
2026-09-17 14:53:43,857 P10552 INFO Epoch 13/50, test f1: 0.80556 rc: 0.70732 pc: 0.93548. [0.35s]
2026-09-17 14:53:43,857 P10552 INFO early stopping epoch 8/15
2026-09-17 14:53:44,018 P10552 INFO Epoch 14/50, train generator loss: 0.47608
2026-09-17 14:53:44,159 P10552 INFO Epoch 14/50, train discriminator loss: 5.46465
2026-09-17 14:53:44,317 P10552 INFO *** Test time is 0.1576385498046875
2026-09-17 14:53:44,317 P10552 INFO Epoch 14/50, test f1: 0.75362 rc: 0.63415 pc: 0.92857. [0.30s]
2026-09-17 14:53:44,317 P10552 INFO early stopping epoch 9/15
2026-09-17 14:53:44,445 P10552 INFO Epoch 15/50, train generator loss: 0.45020
2026-09-17 14:53:44,552 P10552 INFO Epoch 15/50, train discriminator loss: 5.50336
2026-09-17 14:53:44,711 P10552 INFO *** Test time is 0.1585860252380371
2026-09-17 14:53:44,711 P10552 INFO Epoch 15/50, test f1: 0.75362 rc: 0.63415 pc: 0.92857. [0.24s]
2026-09-17 14:53:44,711 P10552 INFO early stopping epoch 10/15
2026-09-17 14:53:44,839 P10552 INFO Epoch 16/50, train generator loss: 0.42232
2026-09-17 14:53:44,971 P10552 INFO Epoch 16/50, train discriminator loss: 5.52721
2026-09-17 14:53:45,139 P10552 INFO *** Test time is 0.1688539981842041
2026-09-17 14:53:45,139 P10552 INFO Epoch 16/50, test f1: 0.80556 rc: 0.70732 pc: 0.93548. [0.26s]
2026-09-17 14:53:45,139 P10552 INFO early stopping epoch 11/15
2026-09-17 14:53:45,295 P10552 INFO Epoch 17/50, train generator loss: 0.42149
2026-09-17 14:53:45,405 P10552 INFO Epoch 17/50, train discriminator loss: 5.50338
2026-09-17 14:53:45,578 P10552 INFO *** Test time is 0.17365646362304688
2026-09-17 14:53:45,578 P10552 INFO Epoch 17/50, test f1: 0.80556 rc: 0.70732 pc: 0.93548. [0.27s]
2026-09-17 14:53:45,578 P10552 INFO early stopping epoch 12/15
2026-09-17 14:53:45,718 P10552 INFO Epoch 18/50, train generator loss: 0.41028
2026-09-17 14:53:45,845 P10552 INFO Epoch 18/50, train discriminator loss: 5.43766
2026-09-17 14:53:45,995 P10552 INFO *** Test time is 0.15047311782836914
2026-09-17 14:53:45,995 P10552 INFO Epoch 18/50, test f1: 0.77143 rc: 0.65854 pc: 0.93103. [0.27s]
2026-09-17 14:53:45,995 P10552 INFO early stopping epoch 13/15
2026-09-17 14:53:46,108 P10552 INFO Epoch 19/50, train generator loss: 0.40490
2026-09-17 14:53:46,234 P10552 INFO Epoch 19/50, train discriminator loss: 5.37151
2026-09-17 14:53:46,383 P10552 INFO *** Test time is 0.1498737335205078
2026-09-17 14:53:46,383 P10552 INFO Epoch 19/50, test f1: 0.77143 rc: 0.65854 pc: 0.93103. [0.24s]
2026-09-17 14:53:46,383 P10552 INFO early stopping epoch 14/15
2026-09-17 14:53:46,501 P10552 INFO Epoch 20/50, train generator loss: 0.40853
2026-09-17 14:53:46,639 P10552 INFO Epoch 20/50, train discriminator loss: 5.31841
2026-09-17 14:53:46,794 P10552 INFO *** Test time is 0.15482878684997559
2026-09-17 14:53:46,794 P10552 INFO Epoch 20/50, test f1: 0.77143 rc: 0.65854 pc: 0.93103. [0.26s]
2026-09-17 14:53:46,794 P10552 INFO early stopping epoch 15/15
2026-09-17 14:53:46,794 P10552 INFO Early stopping
2026-09-17 14:53:46,921 P10552 INFO Threshold (p=95.0, src=val): 0.691049
2026-09-17 14:53:46,952 P10552 INFO *** Test F1 0.8723  of unsupervised traning
2026-09-17 14:53:46,952 P10552 INFO *** Best F1 {'f1': 0.8115942028985508, 'rc': 0.6829268292682927, 'pc': 1.0, 'threshold': np.float64(1.879681067466736)}  of unsupervised traning
2026-09-17 14:53:46,952 P10552 INFO Current hash id 14cf6de1
