2026-09-17 14:58:49,875 P2384 INFO ^^^^^^^^^^ Current Model:hades, a810c923 ^^^^^^^^^^
2026-09-17 14:58:49,875 P2384 INFO Load from D:\UAM-AD\data\sn
2026-09-17 14:58:50,369 P2384 INFO 375 unique log templates found.
2026-09-17 14:58:50,369 P2384 INFO Transforming unlabel train data.
2026-09-17 14:58:50,428 P2384 INFO Transforming test data.
2026-09-17 14:58:50,471 P2384 INFO 729 new templates show.
2026-09-17 14:58:50,521 P2384 INFO Transforming val data.
2026-09-17 14:58:50,523 P2384 INFO 77 new templates show.
2026-09-17 14:58:50,526 P2384 INFO Data loaded done!
2026-09-17 14:58:50,582 P2384 INFO Known word number: 375
2026-09-17 14:58:52,732 P2384 INFO Epoch 0/50, train generator loss: 1.51804
2026-09-17 14:58:52,909 P2384 INFO Epoch 0/50, train discriminator loss: 5.67079
2026-09-17 14:58:53,063 P2384 INFO *** Test time is 0.145491361618042
2026-09-17 14:58:53,063 P2384 INFO Epoch 0/50, test f1: 0.68085 rc: 0.59259 pc: 0.80000. [0.79s]
2026-09-17 14:58:53,220 P2384 INFO Epoch 1/50, train generator loss: 1.40847
2026-09-17 14:58:53,331 P2384 INFO Epoch 1/50, train discriminator loss: 5.06017
2026-09-17 14:58:53,503 P2384 INFO *** Test time is 0.17285823822021484
2026-09-17 14:58:53,503 P2384 INFO Epoch 1/50, test f1: 0.69565 rc: 0.59259 pc: 0.84211. [0.25s]
2026-09-17 14:58:53,709 P2384 INFO Epoch 2/50, train generator loss: 1.32035
2026-09-17 14:58:53,833 P2384 INFO Epoch 2/50, train discriminator loss: 4.91681
2026-09-17 14:58:53,993 P2384 INFO *** Test time is 0.160261869430542
2026-09-17 14:58:53,993 P2384 INFO Epoch 2/50, test f1: 0.68085 rc: 0.59259 pc: 0.80000. [0.31s]
2026-09-17 14:58:53,995 P2384 INFO early stopping epoch 1/15
2026-09-17 14:58:54,153 P2384 INFO Epoch 3/50, train generator loss: 1.20094
2026-09-17 14:58:54,291 P2384 INFO Epoch 3/50, train discriminator loss: 5.44313
2026-09-17 14:58:54,456 P2384 INFO *** Test time is 0.16519927978515625
2026-09-17 14:58:54,456 P2384 INFO Epoch 3/50, test f1: 0.69565 rc: 0.59259 pc: 0.84211. [0.30s]
2026-09-17 14:58:54,456 P2384 INFO early stopping epoch 2/15
2026-09-17 14:58:54,628 P2384 INFO Epoch 4/50, train generator loss: 1.06653
2026-09-17 14:58:54,739 P2384 INFO Epoch 4/50, train discriminator loss: 6.58218
2026-09-17 14:58:54,937 P2384 INFO *** Test time is 0.198411226272583
2026-09-17 14:58:54,937 P2384 INFO Epoch 4/50, test f1: 0.57778 rc: 0.48148 pc: 0.72222. [0.28s]
2026-09-17 14:58:54,937 P2384 INFO early stopping epoch 3/15
2026-09-17 14:58:55,142 P2384 INFO Epoch 5/50, train generator loss: 0.89181
2026-09-17 14:58:55,328 P2384 INFO Epoch 5/50, train discriminator loss: 7.81045
2026-09-17 14:58:55,520 P2384 INFO *** Test time is 0.1919107437133789
2026-09-17 14:58:55,520 P2384 INFO Epoch 5/50, test f1: 0.28571 rc: 0.18519 pc: 0.62500. [0.39s]
2026-09-17 14:58:55,520 P2384 INFO early stopping epoch 4/15
2026-09-17 14:58:55,742 P2384 INFO Epoch 6/50, train generator loss: 0.71594
2026-09-17 14:58:55,922 P2384 INFO Epoch 6/50, train discriminator loss: 8.54774
2026-09-17 14:58:56,122 P2384 INFO *** Test time is 0.19956040382385254
2026-09-17 14:58:56,122 P2384 INFO Epoch 6/50, test f1: 0.27778 rc: 0.18519 pc: 0.55556. [0.40s]
2026-09-17 14:58:56,122 P2384 INFO early stopping epoch 5/15
2026-09-17 14:58:56,342 P2384 INFO Epoch 7/50, train generator loss: 0.67423
2026-09-17 14:58:56,529 P2384 INFO Epoch 7/50, train discriminator loss: 7.79048
2026-09-17 14:58:56,737 P2384 INFO *** Test time is 0.20770645141601562
2026-09-17 14:58:56,737 P2384 INFO Epoch 7/50, test f1: 0.25641 rc: 0.18519 pc: 0.41667. [0.41s]
2026-09-17 14:58:56,737 P2384 INFO early stopping epoch 6/15
2026-09-17 14:58:56,961 P2384 INFO Epoch 8/50, train generator loss: 0.64343
2026-09-17 14:58:57,163 P2384 INFO Epoch 8/50, train discriminator loss: 6.60944
2026-09-17 14:58:57,368 P2384 INFO *** Test time is 0.20476007461547852
2026-09-17 14:58:57,368 P2384 INFO Epoch 8/50, test f1: 0.25641 rc: 0.18519 pc: 0.41667. [0.43s]
2026-09-17 14:58:57,368 P2384 INFO early stopping epoch 7/15
2026-09-17 14:58:57,560 P2384 INFO Epoch 9/50, train generator loss: 0.53721
2026-09-17 14:58:57,685 P2384 INFO Epoch 9/50, train discriminator loss: 5.79830
2026-09-17 14:58:57,854 P2384 INFO *** Test time is 0.16896939277648926
2026-09-17 14:58:57,854 P2384 INFO Epoch 9/50, test f1: 0.27027 rc: 0.18519 pc: 0.50000. [0.32s]
2026-09-17 14:58:57,854 P2384 INFO early stopping epoch 8/15
2026-09-17 14:58:58,006 P2384 INFO Epoch 10/50, train generator loss: 0.53943
2026-09-17 14:58:58,147 P2384 INFO Epoch 10/50, train discriminator loss: 5.59857
2026-09-17 14:58:58,286 P2384 INFO *** Test time is 0.13879966735839844
2026-09-17 14:58:58,286 P2384 INFO Epoch 10/50, test f1: 0.27778 rc: 0.18519 pc: 0.55556. [0.29s]
2026-09-17 14:58:58,286 P2384 INFO early stopping epoch 9/15
2026-09-17 14:58:58,455 P2384 INFO Epoch 11/50, train generator loss: 0.57192
2026-09-17 14:58:58,589 P2384 INFO Epoch 11/50, train discriminator loss: 5.60029
2026-09-17 14:58:58,749 P2384 INFO *** Test time is 0.1601865291595459
2026-09-17 14:58:58,749 P2384 INFO Epoch 11/50, test f1: 0.27778 rc: 0.18519 pc: 0.55556. [0.30s]
2026-09-17 14:58:58,749 P2384 INFO early stopping epoch 10/15
2026-09-17 14:58:58,901 P2384 INFO Epoch 12/50, train generator loss: 0.54667
2026-09-17 14:58:59,033 P2384 INFO Epoch 12/50, train discriminator loss: 5.59910
2026-09-17 14:58:59,190 P2384 INFO *** Test time is 0.1562206745147705
2026-09-17 14:58:59,190 P2384 INFO Epoch 12/50, test f1: 0.25641 rc: 0.18519 pc: 0.41667. [0.28s]
2026-09-17 14:58:59,190 P2384 INFO early stopping epoch 11/15
2026-09-17 14:58:59,349 P2384 INFO Epoch 13/50, train generator loss: 0.52807
2026-09-17 14:58:59,469 P2384 INFO Epoch 13/50, train discriminator loss: 5.57178
2026-09-17 14:58:59,626 P2384 INFO *** Test time is 0.15767288208007812
2026-09-17 14:58:59,626 P2384 INFO Epoch 13/50, test f1: 0.25641 rc: 0.18519 pc: 0.41667. [0.28s]
2026-09-17 14:58:59,626 P2384 INFO early stopping epoch 12/15
2026-09-17 14:58:59,772 P2384 INFO Epoch 14/50, train generator loss: 0.52092
2026-09-17 14:58:59,894 P2384 INFO Epoch 14/50, train discriminator loss: 5.56015
2026-09-17 14:59:00,056 P2384 INFO *** Test time is 0.1618785858154297
2026-09-17 14:59:00,056 P2384 INFO Epoch 14/50, test f1: 0.25641 rc: 0.18519 pc: 0.41667. [0.27s]
2026-09-17 14:59:00,056 P2384 INFO early stopping epoch 13/15
2026-09-17 14:59:00,205 P2384 INFO Epoch 15/50, train generator loss: 0.49406
2026-09-17 14:59:00,331 P2384 INFO Epoch 15/50, train discriminator loss: 5.59097
2026-09-17 14:59:00,496 P2384 INFO *** Test time is 0.16518306732177734
2026-09-17 14:59:00,496 P2384 INFO Epoch 15/50, test f1: 0.25641 rc: 0.18519 pc: 0.41667. [0.28s]
2026-09-17 14:59:00,496 P2384 INFO early stopping epoch 14/15
2026-09-17 14:59:00,652 P2384 INFO Epoch 16/50, train generator loss: 0.45210
2026-09-17 14:59:00,784 P2384 INFO Epoch 16/50, train discriminator loss: 5.61668
2026-09-17 14:59:00,945 P2384 INFO *** Test time is 0.16079998016357422
2026-09-17 14:59:00,945 P2384 INFO Epoch 16/50, test f1: 0.25641 rc: 0.18519 pc: 0.41667. [0.29s]
2026-09-17 14:59:00,945 P2384 INFO early stopping epoch 15/15
2026-09-17 14:59:00,945 P2384 INFO Early stopping
2026-09-17 14:59:01,033 P2384 INFO Threshold (p=95.0, src=val): 1.710283
2026-09-17 14:59:01,081 P2384 INFO *** Test F1 0.4500  of unsupervised traning
2026-09-17 14:59:01,081 P2384 INFO *** Best F1 {'f1': 0.6956521739130435, 'rc': 0.5925925925925926, 'pc': 0.8421052631578947, 'threshold': np.float64(1.731400957107544)}  of unsupervised traning
2026-09-17 14:59:01,084 P2384 INFO Current hash id a810c923
