2026-09-17 11:44:32,996 P9760 INFO ^^^^^^^^^^ Current Model:hades, ba7bd376 ^^^^^^^^^^
2026-09-17 11:44:32,996 P9760 INFO Load from D:\UAM-AD\data\sn
2026-09-17 11:44:33,199 P9760 INFO 375 unique log templates found.
2026-09-17 11:44:33,205 P9760 INFO Transforming unlabel train data.
2026-09-17 11:44:33,231 P9760 INFO Transforming test data.
2026-09-17 11:44:33,262 P9760 INFO 733 new templates show.
2026-09-17 11:44:33,313 P9760 INFO Transforming val data.
2026-09-17 11:44:33,314 P9760 INFO 77 new templates show.
2026-09-17 11:44:33,317 P9760 INFO Data loaded done!
2026-09-17 11:44:33,352 P9760 INFO Known word number: 375
2026-09-17 11:44:33,498 P9760 INFO Epoch 0/10, train generator loss: 1.26459
2026-09-17 11:44:33,577 P9760 INFO Epoch 0/10, train discriminator loss: 2.78800
2026-09-17 11:44:33,736 P9760 INFO *** Test time is 0.15081238746643066
2026-09-17 11:44:33,736 P9760 INFO Epoch 0/10, test f1: 0.76190 rc: 0.61538 pc: 1.00000. [0.20s]
2026-09-17 11:44:33,893 P9760 INFO Epoch 1/10, train generator loss: 1.20379
2026-09-17 11:44:33,969 P9760 INFO Epoch 1/10, train discriminator loss: 2.23787
2026-09-17 11:44:34,112 P9760 INFO *** Test time is 0.14275765419006348
2026-09-17 11:44:34,112 P9760 INFO Epoch 1/10, test f1: 0.76190 rc: 0.61538 pc: 1.00000. [0.20s]
2026-09-17 11:44:34,112 P9760 INFO early stopping epoch 1/5
2026-09-17 11:44:34,238 P9760 INFO Epoch 2/10, train generator loss: 1.19691
2026-09-17 11:44:34,304 P9760 INFO Epoch 2/10, train discriminator loss: 1.83137
2026-09-17 11:44:34,458 P9760 INFO *** Test time is 0.15416169166564941
2026-09-17 11:44:34,458 P9760 INFO Epoch 2/10, test f1: 0.84444 rc: 0.73077 pc: 1.00000. [0.19s]
2026-09-17 11:44:34,558 P9760 INFO Epoch 3/10, train generator loss: 1.21478
2026-09-17 11:44:34,657 P9760 INFO Epoch 3/10, train discriminator loss: 1.53149
2026-09-17 11:44:34,872 P9760 INFO *** Test time is 0.21529126167297363
2026-09-17 11:44:34,872 P9760 INFO Epoch 3/10, test f1: 0.84444 rc: 0.73077 pc: 1.00000. [0.19s]
2026-09-17 11:44:34,872 P9760 INFO early stopping epoch 1/5
2026-09-17 11:44:35,032 P9760 INFO Epoch 4/10, train generator loss: 1.24986
2026-09-17 11:44:35,161 P9760 INFO Epoch 4/10, train discriminator loss: 1.28970
2026-09-17 11:44:35,362 P9760 INFO *** Test time is 0.2011260986328125
2026-09-17 11:44:35,362 P9760 INFO Epoch 4/10, test f1: 0.84444 rc: 0.73077 pc: 1.00000. [0.29s]
2026-09-17 11:44:35,364 P9760 INFO early stopping epoch 2/5
2026-09-17 11:44:35,522 P9760 INFO Epoch 5/10, train generator loss: 1.29614
2026-09-17 11:44:35,660 P9760 INFO Epoch 5/10, train discriminator loss: 1.11702
2026-09-17 11:44:35,850 P9760 INFO *** Test time is 0.18977665901184082
2026-09-17 11:44:35,850 P9760 INFO Epoch 5/10, test f1: 0.76190 rc: 0.61538 pc: 1.00000. [0.30s]
2026-09-17 11:44:35,850 P9760 INFO early stopping epoch 3/5
2026-09-17 11:44:35,997 P9760 INFO Epoch 6/10, train generator loss: 1.34574
2026-09-17 11:44:36,069 P9760 INFO Epoch 6/10, train discriminator loss: 1.01120
2026-09-17 11:44:36,201 P9760 INFO *** Test time is 0.13194584846496582
2026-09-17 11:44:36,201 P9760 INFO Epoch 6/10, test f1: 0.76190 rc: 0.61538 pc: 1.00000. [0.22s]
2026-09-17 11:44:36,201 P9760 INFO early stopping epoch 4/5
2026-09-17 11:44:36,317 P9760 INFO Epoch 7/10, train generator loss: 1.39146
2026-09-17 11:44:36,397 P9760 INFO Epoch 7/10, train discriminator loss: 0.97586
2026-09-17 11:44:36,548 P9760 INFO *** Test time is 0.1507127285003662
2026-09-17 11:44:36,548 P9760 INFO Epoch 7/10, test f1: 0.76190 rc: 0.61538 pc: 1.00000. [0.20s]
2026-09-17 11:44:36,548 P9760 INFO early stopping epoch 5/5
2026-09-17 11:44:36,548 P9760 INFO Early stopping
2026-09-17 11:44:36,629 P9760 INFO Threshold (p=95.0, src=val): 1.371426
2026-09-17 11:44:36,662 P9760 INFO *** Test F1 0.9123  of unsupervised traning
2026-09-17 11:44:36,662 P9760 INFO *** Best F1 {'f1': 0.8444444444444444, 'rc': 0.7307692307692307, 'pc': 1.0, 'threshold': np.float64(1.5242763042449952)}  of unsupervised traning
2026-09-17 11:44:36,662 P9760 INFO Current hash id ba7bd376
