2026-09-17 14:53:52,492 P28456 INFO ^^^^^^^^^^ Current Model:hades, 12e5ed4d ^^^^^^^^^^
2026-09-17 14:53:52,492 P28456 INFO Load from D:\UAM-AD\data\sn
2026-09-17 14:53:52,784 P28456 INFO 375 unique log templates found.
2026-09-17 14:53:52,784 P28456 INFO Transforming unlabel train data.
2026-09-17 14:53:52,808 P28456 INFO Transforming test data.
2026-09-17 14:53:52,833 P28456 INFO 406 new templates show.
2026-09-17 14:53:52,866 P28456 INFO Transforming val data.
2026-09-17 14:53:52,866 P28456 INFO 77 new templates show.
2026-09-17 14:53:52,866 P28456 INFO Data loaded done!
2026-09-17 14:53:52,899 P28456 INFO Known word number: 375
2026-09-17 14:53:55,694 P28456 INFO Epoch 0/50, train generator loss: 1.49696
2026-09-17 14:53:55,966 P28456 INFO Epoch 0/50, train discriminator loss: 5.62622
2026-09-17 14:53:56,294 P28456 INFO *** Test time is 0.3282439708709717
2026-09-17 14:53:56,294 P28456 INFO Epoch 0/50, test f1: 0.94118 rc: 0.88889 pc: 1.00000. [1.19s]
2026-09-17 14:53:56,524 P28456 INFO Epoch 1/50, train generator loss: 1.40825
2026-09-17 14:53:56,720 P28456 INFO Epoch 1/50, train discriminator loss: 5.05910
2026-09-17 14:53:56,986 P28456 INFO *** Test time is 0.2657170295715332
2026-09-17 14:53:56,986 P28456 INFO Epoch 1/50, test f1: 0.96154 rc: 0.92593 pc: 1.00000. [0.39s]
2026-09-17 14:53:57,227 P28456 INFO Epoch 2/50, train generator loss: 1.30049
2026-09-17 14:53:57,369 P28456 INFO Epoch 2/50, train discriminator loss: 5.02192
2026-09-17 14:53:57,641 P28456 INFO *** Test time is 0.27143049240112305
2026-09-17 14:53:57,641 P28456 INFO Epoch 2/50, test f1: 0.96154 rc: 0.92593 pc: 1.00000. [0.34s]
2026-09-17 14:53:57,641 P28456 INFO early stopping epoch 1/15
2026-09-17 14:53:57,855 P28456 INFO Epoch 3/50, train generator loss: 1.18266
2026-09-17 14:53:58,004 P28456 INFO Epoch 3/50, train discriminator loss: 5.75678
2026-09-17 14:53:58,220 P28456 INFO *** Test time is 0.21532368659973145
2026-09-17 14:53:58,220 P28456 INFO Epoch 3/50, test f1: 0.94118 rc: 0.88889 pc: 1.00000. [0.36s]
2026-09-17 14:53:58,220 P28456 INFO early stopping epoch 2/15
2026-09-17 14:53:58,363 P28456 INFO Epoch 4/50, train generator loss: 1.05264
2026-09-17 14:53:58,477 P28456 INFO Epoch 4/50, train discriminator loss: 6.98065
2026-09-17 14:53:58,677 P28456 INFO *** Test time is 0.1996147632598877
2026-09-17 14:53:58,677 P28456 INFO Epoch 4/50, test f1: 0.98113 rc: 0.96296 pc: 1.00000. [0.26s]
2026-09-17 14:53:58,844 P28456 INFO Epoch 5/50, train generator loss: 0.88432
2026-09-17 14:53:59,001 P28456 INFO Epoch 5/50, train discriminator loss: 8.00302
2026-09-17 14:53:59,188 P28456 INFO *** Test time is 0.18709158897399902
2026-09-17 14:53:59,188 P28456 INFO Epoch 5/50, test f1: 0.92593 rc: 0.92593 pc: 0.92593. [0.31s]
2026-09-17 14:53:59,188 P28456 INFO early stopping epoch 1/15
2026-09-17 14:53:59,329 P28456 INFO Epoch 6/50, train generator loss: 0.70775
2026-09-17 14:53:59,458 P28456 INFO Epoch 6/50, train discriminator loss: 8.40521
2026-09-17 14:53:59,671 P28456 INFO *** Test time is 0.2133805751800537
2026-09-17 14:53:59,671 P28456 INFO Epoch 6/50, test f1: 0.85185 rc: 0.85185 pc: 0.85185. [0.27s]
2026-09-17 14:53:59,671 P28456 INFO early stopping epoch 2/15
2026-09-17 14:53:59,846 P28456 INFO Epoch 7/50, train generator loss: 0.67655
2026-09-17 14:53:59,993 P28456 INFO Epoch 7/50, train discriminator loss: 7.49777
2026-09-17 14:54:00,207 P28456 INFO *** Test time is 0.2133948802947998
2026-09-17 14:54:00,207 P28456 INFO Epoch 7/50, test f1: 0.85185 rc: 0.85185 pc: 0.85185. [0.32s]
2026-09-17 14:54:00,207 P28456 INFO early stopping epoch 3/15
2026-09-17 14:54:00,364 P28456 INFO Epoch 8/50, train generator loss: 0.63955
2026-09-17 14:54:00,468 P28456 INFO Epoch 8/50, train discriminator loss: 6.41207
2026-09-17 14:54:00,682 P28456 INFO *** Test time is 0.21417713165283203
2026-09-17 14:54:00,684 P28456 INFO Epoch 8/50, test f1: 0.85185 rc: 0.85185 pc: 0.85185. [0.26s]
2026-09-17 14:54:00,684 P28456 INFO early stopping epoch 4/15
2026-09-17 14:54:00,835 P28456 INFO Epoch 9/50, train generator loss: 0.55288
2026-09-17 14:54:00,960 P28456 INFO Epoch 9/50, train discriminator loss: 5.73332
2026-09-17 14:54:01,132 P28456 INFO *** Test time is 0.17259716987609863
2026-09-17 14:54:01,132 P28456 INFO Epoch 9/50, test f1: 0.85185 rc: 0.85185 pc: 0.85185. [0.28s]
2026-09-17 14:54:01,132 P28456 INFO early stopping epoch 5/15
2026-09-17 14:54:01,278 P28456 INFO Epoch 10/50, train generator loss: 0.51449
2026-09-17 14:54:01,380 P28456 INFO Epoch 10/50, train discriminator loss: 5.53069
2026-09-17 14:54:01,595 P28456 INFO *** Test time is 0.21512842178344727
2026-09-17 14:54:01,595 P28456 INFO Epoch 10/50, test f1: 0.85185 rc: 0.85185 pc: 0.85185. [0.25s]
2026-09-17 14:54:01,595 P28456 INFO early stopping epoch 6/15
2026-09-17 14:54:01,730 P28456 INFO Epoch 11/50, train generator loss: 0.54816
2026-09-17 14:54:01,844 P28456 INFO Epoch 11/50, train discriminator loss: 5.53104
2026-09-17 14:54:02,062 P28456 INFO *** Test time is 0.21820545196533203
2026-09-17 14:54:02,062 P28456 INFO Epoch 11/50, test f1: 0.85185 rc: 0.85185 pc: 0.85185. [0.25s]
2026-09-17 14:54:02,064 P28456 INFO early stopping epoch 7/15
2026-09-17 14:54:02,277 P28456 INFO Epoch 12/50, train generator loss: 0.54640
2026-09-17 14:54:02,431 P28456 INFO Epoch 12/50, train discriminator loss: 5.55026
2026-09-17 14:54:02,698 P28456 INFO *** Test time is 0.2667829990386963
2026-09-17 14:54:02,698 P28456 INFO Epoch 12/50, test f1: 0.85185 rc: 0.85185 pc: 0.85185. [0.37s]
2026-09-17 14:54:02,698 P28456 INFO early stopping epoch 8/15
2026-09-17 14:54:02,901 P28456 INFO Epoch 13/50, train generator loss: 0.53243
2026-09-17 14:54:03,063 P28456 INFO Epoch 13/50, train discriminator loss: 5.55751
2026-09-17 14:54:03,355 P28456 INFO *** Test time is 0.29230618476867676
2026-09-17 14:54:03,355 P28456 INFO Epoch 13/50, test f1: 0.85185 rc: 0.85185 pc: 0.85185. [0.37s]
2026-09-17 14:54:03,355 P28456 INFO early stopping epoch 9/15
2026-09-17 14:54:03,636 P28456 INFO Epoch 14/50, train generator loss: 0.51550
2026-09-17 14:54:03,832 P28456 INFO Epoch 14/50, train discriminator loss: 5.56247
2026-09-17 14:54:04,044 P28456 INFO *** Test time is 0.21245980262756348
2026-09-17 14:54:04,044 P28456 INFO Epoch 14/50, test f1: 0.85185 rc: 0.85185 pc: 0.85185. [0.48s]
2026-09-17 14:54:04,046 P28456 INFO early stopping epoch 10/15
2026-09-17 14:54:04,233 P28456 INFO Epoch 15/50, train generator loss: 0.49181
2026-09-17 14:54:04,401 P28456 INFO Epoch 15/50, train discriminator loss: 5.57986
2026-09-17 14:54:04,602 P28456 INFO *** Test time is 0.20072007179260254
2026-09-17 14:54:04,602 P28456 INFO Epoch 15/50, test f1: 0.85185 rc: 0.85185 pc: 0.85185. [0.36s]
2026-09-17 14:54:04,602 P28456 INFO early stopping epoch 11/15
2026-09-17 14:54:04,720 P28456 INFO Epoch 16/50, train generator loss: 0.45753
2026-09-17 14:54:04,818 P28456 INFO Epoch 16/50, train discriminator loss: 5.59461
2026-09-17 14:54:04,968 P28456 INFO *** Test time is 0.14969539642333984
2026-09-17 14:54:04,968 P28456 INFO Epoch 16/50, test f1: 0.85185 rc: 0.85185 pc: 0.85185. [0.22s]
2026-09-17 14:54:04,968 P28456 INFO early stopping epoch 12/15
2026-09-17 14:54:05,116 P28456 INFO Epoch 17/50, train generator loss: 0.44332
2026-09-17 14:54:05,225 P28456 INFO Epoch 17/50, train discriminator loss: 5.57992
2026-09-17 14:54:05,366 P28456 INFO *** Test time is 0.14092016220092773
2026-09-17 14:54:05,366 P28456 INFO Epoch 17/50, test f1: 0.85185 rc: 0.85185 pc: 0.85185. [0.26s]
2026-09-17 14:54:05,366 P28456 INFO early stopping epoch 13/15
2026-09-17 14:54:05,494 P28456 INFO Epoch 18/50, train generator loss: 0.45246
2026-09-17 14:54:05,593 P28456 INFO Epoch 18/50, train discriminator loss: 5.53520
2026-09-17 14:54:05,763 P28456 INFO *** Test time is 0.1699843406677246
2026-09-17 14:54:05,763 P28456 INFO Epoch 18/50, test f1: 0.85185 rc: 0.85185 pc: 0.85185. [0.23s]
2026-09-17 14:54:05,763 P28456 INFO early stopping epoch 14/15
2026-09-17 14:54:05,897 P28456 INFO Epoch 19/50, train generator loss: 0.44476
2026-09-17 14:54:06,001 P28456 INFO Epoch 19/50, train discriminator loss: 5.48635
2026-09-17 14:54:06,155 P28456 INFO *** Test time is 0.15453028678894043
2026-09-17 14:54:06,155 P28456 INFO Epoch 19/50, test f1: 0.85185 rc: 0.85185 pc: 0.85185. [0.24s]
2026-09-17 14:54:06,155 P28456 INFO early stopping epoch 15/15
2026-09-17 14:54:06,155 P28456 INFO Early stopping
2026-09-17 14:54:06,273 P28456 INFO Threshold (p=95.0, src=val): 1.009629
2026-09-17 14:54:06,305 P28456 INFO *** Test F1 0.9153  of unsupervised traning
2026-09-17 14:54:06,305 P28456 INFO *** Best F1 {'f1': 0.9811320754716981, 'rc': 0.9629629629629629, 'pc': 1.0, 'threshold': np.float64(1.618020648956299)}  of unsupervised traning
2026-09-17 14:54:06,319 P28456 INFO Current hash id 12e5ed4d
