2026-09-17 11:43:59,613 P27204 INFO ^^^^^^^^^^ Current Model:hades, f0af08aa ^^^^^^^^^^
2026-09-17 11:43:59,613 P27204 INFO Load from D:\UAM-AD\data\sn
2026-09-17 11:43:59,984 P27204 INFO 375 unique log templates found.
2026-09-17 11:43:59,990 P27204 INFO Transforming unlabel train data.
2026-09-17 11:44:00,037 P27204 INFO Transforming test data.
2026-09-17 11:44:00,075 P27204 INFO 721 new templates show.
2026-09-17 11:44:00,122 P27204 INFO Transforming val data.
2026-09-17 11:44:00,138 P27204 INFO 77 new templates show.
2026-09-17 11:44:00,141 P27204 INFO Data loaded done!
2026-09-17 11:44:00,214 P27204 INFO Known word number: 375
2026-09-17 11:44:00,434 P27204 INFO Epoch 0/10, train generator loss: 1.38339
2026-09-17 11:44:00,548 P27204 INFO Epoch 0/10, train discriminator loss: 2.81753
2026-09-17 11:44:00,754 P27204 INFO *** Test time is 0.20603322982788086
2026-09-17 11:44:00,754 P27204 INFO Epoch 0/10, test f1: 0.83333 rc: 0.76923 pc: 0.90909. [0.30s]
2026-09-17 11:44:00,937 P27204 INFO Epoch 1/10, train generator loss: 1.29851
2026-09-17 11:44:01,067 P27204 INFO Epoch 1/10, train discriminator loss: 2.18234
2026-09-17 11:44:01,233 P27204 INFO *** Test time is 0.16642069816589355
2026-09-17 11:44:01,233 P27204 INFO Epoch 1/10, test f1: 0.83333 rc: 0.76923 pc: 0.90909. [0.28s]
2026-09-17 11:44:01,233 P27204 INFO early stopping epoch 1/5
2026-09-17 11:44:01,350 P27204 INFO Epoch 2/10, train generator loss: 1.26748
2026-09-17 11:44:01,431 P27204 INFO Epoch 2/10, train discriminator loss: 1.87308
2026-09-17 11:44:01,580 P27204 INFO *** Test time is 0.14910078048706055
2026-09-17 11:44:01,580 P27204 INFO Epoch 2/10, test f1: 0.83333 rc: 0.76923 pc: 0.90909. [0.20s]
2026-09-17 11:44:01,580 P27204 INFO early stopping epoch 2/5
2026-09-17 11:44:01,682 P27204 INFO Epoch 3/10, train generator loss: 1.27964
2026-09-17 11:44:01,768 P27204 INFO Epoch 3/10, train discriminator loss: 1.57454
2026-09-17 11:44:01,917 P27204 INFO *** Test time is 0.14951825141906738
2026-09-17 11:44:01,917 P27204 INFO Epoch 3/10, test f1: 0.83333 rc: 0.76923 pc: 0.90909. [0.19s]
2026-09-17 11:44:01,917 P27204 INFO early stopping epoch 3/5
2026-09-17 11:44:02,011 P27204 INFO Epoch 4/10, train generator loss: 1.32360
2026-09-17 11:44:02,091 P27204 INFO Epoch 4/10, train discriminator loss: 1.35575
2026-09-17 11:44:02,230 P27204 INFO *** Test time is 0.13854050636291504
2026-09-17 11:44:02,230 P27204 INFO Epoch 4/10, test f1: 0.83333 rc: 0.76923 pc: 0.90909. [0.17s]
2026-09-17 11:44:02,230 P27204 INFO early stopping epoch 4/5
2026-09-17 11:44:02,351 P27204 INFO Epoch 5/10, train generator loss: 1.37792
2026-09-17 11:44:02,456 P27204 INFO Epoch 5/10, train discriminator loss: 1.21323
2026-09-17 11:44:02,624 P27204 INFO *** Test time is 0.16771674156188965
2026-09-17 11:44:02,624 P27204 INFO Epoch 5/10, test f1: 0.83333 rc: 0.76923 pc: 0.90909. [0.23s]
2026-09-17 11:44:02,624 P27204 INFO early stopping epoch 5/5
2026-09-17 11:44:02,624 P27204 INFO Early stopping
2026-09-17 11:44:02,746 P27204 INFO Threshold (p=95.0, src=val): 1.423405
2026-09-17 11:44:02,774 P27204 INFO *** Test F1 0.7018  of unsupervised traning
2026-09-17 11:44:02,775 P27204 INFO *** Best F1 {'f1': 0.8333333333333334, 'rc': 0.7692307692307693, 'pc': 0.9090909090909091, 'threshold': np.float64(1.474811086654663)}  of unsupervised traning
2026-09-17 11:44:02,777 P27204 INFO Current hash id f0af08aa
