2026-09-16 11:08:49,530 P13224 INFO ^^^^^^^^^^ Current Model:hades, 73505ae1 ^^^^^^^^^^
2026-09-16 11:08:49,530 P13224 INFO Load from D:\UAM-AD\data\sn
2026-09-16 11:08:49,861 P13224 INFO 375 unique log templates found.
2026-09-16 11:08:49,861 P13224 INFO Transforming unlabel train data.
2026-09-16 11:08:49,909 P13224 INFO Transforming test data.
2026-09-16 11:08:49,925 P13224 INFO 136 new templates show.
2026-09-16 11:08:49,956 P13224 INFO Transforming val data.
2026-09-16 11:08:49,956 P13224 INFO 77 new templates show.
2026-09-16 11:08:49,956 P13224 INFO Data loaded done!
2026-09-16 11:08:49,988 P13224 INFO Known word number: 375
2026-09-16 11:08:51,955 P13224 INFO Epoch 0/10, train generator loss: 1.48768
2026-09-16 11:08:52,157 P13224 INFO Epoch 0/10, train discriminator loss: 5.65492
2026-09-16 11:08:52,333 P13224 INFO *** Test time is 0.1761627197265625
2026-09-16 11:08:52,333 P13224 INFO Epoch 0/10, test f1: 0.90909 rc: 0.83333 pc: 1.00000. [0.77s]
2026-09-16 11:08:52,505 P13224 INFO Epoch 1/10, train generator loss: 1.42537
2026-09-16 11:08:52,615 P13224 INFO Epoch 1/10, train discriminator loss: 5.01337
2026-09-16 11:08:52,777 P13224 INFO *** Test time is 0.1596999168395996
2026-09-16 11:08:52,777 P13224 INFO Epoch 1/10, test f1: 0.90909 rc: 0.83333 pc: 1.00000. [0.27s]
2026-09-16 11:08:52,777 P13224 INFO early stopping epoch 1/5
2026-09-16 11:08:52,935 P13224 INFO Epoch 2/10, train generator loss: 1.37511
2026-09-16 11:08:53,048 P13224 INFO Epoch 2/10, train discriminator loss: 4.59331
2026-09-16 11:08:53,190 P13224 INFO *** Test time is 0.14212989807128906
2026-09-16 11:08:53,190 P13224 INFO Epoch 2/10, test f1: 0.90909 rc: 0.83333 pc: 1.00000. [0.27s]
2026-09-16 11:08:53,190 P13224 INFO early stopping epoch 2/5
2026-09-16 11:08:53,337 P13224 INFO Epoch 3/10, train generator loss: 1.38763
2026-09-16 11:08:53,438 P13224 INFO Epoch 3/10, train discriminator loss: 4.30597
2026-09-16 11:08:53,568 P13224 INFO *** Test time is 0.1297452449798584
2026-09-16 11:08:53,568 P13224 INFO Epoch 3/10, test f1: 0.90909 rc: 0.83333 pc: 1.00000. [0.25s]
2026-09-16 11:08:53,568 P13224 INFO early stopping epoch 3/5
2026-09-16 11:08:53,694 P13224 INFO Epoch 4/10, train generator loss: 1.41879
2026-09-16 11:08:53,809 P13224 INFO Epoch 4/10, train discriminator loss: 4.12583
2026-09-16 11:08:53,993 P13224 INFO *** Test time is 0.18336009979248047
2026-09-16 11:08:53,993 P13224 INFO Epoch 4/10, test f1: 0.90909 rc: 0.83333 pc: 1.00000. [0.24s]
2026-09-16 11:08:53,993 P13224 INFO early stopping epoch 4/5
2026-09-16 11:08:54,173 P13224 INFO Epoch 5/10, train generator loss: 1.44916
2026-09-16 11:08:54,321 P13224 INFO Epoch 5/10, train discriminator loss: 4.01919
2026-09-16 11:08:54,501 P13224 INFO *** Test time is 0.179168701171875
2026-09-16 11:08:54,501 P13224 INFO Epoch 5/10, test f1: 0.90909 rc: 0.83333 pc: 1.00000. [0.33s]
2026-09-16 11:08:54,501 P13224 INFO early stopping epoch 5/5
2026-09-16 11:08:54,501 P13224 INFO Early stopping
2026-09-16 11:08:54,690 P13224 INFO Threshold (p=95.0, src=val): 1.855775
2026-09-16 11:08:54,740 P13224 INFO *** Test F1 0.7143  of unsupervised traning
2026-09-16 11:08:54,740 P13224 INFO *** Best F1 {'f1': 0.9090909090909091, 'rc': 0.8333333333333334, 'pc': 1.0, 'threshold': np.float64(131563.4909985354)}  of unsupervised traning
2026-09-16 11:08:54,756 P13224 INFO Current hash id 73505ae1
