2026-09-17 11:42:56,199 P18612 INFO ^^^^^^^^^^ Current Model:hades, 62b71609 ^^^^^^^^^^
2026-09-17 11:42:56,199 P18612 INFO Load from D:\UAM-AD\data\sn
2026-09-17 11:42:56,461 P18612 INFO 375 unique log templates found.
2026-09-17 11:42:56,467 P18612 INFO Transforming unlabel train data.
2026-09-17 11:42:56,490 P18612 INFO Transforming test data.
2026-09-17 11:42:56,522 P18612 INFO 729 new templates show.
2026-09-17 11:42:56,553 P18612 INFO Transforming val data.
2026-09-17 11:42:56,553 P18612 INFO 77 new templates show.
2026-09-17 11:42:56,569 P18612 INFO Data loaded done!
2026-09-17 11:42:56,601 P18612 INFO Known word number: 375
2026-09-17 11:42:56,777 P18612 INFO Epoch 0/10, train generator loss: 1.24620
2026-09-17 11:42:56,873 P18612 INFO Epoch 0/10, train discriminator loss: 2.66515
2026-09-17 11:42:57,032 P18612 INFO *** Test time is 0.15843605995178223
2026-09-17 11:42:57,032 P18612 INFO Epoch 0/10, test f1: 0.78261 rc: 0.64286 pc: 1.00000. [0.22s]
2026-09-17 11:42:57,139 P18612 INFO Epoch 1/10, train generator loss: 1.19202
2026-09-17 11:42:57,218 P18612 INFO Epoch 1/10, train discriminator loss: 2.08825
2026-09-17 11:42:57,377 P18612 INFO *** Test time is 0.15814924240112305
2026-09-17 11:42:57,377 P18612 INFO Epoch 1/10, test f1: 0.78261 rc: 0.64286 pc: 1.00000. [0.17s]
2026-09-17 11:42:57,377 P18612 INFO early stopping epoch 1/5
2026-09-17 11:42:57,475 P18612 INFO Epoch 2/10, train generator loss: 1.16213
2026-09-17 11:42:57,554 P18612 INFO Epoch 2/10, train discriminator loss: 1.65951
2026-09-17 11:42:57,702 P18612 INFO *** Test time is 0.14856719970703125
2026-09-17 11:42:57,702 P18612 INFO Epoch 2/10, test f1: 0.78261 rc: 0.64286 pc: 1.00000. [0.18s]
2026-09-17 11:42:57,702 P18612 INFO early stopping epoch 2/5
2026-09-17 11:42:57,805 P18612 INFO Epoch 3/10, train generator loss: 1.16557
2026-09-17 11:42:57,882 P18612 INFO Epoch 3/10, train discriminator loss: 1.41065
2026-09-17 11:42:58,024 P18612 INFO *** Test time is 0.14130258560180664
2026-09-17 11:42:58,024 P18612 INFO Epoch 3/10, test f1: 0.80851 rc: 0.67857 pc: 1.00000. [0.18s]
2026-09-17 11:42:58,147 P18612 INFO Epoch 4/10, train generator loss: 1.19208
2026-09-17 11:42:58,219 P18612 INFO Epoch 4/10, train discriminator loss: 1.24289
2026-09-17 11:42:58,361 P18612 INFO *** Test time is 0.1416919231414795
2026-09-17 11:42:58,361 P18612 INFO Epoch 4/10, test f1: 0.80851 rc: 0.67857 pc: 1.00000. [0.19s]
2026-09-17 11:42:58,361 P18612 INFO early stopping epoch 1/5
2026-09-17 11:42:58,489 P18612 INFO Epoch 5/10, train generator loss: 1.23554
2026-09-17 11:42:58,574 P18612 INFO Epoch 5/10, train discriminator loss: 1.09837
2026-09-17 11:42:58,725 P18612 INFO *** Test time is 0.15085935592651367
2026-09-17 11:42:58,725 P18612 INFO Epoch 5/10, test f1: 0.80851 rc: 0.67857 pc: 1.00000. [0.21s]
2026-09-17 11:42:58,725 P18612 INFO early stopping epoch 2/5
2026-09-17 11:42:58,836 P18612 INFO Epoch 6/10, train generator loss: 1.27616
2026-09-17 11:42:58,944 P18612 INFO Epoch 6/10, train discriminator loss: 0.99928
2026-09-17 11:42:59,193 P18612 INFO *** Test time is 0.2494504451751709
2026-09-17 11:42:59,193 P18612 INFO Epoch 6/10, test f1: 0.80851 rc: 0.67857 pc: 1.00000. [0.22s]
2026-09-17 11:42:59,193 P18612 INFO early stopping epoch 3/5
2026-09-17 11:42:59,371 P18612 INFO Epoch 7/10, train generator loss: 1.31634
2026-09-17 11:42:59,513 P18612 INFO Epoch 7/10, train discriminator loss: 0.93908
2026-09-17 11:42:59,809 P18612 INFO *** Test time is 0.2959158420562744
2026-09-17 11:42:59,809 P18612 INFO Epoch 7/10, test f1: 0.80851 rc: 0.67857 pc: 1.00000. [0.32s]
2026-09-17 11:42:59,809 P18612 INFO early stopping epoch 4/5
2026-09-17 11:42:59,986 P18612 INFO Epoch 8/10, train generator loss: 1.35378
2026-09-17 11:43:00,112 P18612 INFO Epoch 8/10, train discriminator loss: 0.90134
2026-09-17 11:43:00,332 P18612 INFO *** Test time is 0.22026634216308594
2026-09-17 11:43:00,332 P18612 INFO Epoch 8/10, test f1: 0.75556 rc: 0.60714 pc: 1.00000. [0.30s]
2026-09-17 11:43:00,332 P18612 INFO early stopping epoch 5/5
2026-09-17 11:43:00,332 P18612 INFO Early stopping
2026-09-17 11:43:00,507 P18612 INFO Threshold (p=95.0, src=val): 1.314003
2026-09-17 11:43:00,546 P18612 INFO *** Test F1 0.8235  of unsupervised traning
2026-09-17 11:43:00,546 P18612 INFO *** Best F1 {'f1': 0.8085106382978723, 'rc': 0.6785714285714286, 'pc': 1.0, 'threshold': np.float64(1.5591010093688964)}  of unsupervised traning
2026-09-17 11:43:00,546 P18612 INFO Current hash id 62b71609
