2026-09-17 15:01:02,632 P2732 INFO ^^^^^^^^^^ Current Model:hades, c2958012 ^^^^^^^^^^
2026-09-17 15:01:02,632 P2732 INFO Load from D:\UAM-AD\data\sn
2026-09-17 15:01:02,823 P2732 INFO 375 unique log templates found.
2026-09-17 15:01:02,839 P2732 INFO Transforming unlabel train data.
2026-09-17 15:01:02,854 P2732 INFO Transforming test data.
2026-09-17 15:01:02,887 P2732 INFO 733 new templates show.
2026-09-17 15:01:02,928 P2732 INFO Transforming val data.
2026-09-17 15:01:02,928 P2732 INFO 77 new templates show.
2026-09-17 15:01:02,935 P2732 INFO Data loaded done!
2026-09-17 15:01:02,966 P2732 INFO Known word number: 375
2026-09-17 15:01:03,178 P2732 INFO Epoch 0/50, train generator loss: 1.57333
2026-09-17 15:01:03,295 P2732 INFO Epoch 0/50, train discriminator loss: 5.46403
2026-09-17 15:01:03,508 P2732 INFO *** Test time is 0.20720195770263672
2026-09-17 15:01:03,508 P2732 INFO Epoch 0/50, test f1: 0.77273 rc: 0.65385 pc: 0.94444. [0.27s]
2026-09-17 15:01:03,731 P2732 INFO Epoch 1/50, train generator loss: 1.37221
2026-09-17 15:01:03,868 P2732 INFO Epoch 1/50, train discriminator loss: 4.92191
2026-09-17 15:01:04,103 P2732 INFO *** Test time is 0.23432517051696777
2026-09-17 15:01:04,103 P2732 INFO Epoch 1/50, test f1: 0.79070 rc: 0.65385 pc: 1.00000. [0.34s]
2026-09-17 15:01:04,298 P2732 INFO Epoch 2/50, train generator loss: 1.29356
2026-09-17 15:01:04,451 P2732 INFO Epoch 2/50, train discriminator loss: 4.83838
2026-09-17 15:01:04,679 P2732 INFO *** Test time is 0.22784948348999023
2026-09-17 15:01:04,679 P2732 INFO Epoch 2/50, test f1: 0.79070 rc: 0.65385 pc: 1.00000. [0.33s]
2026-09-17 15:01:04,679 P2732 INFO early stopping epoch 1/15
2026-09-17 15:01:04,858 P2732 INFO Epoch 3/50, train generator loss: 1.19630
2026-09-17 15:01:05,001 P2732 INFO Epoch 3/50, train discriminator loss: 5.39212
2026-09-17 15:01:05,208 P2732 INFO *** Test time is 0.20726609230041504
2026-09-17 15:01:05,208 P2732 INFO Epoch 3/50, test f1: 0.79070 rc: 0.65385 pc: 1.00000. [0.32s]
2026-09-17 15:01:05,208 P2732 INFO early stopping epoch 2/15
2026-09-17 15:01:05,457 P2732 INFO Epoch 4/50, train generator loss: 1.07871
2026-09-17 15:01:05,620 P2732 INFO Epoch 4/50, train discriminator loss: 6.50340
2026-09-17 15:01:05,842 P2732 INFO *** Test time is 0.2218031883239746
2026-09-17 15:01:05,842 P2732 INFO Epoch 4/50, test f1: 0.74419 rc: 0.61538 pc: 0.94118. [0.41s]
2026-09-17 15:01:05,842 P2732 INFO early stopping epoch 3/15
2026-09-17 15:01:06,018 P2732 INFO Epoch 5/50, train generator loss: 0.92836
2026-09-17 15:01:06,114 P2732 INFO Epoch 5/50, train discriminator loss: 7.65523
2026-09-17 15:01:06,270 P2732 INFO *** Test time is 0.15594482421875
2026-09-17 15:01:06,270 P2732 INFO Epoch 5/50, test f1: 0.46512 rc: 0.38462 pc: 0.58824. [0.27s]
2026-09-17 15:01:06,270 P2732 INFO early stopping epoch 4/15
2026-09-17 15:01:06,387 P2732 INFO Epoch 6/50, train generator loss: 0.74928
2026-09-17 15:01:06,507 P2732 INFO Epoch 6/50, train discriminator loss: 8.41033
2026-09-17 15:01:06,647 P2732 INFO *** Test time is 0.1398334503173828
2026-09-17 15:01:06,647 P2732 INFO Epoch 6/50, test f1: 0.30000 rc: 0.23077 pc: 0.42857. [0.24s]
2026-09-17 15:01:06,647 P2732 INFO early stopping epoch 5/15
2026-09-17 15:01:06,792 P2732 INFO Epoch 7/50, train generator loss: 0.61650
2026-09-17 15:01:06,921 P2732 INFO Epoch 7/50, train discriminator loss: 7.98547
2026-09-17 15:01:07,074 P2732 INFO *** Test time is 0.1521615982055664
2026-09-17 15:01:07,074 P2732 INFO Epoch 7/50, test f1: 0.30000 rc: 0.23077 pc: 0.42857. [0.27s]
2026-09-17 15:01:07,074 P2732 INFO early stopping epoch 6/15
2026-09-17 15:01:07,183 P2732 INFO Epoch 8/50, train generator loss: 0.64678
2026-09-17 15:01:07,302 P2732 INFO Epoch 8/50, train discriminator loss: 6.68913
2026-09-17 15:01:07,453 P2732 INFO *** Test time is 0.15099024772644043
2026-09-17 15:01:07,453 P2732 INFO Epoch 8/50, test f1: 0.30000 rc: 0.23077 pc: 0.42857. [0.23s]
2026-09-17 15:01:07,453 P2732 INFO early stopping epoch 7/15
2026-09-17 15:01:07,565 P2732 INFO Epoch 9/50, train generator loss: 0.54987
2026-09-17 15:01:07,681 P2732 INFO Epoch 9/50, train discriminator loss: 5.73888
2026-09-17 15:01:07,843 P2732 INFO *** Test time is 0.1623821258544922
2026-09-17 15:01:07,843 P2732 INFO Epoch 9/50, test f1: 0.30000 rc: 0.23077 pc: 0.42857. [0.23s]
2026-09-17 15:01:07,843 P2732 INFO early stopping epoch 8/15
2026-09-17 15:01:07,933 P2732 INFO Epoch 10/50, train generator loss: 0.47071
2026-09-17 15:01:08,063 P2732 INFO Epoch 10/50, train discriminator loss: 5.45218
2026-09-17 15:01:08,211 P2732 INFO *** Test time is 0.14792943000793457
2026-09-17 15:01:08,211 P2732 INFO Epoch 10/50, test f1: 0.33333 rc: 0.26923 pc: 0.43750. [0.22s]
2026-09-17 15:01:08,211 P2732 INFO early stopping epoch 9/15
2026-09-17 15:01:08,344 P2732 INFO Epoch 11/50, train generator loss: 0.53202
2026-09-17 15:01:08,447 P2732 INFO Epoch 11/50, train discriminator loss: 5.51468
2026-09-17 15:01:08,590 P2732 INFO *** Test time is 0.14331769943237305
2026-09-17 15:01:08,590 P2732 INFO Epoch 11/50, test f1: 0.33333 rc: 0.26923 pc: 0.43750. [0.24s]
2026-09-17 15:01:08,590 P2732 INFO early stopping epoch 10/15
2026-09-17 15:01:08,726 P2732 INFO Epoch 12/50, train generator loss: 0.52128
2026-09-17 15:01:08,830 P2732 INFO Epoch 12/50, train discriminator loss: 5.62123
2026-09-17 15:01:08,986 P2732 INFO *** Test time is 0.15626788139343262
2026-09-17 15:01:08,986 P2732 INFO Epoch 12/50, test f1: 0.30000 rc: 0.23077 pc: 0.42857. [0.24s]
2026-09-17 15:01:08,986 P2732 INFO early stopping epoch 11/15
2026-09-17 15:01:09,133 P2732 INFO Epoch 13/50, train generator loss: 0.49293
2026-09-17 15:01:09,248 P2732 INFO Epoch 13/50, train discriminator loss: 5.63887
2026-09-17 15:01:09,397 P2732 INFO *** Test time is 0.149428129196167
2026-09-17 15:01:09,397 P2732 INFO Epoch 13/50, test f1: 0.30000 rc: 0.23077 pc: 0.42857. [0.26s]
2026-09-17 15:01:09,397 P2732 INFO early stopping epoch 12/15
2026-09-17 15:01:09,508 P2732 INFO Epoch 14/50, train generator loss: 0.49458
2026-09-17 15:01:09,616 P2732 INFO Epoch 14/50, train discriminator loss: 5.59477
2026-09-17 15:01:09,762 P2732 INFO *** Test time is 0.14586353302001953
2026-09-17 15:01:09,762 P2732 INFO Epoch 14/50, test f1: 0.30000 rc: 0.23077 pc: 0.42857. [0.22s]
2026-09-17 15:01:09,762 P2732 INFO early stopping epoch 13/15
2026-09-17 15:01:09,872 P2732 INFO Epoch 15/50, train generator loss: 0.48178
2026-09-17 15:01:10,018 P2732 INFO Epoch 15/50, train discriminator loss: 5.56214
2026-09-17 15:01:10,225 P2732 INFO *** Test time is 0.20632195472717285
2026-09-17 15:01:10,225 P2732 INFO Epoch 15/50, test f1: 0.30000 rc: 0.23077 pc: 0.42857. [0.26s]
2026-09-17 15:01:10,225 P2732 INFO early stopping epoch 14/15
2026-09-17 15:01:10,361 P2732 INFO Epoch 16/50, train generator loss: 0.43451
2026-09-17 15:01:10,520 P2732 INFO Epoch 16/50, train discriminator loss: 5.55857
2026-09-17 15:01:10,726 P2732 INFO *** Test time is 0.20397591590881348
2026-09-17 15:01:10,726 P2732 INFO Epoch 16/50, test f1: 0.30000 rc: 0.23077 pc: 0.42857. [0.30s]
2026-09-17 15:01:10,726 P2732 INFO early stopping epoch 15/15
2026-09-17 15:01:10,726 P2732 INFO Early stopping
2026-09-17 15:01:10,899 P2732 INFO Threshold (p=95.0, src=val): 1.617893
2026-09-17 15:01:10,964 P2732 INFO *** Test F1 0.8800  of unsupervised traning
2026-09-17 15:01:10,964 P2732 INFO *** Best F1 {'f1': 0.7906976744186046, 'rc': 0.6538461538461539, 'pc': 1.0, 'threshold': np.float64(1.7080228519439697)}  of unsupervised traning
2026-09-17 15:01:10,964 P2732 INFO Current hash id c2958012
