2026-05-01 17:34:29,348 P27076 INFO ^^^^^^^^^^ Current Model:hades, 27148cca ^^^^^^^^^^
2026-05-01 17:34:29,348 P27076 INFO Load from D:\UAM-AD\data\rcaeval_re3_ob
2026-05-01 17:34:33,353 P27076 INFO 301 unique log templates found.
2026-05-01 17:34:33,369 P27076 INFO Transforming unlabel train data.
2026-05-01 17:34:34,003 P27076 INFO Transforming test data.
2026-05-01 17:34:34,129 P27076 INFO 14 new templates show.
2026-05-01 17:34:35,196 P27076 INFO Data loaded done!
2026-05-01 17:35:07,585 P27076 INFO Known word number: 301
2026-05-01 17:36:01,359 P27076 INFO Epoch 0/5, train generator loss: 0.18570
2026-05-01 17:37:00,291 P27076 INFO Epoch 0/5, train discriminator loss: 0.19882
2026-05-01 17:37:03,455 P27076 INFO *** Test time is 3.1598806381225586
2026-05-01 17:37:03,456 P27076 INFO Epoch 0/5, test f1: 0.66713 rc: 0.66775 pc: 0.66651. [107.50s]
2026-05-01 17:38:19,056 P27076 INFO Epoch 1/5, train generator loss: 0.12887
2026-05-01 17:39:18,758 P27076 INFO Epoch 1/5, train discriminator loss: 0.31731
2026-05-01 17:39:22,477 P27076 INFO *** Test time is 3.717313289642334
2026-05-01 17:39:22,477 P27076 INFO Epoch 1/5, test f1: 0.66885 rc: 0.63651 pc: 0.70466. [135.26s]
2026-05-01 17:40:24,948 P27076 INFO Epoch 2/5, train generator loss: 0.15760
2026-05-01 17:41:36,980 P27076 INFO Epoch 2/5, train discriminator loss: 0.47137
2026-05-01 17:41:40,096 P27076 INFO *** Test time is 3.115638256072998
2026-05-01 17:41:40,096 P27076 INFO Epoch 2/5, test f1: 0.54950 rc: 0.55090 pc: 0.54811. [134.46s]
2026-05-01 17:41:40,096 P27076 INFO early stopping epoch 1/3
2026-05-01 17:42:50,551 P27076 INFO Epoch 3/5, train generator loss: 0.13904
2026-05-01 17:43:51,206 P27076 INFO Epoch 3/5, train discriminator loss: 0.33857
2026-05-01 17:43:54,487 P27076 INFO *** Test time is 3.280890464782715
2026-05-01 17:43:54,487 P27076 INFO Epoch 3/5, test f1: 0.65958 rc: 0.66011 pc: 0.65904. [131.11s]
2026-05-01 17:43:54,487 P27076 INFO early stopping epoch 2/3
2026-05-01 17:45:01,971 P27076 INFO Epoch 4/5, train generator loss: 0.14021
2026-05-01 17:46:17,130 P27076 INFO Epoch 4/5, train discriminator loss: 0.59425
2026-05-01 17:46:20,435 P27076 INFO *** Test time is 3.289088487625122
2026-05-01 17:46:20,435 P27076 INFO Epoch 4/5, test f1: 0.59522 rc: 0.61106 pc: 0.58018. [142.64s]
2026-05-01 17:46:20,435 P27076 INFO early stopping epoch 3/3
2026-05-01 17:46:20,435 P27076 INFO Early stopping
2026-05-01 17:47:02,637 P27076 INFO Threshold (p=95.0, src=unlabel(fallback)): 0.199211
2026-05-01 17:47:03,960 P27076 INFO *** Test F1 0.5718  of unsupervised traning
2026-05-01 17:47:03,960 P27076 INFO *** Best F1 {'f1': 0.6688548504741065, 'rc': 0.6365108745950948, 'pc': 0.7046618852459017}  of unsupervised traning
2026-05-01 17:47:04,118 P27076 INFO Current hash id 27148cca
