2026-09-17 15:01:10,993 P2732 INFO ^^^^^^^^^^ Current Model:hades, 5a447770 ^^^^^^^^^^
2026-09-17 15:01:10,993 P2732 INFO Load from D:\UAM-AD\data\sn
2026-09-17 15:01:11,381 P2732 INFO 375 unique log templates found.
2026-09-17 15:01:11,390 P2732 INFO Transforming unlabel train data.
2026-09-17 15:01:11,423 P2732 INFO Transforming test data.
2026-09-17 15:01:11,470 P2732 INFO 733 new templates show.
2026-09-17 15:01:11,522 P2732 INFO Transforming val data.
2026-09-17 15:01:11,522 P2732 INFO 77 new templates show.
2026-09-17 15:01:11,522 P2732 INFO Data loaded done!
2026-09-17 15:01:11,574 P2732 INFO Known word number: 375
2026-09-17 15:01:11,851 P2732 INFO Epoch 0/50, train generator loss: 1.48530
2026-09-17 15:01:12,009 P2732 INFO Epoch 0/50, train discriminator loss: 5.61539
2026-09-17 15:01:12,231 P2732 INFO *** Test time is 0.20617008209228516
2026-09-17 15:01:12,231 P2732 INFO Epoch 0/50, test f1: 0.71429 rc: 0.57692 pc: 0.93750. [0.37s]
2026-09-17 15:01:12,436 P2732 INFO Epoch 1/50, train generator loss: 1.37991
2026-09-17 15:01:12,578 P2732 INFO Epoch 1/50, train discriminator loss: 4.91899
2026-09-17 15:01:12,736 P2732 INFO *** Test time is 0.15837979316711426
2026-09-17 15:01:12,736 P2732 INFO Epoch 1/50, test f1: 0.71429 rc: 0.57692 pc: 0.93750. [0.33s]
2026-09-17 15:01:12,736 P2732 INFO early stopping epoch 1/15
2026-09-17 15:01:12,847 P2732 INFO Epoch 2/50, train generator loss: 1.28344
2026-09-17 15:01:12,956 P2732 INFO Epoch 2/50, train discriminator loss: 4.81248
2026-09-17 15:01:13,161 P2732 INFO *** Test time is 0.20469045639038086
2026-09-17 15:01:13,161 P2732 INFO Epoch 2/50, test f1: 0.71429 rc: 0.57692 pc: 0.93750. [0.22s]
2026-09-17 15:01:13,161 P2732 INFO early stopping epoch 2/15
2026-09-17 15:01:13,327 P2732 INFO Epoch 3/50, train generator loss: 1.16755
2026-09-17 15:01:13,447 P2732 INFO Epoch 3/50, train discriminator loss: 5.31560
2026-09-17 15:01:13,599 P2732 INFO *** Test time is 0.15193700790405273
2026-09-17 15:01:13,599 P2732 INFO Epoch 3/50, test f1: 0.71429 rc: 0.57692 pc: 0.93750. [0.29s]
2026-09-17 15:01:13,599 P2732 INFO early stopping epoch 3/15
2026-09-17 15:01:13,767 P2732 INFO Epoch 4/50, train generator loss: 1.01625
2026-09-17 15:01:13,865 P2732 INFO Epoch 4/50, train discriminator loss: 6.38105
2026-09-17 15:01:14,023 P2732 INFO *** Test time is 0.15813875198364258
2026-09-17 15:01:14,023 P2732 INFO Epoch 4/50, test f1: 0.57143 rc: 0.46154 pc: 0.75000. [0.27s]
2026-09-17 15:01:14,023 P2732 INFO early stopping epoch 4/15
2026-09-17 15:01:14,175 P2732 INFO Epoch 5/50, train generator loss: 0.84351
2026-09-17 15:01:14,277 P2732 INFO Epoch 5/50, train discriminator loss: 7.51126
2026-09-17 15:01:14,417 P2732 INFO *** Test time is 0.14044880867004395
2026-09-17 15:01:14,417 P2732 INFO Epoch 5/50, test f1: 0.35000 rc: 0.26923 pc: 0.50000. [0.25s]
2026-09-17 15:01:14,417 P2732 INFO early stopping epoch 5/15
2026-09-17 15:01:14,559 P2732 INFO Epoch 6/50, train generator loss: 0.69593
2026-09-17 15:01:14,685 P2732 INFO Epoch 6/50, train discriminator loss: 8.17693
2026-09-17 15:01:14,831 P2732 INFO *** Test time is 0.14637136459350586
2026-09-17 15:01:14,844 P2732 INFO Epoch 6/50, test f1: 0.30000 rc: 0.23077 pc: 0.42857. [0.27s]
2026-09-17 15:01:14,844 P2732 INFO early stopping epoch 6/15
2026-09-17 15:01:14,971 P2732 INFO Epoch 7/50, train generator loss: 0.64357
2026-09-17 15:01:15,093 P2732 INFO Epoch 7/50, train discriminator loss: 7.54492
2026-09-17 15:01:15,240 P2732 INFO *** Test time is 0.14680933952331543
2026-09-17 15:01:15,240 P2732 INFO Epoch 7/50, test f1: 0.30000 rc: 0.23077 pc: 0.42857. [0.25s]
2026-09-17 15:01:15,240 P2732 INFO early stopping epoch 7/15
2026-09-17 15:01:15,334 P2732 INFO Epoch 8/50, train generator loss: 0.63920
2026-09-17 15:01:15,431 P2732 INFO Epoch 8/50, train discriminator loss: 6.34518
2026-09-17 15:01:15,601 P2732 INFO *** Test time is 0.16594409942626953
2026-09-17 15:01:15,601 P2732 INFO Epoch 8/50, test f1: 0.30000 rc: 0.23077 pc: 0.42857. [0.20s]
2026-09-17 15:01:15,601 P2732 INFO early stopping epoch 8/15
2026-09-17 15:01:15,718 P2732 INFO Epoch 9/50, train generator loss: 0.53780
2026-09-17 15:01:15,846 P2732 INFO Epoch 9/50, train discriminator loss: 5.56816
2026-09-17 15:01:15,995 P2732 INFO *** Test time is 0.14933204650878906
2026-09-17 15:01:15,995 P2732 INFO Epoch 9/50, test f1: 0.30000 rc: 0.23077 pc: 0.42857. [0.24s]
2026-09-17 15:01:15,995 P2732 INFO early stopping epoch 9/15
2026-09-17 15:01:16,090 P2732 INFO Epoch 10/50, train generator loss: 0.47222
2026-09-17 15:01:16,200 P2732 INFO Epoch 10/50, train discriminator loss: 5.33948
2026-09-17 15:01:16,343 P2732 INFO *** Test time is 0.1429760456085205
2026-09-17 15:01:16,343 P2732 INFO Epoch 10/50, test f1: 0.38095 rc: 0.30769 pc: 0.50000. [0.20s]
2026-09-17 15:01:16,343 P2732 INFO early stopping epoch 10/15
2026-09-17 15:01:16,482 P2732 INFO Epoch 11/50, train generator loss: 0.54316
2026-09-17 15:01:16,576 P2732 INFO Epoch 11/50, train discriminator loss: 5.33873
2026-09-17 15:01:16,782 P2732 INFO *** Test time is 0.2062368392944336
2026-09-17 15:01:16,782 P2732 INFO Epoch 11/50, test f1: 0.34146 rc: 0.26923 pc: 0.46667. [0.23s]
2026-09-17 15:01:16,782 P2732 INFO early stopping epoch 11/15
2026-09-17 15:01:16,977 P2732 INFO Epoch 12/50, train generator loss: 0.51733
2026-09-17 15:01:17,146 P2732 INFO Epoch 12/50, train discriminator loss: 5.38484
2026-09-17 15:01:17,351 P2732 INFO *** Test time is 0.20529508590698242
2026-09-17 15:01:17,351 P2732 INFO Epoch 12/50, test f1: 0.30000 rc: 0.23077 pc: 0.42857. [0.36s]
2026-09-17 15:01:17,351 P2732 INFO early stopping epoch 12/15
2026-09-17 15:01:17,499 P2732 INFO Epoch 13/50, train generator loss: 0.47920
2026-09-17 15:01:17,652 P2732 INFO Epoch 13/50, train discriminator loss: 5.43289
2026-09-17 15:01:17,867 P2732 INFO *** Test time is 0.215623140335083
2026-09-17 15:01:17,867 P2732 INFO Epoch 13/50, test f1: 0.30000 rc: 0.23077 pc: 0.42857. [0.30s]
2026-09-17 15:01:17,867 P2732 INFO early stopping epoch 13/15
2026-09-17 15:01:18,032 P2732 INFO Epoch 14/50, train generator loss: 0.48585
2026-09-17 15:01:18,195 P2732 INFO Epoch 14/50, train discriminator loss: 5.50231
2026-09-17 15:01:18,395 P2732 INFO *** Test time is 0.20014142990112305
2026-09-17 15:01:18,395 P2732 INFO Epoch 14/50, test f1: 0.29268 rc: 0.23077 pc: 0.40000. [0.33s]
2026-09-17 15:01:18,395 P2732 INFO early stopping epoch 14/15
2026-09-17 15:01:18,536 P2732 INFO Epoch 15/50, train generator loss: 0.46548
2026-09-17 15:01:18,694 P2732 INFO Epoch 15/50, train discriminator loss: 5.57894
2026-09-17 15:01:18,892 P2732 INFO *** Test time is 0.19781494140625
2026-09-17 15:01:18,892 P2732 INFO Epoch 15/50, test f1: 0.29268 rc: 0.23077 pc: 0.40000. [0.30s]
2026-09-17 15:01:18,892 P2732 INFO early stopping epoch 15/15
2026-09-17 15:01:18,892 P2732 INFO Early stopping
2026-09-17 15:01:19,103 P2732 INFO Threshold (p=95.0, src=val): 1.707819
2026-09-17 15:01:19,154 P2732 INFO *** Test F1 0.7143  of unsupervised traning
2026-09-17 15:01:19,154 P2732 INFO *** Best F1 {'f1': 0.7142857142857143, 'rc': 0.5769230769230769, 'pc': 0.9375, 'threshold': np.float64(1.7274419403076173)}  of unsupervised traning
2026-09-17 15:01:19,154 P2732 INFO Current hash id 5a447770
