2026-09-17 11:44:05,608 P27204 INFO ^^^^^^^^^^ Current Model:hades, ee4440ea ^^^^^^^^^^
2026-09-17 11:44:05,608 P27204 INFO Load from D:\UAM-AD\data\sn
2026-09-17 11:44:05,940 P27204 INFO 375 unique log templates found.
2026-09-17 11:44:05,946 P27204 INFO Transforming unlabel train data.
2026-09-17 11:44:05,986 P27204 INFO Transforming test data.
2026-09-17 11:44:06,032 P27204 INFO 721 new templates show.
2026-09-17 11:44:06,079 P27204 INFO Transforming val data.
2026-09-17 11:44:06,079 P27204 INFO 77 new templates show.
2026-09-17 11:44:06,084 P27204 INFO Data loaded done!
2026-09-17 11:44:06,143 P27204 INFO Known word number: 375
2026-09-17 11:44:06,369 P27204 INFO Epoch 0/10, train generator loss: 1.21080
2026-09-17 11:44:06,500 P27204 INFO Epoch 0/10, train discriminator loss: 2.66040
2026-09-17 11:44:06,714 P27204 INFO *** Test time is 0.21242070198059082
2026-09-17 11:44:06,714 P27204 INFO Epoch 0/10, test f1: 0.89362 rc: 0.80769 pc: 1.00000. [0.30s]
2026-09-17 11:44:06,899 P27204 INFO Epoch 1/10, train generator loss: 1.17335
2026-09-17 11:44:07,017 P27204 INFO Epoch 1/10, train discriminator loss: 2.03537
2026-09-17 11:44:07,224 P27204 INFO *** Test time is 0.20714282989501953
2026-09-17 11:44:07,224 P27204 INFO Epoch 1/10, test f1: 0.86957 rc: 0.76923 pc: 1.00000. [0.28s]
2026-09-17 11:44:07,224 P27204 INFO early stopping epoch 1/5
2026-09-17 11:44:07,409 P27204 INFO Epoch 2/10, train generator loss: 1.14745
2026-09-17 11:44:07,526 P27204 INFO Epoch 2/10, train discriminator loss: 1.68164
2026-09-17 11:44:07,739 P27204 INFO *** Test time is 0.21243667602539062
2026-09-17 11:44:07,739 P27204 INFO Epoch 2/10, test f1: 0.83333 rc: 0.76923 pc: 0.90909. [0.30s]
2026-09-17 11:44:07,739 P27204 INFO early stopping epoch 2/5
2026-09-17 11:44:07,878 P27204 INFO Epoch 3/10, train generator loss: 1.15164
2026-09-17 11:44:07,951 P27204 INFO Epoch 3/10, train discriminator loss: 1.42785
2026-09-17 11:44:08,078 P27204 INFO *** Test time is 0.12693095207214355
2026-09-17 11:44:08,078 P27204 INFO Epoch 3/10, test f1: 0.83333 rc: 0.76923 pc: 0.90909. [0.21s]
2026-09-17 11:44:08,078 P27204 INFO early stopping epoch 3/5
2026-09-17 11:44:08,181 P27204 INFO Epoch 4/10, train generator loss: 1.17667
2026-09-17 11:44:08,261 P27204 INFO Epoch 4/10, train discriminator loss: 1.26774
2026-09-17 11:44:08,401 P27204 INFO *** Test time is 0.14032196998596191
2026-09-17 11:44:08,401 P27204 INFO Epoch 4/10, test f1: 0.83333 rc: 0.76923 pc: 0.90909. [0.18s]
2026-09-17 11:44:08,401 P27204 INFO early stopping epoch 4/5
2026-09-17 11:44:08,508 P27204 INFO Epoch 5/10, train generator loss: 1.21093
2026-09-17 11:44:08,583 P27204 INFO Epoch 5/10, train discriminator loss: 1.14594
2026-09-17 11:44:08,725 P27204 INFO *** Test time is 0.14059901237487793
2026-09-17 11:44:08,725 P27204 INFO Epoch 5/10, test f1: 0.83333 rc: 0.76923 pc: 0.90909. [0.18s]
2026-09-17 11:44:08,725 P27204 INFO early stopping epoch 5/5
2026-09-17 11:44:08,725 P27204 INFO Early stopping
2026-09-17 11:44:08,824 P27204 INFO Threshold (p=95.0, src=val): 1.352336
2026-09-17 11:44:08,850 P27204 INFO *** Test F1 0.8846  of unsupervised traning
2026-09-17 11:44:08,850 P27204 INFO *** Best F1 {'f1': 0.8936170212765957, 'rc': 0.8076923076923077, 'pc': 1.0, 'threshold': np.float64(1.397806978225708)}  of unsupervised traning
2026-09-17 11:44:08,855 P27204 INFO Current hash id ee4440ea
