2026-09-17 11:41:25,091 P3144 INFO ^^^^^^^^^^ Current Model:hades, 23fbed87 ^^^^^^^^^^
2026-09-17 11:41:25,091 P3144 INFO Load from D:\UAM-AD\data\sn
2026-09-17 11:41:25,316 P3144 INFO 375 unique log templates found.
2026-09-17 11:41:25,316 P3144 INFO Transforming unlabel train data.
2026-09-17 11:41:25,348 P3144 INFO Transforming test data.
2026-09-17 11:41:25,387 P3144 INFO 406 new templates show.
2026-09-17 11:41:25,420 P3144 INFO Transforming val data.
2026-09-17 11:41:25,420 P3144 INFO 77 new templates show.
2026-09-17 11:41:25,422 P3144 INFO Data loaded done!
2026-09-17 11:41:25,453 P3144 INFO Known word number: 375
2026-09-17 11:41:25,623 P3144 INFO Epoch 0/10, train generator loss: 1.23415
2026-09-17 11:41:25,681 P3144 INFO Epoch 0/10, train discriminator loss: 2.53392
2026-09-17 11:41:25,851 P3144 INFO *** Test time is 0.1544651985168457
2026-09-17 11:41:25,851 P3144 INFO Epoch 0/10, test f1: 0.85106 rc: 0.74074 pc: 1.00000. [0.19s]
2026-09-17 11:41:25,995 P3144 INFO Epoch 1/10, train generator loss: 1.17568
2026-09-17 11:41:26,068 P3144 INFO Epoch 1/10, train discriminator loss: 1.93474
2026-09-17 11:41:26,218 P3144 INFO *** Test time is 0.14966106414794922
2026-09-17 11:41:26,218 P3144 INFO Epoch 1/10, test f1: 0.85714 rc: 0.77778 pc: 0.95455. [0.20s]
2026-09-17 11:41:26,335 P3144 INFO Epoch 2/10, train generator loss: 1.15575
2026-09-17 11:41:26,419 P3144 INFO Epoch 2/10, train discriminator loss: 1.58939
2026-09-17 11:41:26,571 P3144 INFO *** Test time is 0.1520366668701172
2026-09-17 11:41:26,571 P3144 INFO Epoch 2/10, test f1: 0.79167 rc: 0.70370 pc: 0.90476. [0.20s]
2026-09-17 11:41:26,571 P3144 INFO early stopping epoch 1/5
2026-09-17 11:41:26,672 P3144 INFO Epoch 3/10, train generator loss: 1.17155
2026-09-17 11:41:26,768 P3144 INFO Epoch 3/10, train discriminator loss: 1.34733
2026-09-17 11:41:26,915 P3144 INFO *** Test time is 0.14718270301818848
2026-09-17 11:41:26,915 P3144 INFO Epoch 3/10, test f1: 0.74510 rc: 0.70370 pc: 0.79167. [0.20s]
2026-09-17 11:41:26,915 P3144 INFO early stopping epoch 2/5
2026-09-17 11:41:27,026 P3144 INFO Epoch 4/10, train generator loss: 1.19220
2026-09-17 11:41:27,113 P3144 INFO Epoch 4/10, train discriminator loss: 1.16384
2026-09-17 11:41:27,248 P3144 INFO *** Test time is 0.1353309154510498
2026-09-17 11:41:27,248 P3144 INFO Epoch 4/10, test f1: 0.74510 rc: 0.70370 pc: 0.79167. [0.20s]
2026-09-17 11:41:27,248 P3144 INFO early stopping epoch 3/5
2026-09-17 11:41:27,362 P3144 INFO Epoch 5/10, train generator loss: 1.22729
2026-09-17 11:41:27,432 P3144 INFO Epoch 5/10, train discriminator loss: 1.05293
2026-09-17 11:41:27,598 P3144 INFO *** Test time is 0.16620802879333496
2026-09-17 11:41:27,598 P3144 INFO Epoch 5/10, test f1: 0.66667 rc: 0.62963 pc: 0.70833. [0.18s]
2026-09-17 11:41:27,598 P3144 INFO early stopping epoch 4/5
2026-09-17 11:41:27,764 P3144 INFO Epoch 6/10, train generator loss: 1.26618
2026-09-17 11:41:27,870 P3144 INFO Epoch 6/10, train discriminator loss: 0.99183
2026-09-17 11:41:28,058 P3144 INFO *** Test time is 0.18816184997558594
2026-09-17 11:41:28,058 P3144 INFO Epoch 6/10, test f1: 0.42857 rc: 0.33333 pc: 0.60000. [0.27s]
2026-09-17 11:41:28,058 P3144 INFO early stopping epoch 5/5
2026-09-17 11:41:28,058 P3144 INFO Early stopping
2026-09-17 11:41:28,193 P3144 INFO Threshold (p=95.0, src=val): 1.286991
2026-09-17 11:41:28,234 P3144 INFO *** Test F1 0.8136  of unsupervised traning
2026-09-17 11:41:28,234 P3144 INFO *** Best F1 {'f1': 0.8571428571428571, 'rc': 0.7777777777777778, 'pc': 0.9545454545454546, 'threshold': np.float64(1.3270778894424438)}  of unsupervised traning
2026-09-17 11:41:28,244 P3144 INFO Current hash id 23fbed87
