2026-09-17 11:40:57,178 P4504 INFO ^^^^^^^^^^ Current Model:hades, ce4bda1b ^^^^^^^^^^
2026-09-17 11:40:57,178 P4504 INFO Load from D:\UAM-AD\data\sn
2026-09-17 11:40:57,485 P4504 INFO 375 unique log templates found.
2026-09-17 11:40:57,485 P4504 INFO Transforming unlabel train data.
2026-09-17 11:40:57,518 P4504 INFO Transforming test data.
2026-09-17 11:40:57,541 P4504 INFO 738 new templates show.
2026-09-17 11:40:57,573 P4504 INFO Transforming val data.
2026-09-17 11:40:57,573 P4504 INFO 77 new templates show.
2026-09-17 11:40:57,573 P4504 INFO Data loaded done!
2026-09-17 11:40:57,604 P4504 INFO Known word number: 375
2026-09-17 11:40:57,790 P4504 INFO Epoch 0/10, train generator loss: 1.17731
2026-09-17 11:40:57,873 P4504 INFO Epoch 0/10, train discriminator loss: 2.63621
2026-09-17 11:40:58,036 P4504 INFO *** Test time is 0.15757012367248535
2026-09-17 11:40:58,036 P4504 INFO Epoch 0/10, test f1: 0.79412 rc: 0.65854 pc: 1.00000. [0.23s]
2026-09-17 11:40:58,181 P4504 INFO Epoch 1/10, train generator loss: 1.18764
2026-09-17 11:40:58,280 P4504 INFO Epoch 1/10, train discriminator loss: 2.16990
2026-09-17 11:40:58,440 P4504 INFO *** Test time is 0.15972113609313965
2026-09-17 11:40:58,440 P4504 INFO Epoch 1/10, test f1: 0.81159 rc: 0.68293 pc: 1.00000. [0.23s]
2026-09-17 11:40:58,569 P4504 INFO Epoch 2/10, train generator loss: 1.12471
2026-09-17 11:40:58,674 P4504 INFO Epoch 2/10, train discriminator loss: 1.73170
2026-09-17 11:40:58,824 P4504 INFO *** Test time is 0.14966440200805664
2026-09-17 11:40:58,824 P4504 INFO Epoch 2/10, test f1: 0.79412 rc: 0.65854 pc: 1.00000. [0.23s]
2026-09-17 11:40:58,824 P4504 INFO early stopping epoch 1/5
2026-09-17 11:40:58,939 P4504 INFO Epoch 3/10, train generator loss: 1.14181
2026-09-17 11:40:59,030 P4504 INFO Epoch 3/10, train discriminator loss: 1.43452
2026-09-17 11:40:59,198 P4504 INFO *** Test time is 0.16272258758544922
2026-09-17 11:40:59,199 P4504 INFO Epoch 3/10, test f1: 0.81159 rc: 0.68293 pc: 1.00000. [0.21s]
2026-09-17 11:40:59,199 P4504 INFO early stopping epoch 2/5
2026-09-17 11:40:59,312 P4504 INFO Epoch 4/10, train generator loss: 1.15817
2026-09-17 11:40:59,402 P4504 INFO Epoch 4/10, train discriminator loss: 1.25507
2026-09-17 11:40:59,564 P4504 INFO *** Test time is 0.1616528034210205
2026-09-17 11:40:59,564 P4504 INFO Epoch 4/10, test f1: 0.82857 rc: 0.70732 pc: 1.00000. [0.20s]
2026-09-17 11:40:59,692 P4504 INFO Epoch 5/10, train generator loss: 1.18519
2026-09-17 11:40:59,768 P4504 INFO Epoch 5/10, train discriminator loss: 1.14887
2026-09-17 11:40:59,938 P4504 INFO *** Test time is 0.170180082321167
2026-09-17 11:40:59,938 P4504 INFO Epoch 5/10, test f1: 0.77612 rc: 0.63415 pc: 1.00000. [0.19s]
2026-09-17 11:40:59,938 P4504 INFO early stopping epoch 1/5
2026-09-17 11:41:00,061 P4504 INFO Epoch 6/10, train generator loss: 1.21687
2026-09-17 11:41:00,141 P4504 INFO Epoch 6/10, train discriminator loss: 1.07685
2026-09-17 11:41:00,291 P4504 INFO *** Test time is 0.15021347999572754
2026-09-17 11:41:00,291 P4504 INFO Epoch 6/10, test f1: 0.77612 rc: 0.63415 pc: 1.00000. [0.20s]
2026-09-17 11:41:00,291 P4504 INFO early stopping epoch 2/5
2026-09-17 11:41:00,420 P4504 INFO Epoch 7/10, train generator loss: 1.23745
2026-09-17 11:41:00,509 P4504 INFO Epoch 7/10, train discriminator loss: 1.02586
2026-09-17 11:41:00,668 P4504 INFO *** Test time is 0.15882015228271484
2026-09-17 11:41:00,668 P4504 INFO Epoch 7/10, test f1: 0.77612 rc: 0.63415 pc: 1.00000. [0.22s]
2026-09-17 11:41:00,668 P4504 INFO early stopping epoch 3/5
2026-09-17 11:41:00,783 P4504 INFO Epoch 8/10, train generator loss: 1.25608
2026-09-17 11:41:00,864 P4504 INFO Epoch 8/10, train discriminator loss: 1.00176
2026-09-17 11:41:01,034 P4504 INFO *** Test time is 0.16966485977172852
2026-09-17 11:41:01,034 P4504 INFO Epoch 8/10, test f1: 0.77612 rc: 0.63415 pc: 1.00000. [0.20s]
2026-09-17 11:41:01,034 P4504 INFO early stopping epoch 4/5
2026-09-17 11:41:01,153 P4504 INFO Epoch 9/10, train generator loss: 1.27336
2026-09-17 11:41:01,285 P4504 INFO Epoch 9/10, train discriminator loss: 1.00464
2026-09-17 11:41:01,488 P4504 INFO *** Test time is 0.20149612426757812
2026-09-17 11:41:01,488 P4504 INFO Epoch 9/10, test f1: 0.81159 rc: 0.68293 pc: 1.00000. [0.25s]
2026-09-17 11:41:01,488 P4504 INFO early stopping epoch 5/5
2026-09-17 11:41:01,488 P4504 INFO Early stopping
2026-09-17 11:41:01,678 P4504 INFO Threshold (p=95.0, src=val): 1.240142
2026-09-17 11:41:01,725 P4504 INFO *** Test F1 0.8283  of unsupervised traning
2026-09-17 11:41:01,725 P4504 INFO *** Best F1 {'f1': 0.8285714285714286, 'rc': 0.7073170731707317, 'pc': 1.0, 'threshold': np.float64(1.6925524735450745)}  of unsupervised traning
2026-09-17 11:41:01,725 P4504 INFO Current hash id ce4bda1b
