2026-09-16 11:09:59,482 P9604 INFO ^^^^^^^^^^ Current Model:hades, aaedb884 ^^^^^^^^^^
2026-09-16 11:09:59,482 P9604 INFO Load from D:\UAM-AD\data\sn
2026-09-16 11:09:59,831 P9604 INFO 375 unique log templates found.
2026-09-16 11:09:59,831 P9604 INFO Transforming unlabel train data.
2026-09-16 11:09:59,881 P9604 INFO Transforming test data.
2026-09-16 11:09:59,908 P9604 INFO 197 new templates show.
2026-09-16 11:09:59,940 P9604 INFO Transforming val data.
2026-09-16 11:09:59,940 P9604 INFO 77 new templates show.
2026-09-16 11:09:59,941 P9604 INFO Data loaded done!
2026-09-16 11:09:59,977 P9604 INFO Known word number: 375
2026-09-16 11:10:01,939 P9604 INFO Epoch 0/10, train generator loss: 1.52173
2026-09-16 11:10:02,137 P9604 INFO Epoch 0/10, train discriminator loss: 5.70790
2026-09-16 11:10:02,302 P9604 INFO *** Test time is 0.16586709022521973
2026-09-16 11:10:02,302 P9604 INFO Epoch 0/10, test f1: 0.66667 rc: 0.50000 pc: 1.00000. [0.78s]
2026-09-16 11:10:02,491 P9604 INFO Epoch 1/10, train generator loss: 1.42818
2026-09-16 11:10:02,618 P9604 INFO Epoch 1/10, train discriminator loss: 5.06714
2026-09-16 11:10:02,779 P9604 INFO *** Test time is 0.16188406944274902
2026-09-16 11:10:02,779 P9604 INFO Epoch 1/10, test f1: 0.66667 rc: 0.50000 pc: 1.00000. [0.30s]
2026-09-16 11:10:02,779 P9604 INFO early stopping epoch 1/5
2026-09-16 11:10:02,915 P9604 INFO Epoch 2/10, train generator loss: 1.39024
2026-09-16 11:10:03,022 P9604 INFO Epoch 2/10, train discriminator loss: 4.63695
2026-09-16 11:10:03,170 P9604 INFO *** Test time is 0.14781641960144043
2026-09-16 11:10:03,170 P9604 INFO Epoch 2/10, test f1: 0.66667 rc: 0.50000 pc: 1.00000. [0.24s]
2026-09-16 11:10:03,170 P9604 INFO early stopping epoch 2/5
2026-09-16 11:10:03,304 P9604 INFO Epoch 3/10, train generator loss: 1.39846
2026-09-16 11:10:03,421 P9604 INFO Epoch 3/10, train discriminator loss: 4.34276
2026-09-16 11:10:03,575 P9604 INFO *** Test time is 0.1542067527770996
2026-09-16 11:10:03,575 P9604 INFO Epoch 3/10, test f1: 0.66667 rc: 0.50000 pc: 1.00000. [0.25s]
2026-09-16 11:10:03,575 P9604 INFO early stopping epoch 3/5
2026-09-16 11:10:03,690 P9604 INFO Epoch 4/10, train generator loss: 1.42462
2026-09-16 11:10:03,838 P9604 INFO Epoch 4/10, train discriminator loss: 4.16436
2026-09-16 11:10:04,054 P9604 INFO *** Test time is 0.21587085723876953
2026-09-16 11:10:04,054 P9604 INFO Epoch 4/10, test f1: 0.66667 rc: 0.50000 pc: 1.00000. [0.26s]
2026-09-16 11:10:04,054 P9604 INFO early stopping epoch 4/5
2026-09-16 11:10:04,243 P9604 INFO Epoch 5/10, train generator loss: 1.45868
2026-09-16 11:10:04,371 P9604 INFO Epoch 5/10, train discriminator loss: 4.04420
2026-09-16 11:10:04,561 P9604 INFO *** Test time is 0.1903059482574463
2026-09-16 11:10:04,561 P9604 INFO Epoch 5/10, test f1: 0.66667 rc: 0.50000 pc: 1.00000. [0.32s]
2026-09-16 11:10:04,561 P9604 INFO early stopping epoch 5/5
2026-09-16 11:10:04,561 P9604 INFO Early stopping
2026-09-16 11:10:04,704 P9604 INFO Threshold (p=95.0, src=val): 1.843421
2026-09-16 11:10:04,767 P9604 INFO *** Test F1 0.4615  of unsupervised traning
2026-09-16 11:10:04,767 P9604 INFO *** Best F1 {'f1': 0.6666666666666666, 'rc': 0.5, 'pc': 1.0, 'threshold': np.float64(2.287609148025512)}  of unsupervised traning
2026-09-16 11:10:04,767 P9604 INFO Current hash id aaedb884
