2026-09-17 11:42:21,789 P17460 INFO ^^^^^^^^^^ Current Model:hades, f9393fc8 ^^^^^^^^^^
2026-09-17 11:42:21,789 P17460 INFO Load from D:\UAM-AD\data\sn
2026-09-17 11:42:22,130 P17460 INFO 375 unique log templates found.
2026-09-17 11:42:22,130 P17460 INFO Transforming unlabel train data.
2026-09-17 11:42:22,168 P17460 INFO Transforming test data.
2026-09-17 11:42:22,193 P17460 INFO 729 new templates show.
2026-09-17 11:42:22,228 P17460 INFO Transforming val data.
2026-09-17 11:42:22,228 P17460 INFO 77 new templates show.
2026-09-17 11:42:22,228 P17460 INFO Data loaded done!
2026-09-17 11:42:22,257 P17460 INFO Known word number: 375
2026-09-17 11:42:24,284 P17460 INFO Epoch 0/10, train generator loss: 1.26611
2026-09-17 11:42:24,381 P17460 INFO Epoch 0/10, train discriminator loss: 2.73614
2026-09-17 11:42:24,527 P17460 INFO *** Test time is 0.1456313133239746
2026-09-17 11:42:24,527 P17460 INFO Epoch 0/10, test f1: 0.82609 rc: 0.70370 pc: 1.00000. [0.64s]
2026-09-17 11:42:24,645 P17460 INFO Epoch 1/10, train generator loss: 1.18988
2026-09-17 11:42:24,721 P17460 INFO Epoch 1/10, train discriminator loss: 2.22131
2026-09-17 11:42:24,864 P17460 INFO *** Test time is 0.14316034317016602
2026-09-17 11:42:24,864 P17460 INFO Epoch 1/10, test f1: 0.82609 rc: 0.70370 pc: 1.00000. [0.19s]
2026-09-17 11:42:24,864 P17460 INFO early stopping epoch 1/5
2026-09-17 11:42:24,955 P17460 INFO Epoch 2/10, train generator loss: 1.21842
2026-09-17 11:42:25,033 P17460 INFO Epoch 2/10, train discriminator loss: 1.82971
2026-09-17 11:42:25,192 P17460 INFO *** Test time is 0.15902209281921387
2026-09-17 11:42:25,192 P17460 INFO Epoch 2/10, test f1: 0.82609 rc: 0.70370 pc: 1.00000. [0.17s]
2026-09-17 11:42:25,192 P17460 INFO early stopping epoch 2/5
2026-09-17 11:42:25,319 P17460 INFO Epoch 3/10, train generator loss: 1.28987
2026-09-17 11:42:25,429 P17460 INFO Epoch 3/10, train discriminator loss: 1.52580
2026-09-17 11:42:25,574 P17460 INFO *** Test time is 0.14536023139953613
2026-09-17 11:42:25,574 P17460 INFO Epoch 3/10, test f1: 0.82609 rc: 0.70370 pc: 1.00000. [0.24s]
2026-09-17 11:42:25,574 P17460 INFO early stopping epoch 3/5
2026-09-17 11:42:25,682 P17460 INFO Epoch 4/10, train generator loss: 1.37936
2026-09-17 11:42:25,746 P17460 INFO Epoch 4/10, train discriminator loss: 1.30251
2026-09-17 11:42:25,880 P17460 INFO *** Test time is 0.13419461250305176
2026-09-17 11:42:25,880 P17460 INFO Epoch 4/10, test f1: 0.82609 rc: 0.70370 pc: 1.00000. [0.17s]
2026-09-17 11:42:25,880 P17460 INFO early stopping epoch 4/5
2026-09-17 11:42:25,978 P17460 INFO Epoch 5/10, train generator loss: 1.48453
2026-09-17 11:42:26,051 P17460 INFO Epoch 5/10, train discriminator loss: 1.14630
2026-09-17 11:42:26,204 P17460 INFO *** Test time is 0.15296435356140137
2026-09-17 11:42:26,204 P17460 INFO Epoch 5/10, test f1: 0.82609 rc: 0.70370 pc: 1.00000. [0.17s]
2026-09-17 11:42:26,204 P17460 INFO early stopping epoch 5/5
2026-09-17 11:42:26,204 P17460 INFO Early stopping
2026-09-17 11:42:26,300 P17460 INFO Threshold (p=95.0, src=val): 1.389771
2026-09-17 11:42:26,329 P17460 INFO *** Test F1 0.8308  of unsupervised traning
2026-09-17 11:42:26,329 P17460 INFO *** Best F1 {'f1': 0.8260869565217391, 'rc': 0.7037037037037037, 'pc': 1.0, 'threshold': np.float64(1.685294041633606)}  of unsupervised traning
2026-09-17 11:42:26,333 P17460 INFO Current hash id f9393fc8
