2026-09-17 11:45:13,963 P28716 INFO ^^^^^^^^^^ Current Model:hades, c81ff20f ^^^^^^^^^^
2026-09-17 11:45:13,963 P28716 INFO Load from D:\UAM-AD\data\sn
2026-09-17 11:45:14,170 P28716 INFO 375 unique log templates found.
2026-09-17 11:45:14,170 P28716 INFO Transforming unlabel train data.
2026-09-17 11:45:14,202 P28716 INFO Transforming test data.
2026-09-17 11:45:14,223 P28716 INFO 713 new templates show.
2026-09-17 11:45:14,256 P28716 INFO Transforming val data.
2026-09-17 11:45:14,256 P28716 INFO 77 new templates show.
2026-09-17 11:45:14,266 P28716 INFO Data loaded done!
2026-09-17 11:45:14,297 P28716 INFO Known word number: 375
2026-09-17 11:45:14,439 P28716 INFO Epoch 0/10, train generator loss: 1.34782
2026-09-17 11:45:14,527 P28716 INFO Epoch 0/10, train discriminator loss: 2.90088
2026-09-17 11:45:14,676 P28716 INFO *** Test time is 0.1492924690246582
2026-09-17 11:45:14,676 P28716 INFO Epoch 0/10, test f1: 0.79070 rc: 0.65385 pc: 1.00000. [0.20s]
2026-09-17 11:45:14,803 P28716 INFO Epoch 1/10, train generator loss: 1.20703
2026-09-17 11:45:14,881 P28716 INFO Epoch 1/10, train discriminator loss: 2.15672
2026-09-17 11:45:15,025 P28716 INFO *** Test time is 0.1417102813720703
2026-09-17 11:45:15,025 P28716 INFO Epoch 1/10, test f1: 0.79070 rc: 0.65385 pc: 1.00000. [0.20s]
2026-09-17 11:45:15,025 P28716 INFO early stopping epoch 1/5
2026-09-17 11:45:15,129 P28716 INFO Epoch 2/10, train generator loss: 1.20205
2026-09-17 11:45:15,200 P28716 INFO Epoch 2/10, train discriminator loss: 1.73242
2026-09-17 11:45:15,376 P28716 INFO *** Test time is 0.17551970481872559
2026-09-17 11:45:15,376 P28716 INFO Epoch 2/10, test f1: 0.79070 rc: 0.65385 pc: 1.00000. [0.18s]
2026-09-17 11:45:15,376 P28716 INFO early stopping epoch 2/5
2026-09-17 11:45:15,483 P28716 INFO Epoch 3/10, train generator loss: 1.23330
2026-09-17 11:45:15,560 P28716 INFO Epoch 3/10, train discriminator loss: 1.45315
2026-09-17 11:45:15,699 P28716 INFO *** Test time is 0.13910984992980957
2026-09-17 11:45:15,699 P28716 INFO Epoch 3/10, test f1: 0.79070 rc: 0.65385 pc: 1.00000. [0.18s]
2026-09-17 11:45:15,699 P28716 INFO early stopping epoch 3/5
2026-09-17 11:45:15,796 P28716 INFO Epoch 4/10, train generator loss: 1.27857
2026-09-17 11:45:15,874 P28716 INFO Epoch 4/10, train discriminator loss: 1.29568
2026-09-17 11:45:16,004 P28716 INFO *** Test time is 0.12984895706176758
2026-09-17 11:45:16,004 P28716 INFO Epoch 4/10, test f1: 0.79070 rc: 0.65385 pc: 1.00000. [0.17s]
2026-09-17 11:45:16,004 P28716 INFO early stopping epoch 4/5
2026-09-17 11:45:16,120 P28716 INFO Epoch 5/10, train generator loss: 1.32852
2026-09-17 11:45:16,194 P28716 INFO Epoch 5/10, train discriminator loss: 1.17540
2026-09-17 11:45:16,358 P28716 INFO *** Test time is 0.1641254425048828
2026-09-17 11:45:16,358 P28716 INFO Epoch 5/10, test f1: 0.79070 rc: 0.65385 pc: 1.00000. [0.19s]
2026-09-17 11:45:16,358 P28716 INFO early stopping epoch 5/5
2026-09-17 11:45:16,358 P28716 INFO Early stopping
2026-09-17 11:45:16,436 P28716 INFO Threshold (p=95.0, src=val): 1.338924
2026-09-17 11:45:16,465 P28716 INFO *** Test F1 0.8667  of unsupervised traning
2026-09-17 11:45:16,465 P28716 INFO *** Best F1 {'f1': 0.7906976744186046, 'rc': 0.6538461538461539, 'pc': 1.0, 'threshold': np.float64(1.4645213985443115)}  of unsupervised traning
2026-09-17 11:45:16,467 P28716 INFO Current hash id c81ff20f
