2026-09-16 11:08:41,309 P3732 INFO ^^^^^^^^^^ Current Model:hades, 1d58d735 ^^^^^^^^^^
2026-09-16 11:08:41,309 P3732 INFO Load from D:\UAM-AD\data\sn
2026-09-16 11:08:41,708 P3732 INFO 375 unique log templates found.
2026-09-16 11:08:41,714 P3732 INFO Transforming unlabel train data.
2026-09-16 11:08:41,759 P3732 INFO Transforming test data.
2026-09-16 11:08:41,803 P3732 INFO 170 new templates show.
2026-09-16 11:08:41,886 P3732 INFO Transforming val data.
2026-09-16 11:08:41,888 P3732 INFO 77 new templates show.
2026-09-16 11:08:41,892 P3732 INFO Data loaded done!
2026-09-16 11:08:41,944 P3732 INFO Known word number: 375
2026-09-16 11:08:42,212 P3732 INFO Epoch 0/10, train generator loss: 1.50440
2026-09-16 11:08:42,378 P3732 INFO Epoch 0/10, train discriminator loss: 5.70398
2026-09-16 11:08:42,591 P3732 INFO *** Test time is 0.20552587509155273
2026-09-16 11:08:42,591 P3732 INFO Epoch 0/10, test f1: 0.88889 rc: 0.80000 pc: 1.00000. [0.36s]
2026-09-16 11:08:42,729 P3732 INFO Epoch 1/10, train generator loss: 1.40506
2026-09-16 11:08:42,827 P3732 INFO Epoch 1/10, train discriminator loss: 5.08739
2026-09-16 11:08:42,961 P3732 INFO *** Test time is 0.134169340133667
2026-09-16 11:08:42,961 P3732 INFO Epoch 1/10, test f1: 0.88889 rc: 0.80000 pc: 1.00000. [0.22s]
2026-09-16 11:08:42,961 P3732 INFO early stopping epoch 1/5
2026-09-16 11:08:43,080 P3732 INFO Epoch 2/10, train generator loss: 1.39660
2026-09-16 11:08:43,159 P3732 INFO Epoch 2/10, train discriminator loss: 4.64961
2026-09-16 11:08:43,301 P3732 INFO *** Test time is 0.14177560806274414
2026-09-16 11:08:43,301 P3732 INFO Epoch 2/10, test f1: 0.88889 rc: 0.80000 pc: 1.00000. [0.20s]
2026-09-16 11:08:43,301 P3732 INFO early stopping epoch 2/5
2026-09-16 11:08:43,422 P3732 INFO Epoch 3/10, train generator loss: 1.40154
2026-09-16 11:08:43,536 P3732 INFO Epoch 3/10, train discriminator loss: 4.37138
2026-09-16 11:08:43,663 P3732 INFO *** Test time is 0.12677335739135742
2026-09-16 11:08:43,663 P3732 INFO Epoch 3/10, test f1: 0.88889 rc: 0.80000 pc: 1.00000. [0.23s]
2026-09-16 11:08:43,663 P3732 INFO early stopping epoch 3/5
2026-09-16 11:08:43,786 P3732 INFO Epoch 4/10, train generator loss: 1.43371
2026-09-16 11:08:43,889 P3732 INFO Epoch 4/10, train discriminator loss: 4.15678
2026-09-16 11:08:44,040 P3732 INFO *** Test time is 0.14941906929016113
2026-09-16 11:08:44,040 P3732 INFO Epoch 4/10, test f1: 0.88889 rc: 0.80000 pc: 1.00000. [0.23s]
2026-09-16 11:08:44,040 P3732 INFO early stopping epoch 4/5
2026-09-16 11:08:44,150 P3732 INFO Epoch 5/10, train generator loss: 1.47092
2026-09-16 11:08:44,260 P3732 INFO Epoch 5/10, train discriminator loss: 3.99675
2026-09-16 11:08:44,402 P3732 INFO *** Test time is 0.14220094680786133
2026-09-16 11:08:44,402 P3732 INFO Epoch 5/10, test f1: 0.88889 rc: 0.80000 pc: 1.00000. [0.22s]
2026-09-16 11:08:44,402 P3732 INFO early stopping epoch 5/5
2026-09-16 11:08:44,402 P3732 INFO Early stopping
2026-09-16 11:08:44,526 P3732 INFO Threshold (p=95.0, src=val): 1.747900
2026-09-16 11:08:44,544 P3732 INFO *** Test F1 0.7273  of unsupervised traning
2026-09-16 11:08:44,544 P3732 INFO *** Best F1 {'f1': 0.8888888888888888, 'rc': 0.8, 'pc': 1.0, 'threshold': np.float64(1.9168376016616822)}  of unsupervised traning
2026-09-16 11:08:44,560 P3732 INFO Current hash id 1d58d735
