2026-09-17 14:57:59,327 P26596 INFO ^^^^^^^^^^ Current Model:hades, 35dcfcfd ^^^^^^^^^^
2026-09-17 14:57:59,327 P26596 INFO Load from D:\UAM-AD\data\sn
2026-09-17 14:57:59,702 P26596 INFO 375 unique log templates found.
2026-09-17 14:57:59,702 P26596 INFO Transforming unlabel train data.
2026-09-17 14:57:59,745 P26596 INFO Transforming test data.
2026-09-17 14:57:59,776 P26596 INFO 733 new templates show.
2026-09-17 14:57:59,812 P26596 INFO Transforming val data.
2026-09-17 14:57:59,812 P26596 INFO 77 new templates show.
2026-09-17 14:57:59,816 P26596 INFO Data loaded done!
2026-09-17 14:57:59,847 P26596 INFO Known word number: 375
2026-09-17 14:58:01,910 P26596 INFO Epoch 0/50, train generator loss: 1.51685
2026-09-17 14:58:02,095 P26596 INFO Epoch 0/50, train discriminator loss: 5.64772
2026-09-17 14:58:02,242 P26596 INFO *** Test time is 0.14728212356567383
2026-09-17 14:58:02,242 P26596 INFO Epoch 0/50, test f1: 0.77551 rc: 0.65517 pc: 0.95000. [0.76s]
2026-09-17 14:58:02,377 P26596 INFO Epoch 1/50, train generator loss: 1.39533
2026-09-17 14:58:02,489 P26596 INFO Epoch 1/50, train discriminator loss: 5.04679
2026-09-17 14:58:02,636 P26596 INFO *** Test time is 0.14720511436462402
2026-09-17 14:58:02,651 P26596 INFO Epoch 1/50, test f1: 0.77551 rc: 0.65517 pc: 0.95000. [0.23s]
2026-09-17 14:58:02,651 P26596 INFO early stopping epoch 1/15
2026-09-17 14:58:02,838 P26596 INFO Epoch 2/50, train generator loss: 1.30012
2026-09-17 14:58:02,984 P26596 INFO Epoch 2/50, train discriminator loss: 5.00436
2026-09-17 14:58:03,209 P26596 INFO *** Test time is 0.22499895095825195
2026-09-17 14:58:03,209 P26596 INFO Epoch 2/50, test f1: 0.77551 rc: 0.65517 pc: 0.95000. [0.33s]
2026-09-17 14:58:03,209 P26596 INFO early stopping epoch 2/15
2026-09-17 14:58:03,413 P26596 INFO Epoch 3/50, train generator loss: 1.19319
2026-09-17 14:58:03,574 P26596 INFO Epoch 3/50, train discriminator loss: 5.64430
2026-09-17 14:58:03,773 P26596 INFO *** Test time is 0.19905734062194824
2026-09-17 14:58:03,773 P26596 INFO Epoch 3/50, test f1: 0.79167 rc: 0.65517 pc: 1.00000. [0.37s]
2026-09-17 14:58:03,992 P26596 INFO Epoch 4/50, train generator loss: 1.05916
2026-09-17 14:58:04,146 P26596 INFO Epoch 4/50, train discriminator loss: 6.79399
2026-09-17 14:58:04,426 P26596 INFO *** Test time is 0.2805767059326172
2026-09-17 14:58:04,426 P26596 INFO Epoch 4/50, test f1: 0.76000 rc: 0.65517 pc: 0.90476. [0.34s]
2026-09-17 14:58:04,426 P26596 INFO early stopping epoch 1/15
2026-09-17 14:58:04,676 P26596 INFO Epoch 5/50, train generator loss: 0.89204
2026-09-17 14:58:04,838 P26596 INFO Epoch 5/50, train discriminator loss: 7.85802
2026-09-17 14:58:05,059 P26596 INFO *** Test time is 0.22082877159118652
2026-09-17 14:58:05,059 P26596 INFO Epoch 5/50, test f1: 0.51064 rc: 0.41379 pc: 0.66667. [0.41s]
2026-09-17 14:58:05,059 P26596 INFO early stopping epoch 2/15
2026-09-17 14:58:05,279 P26596 INFO Epoch 6/50, train generator loss: 0.71877
2026-09-17 14:58:05,418 P26596 INFO Epoch 6/50, train discriminator loss: 8.40197
2026-09-17 14:58:05,548 P26596 INFO *** Test time is 0.1309370994567871
2026-09-17 14:58:05,548 P26596 INFO Epoch 6/50, test f1: 0.39130 rc: 0.31034 pc: 0.52941. [0.36s]
2026-09-17 14:58:05,548 P26596 INFO early stopping epoch 3/15
2026-09-17 14:58:05,659 P26596 INFO Epoch 7/50, train generator loss: 0.68407
2026-09-17 14:58:05,769 P26596 INFO Epoch 7/50, train discriminator loss: 7.58799
2026-09-17 14:58:05,946 P26596 INFO *** Test time is 0.17635726928710938
2026-09-17 14:58:05,946 P26596 INFO Epoch 7/50, test f1: 0.23256 rc: 0.17241 pc: 0.35714. [0.22s]
2026-09-17 14:58:05,946 P26596 INFO early stopping epoch 4/15
2026-09-17 14:58:06,065 P26596 INFO Epoch 8/50, train generator loss: 0.65763
2026-09-17 14:58:06,167 P26596 INFO Epoch 8/50, train discriminator loss: 6.45397
2026-09-17 14:58:06,312 P26596 INFO *** Test time is 0.14484786987304688
2026-09-17 14:58:06,312 P26596 INFO Epoch 8/50, test f1: 0.23256 rc: 0.17241 pc: 0.35714. [0.22s]
2026-09-17 14:58:06,312 P26596 INFO early stopping epoch 5/15
2026-09-17 14:58:06,442 P26596 INFO Epoch 9/50, train generator loss: 0.55672
2026-09-17 14:58:06,547 P26596 INFO Epoch 9/50, train discriminator loss: 5.74005
2026-09-17 14:58:06,701 P26596 INFO *** Test time is 0.15208172798156738
2026-09-17 14:58:06,701 P26596 INFO Epoch 9/50, test f1: 0.39130 rc: 0.31034 pc: 0.52941. [0.24s]
2026-09-17 14:58:06,701 P26596 INFO early stopping epoch 6/15
2026-09-17 14:58:06,825 P26596 INFO Epoch 10/50, train generator loss: 0.51561
2026-09-17 14:58:06,929 P26596 INFO Epoch 10/50, train discriminator loss: 5.54916
2026-09-17 14:58:07,071 P26596 INFO *** Test time is 0.14235997200012207
2026-09-17 14:58:07,071 P26596 INFO Epoch 10/50, test f1: 0.47826 rc: 0.37931 pc: 0.64706. [0.23s]
2026-09-17 14:58:07,071 P26596 INFO early stopping epoch 7/15
2026-09-17 14:58:07,192 P26596 INFO Epoch 11/50, train generator loss: 0.55482
2026-09-17 14:58:07,316 P26596 INFO Epoch 11/50, train discriminator loss: 5.57562
2026-09-17 14:58:07,460 P26596 INFO *** Test time is 0.13555574417114258
2026-09-17 14:58:07,460 P26596 INFO Epoch 11/50, test f1: 0.40909 rc: 0.31034 pc: 0.60000. [0.25s]
2026-09-17 14:58:07,460 P26596 INFO early stopping epoch 8/15
2026-09-17 14:58:07,597 P26596 INFO Epoch 12/50, train generator loss: 0.54081
2026-09-17 14:58:07,688 P26596 INFO Epoch 12/50, train discriminator loss: 5.59851
2026-09-17 14:58:07,845 P26596 INFO *** Test time is 0.1572859287261963
2026-09-17 14:58:07,845 P26596 INFO Epoch 12/50, test f1: 0.39130 rc: 0.31034 pc: 0.52941. [0.23s]
2026-09-17 14:58:07,845 P26596 INFO early stopping epoch 9/15
2026-09-17 14:58:07,995 P26596 INFO Epoch 13/50, train generator loss: 0.53189
2026-09-17 14:58:08,099 P26596 INFO Epoch 13/50, train discriminator loss: 5.58312
2026-09-17 14:58:08,241 P26596 INFO *** Test time is 0.14218473434448242
2026-09-17 14:58:08,241 P26596 INFO Epoch 13/50, test f1: 0.39130 rc: 0.31034 pc: 0.52941. [0.25s]
2026-09-17 14:58:08,241 P26596 INFO early stopping epoch 10/15
2026-09-17 14:58:08,399 P26596 INFO Epoch 14/50, train generator loss: 0.51143
2026-09-17 14:58:08,521 P26596 INFO Epoch 14/50, train discriminator loss: 5.56792
2026-09-17 14:58:08,669 P26596 INFO *** Test time is 0.14768147468566895
2026-09-17 14:58:08,669 P26596 INFO Epoch 14/50, test f1: 0.34783 rc: 0.27586 pc: 0.47059. [0.28s]
2026-09-17 14:58:08,669 P26596 INFO early stopping epoch 11/15
2026-09-17 14:58:08,808 P26596 INFO Epoch 15/50, train generator loss: 0.48708
2026-09-17 14:58:08,913 P26596 INFO Epoch 15/50, train discriminator loss: 5.58199
2026-09-17 14:58:09,066 P26596 INFO *** Test time is 0.15323138236999512
2026-09-17 14:58:09,066 P26596 INFO Epoch 15/50, test f1: 0.34783 rc: 0.27586 pc: 0.47059. [0.24s]
2026-09-17 14:58:09,066 P26596 INFO early stopping epoch 12/15
2026-09-17 14:58:09,197 P26596 INFO Epoch 16/50, train generator loss: 0.44792
2026-09-17 14:58:09,296 P26596 INFO Epoch 16/50, train discriminator loss: 5.60325
2026-09-17 14:58:09,493 P26596 INFO *** Test time is 0.19722223281860352
2026-09-17 14:58:09,493 P26596 INFO Epoch 16/50, test f1: 0.39130 rc: 0.31034 pc: 0.52941. [0.23s]
2026-09-17 14:58:09,493 P26596 INFO early stopping epoch 13/15
2026-09-17 14:58:09,693 P26596 INFO Epoch 17/50, train generator loss: 0.43340
2026-09-17 14:58:09,848 P26596 INFO Epoch 17/50, train discriminator loss: 5.59902
2026-09-17 14:58:10,065 P26596 INFO *** Test time is 0.21728157997131348
2026-09-17 14:58:10,065 P26596 INFO Epoch 17/50, test f1: 0.40000 rc: 0.31034 pc: 0.56250. [0.35s]
2026-09-17 14:58:10,065 P26596 INFO early stopping epoch 14/15
2026-09-17 14:58:10,272 P26596 INFO Epoch 18/50, train generator loss: 0.41942
2026-09-17 14:58:10,435 P26596 INFO Epoch 18/50, train discriminator loss: 5.56715
2026-09-17 14:58:10,652 P26596 INFO *** Test time is 0.21726512908935547
2026-09-17 14:58:10,652 P26596 INFO Epoch 18/50, test f1: 0.39130 rc: 0.31034 pc: 0.52941. [0.37s]
2026-09-17 14:58:10,652 P26596 INFO early stopping epoch 15/15
2026-09-17 14:58:10,652 P26596 INFO Early stopping
2026-09-17 14:58:10,793 P26596 INFO Threshold (p=95.0, src=val): 1.321543
2026-09-17 14:58:10,837 P26596 INFO *** Test F1 0.6047  of unsupervised traning
2026-09-17 14:58:10,837 P26596 INFO *** Best F1 {'f1': 0.7916666666666666, 'rc': 0.6551724137931034, 'pc': 1.0, 'threshold': np.float64(1.599080581665039)}  of unsupervised traning
2026-09-17 14:58:10,853 P26596 INFO Current hash id 35dcfcfd
