2026-09-16 11:10:28,311 P14652 INFO ^^^^^^^^^^ Current Model:hades, b552f543 ^^^^^^^^^^
2026-09-16 11:10:28,311 P14652 INFO Load from D:\UAM-AD\data\sn
2026-09-16 11:10:28,645 P14652 INFO 375 unique log templates found.
2026-09-16 11:10:28,645 P14652 INFO Transforming unlabel train data.
2026-09-16 11:10:28,691 P14652 INFO Transforming test data.
2026-09-16 11:10:28,718 P14652 INFO 193 new templates show.
2026-09-16 11:10:28,747 P14652 INFO Transforming val data.
2026-09-16 11:10:28,747 P14652 INFO 77 new templates show.
2026-09-16 11:10:28,749 P14652 INFO Data loaded done!
2026-09-16 11:10:28,781 P14652 INFO Known word number: 375
2026-09-16 11:10:30,703 P14652 INFO Epoch 0/10, train generator loss: 1.51191
2026-09-16 11:10:30,866 P14652 INFO Epoch 0/10, train discriminator loss: 5.72765
2026-09-16 11:10:31,020 P14652 INFO *** Test time is 0.15353608131408691
2026-09-16 11:10:31,020 P14652 INFO Epoch 0/10, test f1: 0.50000 rc: 0.33333 pc: 1.00000. [0.71s]
2026-09-16 11:10:31,187 P14652 INFO Epoch 1/10, train generator loss: 1.38836
2026-09-16 11:10:31,314 P14652 INFO Epoch 1/10, train discriminator loss: 5.07283
2026-09-16 11:10:31,494 P14652 INFO *** Test time is 0.18005013465881348
2026-09-16 11:10:31,494 P14652 INFO Epoch 1/10, test f1: 0.54545 rc: 0.50000 pc: 0.60000. [0.28s]
2026-09-16 11:10:31,638 P14652 INFO Epoch 2/10, train generator loss: 1.37394
2026-09-16 11:10:31,747 P14652 INFO Epoch 2/10, train discriminator loss: 4.62218
2026-09-16 11:10:31,880 P14652 INFO *** Test time is 0.13326811790466309
2026-09-16 11:10:31,880 P14652 INFO Epoch 2/10, test f1: 0.50000 rc: 0.33333 pc: 1.00000. [0.24s]
2026-09-16 11:10:31,880 P14652 INFO early stopping epoch 1/5
2026-09-16 11:10:32,080 P14652 INFO Epoch 3/10, train generator loss: 1.37721
2026-09-16 11:10:32,256 P14652 INFO Epoch 3/10, train discriminator loss: 4.31990
2026-09-16 11:10:32,444 P14652 INFO *** Test time is 0.1880800724029541
2026-09-16 11:10:32,444 P14652 INFO Epoch 3/10, test f1: 0.50000 rc: 0.33333 pc: 1.00000. [0.38s]
2026-09-16 11:10:32,444 P14652 INFO early stopping epoch 2/5
2026-09-16 11:10:32,622 P14652 INFO Epoch 4/10, train generator loss: 1.41361
2026-09-16 11:10:32,751 P14652 INFO Epoch 4/10, train discriminator loss: 4.10770
2026-09-16 11:10:32,955 P14652 INFO *** Test time is 0.20438051223754883
2026-09-16 11:10:32,955 P14652 INFO Epoch 4/10, test f1: 0.50000 rc: 0.33333 pc: 1.00000. [0.31s]
2026-09-16 11:10:32,955 P14652 INFO early stopping epoch 3/5
2026-09-16 11:10:33,120 P14652 INFO Epoch 5/10, train generator loss: 1.44794
2026-09-16 11:10:33,254 P14652 INFO Epoch 5/10, train discriminator loss: 3.96624
2026-09-16 11:10:33,400 P14652 INFO *** Test time is 0.14584946632385254
2026-09-16 11:10:33,400 P14652 INFO Epoch 5/10, test f1: 0.50000 rc: 0.33333 pc: 1.00000. [0.30s]
2026-09-16 11:10:33,400 P14652 INFO early stopping epoch 4/5
2026-09-16 11:10:33,505 P14652 INFO Epoch 6/10, train generator loss: 1.48218
2026-09-16 11:10:33,599 P14652 INFO Epoch 6/10, train discriminator loss: 3.87540
2026-09-16 11:10:33,741 P14652 INFO *** Test time is 0.1419210433959961
2026-09-16 11:10:33,741 P14652 INFO Epoch 6/10, test f1: 0.50000 rc: 0.33333 pc: 1.00000. [0.20s]
2026-09-16 11:10:33,741 P14652 INFO early stopping epoch 5/5
2026-09-16 11:10:33,741 P14652 INFO Early stopping
2026-09-16 11:10:33,836 P14652 INFO Threshold (p=95.0, src=val): 1.748981
2026-09-16 11:10:33,868 P14652 INFO *** Test F1 0.5000  of unsupervised traning
2026-09-16 11:10:33,868 P14652 INFO *** Best F1 {'f1': 0.5454545454545454, 'rc': 0.5, 'pc': 0.6, 'threshold': np.float64(1.7709076642990111)}  of unsupervised traning
2026-09-16 11:10:33,884 P14652 INFO Current hash id b552f543
