2026-09-17 14:52:50,333 P10552 INFO ^^^^^^^^^^ Current Model:hades, 8ccd5855 ^^^^^^^^^^
2026-09-17 14:52:50,333 P10552 INFO Load from D:\UAM-AD\data\sn
2026-09-17 14:52:50,637 P10552 INFO 375 unique log templates found.
2026-09-17 14:52:50,637 P10552 INFO Transforming unlabel train data.
2026-09-17 14:52:50,669 P10552 INFO Transforming test data.
2026-09-17 14:52:50,703 P10552 INFO 738 new templates show.
2026-09-17 14:52:50,749 P10552 INFO Transforming val data.
2026-09-17 14:52:50,749 P10552 INFO 77 new templates show.
2026-09-17 14:52:50,749 P10552 INFO Data loaded done!
2026-09-17 14:52:50,796 P10552 INFO Known word number: 375
2026-09-17 14:52:53,144 P10552 INFO Epoch 0/50, train generator loss: 1.50515
2026-09-17 14:52:53,324 P10552 INFO Epoch 0/50, train discriminator loss: 5.67286
2026-09-17 14:52:53,466 P10552 INFO *** Test time is 0.14139270782470703
2026-09-17 14:52:53,466 P10552 INFO Epoch 0/50, test f1: 0.75758 rc: 0.60976 pc: 1.00000. [0.83s]
2026-09-17 14:52:53,637 P10552 INFO Epoch 1/50, train generator loss: 1.41035
2026-09-17 14:52:53,768 P10552 INFO Epoch 1/50, train discriminator loss: 5.10710
2026-09-17 14:52:53,930 P10552 INFO *** Test time is 0.1607341766357422
2026-09-17 14:52:53,930 P10552 INFO Epoch 1/50, test f1: 0.75758 rc: 0.60976 pc: 1.00000. [0.30s]
2026-09-17 14:52:53,930 P10552 INFO early stopping epoch 1/15
2026-09-17 14:52:54,095 P10552 INFO Epoch 2/50, train generator loss: 1.28846
2026-09-17 14:52:54,205 P10552 INFO Epoch 2/50, train discriminator loss: 5.04518
2026-09-17 14:52:54,356 P10552 INFO *** Test time is 0.15084242820739746
2026-09-17 14:52:54,356 P10552 INFO Epoch 2/50, test f1: 0.75758 rc: 0.60976 pc: 1.00000. [0.27s]
2026-09-17 14:52:54,356 P10552 INFO early stopping epoch 2/15
2026-09-17 14:52:54,494 P10552 INFO Epoch 3/50, train generator loss: 1.17797
2026-09-17 14:52:54,615 P10552 INFO Epoch 3/50, train discriminator loss: 5.61484
2026-09-17 14:52:54,769 P10552 INFO *** Test time is 0.1489119529724121
2026-09-17 14:52:54,769 P10552 INFO Epoch 3/50, test f1: 0.75758 rc: 0.60976 pc: 1.00000. [0.26s]
2026-09-17 14:52:54,769 P10552 INFO early stopping epoch 3/15
2026-09-17 14:52:54,910 P10552 INFO Epoch 4/50, train generator loss: 1.03920
2026-09-17 14:52:55,028 P10552 INFO Epoch 4/50, train discriminator loss: 6.79683
2026-09-17 14:52:55,179 P10552 INFO *** Test time is 0.15090036392211914
2026-09-17 14:52:55,179 P10552 INFO Epoch 4/50, test f1: 0.75758 rc: 0.60976 pc: 1.00000. [0.26s]
2026-09-17 14:52:55,179 P10552 INFO early stopping epoch 4/15
2026-09-17 14:52:55,341 P10552 INFO Epoch 5/50, train generator loss: 0.87758
2026-09-17 14:52:55,458 P10552 INFO Epoch 5/50, train discriminator loss: 7.87169
2026-09-17 14:52:55,644 P10552 INFO *** Test time is 0.18552255630493164
2026-09-17 14:52:55,644 P10552 INFO Epoch 5/50, test f1: 0.77612 rc: 0.63415 pc: 1.00000. [0.28s]
2026-09-17 14:52:55,810 P10552 INFO Epoch 6/50, train generator loss: 0.71537
2026-09-17 14:52:55,904 P10552 INFO Epoch 6/50, train discriminator loss: 8.30973
2026-09-17 14:52:56,066 P10552 INFO *** Test time is 0.1589670181274414
2026-09-17 14:52:56,066 P10552 INFO Epoch 6/50, test f1: 0.71642 rc: 0.58537 pc: 0.92308. [0.26s]
2026-09-17 14:52:56,066 P10552 INFO early stopping epoch 1/15
2026-09-17 14:52:56,283 P10552 INFO Epoch 7/50, train generator loss: 0.69252
2026-09-17 14:52:56,465 P10552 INFO Epoch 7/50, train discriminator loss: 7.53861
2026-09-17 14:52:56,676 P10552 INFO *** Test time is 0.21130919456481934
2026-09-17 14:52:56,676 P10552 INFO Epoch 7/50, test f1: 0.77143 rc: 0.65854 pc: 0.93103. [0.40s]
2026-09-17 14:52:56,676 P10552 INFO early stopping epoch 2/15
2026-09-17 14:52:56,897 P10552 INFO Epoch 8/50, train generator loss: 0.64895
2026-09-17 14:52:57,095 P10552 INFO Epoch 8/50, train discriminator loss: 6.52489
2026-09-17 14:52:57,294 P10552 INFO *** Test time is 0.19878840446472168
2026-09-17 14:52:57,294 P10552 INFO Epoch 8/50, test f1: 0.78873 rc: 0.68293 pc: 0.93333. [0.42s]
2026-09-17 14:52:57,474 P10552 INFO Epoch 9/50, train generator loss: 0.54079
2026-09-17 14:52:57,584 P10552 INFO Epoch 9/50, train discriminator loss: 5.84791
2026-09-17 14:52:57,736 P10552 INFO *** Test time is 0.1522665023803711
2026-09-17 14:52:57,736 P10552 INFO Epoch 9/50, test f1: 0.78873 rc: 0.68293 pc: 0.93333. [0.26s]
2026-09-17 14:52:57,736 P10552 INFO early stopping epoch 1/15
2026-09-17 14:52:57,880 P10552 INFO Epoch 10/50, train generator loss: 0.51657
2026-09-17 14:52:57,995 P10552 INFO Epoch 10/50, train discriminator loss: 5.62473
2026-09-17 14:52:58,154 P10552 INFO *** Test time is 0.15865349769592285
2026-09-17 14:52:58,154 P10552 INFO Epoch 10/50, test f1: 0.77143 rc: 0.65854 pc: 0.93103. [0.26s]
2026-09-17 14:52:58,154 P10552 INFO early stopping epoch 2/15
2026-09-17 14:52:58,302 P10552 INFO Epoch 11/50, train generator loss: 0.54726
2026-09-17 14:52:58,411 P10552 INFO Epoch 11/50, train discriminator loss: 5.57769
2026-09-17 14:52:58,557 P10552 INFO *** Test time is 0.1462564468383789
2026-09-17 14:52:58,557 P10552 INFO Epoch 11/50, test f1: 0.78873 rc: 0.68293 pc: 0.93333. [0.26s]
2026-09-17 14:52:58,557 P10552 INFO early stopping epoch 3/15
2026-09-17 14:52:58,730 P10552 INFO Epoch 12/50, train generator loss: 0.54076
2026-09-17 14:52:58,848 P10552 INFO Epoch 12/50, train discriminator loss: 5.55228
2026-09-17 14:52:59,003 P10552 INFO *** Test time is 0.15407872200012207
2026-09-17 14:52:59,003 P10552 INFO Epoch 12/50, test f1: 0.78873 rc: 0.68293 pc: 0.93333. [0.29s]
2026-09-17 14:52:59,003 P10552 INFO early stopping epoch 4/15
2026-09-17 14:52:59,160 P10552 INFO Epoch 13/50, train generator loss: 0.53415
2026-09-17 14:52:59,276 P10552 INFO Epoch 13/50, train discriminator loss: 5.53683
2026-09-17 14:52:59,428 P10552 INFO *** Test time is 0.15201854705810547
2026-09-17 14:52:59,428 P10552 INFO Epoch 13/50, test f1: 0.77143 rc: 0.65854 pc: 0.93103. [0.27s]
2026-09-17 14:52:59,428 P10552 INFO early stopping epoch 5/15
2026-09-17 14:52:59,583 P10552 INFO Epoch 14/50, train generator loss: 0.51770
2026-09-17 14:52:59,691 P10552 INFO Epoch 14/50, train discriminator loss: 5.53783
2026-09-17 14:52:59,851 P10552 INFO *** Test time is 0.15984511375427246
2026-09-17 14:52:59,851 P10552 INFO Epoch 14/50, test f1: 0.77143 rc: 0.65854 pc: 0.93103. [0.26s]
2026-09-17 14:52:59,851 P10552 INFO early stopping epoch 6/15
2026-09-17 14:52:59,992 P10552 INFO Epoch 15/50, train generator loss: 0.49379
2026-09-17 14:53:00,108 P10552 INFO Epoch 15/50, train discriminator loss: 5.56755
2026-09-17 14:53:00,262 P10552 INFO *** Test time is 0.15412521362304688
2026-09-17 14:53:00,262 P10552 INFO Epoch 15/50, test f1: 0.77143 rc: 0.65854 pc: 0.93103. [0.26s]
2026-09-17 14:53:00,262 P10552 INFO early stopping epoch 7/15
2026-09-17 14:53:00,414 P10552 INFO Epoch 16/50, train generator loss: 0.45215
2026-09-17 14:53:00,530 P10552 INFO Epoch 16/50, train discriminator loss: 5.59269
2026-09-17 14:53:00,704 P10552 INFO *** Test time is 0.173600435256958
2026-09-17 14:53:00,704 P10552 INFO Epoch 16/50, test f1: 0.77143 rc: 0.65854 pc: 0.93103. [0.27s]
2026-09-17 14:53:00,704 P10552 INFO early stopping epoch 8/15
2026-09-17 14:53:00,852 P10552 INFO Epoch 17/50, train generator loss: 0.44094
2026-09-17 14:53:00,970 P10552 INFO Epoch 17/50, train discriminator loss: 5.57935
2026-09-17 14:53:01,162 P10552 INFO *** Test time is 0.19184088706970215
2026-09-17 14:53:01,162 P10552 INFO Epoch 17/50, test f1: 0.77143 rc: 0.65854 pc: 0.93103. [0.27s]
2026-09-17 14:53:01,162 P10552 INFO early stopping epoch 9/15
2026-09-17 14:53:01,370 P10552 INFO Epoch 18/50, train generator loss: 0.44333
2026-09-17 14:53:01,552 P10552 INFO Epoch 18/50, train discriminator loss: 5.53130
2026-09-17 14:53:01,763 P10552 INFO *** Test time is 0.2106494903564453
2026-09-17 14:53:01,763 P10552 INFO Epoch 18/50, test f1: 0.77143 rc: 0.65854 pc: 0.93103. [0.39s]
2026-09-17 14:53:01,763 P10552 INFO early stopping epoch 10/15
2026-09-17 14:53:01,967 P10552 INFO Epoch 19/50, train generator loss: 0.43363
2026-09-17 14:53:02,145 P10552 INFO Epoch 19/50, train discriminator loss: 5.47703
2026-09-17 14:53:02,340 P10552 INFO *** Test time is 0.19505572319030762
2026-09-17 14:53:02,340 P10552 INFO Epoch 19/50, test f1: 0.71642 rc: 0.58537 pc: 0.92308. [0.38s]
2026-09-17 14:53:02,340 P10552 INFO early stopping epoch 11/15
2026-09-17 14:53:02,479 P10552 INFO Epoch 20/50, train generator loss: 0.43270
2026-09-17 14:53:02,593 P10552 INFO Epoch 20/50, train discriminator loss: 5.43138
2026-09-17 14:53:02,737 P10552 INFO *** Test time is 0.14429926872253418
2026-09-17 14:53:02,737 P10552 INFO Epoch 20/50, test f1: 0.71642 rc: 0.58537 pc: 0.92308. [0.25s]
2026-09-17 14:53:02,737 P10552 INFO early stopping epoch 12/15
2026-09-17 14:53:02,873 P10552 INFO Epoch 21/50, train generator loss: 0.42638
2026-09-17 14:53:02,978 P10552 INFO Epoch 21/50, train discriminator loss: 5.39724
2026-09-17 14:53:03,137 P10552 INFO *** Test time is 0.15979290008544922
2026-09-17 14:53:03,137 P10552 INFO Epoch 21/50, test f1: 0.71642 rc: 0.58537 pc: 0.92308. [0.24s]
2026-09-17 14:53:03,137 P10552 INFO early stopping epoch 13/15
2026-09-17 14:53:03,312 P10552 INFO Epoch 22/50, train generator loss: 0.41260
2026-09-17 14:53:03,431 P10552 INFO Epoch 22/50, train discriminator loss: 5.36006
2026-09-17 14:53:03,597 P10552 INFO *** Test time is 0.166365385055542
2026-09-17 14:53:03,597 P10552 INFO Epoch 22/50, test f1: 0.77143 rc: 0.65854 pc: 0.93103. [0.29s]
2026-09-17 14:53:03,597 P10552 INFO early stopping epoch 14/15
2026-09-17 14:53:03,732 P10552 INFO Epoch 23/50, train generator loss: 0.40917
2026-09-17 14:53:03,854 P10552 INFO Epoch 23/50, train discriminator loss: 5.31898
2026-09-17 14:53:04,003 P10552 INFO *** Test time is 0.1490485668182373
2026-09-17 14:53:04,003 P10552 INFO Epoch 23/50, test f1: 0.71642 rc: 0.58537 pc: 0.92308. [0.26s]
2026-09-17 14:53:04,003 P10552 INFO early stopping epoch 15/15
2026-09-17 14:53:04,003 P10552 INFO Early stopping
2026-09-17 14:53:04,121 P10552 INFO Threshold (p=95.0, src=val): 0.540523
2026-09-17 14:53:04,166 P10552 INFO *** Test F1 0.8632  of unsupervised traning
2026-09-17 14:53:04,166 P10552 INFO *** Best F1 {'f1': 0.7887323943661971, 'rc': 0.6829268292682927, 'pc': 0.9333333333333333, 'threshold': np.float64(1.9866174757480621)}  of unsupervised traning
2026-09-17 14:53:04,166 P10552 INFO Current hash id 8ccd5855
