2026-09-17 11:42:32,760 P17460 INFO ^^^^^^^^^^ Current Model:hades, cbe9051d ^^^^^^^^^^
2026-09-17 11:42:32,760 P17460 INFO Load from D:\UAM-AD\data\sn
2026-09-17 11:42:33,016 P17460 INFO 375 unique log templates found.
2026-09-17 11:42:33,016 P17460 INFO Transforming unlabel train data.
2026-09-17 11:42:33,076 P17460 INFO Transforming test data.
2026-09-17 11:42:33,117 P17460 INFO 729 new templates show.
2026-09-17 11:42:33,174 P17460 INFO Transforming val data.
2026-09-17 11:42:33,174 P17460 INFO 77 new templates show.
2026-09-17 11:42:33,176 P17460 INFO Data loaded done!
2026-09-17 11:42:33,231 P17460 INFO Known word number: 375
2026-09-17 11:42:33,468 P17460 INFO Epoch 0/10, train generator loss: 1.22558
2026-09-17 11:42:33,576 P17460 INFO Epoch 0/10, train discriminator loss: 2.66517
2026-09-17 11:42:33,777 P17460 INFO *** Test time is 0.20117998123168945
2026-09-17 11:42:33,777 P17460 INFO Epoch 0/10, test f1: 0.87500 rc: 0.77778 pc: 1.00000. [0.30s]
2026-09-17 11:42:33,945 P17460 INFO Epoch 1/10, train generator loss: 1.16434
2026-09-17 11:42:34,038 P17460 INFO Epoch 1/10, train discriminator loss: 2.03793
2026-09-17 11:42:34,310 P17460 INFO *** Test time is 0.27207088470458984
2026-09-17 11:42:34,310 P17460 INFO Epoch 1/10, test f1: 0.85106 rc: 0.74074 pc: 1.00000. [0.23s]
2026-09-17 11:42:34,310 P17460 INFO early stopping epoch 1/5
2026-09-17 11:42:34,467 P17460 INFO Epoch 2/10, train generator loss: 1.13759
2026-09-17 11:42:34,574 P17460 INFO Epoch 2/10, train discriminator loss: 1.67439
2026-09-17 11:42:34,779 P17460 INFO *** Test time is 0.20572543144226074
2026-09-17 11:42:34,779 P17460 INFO Epoch 2/10, test f1: 0.82609 rc: 0.70370 pc: 1.00000. [0.26s]
2026-09-17 11:42:34,779 P17460 INFO early stopping epoch 2/5
2026-09-17 11:42:34,923 P17460 INFO Epoch 3/10, train generator loss: 1.15606
2026-09-17 11:42:35,031 P17460 INFO Epoch 3/10, train discriminator loss: 1.39217
2026-09-17 11:42:35,255 P17460 INFO *** Test time is 0.22187066078186035
2026-09-17 11:42:35,255 P17460 INFO Epoch 3/10, test f1: 0.82609 rc: 0.70370 pc: 1.00000. [0.25s]
2026-09-17 11:42:35,255 P17460 INFO early stopping epoch 3/5
2026-09-17 11:42:35,403 P17460 INFO Epoch 4/10, train generator loss: 1.17090
2026-09-17 11:42:35,460 P17460 INFO Epoch 4/10, train discriminator loss: 1.21260
2026-09-17 11:42:35,603 P17460 INFO *** Test time is 0.1420290470123291
2026-09-17 11:42:35,603 P17460 INFO Epoch 4/10, test f1: 0.82609 rc: 0.70370 pc: 1.00000. [0.21s]
2026-09-17 11:42:35,603 P17460 INFO early stopping epoch 4/5
2026-09-17 11:42:35,695 P17460 INFO Epoch 5/10, train generator loss: 1.19880
2026-09-17 11:42:35,773 P17460 INFO Epoch 5/10, train discriminator loss: 1.11137
2026-09-17 11:42:35,917 P17460 INFO *** Test time is 0.14359164237976074
2026-09-17 11:42:35,919 P17460 INFO Epoch 5/10, test f1: 0.82609 rc: 0.70370 pc: 1.00000. [0.17s]
2026-09-17 11:42:35,919 P17460 INFO early stopping epoch 5/5
2026-09-17 11:42:35,919 P17460 INFO Early stopping
2026-09-17 11:42:35,995 P17460 INFO Threshold (p=95.0, src=val): 1.287142
2026-09-17 11:42:36,022 P17460 INFO *** Test F1 0.8571  of unsupervised traning
2026-09-17 11:42:36,022 P17460 INFO *** Best F1 {'f1': 0.875, 'rc': 0.7777777777777778, 'pc': 1.0, 'threshold': np.float64(1.595695848464966)}  of unsupervised traning
2026-09-17 11:42:36,024 P17460 INFO Current hash id cbe9051d
