2026-05-01 17:25:30,224 P16288 INFO ^^^^^^^^^^ Current Model:hades, a4606ab2 ^^^^^^^^^^
2026-05-01 17:25:30,224 P16288 INFO Load from D:\UAM-AD\data\rcaeval_re3_ob
2026-05-01 17:25:32,400 P16288 INFO 301 unique log templates found.
2026-05-01 17:25:32,400 P16288 INFO Transforming unlabel train data.
2026-05-01 17:25:32,910 P16288 INFO Transforming test data.
2026-05-01 17:25:32,958 P16288 INFO 7 new templates show.
2026-05-01 17:25:33,485 P16288 INFO Data loaded done!
2026-05-01 17:25:59,912 P16288 INFO Known word number: 301
2026-05-01 17:26:52,041 P16288 INFO Epoch 0/5, train generator loss: 0.19583
2026-05-01 17:27:41,864 P16288 INFO Epoch 0/5, train discriminator loss: 0.18838
2026-05-01 17:27:43,420 P16288 INFO *** Test time is 1.553215742111206
2026-05-01 17:27:43,420 P16288 INFO Epoch 0/5, test f1: 0.94533 rc: 0.93788 pc: 0.95290. [95.46s]
2026-05-01 17:28:35,495 P16288 INFO Epoch 1/5, train generator loss: 0.12585
2026-05-01 17:29:26,171 P16288 INFO Epoch 1/5, train discriminator loss: 0.20667
2026-05-01 17:29:28,092 P16288 INFO *** Test time is 1.9030935764312744
2026-05-01 17:29:28,092 P16288 INFO Epoch 1/5, test f1: 0.94483 rc: 0.93695 pc: 0.95285. [102.73s]
2026-05-01 17:29:28,092 P16288 INFO early stopping epoch 1/3
2026-05-01 17:30:22,985 P16288 INFO Epoch 2/5, train generator loss: 0.15298
2026-05-01 17:31:15,916 P16288 INFO Epoch 2/5, train discriminator loss: 0.36598
2026-05-01 17:31:17,746 P16288 INFO *** Test time is 1.8280138969421387
2026-05-01 17:31:17,746 P16288 INFO Epoch 2/5, test f1: 0.94442 rc: 0.93741 pc: 0.95153. [107.83s]
2026-05-01 17:31:17,746 P16288 INFO early stopping epoch 2/3
2026-05-01 17:32:17,501 P16288 INFO Epoch 3/5, train generator loss: 0.14110
2026-05-01 17:33:19,665 P16288 INFO Epoch 3/5, train discriminator loss: 0.27956
2026-05-01 17:33:21,837 P16288 INFO *** Test time is 2.1677253246307373
2026-05-01 17:33:21,837 P16288 INFO Epoch 3/5, test f1: 0.94530 rc: 0.93741 pc: 0.95332. [121.92s]
2026-05-01 17:33:21,837 P16288 INFO early stopping epoch 3/3
2026-05-01 17:33:21,837 P16288 INFO Early stopping
2026-05-01 17:34:08,407 P16288 INFO Threshold (p=95.0, src=unlabel(fallback)): 0.199041
2026-05-01 17:34:09,074 P16288 INFO *** Test F1 0.8971  of unsupervised traning
2026-05-01 17:34:09,076 P16288 INFO *** Best F1 {'f1': 0.9453271028037383, 'rc': 0.9378766805748725, 'pc': 0.9528968440885539}  of unsupervised traning
2026-05-01 17:34:09,324 P16288 INFO Current hash id a4606ab2
