2026-05-04 00:26:17,197 P5900 INFO ^^^^^^^^^^ Current Model:hades, 0cac94d4 ^^^^^^^^^^
2026-05-04 00:26:17,198 P5900 INFO Load from D:\UAM-AD\data\rcaeval_re2_ob
2026-05-04 00:26:27,582 P5900 INFO 40 unique log templates found.
2026-05-04 00:26:27,601 P5900 INFO Transforming unlabel train data.
2026-05-04 00:26:28,716 P5900 INFO Transforming test data.
2026-05-04 00:26:29,149 P5900 INFO 108 new templates show.
2026-05-04 00:26:31,466 P5900 INFO Data loaded done!
2026-05-04 00:28:48,209 P5900 INFO Known word number: 40
2026-05-04 00:31:11,876 P5900 INFO Epoch 0/5, train generator loss: 0.22358
2026-05-04 00:33:47,406 P5900 INFO Epoch 0/5, train discriminator loss: 0.16312
2026-05-04 00:33:55,286 P5900 INFO *** Test time is 7.8638176918029785
2026-05-04 00:33:55,286 P5900 INFO Epoch 0/5, test f1: 0.63078 rc: 0.48779 pc: 0.89237. [293.89s]
2026-05-04 00:36:21,851 P5900 INFO Epoch 1/5, train generator loss: 0.10199
2026-05-04 00:38:24,403 P5900 INFO Epoch 1/5, train discriminator loss: 0.44595
2026-05-04 00:38:31,971 P5900 INFO *** Test time is 7.563631534576416
2026-05-04 00:38:31,971 P5900 INFO Epoch 1/5, test f1: 0.61928 rc: 0.49491 pc: 0.82715. [269.07s]
2026-05-04 00:38:31,971 P5900 INFO early stopping epoch 1/3
2026-05-04 00:40:24,722 P5900 INFO Epoch 2/5, train generator loss: 0.08881
2026-05-04 00:42:10,995 P5900 INFO Epoch 2/5, train discriminator loss: 0.31577
2026-05-04 00:42:16,925 P5900 INFO *** Test time is 5.924656391143799
2026-05-04 00:42:16,925 P5900 INFO Epoch 2/5, test f1: 0.65277 rc: 0.52294 pc: 0.86836. [219.03s]
2026-05-04 00:44:12,663 P5900 INFO Epoch 3/5, train generator loss: 0.08843
2026-05-04 00:45:56,395 P5900 INFO Epoch 3/5, train discriminator loss: 0.59521
2026-05-04 00:46:02,583 P5900 INFO *** Test time is 6.18791937828064
2026-05-04 00:46:02,583 P5900 INFO Epoch 3/5, test f1: 0.64483 rc: 0.51526 pc: 0.86143. [219.39s]
2026-05-04 00:46:02,583 P5900 INFO early stopping epoch 1/3
2026-05-04 00:47:55,600 P5900 INFO Epoch 4/5, train generator loss: 0.08870
2026-05-04 00:49:36,717 P5900 INFO Epoch 4/5, train discriminator loss: 0.43777
2026-05-04 00:49:42,797 P5900 INFO *** Test time is 6.0802001953125
2026-05-04 00:49:42,797 P5900 INFO Epoch 4/5, test f1: 0.64709 rc: 0.51767 pc: 0.86278. [214.13s]
2026-05-04 00:49:42,813 P5900 INFO early stopping epoch 2/3
2026-05-04 00:50:51,489 P5900 INFO Threshold (p=95.0, src=unlabel(fallback)): 0.252723
2026-05-04 00:50:56,219 P5900 INFO *** Test F1 0.4444  of unsupervised traning
2026-05-04 00:50:56,221 P5900 INFO *** Best F1 {'f1': 0.6527713625866051, 'rc': 0.5229417206290472, 'pc': 0.8683563748079877}  of unsupervised traning
2026-05-04 00:50:56,956 P5900 INFO Current hash id 0cac94d4
