2026-09-17 11:42:30,135 P17460 INFO ^^^^^^^^^^ Current Model:hades, cc040a05 ^^^^^^^^^^
2026-09-17 11:42:30,135 P17460 INFO Load from D:\UAM-AD\data\sn
2026-09-17 11:42:30,392 P17460 INFO 375 unique log templates found.
2026-09-17 11:42:30,392 P17460 INFO Transforming unlabel train data.
2026-09-17 11:42:30,435 P17460 INFO Transforming test data.
2026-09-17 11:42:30,471 P17460 INFO 729 new templates show.
2026-09-17 11:42:30,503 P17460 INFO Transforming val data.
2026-09-17 11:42:30,503 P17460 INFO 77 new templates show.
2026-09-17 11:42:30,503 P17460 INFO Data loaded done!
2026-09-17 11:42:30,535 P17460 INFO Known word number: 375
2026-09-17 11:42:30,699 P17460 INFO Epoch 0/10, train generator loss: 1.32993
2026-09-17 11:42:30,793 P17460 INFO Epoch 0/10, train discriminator loss: 2.89667
2026-09-17 11:42:30,932 P17460 INFO *** Test time is 0.13839101791381836
2026-09-17 11:42:30,932 P17460 INFO Epoch 0/10, test f1: 0.85106 rc: 0.74074 pc: 1.00000. [0.22s]
2026-09-17 11:42:31,036 P17460 INFO Epoch 1/10, train generator loss: 1.22663
2026-09-17 11:42:31,105 P17460 INFO Epoch 1/10, train discriminator loss: 2.21622
2026-09-17 11:42:31,255 P17460 INFO *** Test time is 0.14997363090515137
2026-09-17 11:42:31,255 P17460 INFO Epoch 1/10, test f1: 0.85106 rc: 0.74074 pc: 1.00000. [0.16s]
2026-09-17 11:42:31,255 P17460 INFO early stopping epoch 1/5
2026-09-17 11:42:31,366 P17460 INFO Epoch 2/10, train generator loss: 1.21293
2026-09-17 11:42:31,446 P17460 INFO Epoch 2/10, train discriminator loss: 1.81046
2026-09-17 11:42:31,601 P17460 INFO *** Test time is 0.15470337867736816
2026-09-17 11:42:31,601 P17460 INFO Epoch 2/10, test f1: 0.85106 rc: 0.74074 pc: 1.00000. [0.19s]
2026-09-17 11:42:31,601 P17460 INFO early stopping epoch 2/5
2026-09-17 11:42:31,693 P17460 INFO Epoch 3/10, train generator loss: 1.23047
2026-09-17 11:42:31,768 P17460 INFO Epoch 3/10, train discriminator loss: 1.54054
2026-09-17 11:42:31,914 P17460 INFO *** Test time is 0.14615893363952637
2026-09-17 11:42:31,914 P17460 INFO Epoch 3/10, test f1: 0.85106 rc: 0.74074 pc: 1.00000. [0.17s]
2026-09-17 11:42:31,914 P17460 INFO early stopping epoch 3/5
2026-09-17 11:42:32,008 P17460 INFO Epoch 4/10, train generator loss: 1.27638
2026-09-17 11:42:32,090 P17460 INFO Epoch 4/10, train discriminator loss: 1.37487
2026-09-17 11:42:32,256 P17460 INFO *** Test time is 0.1652977466583252
2026-09-17 11:42:32,256 P17460 INFO Epoch 4/10, test f1: 0.85106 rc: 0.74074 pc: 1.00000. [0.18s]
2026-09-17 11:42:32,256 P17460 INFO early stopping epoch 4/5
2026-09-17 11:42:32,368 P17460 INFO Epoch 5/10, train generator loss: 1.33278
2026-09-17 11:42:32,447 P17460 INFO Epoch 5/10, train discriminator loss: 1.24226
2026-09-17 11:42:32,590 P17460 INFO *** Test time is 0.1427464485168457
2026-09-17 11:42:32,590 P17460 INFO Epoch 5/10, test f1: 0.85106 rc: 0.74074 pc: 1.00000. [0.19s]
2026-09-17 11:42:32,590 P17460 INFO early stopping epoch 5/5
2026-09-17 11:42:32,590 P17460 INFO Early stopping
2026-09-17 11:42:32,701 P17460 INFO Threshold (p=95.0, src=val): 1.313784
2026-09-17 11:42:32,731 P17460 INFO *** Test F1 0.9000  of unsupervised traning
2026-09-17 11:42:32,731 P17460 INFO *** Best F1 {'f1': 0.851063829787234, 'rc': 0.7407407407407407, 'pc': 1.0, 'threshold': np.float64(1.5871393632888795)}  of unsupervised traning
2026-09-17 11:42:32,733 P17460 INFO Current hash id cc040a05
