2026-09-17 11:43:31,186 P23128 INFO ^^^^^^^^^^ Current Model:hades, 30d87633 ^^^^^^^^^^
2026-09-17 11:43:31,186 P23128 INFO Load from D:\UAM-AD\data\sn
2026-09-17 11:43:31,589 P23128 INFO 375 unique log templates found.
2026-09-17 11:43:31,596 P23128 INFO Transforming unlabel train data.
2026-09-17 11:43:31,637 P23128 INFO Transforming test data.
2026-09-17 11:43:31,669 P23128 INFO 729 new templates show.
2026-09-17 11:43:31,734 P23128 INFO Transforming val data.
2026-09-17 11:43:31,736 P23128 INFO 77 new templates show.
2026-09-17 11:43:31,740 P23128 INFO Data loaded done!
2026-09-17 11:43:31,795 P23128 INFO Known word number: 375
2026-09-17 11:43:33,743 P23128 INFO Epoch 0/10, train generator loss: 1.26339
2026-09-17 11:43:33,850 P23128 INFO Epoch 0/10, train discriminator loss: 2.77866
2026-09-17 11:43:33,999 P23128 INFO *** Test time is 0.14906668663024902
2026-09-17 11:43:33,999 P23128 INFO Epoch 0/10, test f1: 0.83333 rc: 0.74074 pc: 0.95238. [0.63s]
2026-09-17 11:43:34,127 P23128 INFO Epoch 1/10, train generator loss: 1.24268
2026-09-17 11:43:34,198 P23128 INFO Epoch 1/10, train discriminator loss: 2.25635
2026-09-17 11:43:34,337 P23128 INFO *** Test time is 0.13876819610595703
2026-09-17 11:43:34,337 P23128 INFO Epoch 1/10, test f1: 0.83333 rc: 0.74074 pc: 0.95238. [0.19s]
2026-09-17 11:43:34,337 P23128 INFO early stopping epoch 1/5
2026-09-17 11:43:34,445 P23128 INFO Epoch 2/10, train generator loss: 1.22355
2026-09-17 11:43:34,518 P23128 INFO Epoch 2/10, train discriminator loss: 1.91283
2026-09-17 11:43:34,683 P23128 INFO *** Test time is 0.16562652587890625
2026-09-17 11:43:34,683 P23128 INFO Epoch 2/10, test f1: 0.83333 rc: 0.74074 pc: 0.95238. [0.18s]
2026-09-17 11:43:34,683 P23128 INFO early stopping epoch 2/5
2026-09-17 11:43:34,792 P23128 INFO Epoch 3/10, train generator loss: 1.26571
2026-09-17 11:43:34,887 P23128 INFO Epoch 3/10, train discriminator loss: 1.65565
2026-09-17 11:43:35,040 P23128 INFO *** Test time is 0.15314459800720215
2026-09-17 11:43:35,040 P23128 INFO Epoch 3/10, test f1: 0.83333 rc: 0.74074 pc: 0.95238. [0.20s]
2026-09-17 11:43:35,040 P23128 INFO early stopping epoch 3/5
2026-09-17 11:43:35,134 P23128 INFO Epoch 4/10, train generator loss: 1.32840
2026-09-17 11:43:35,204 P23128 INFO Epoch 4/10, train discriminator loss: 1.45662
2026-09-17 11:43:35,377 P23128 INFO *** Test time is 0.1727442741394043
2026-09-17 11:43:35,377 P23128 INFO Epoch 4/10, test f1: 0.83333 rc: 0.74074 pc: 0.95238. [0.16s]
2026-09-17 11:43:35,377 P23128 INFO early stopping epoch 4/5
2026-09-17 11:43:35,478 P23128 INFO Epoch 5/10, train generator loss: 1.41723
2026-09-17 11:43:35,563 P23128 INFO Epoch 5/10, train discriminator loss: 1.31328
2026-09-17 11:43:35,696 P23128 INFO *** Test time is 0.1332564353942871
2026-09-17 11:43:35,696 P23128 INFO Epoch 5/10, test f1: 0.83333 rc: 0.74074 pc: 0.95238. [0.19s]
2026-09-17 11:43:35,696 P23128 INFO early stopping epoch 5/5
2026-09-17 11:43:35,696 P23128 INFO Early stopping
2026-09-17 11:43:35,839 P23128 INFO Threshold (p=95.0, src=val): 1.421180
2026-09-17 11:43:35,890 P23128 INFO *** Test F1 0.8772  of unsupervised traning
2026-09-17 11:43:35,890 P23128 INFO *** Best F1 {'f1': 0.8333333333333334, 'rc': 0.7407407407407407, 'pc': 0.9523809523809523, 'threshold': np.float64(1.4847676992416383)}  of unsupervised traning
2026-09-17 11:43:35,890 P23128 INFO Current hash id 30d87633
