2026-09-17 14:56:22,500 P6416 INFO ^^^^^^^^^^ Current Model:hades, c81a3592 ^^^^^^^^^^
2026-09-17 14:56:22,500 P6416 INFO Load from D:\UAM-AD\data\sn
2026-09-17 14:56:22,897 P6416 INFO 375 unique log templates found.
2026-09-17 14:56:22,897 P6416 INFO Transforming unlabel train data.
2026-09-17 14:56:22,929 P6416 INFO Transforming test data.
2026-09-17 14:56:22,961 P6416 INFO 729 new templates show.
2026-09-17 14:56:22,979 P6416 INFO Transforming val data.
2026-09-17 14:56:22,993 P6416 INFO 77 new templates show.
2026-09-17 14:56:22,993 P6416 INFO Data loaded done!
2026-09-17 14:56:23,041 P6416 INFO Known word number: 375
2026-09-17 14:56:25,089 P6416 INFO Epoch 0/50, train generator loss: 1.47881
2026-09-17 14:56:25,236 P6416 INFO Epoch 0/50, train discriminator loss: 5.60562
2026-09-17 14:56:25,381 P6416 INFO *** Test time is 0.14579415321350098
2026-09-17 14:56:25,381 P6416 INFO Epoch 0/50, test f1: 0.66667 rc: 0.55556 pc: 0.83333. [0.76s]
2026-09-17 14:56:25,540 P6416 INFO Epoch 1/50, train generator loss: 1.40353
2026-09-17 14:56:25,664 P6416 INFO Epoch 1/50, train discriminator loss: 5.02624
2026-09-17 14:56:25,821 P6416 INFO *** Test time is 0.15764069557189941
2026-09-17 14:56:25,821 P6416 INFO Epoch 1/50, test f1: 0.69767 rc: 0.55556 pc: 0.93750. [0.27s]
2026-09-17 14:56:25,997 P6416 INFO Epoch 2/50, train generator loss: 1.30287
2026-09-17 14:56:26,101 P6416 INFO Epoch 2/50, train discriminator loss: 4.90255
2026-09-17 14:56:26,241 P6416 INFO *** Test time is 0.14063024520874023
2026-09-17 14:56:26,241 P6416 INFO Epoch 2/50, test f1: 0.69767 rc: 0.55556 pc: 0.93750. [0.26s]
2026-09-17 14:56:26,241 P6416 INFO early stopping epoch 1/15
2026-09-17 14:56:26,351 P6416 INFO Epoch 3/50, train generator loss: 1.20445
2026-09-17 14:56:26,472 P6416 INFO Epoch 3/50, train discriminator loss: 5.41317
2026-09-17 14:56:26,702 P6416 INFO *** Test time is 0.2297210693359375
2026-09-17 14:56:26,702 P6416 INFO Epoch 3/50, test f1: 0.69767 rc: 0.55556 pc: 0.93750. [0.23s]
2026-09-17 14:56:26,702 P6416 INFO early stopping epoch 2/15
2026-09-17 14:56:26,887 P6416 INFO Epoch 4/50, train generator loss: 1.08310
2026-09-17 14:56:27,048 P6416 INFO Epoch 4/50, train discriminator loss: 6.53631
2026-09-17 14:56:27,254 P6416 INFO *** Test time is 0.20582199096679688
2026-09-17 14:56:27,254 P6416 INFO Epoch 4/50, test f1: 0.69767 rc: 0.55556 pc: 0.93750. [0.35s]
2026-09-17 14:56:27,254 P6416 INFO early stopping epoch 3/15
2026-09-17 14:56:27,422 P6416 INFO Epoch 5/50, train generator loss: 0.92438
2026-09-17 14:56:27,569 P6416 INFO Epoch 5/50, train discriminator loss: 7.78877
2026-09-17 14:56:27,769 P6416 INFO *** Test time is 0.20010662078857422
2026-09-17 14:56:27,769 P6416 INFO Epoch 5/50, test f1: 0.48889 rc: 0.40741 pc: 0.61111. [0.31s]
2026-09-17 14:56:27,769 P6416 INFO early stopping epoch 4/15
2026-09-17 14:56:27,952 P6416 INFO Epoch 6/50, train generator loss: 0.75140
2026-09-17 14:56:28,115 P6416 INFO Epoch 6/50, train discriminator loss: 8.67316
2026-09-17 14:56:28,308 P6416 INFO *** Test time is 0.19083571434020996
2026-09-17 14:56:28,308 P6416 INFO Epoch 6/50, test f1: 0.35000 rc: 0.25926 pc: 0.53846. [0.35s]
2026-09-17 14:56:28,308 P6416 INFO early stopping epoch 5/15
2026-09-17 14:56:28,510 P6416 INFO Epoch 7/50, train generator loss: 0.64494
2026-09-17 14:56:28,653 P6416 INFO Epoch 7/50, train discriminator loss: 8.30440
2026-09-17 14:56:28,859 P6416 INFO *** Test time is 0.2059006690979004
2026-09-17 14:56:28,859 P6416 INFO Epoch 7/50, test f1: 0.33333 rc: 0.25926 pc: 0.46667. [0.34s]
2026-09-17 14:56:28,859 P6416 INFO early stopping epoch 6/15
2026-09-17 14:56:29,064 P6416 INFO Epoch 8/50, train generator loss: 0.66147
2026-09-17 14:56:29,175 P6416 INFO Epoch 8/50, train discriminator loss: 7.04282
2026-09-17 14:56:29,324 P6416 INFO *** Test time is 0.14876294136047363
2026-09-17 14:56:29,324 P6416 INFO Epoch 8/50, test f1: 0.33333 rc: 0.25926 pc: 0.46667. [0.32s]
2026-09-17 14:56:29,324 P6416 INFO early stopping epoch 7/15
2026-09-17 14:56:29,452 P6416 INFO Epoch 9/50, train generator loss: 0.60049
2026-09-17 14:56:29,574 P6416 INFO Epoch 9/50, train discriminator loss: 5.99700
2026-09-17 14:56:29,728 P6416 INFO *** Test time is 0.15263819694519043
2026-09-17 14:56:29,728 P6416 INFO Epoch 9/50, test f1: 0.34146 rc: 0.25926 pc: 0.50000. [0.25s]
2026-09-17 14:56:29,728 P6416 INFO early stopping epoch 8/15
2026-09-17 14:56:29,863 P6416 INFO Epoch 10/50, train generator loss: 0.50202
2026-09-17 14:56:29,968 P6416 INFO Epoch 10/50, train discriminator loss: 5.55368
2026-09-17 14:56:30,122 P6416 INFO *** Test time is 0.15389466285705566
2026-09-17 14:56:30,122 P6416 INFO Epoch 10/50, test f1: 0.35897 rc: 0.25926 pc: 0.58333. [0.24s]
2026-09-17 14:56:30,122 P6416 INFO early stopping epoch 9/15
2026-09-17 14:56:30,240 P6416 INFO Epoch 11/50, train generator loss: 0.54741
2026-09-17 14:56:30,361 P6416 INFO Epoch 11/50, train discriminator loss: 5.49271
2026-09-17 14:56:30,517 P6416 INFO *** Test time is 0.15416359901428223
2026-09-17 14:56:30,517 P6416 INFO Epoch 11/50, test f1: 0.45455 rc: 0.37037 pc: 0.58824. [0.24s]
2026-09-17 14:56:30,517 P6416 INFO early stopping epoch 10/15
2026-09-17 14:56:30,630 P6416 INFO Epoch 12/50, train generator loss: 0.56371
2026-09-17 14:56:30,727 P6416 INFO Epoch 12/50, train discriminator loss: 5.52460
2026-09-17 14:56:30,875 P6416 INFO *** Test time is 0.14859509468078613
2026-09-17 14:56:30,875 P6416 INFO Epoch 12/50, test f1: 0.35897 rc: 0.25926 pc: 0.58333. [0.21s]
2026-09-17 14:56:30,875 P6416 INFO early stopping epoch 11/15
2026-09-17 14:56:31,006 P6416 INFO Epoch 13/50, train generator loss: 0.54098
2026-09-17 14:56:31,103 P6416 INFO Epoch 13/50, train discriminator loss: 5.54754
2026-09-17 14:56:31,262 P6416 INFO *** Test time is 0.15835976600646973
2026-09-17 14:56:31,262 P6416 INFO Epoch 13/50, test f1: 0.35000 rc: 0.25926 pc: 0.53846. [0.23s]
2026-09-17 14:56:31,262 P6416 INFO early stopping epoch 12/15
2026-09-17 14:56:31,381 P6416 INFO Epoch 14/50, train generator loss: 0.50911
2026-09-17 14:56:31,482 P6416 INFO Epoch 14/50, train discriminator loss: 5.53101
2026-09-17 14:56:31,674 P6416 INFO *** Test time is 0.19251537322998047
2026-09-17 14:56:31,674 P6416 INFO Epoch 14/50, test f1: 0.34146 rc: 0.25926 pc: 0.50000. [0.22s]
2026-09-17 14:56:31,674 P6416 INFO early stopping epoch 13/15
2026-09-17 14:56:31,810 P6416 INFO Epoch 15/50, train generator loss: 0.51187
2026-09-17 14:56:31,906 P6416 INFO Epoch 15/50, train discriminator loss: 5.51677
2026-09-17 14:56:32,068 P6416 INFO *** Test time is 0.16118741035461426
2026-09-17 14:56:32,068 P6416 INFO Epoch 15/50, test f1: 0.34146 rc: 0.25926 pc: 0.50000. [0.23s]
2026-09-17 14:56:32,070 P6416 INFO early stopping epoch 14/15
2026-09-17 14:56:32,198 P6416 INFO Epoch 16/50, train generator loss: 0.48629
2026-09-17 14:56:32,290 P6416 INFO Epoch 16/50, train discriminator loss: 5.52505
2026-09-17 14:56:32,466 P6416 INFO *** Test time is 0.1760241985321045
2026-09-17 14:56:32,466 P6416 INFO Epoch 16/50, test f1: 0.34146 rc: 0.25926 pc: 0.50000. [0.22s]
2026-09-17 14:56:32,466 P6416 INFO early stopping epoch 15/15
2026-09-17 14:56:32,466 P6416 INFO Early stopping
2026-09-17 14:56:32,561 P6416 INFO Threshold (p=95.0, src=val): 1.681721
2026-09-17 14:56:32,593 P6416 INFO *** Test F1 0.9153  of unsupervised traning
2026-09-17 14:56:32,593 P6416 INFO *** Best F1 {'f1': 0.6976744186046512, 'rc': 0.5555555555555556, 'pc': 0.9375, 'threshold': np.float64(1.9002191257476806)}  of unsupervised traning
2026-09-17 14:56:32,598 P6416 INFO Current hash id c81a3592
