2026-09-17 15:01:58,408 P14664 INFO ^^^^^^^^^^ Current Model:hades, 801121a1 ^^^^^^^^^^
2026-09-17 15:01:58,408 P14664 INFO Load from D:\UAM-AD\data\sn
2026-09-17 15:01:58,619 P14664 INFO 375 unique log templates found.
2026-09-17 15:01:58,630 P14664 INFO Transforming unlabel train data.
2026-09-17 15:01:58,652 P14664 INFO Transforming test data.
2026-09-17 15:01:58,686 P14664 INFO 733 new templates show.
2026-09-17 15:01:58,718 P14664 INFO Transforming val data.
2026-09-17 15:01:58,718 P14664 INFO 77 new templates show.
2026-09-17 15:01:58,718 P14664 INFO Data loaded done!
2026-09-17 15:01:58,751 P14664 INFO Known word number: 375
2026-09-17 15:01:58,948 P14664 INFO Epoch 0/50, train generator loss: 1.46895
2026-09-17 15:01:59,055 P14664 INFO Epoch 0/50, train discriminator loss: 5.43130
2026-09-17 15:01:59,191 P14664 INFO *** Test time is 0.13599061965942383
2026-09-17 15:01:59,191 P14664 INFO Epoch 0/50, test f1: 0.75556 rc: 0.60714 pc: 1.00000. [0.24s]
2026-09-17 15:01:59,333 P14664 INFO Epoch 1/50, train generator loss: 1.38886
2026-09-17 15:01:59,436 P14664 INFO Epoch 1/50, train discriminator loss: 4.92013
2026-09-17 15:01:59,596 P14664 INFO *** Test time is 0.16051578521728516
2026-09-17 15:01:59,596 P14664 INFO Epoch 1/50, test f1: 0.88000 rc: 0.78571 pc: 1.00000. [0.24s]
2026-09-17 15:01:59,736 P14664 INFO Epoch 2/50, train generator loss: 1.25696
2026-09-17 15:01:59,833 P14664 INFO Epoch 2/50, train discriminator loss: 4.97724
2026-09-17 15:02:00,012 P14664 INFO *** Test time is 0.17896676063537598
2026-09-17 15:02:00,012 P14664 INFO Epoch 2/50, test f1: 0.80851 rc: 0.67857 pc: 1.00000. [0.22s]
2026-09-17 15:02:00,012 P14664 INFO early stopping epoch 1/15
2026-09-17 15:02:00,153 P14664 INFO Epoch 3/50, train generator loss: 1.16153
2026-09-17 15:02:00,266 P14664 INFO Epoch 3/50, train discriminator loss: 5.46017
2026-09-17 15:02:00,431 P14664 INFO *** Test time is 0.16578269004821777
2026-09-17 15:02:00,431 P14664 INFO Epoch 3/50, test f1: 0.88000 rc: 0.78571 pc: 1.00000. [0.25s]
2026-09-17 15:02:00,431 P14664 INFO early stopping epoch 2/15
2026-09-17 15:02:00,543 P14664 INFO Epoch 4/50, train generator loss: 1.00203
2026-09-17 15:02:00,653 P14664 INFO Epoch 4/50, train discriminator loss: 6.63374
2026-09-17 15:02:00,812 P14664 INFO *** Test time is 0.1586134433746338
2026-09-17 15:02:00,812 P14664 INFO Epoch 4/50, test f1: 0.69388 rc: 0.60714 pc: 0.80952. [0.22s]
2026-09-17 15:02:00,812 P14664 INFO early stopping epoch 3/15
2026-09-17 15:02:00,932 P14664 INFO Epoch 5/50, train generator loss: 0.83106
2026-09-17 15:02:01,034 P14664 INFO Epoch 5/50, train discriminator loss: 7.75007
2026-09-17 15:02:01,208 P14664 INFO *** Test time is 0.1743178367614746
2026-09-17 15:02:01,208 P14664 INFO Epoch 5/50, test f1: 0.55319 rc: 0.46429 pc: 0.68421. [0.22s]
2026-09-17 15:02:01,208 P14664 INFO early stopping epoch 4/15
2026-09-17 15:02:01,359 P14664 INFO Epoch 6/50, train generator loss: 0.69243
2026-09-17 15:02:01,457 P14664 INFO Epoch 6/50, train discriminator loss: 8.07706
2026-09-17 15:02:01,604 P14664 INFO *** Test time is 0.14714312553405762
2026-09-17 15:02:01,604 P14664 INFO Epoch 6/50, test f1: 0.51064 rc: 0.42857 pc: 0.63158. [0.25s]
2026-09-17 15:02:01,604 P14664 INFO early stopping epoch 5/15
2026-09-17 15:02:01,707 P14664 INFO Epoch 7/50, train generator loss: 0.65128
2026-09-17 15:02:01,798 P14664 INFO Epoch 7/50, train discriminator loss: 7.09948
2026-09-17 15:02:01,952 P14664 INFO *** Test time is 0.15452885627746582
2026-09-17 15:02:01,952 P14664 INFO Epoch 7/50, test f1: 0.47826 rc: 0.39286 pc: 0.61111. [0.19s]
2026-09-17 15:02:01,952 P14664 INFO early stopping epoch 6/15
2026-09-17 15:02:02,062 P14664 INFO Epoch 8/50, train generator loss: 0.61511
2026-09-17 15:02:02,226 P14664 INFO Epoch 8/50, train discriminator loss: 6.03245
2026-09-17 15:02:02,424 P14664 INFO *** Test time is 0.1987159252166748
2026-09-17 15:02:02,424 P14664 INFO Epoch 8/50, test f1: 0.47826 rc: 0.39286 pc: 0.61111. [0.27s]
2026-09-17 15:02:02,424 P14664 INFO early stopping epoch 7/15
2026-09-17 15:02:02,581 P14664 INFO Epoch 9/50, train generator loss: 0.52878
2026-09-17 15:02:02,738 P14664 INFO Epoch 9/50, train discriminator loss: 5.47945
2026-09-17 15:02:02,946 P14664 INFO *** Test time is 0.20749926567077637
2026-09-17 15:02:02,946 P14664 INFO Epoch 9/50, test f1: 0.47826 rc: 0.39286 pc: 0.61111. [0.31s]
2026-09-17 15:02:02,946 P14664 INFO early stopping epoch 8/15
2026-09-17 15:02:03,139 P14664 INFO Epoch 10/50, train generator loss: 0.48245
2026-09-17 15:02:03,278 P14664 INFO Epoch 10/50, train discriminator loss: 5.39523
2026-09-17 15:02:03,496 P14664 INFO *** Test time is 0.21731925010681152
2026-09-17 15:02:03,496 P14664 INFO Epoch 10/50, test f1: 0.51064 rc: 0.42857 pc: 0.63158. [0.33s]
2026-09-17 15:02:03,496 P14664 INFO early stopping epoch 9/15
2026-09-17 15:02:03,677 P14664 INFO Epoch 11/50, train generator loss: 0.50508
2026-09-17 15:02:03,825 P14664 INFO Epoch 11/50, train discriminator loss: 5.46790
2026-09-17 15:02:04,025 P14664 INFO *** Test time is 0.1992497444152832
2026-09-17 15:02:04,037 P14664 INFO Epoch 11/50, test f1: 0.51064 rc: 0.42857 pc: 0.63158. [0.33s]
2026-09-17 15:02:04,037 P14664 INFO early stopping epoch 10/15
2026-09-17 15:02:04,259 P14664 INFO Epoch 12/50, train generator loss: 0.49717
2026-09-17 15:02:04,431 P14664 INFO Epoch 12/50, train discriminator loss: 5.53431
2026-09-17 15:02:04,631 P14664 INFO *** Test time is 0.19916915893554688
2026-09-17 15:02:04,631 P14664 INFO Epoch 12/50, test f1: 0.47826 rc: 0.39286 pc: 0.61111. [0.39s]
2026-09-17 15:02:04,631 P14664 INFO early stopping epoch 11/15
2026-09-17 15:02:04,815 P14664 INFO Epoch 13/50, train generator loss: 0.48482
2026-09-17 15:02:04,906 P14664 INFO Epoch 13/50, train discriminator loss: 5.55290
2026-09-17 15:02:05,080 P14664 INFO *** Test time is 0.1739025115966797
2026-09-17 15:02:05,080 P14664 INFO Epoch 13/50, test f1: 0.47826 rc: 0.39286 pc: 0.61111. [0.28s]
2026-09-17 15:02:05,080 P14664 INFO early stopping epoch 12/15
2026-09-17 15:02:05,182 P14664 INFO Epoch 14/50, train generator loss: 0.48298
2026-09-17 15:02:05,286 P14664 INFO Epoch 14/50, train discriminator loss: 5.57742
2026-09-17 15:02:05,444 P14664 INFO *** Test time is 0.15705180168151855
2026-09-17 15:02:05,444 P14664 INFO Epoch 14/50, test f1: 0.47826 rc: 0.39286 pc: 0.61111. [0.21s]
2026-09-17 15:02:05,444 P14664 INFO early stopping epoch 13/15
2026-09-17 15:02:05,608 P14664 INFO Epoch 15/50, train generator loss: 0.46229
2026-09-17 15:02:05,780 P14664 INFO Epoch 15/50, train discriminator loss: 5.60119
2026-09-17 15:02:05,918 P14664 INFO *** Test time is 0.1376333236694336
2026-09-17 15:02:05,918 P14664 INFO Epoch 15/50, test f1: 0.47826 rc: 0.39286 pc: 0.61111. [0.34s]
2026-09-17 15:02:05,918 P14664 INFO early stopping epoch 14/15
2026-09-17 15:02:06,018 P14664 INFO Epoch 16/50, train generator loss: 0.42721
2026-09-17 15:02:06,128 P14664 INFO Epoch 16/50, train discriminator loss: 5.60587
2026-09-17 15:02:06,281 P14664 INFO *** Test time is 0.15351247787475586
2026-09-17 15:02:06,281 P14664 INFO Epoch 16/50, test f1: 0.47826 rc: 0.39286 pc: 0.61111. [0.21s]
2026-09-17 15:02:06,281 P14664 INFO early stopping epoch 15/15
2026-09-17 15:02:06,281 P14664 INFO Early stopping
2026-09-17 15:02:06,379 P14664 INFO Threshold (p=95.0, src=val): 1.565465
2026-09-17 15:02:06,412 P14664 INFO *** Test F1 0.7917  of unsupervised traning
2026-09-17 15:02:06,412 P14664 INFO *** Best F1 {'f1': 0.88, 'rc': 0.7857142857142857, 'pc': 1.0, 'threshold': np.float64(1.6348771047592163)}  of unsupervised traning
2026-09-17 15:02:06,412 P14664 INFO Current hash id 801121a1
