2026-09-17 15:02:37,555 P4504 INFO ^^^^^^^^^^ Current Model:hades, 0a6e74a9 ^^^^^^^^^^
2026-09-17 15:02:37,555 P4504 INFO Load from D:\UAM-AD\data\sn
2026-09-17 15:02:37,761 P4504 INFO 375 unique log templates found.
2026-09-17 15:02:37,768 P4504 INFO Transforming unlabel train data.
2026-09-17 15:02:37,794 P4504 INFO Transforming test data.
2026-09-17 15:02:37,810 P4504 INFO 713 new templates show.
2026-09-17 15:02:37,842 P4504 INFO Transforming val data.
2026-09-17 15:02:37,858 P4504 INFO 77 new templates show.
2026-09-17 15:02:37,858 P4504 INFO Data loaded done!
2026-09-17 15:02:37,889 P4504 INFO Known word number: 375
2026-09-17 15:02:38,081 P4504 INFO Epoch 0/50, train generator loss: 1.60711
2026-09-17 15:02:38,201 P4504 INFO Epoch 0/50, train discriminator loss: 5.38541
2026-09-17 15:02:38,350 P4504 INFO *** Test time is 0.1479027271270752
2026-09-17 15:02:38,350 P4504 INFO Epoch 0/50, test f1: 0.77273 rc: 0.65385 pc: 0.94444. [0.25s]
2026-09-17 15:02:38,508 P4504 INFO Epoch 1/50, train generator loss: 1.41030
2026-09-17 15:02:38,604 P4504 INFO Epoch 1/50, train discriminator loss: 4.81737
2026-09-17 15:02:38,756 P4504 INFO *** Test time is 0.15196990966796875
2026-09-17 15:02:38,756 P4504 INFO Epoch 1/50, test f1: 0.77273 rc: 0.65385 pc: 0.94444. [0.24s]
2026-09-17 15:02:38,756 P4504 INFO early stopping epoch 1/15
2026-09-17 15:02:38,877 P4504 INFO Epoch 2/50, train generator loss: 1.32684
2026-09-17 15:02:38,984 P4504 INFO Epoch 2/50, train discriminator loss: 4.73219
2026-09-17 15:02:39,130 P4504 INFO *** Test time is 0.14584636688232422
2026-09-17 15:02:39,130 P4504 INFO Epoch 2/50, test f1: 0.77273 rc: 0.65385 pc: 0.94444. [0.23s]
2026-09-17 15:02:39,130 P4504 INFO early stopping epoch 2/15
2026-09-17 15:02:39,278 P4504 INFO Epoch 3/50, train generator loss: 1.23864
2026-09-17 15:02:39,383 P4504 INFO Epoch 3/50, train discriminator loss: 5.24135
2026-09-17 15:02:39,528 P4504 INFO *** Test time is 0.14458441734313965
2026-09-17 15:02:39,528 P4504 INFO Epoch 3/50, test f1: 0.77273 rc: 0.65385 pc: 0.94444. [0.25s]
2026-09-17 15:02:39,528 P4504 INFO early stopping epoch 3/15
2026-09-17 15:02:39,675 P4504 INFO Epoch 4/50, train generator loss: 1.11505
2026-09-17 15:02:39,839 P4504 INFO Epoch 4/50, train discriminator loss: 6.56534
2026-09-17 15:02:40,050 P4504 INFO *** Test time is 0.21170854568481445
2026-09-17 15:02:40,050 P4504 INFO Epoch 4/50, test f1: 0.80000 rc: 0.69231 pc: 0.94737. [0.31s]
2026-09-17 15:02:40,267 P4504 INFO Epoch 5/50, train generator loss: 0.96604
2026-09-17 15:02:40,411 P4504 INFO Epoch 5/50, train discriminator loss: 7.99106
2026-09-17 15:02:40,607 P4504 INFO *** Test time is 0.19562721252441406
2026-09-17 15:02:40,607 P4504 INFO Epoch 5/50, test f1: 0.39024 rc: 0.30769 pc: 0.53333. [0.34s]
2026-09-17 15:02:40,607 P4504 INFO early stopping epoch 1/15
2026-09-17 15:02:40,794 P4504 INFO Epoch 6/50, train generator loss: 0.80567
2026-09-17 15:02:40,938 P4504 INFO Epoch 6/50, train discriminator loss: 8.62783
2026-09-17 15:02:41,155 P4504 INFO *** Test time is 0.2165846824645996
2026-09-17 15:02:41,155 P4504 INFO Epoch 6/50, test f1: 0.15789 rc: 0.11538 pc: 0.25000. [0.33s]
2026-09-17 15:02:41,155 P4504 INFO early stopping epoch 2/15
2026-09-17 15:02:41,362 P4504 INFO Epoch 7/50, train generator loss: 0.66117
2026-09-17 15:02:41,525 P4504 INFO Epoch 7/50, train discriminator loss: 8.17177
2026-09-17 15:02:41,733 P4504 INFO *** Test time is 0.2083113193511963
2026-09-17 15:02:41,733 P4504 INFO Epoch 7/50, test f1: 0.16216 rc: 0.11538 pc: 0.27273. [0.37s]
2026-09-17 15:02:41,733 P4504 INFO early stopping epoch 3/15
2026-09-17 15:02:41,888 P4504 INFO Epoch 8/50, train generator loss: 0.64381
2026-09-17 15:02:42,058 P4504 INFO Epoch 8/50, train discriminator loss: 6.67441
2026-09-17 15:02:42,270 P4504 INFO *** Test time is 0.21145200729370117
2026-09-17 15:02:42,270 P4504 INFO Epoch 8/50, test f1: 0.15789 rc: 0.11538 pc: 0.25000. [0.33s]
2026-09-17 15:02:42,270 P4504 INFO early stopping epoch 4/15
2026-09-17 15:02:42,386 P4504 INFO Epoch 9/50, train generator loss: 0.55796
2026-09-17 15:02:42,480 P4504 INFO Epoch 9/50, train discriminator loss: 5.66438
2026-09-17 15:02:42,638 P4504 INFO *** Test time is 0.15799474716186523
2026-09-17 15:02:42,638 P4504 INFO Epoch 9/50, test f1: 0.15789 rc: 0.11538 pc: 0.25000. [0.21s]
2026-09-17 15:02:42,638 P4504 INFO early stopping epoch 5/15
2026-09-17 15:02:42,748 P4504 INFO Epoch 10/50, train generator loss: 0.48205
2026-09-17 15:02:42,829 P4504 INFO Epoch 10/50, train discriminator loss: 5.44625
2026-09-17 15:02:43,000 P4504 INFO *** Test time is 0.17159724235534668
2026-09-17 15:02:43,000 P4504 INFO Epoch 10/50, test f1: 0.15789 rc: 0.11538 pc: 0.25000. [0.19s]
2026-09-17 15:02:43,000 P4504 INFO early stopping epoch 6/15
2026-09-17 15:02:43,117 P4504 INFO Epoch 11/50, train generator loss: 0.50978
2026-09-17 15:02:43,222 P4504 INFO Epoch 11/50, train discriminator loss: 5.58857
2026-09-17 15:02:43,362 P4504 INFO *** Test time is 0.14009785652160645
2026-09-17 15:02:43,362 P4504 INFO Epoch 11/50, test f1: 0.15789 rc: 0.11538 pc: 0.25000. [0.22s]
2026-09-17 15:02:43,362 P4504 INFO early stopping epoch 7/15
2026-09-17 15:02:43,488 P4504 INFO Epoch 12/50, train generator loss: 0.49231
2026-09-17 15:02:43,600 P4504 INFO Epoch 12/50, train discriminator loss: 5.75621
2026-09-17 15:02:43,758 P4504 INFO *** Test time is 0.15775084495544434
2026-09-17 15:02:43,758 P4504 INFO Epoch 12/50, test f1: 0.15789 rc: 0.11538 pc: 0.25000. [0.24s]
2026-09-17 15:02:43,758 P4504 INFO early stopping epoch 8/15
2026-09-17 15:02:43,867 P4504 INFO Epoch 13/50, train generator loss: 0.49575
2026-09-17 15:02:43,977 P4504 INFO Epoch 13/50, train discriminator loss: 5.75882
2026-09-17 15:02:44,121 P4504 INFO *** Test time is 0.14426779747009277
2026-09-17 15:02:44,121 P4504 INFO Epoch 13/50, test f1: 0.15789 rc: 0.11538 pc: 0.25000. [0.22s]
2026-09-17 15:02:44,121 P4504 INFO early stopping epoch 9/15
2026-09-17 15:02:44,277 P4504 INFO Epoch 14/50, train generator loss: 0.50776
2026-09-17 15:02:44,391 P4504 INFO Epoch 14/50, train discriminator loss: 5.69273
2026-09-17 15:02:44,565 P4504 INFO *** Test time is 0.1734943389892578
2026-09-17 15:02:44,565 P4504 INFO Epoch 14/50, test f1: 0.15789 rc: 0.11538 pc: 0.25000. [0.27s]
2026-09-17 15:02:44,565 P4504 INFO early stopping epoch 10/15
2026-09-17 15:02:44,675 P4504 INFO Epoch 15/50, train generator loss: 0.45216
2026-09-17 15:02:44,793 P4504 INFO Epoch 15/50, train discriminator loss: 5.67263
2026-09-17 15:02:44,950 P4504 INFO *** Test time is 0.15714573860168457
2026-09-17 15:02:44,950 P4504 INFO Epoch 15/50, test f1: 0.15789 rc: 0.11538 pc: 0.25000. [0.23s]
2026-09-17 15:02:44,950 P4504 INFO early stopping epoch 11/15
2026-09-17 15:02:45,076 P4504 INFO Epoch 16/50, train generator loss: 0.41738
2026-09-17 15:02:45,185 P4504 INFO Epoch 16/50, train discriminator loss: 5.67673
2026-09-17 15:02:45,343 P4504 INFO *** Test time is 0.158036470413208
2026-09-17 15:02:45,343 P4504 INFO Epoch 16/50, test f1: 0.15789 rc: 0.11538 pc: 0.25000. [0.23s]
2026-09-17 15:02:45,343 P4504 INFO early stopping epoch 12/15
2026-09-17 15:02:45,493 P4504 INFO Epoch 17/50, train generator loss: 0.40545
2026-09-17 15:02:45,594 P4504 INFO Epoch 17/50, train discriminator loss: 5.65204
2026-09-17 15:02:45,737 P4504 INFO *** Test time is 0.1434154510498047
2026-09-17 15:02:45,737 P4504 INFO Epoch 17/50, test f1: 0.16216 rc: 0.11538 pc: 0.27273. [0.25s]
2026-09-17 15:02:45,737 P4504 INFO early stopping epoch 13/15
2026-09-17 15:02:45,873 P4504 INFO Epoch 18/50, train generator loss: 0.37944
2026-09-17 15:02:46,019 P4504 INFO Epoch 18/50, train discriminator loss: 5.60873
2026-09-17 15:02:46,186 P4504 INFO *** Test time is 0.16734099388122559
2026-09-17 15:02:46,186 P4504 INFO Epoch 18/50, test f1: 0.16216 rc: 0.11538 pc: 0.27273. [0.28s]
2026-09-17 15:02:46,186 P4504 INFO early stopping epoch 14/15
2026-09-17 15:02:46,286 P4504 INFO Epoch 19/50, train generator loss: 0.37565
2026-09-17 15:02:46,428 P4504 INFO Epoch 19/50, train discriminator loss: 5.55993
2026-09-17 15:02:46,632 P4504 INFO *** Test time is 0.20444965362548828
2026-09-17 15:02:46,632 P4504 INFO Epoch 19/50, test f1: 0.16667 rc: 0.11538 pc: 0.30000. [0.24s]
2026-09-17 15:02:46,632 P4504 INFO early stopping epoch 15/15
2026-09-17 15:02:46,632 P4504 INFO Early stopping
2026-09-17 15:02:46,791 P4504 INFO Threshold (p=95.0, src=val): 1.076324
2026-09-17 15:02:46,855 P4504 INFO *** Test F1 0.8846  of unsupervised traning
2026-09-17 15:02:46,855 P4504 INFO *** Best F1 {'f1': 0.8, 'rc': 0.6923076923076923, 'pc': 0.9473684210526315, 'threshold': np.float64(1.140532636642456)}  of unsupervised traning
2026-09-17 15:02:46,857 P4504 INFO Current hash id 0a6e74a9
