2026-09-16 11:10:33,907 P14652 INFO ^^^^^^^^^^ Current Model:hades, a3be0c14 ^^^^^^^^^^
2026-09-16 11:10:33,907 P14652 INFO Load from D:\UAM-AD\data\sn
2026-09-16 11:10:34,145 P14652 INFO 375 unique log templates found.
2026-09-16 11:10:34,145 P14652 INFO Transforming unlabel train data.
2026-09-16 11:10:34,193 P14652 INFO Transforming test data.
2026-09-16 11:10:34,233 P14652 INFO 193 new templates show.
2026-09-16 11:10:34,265 P14652 INFO Transforming val data.
2026-09-16 11:10:34,265 P14652 INFO 77 new templates show.
2026-09-16 11:10:34,265 P14652 INFO Data loaded done!
2026-09-16 11:10:34,320 P14652 INFO Known word number: 375
2026-09-16 11:10:34,551 P14652 INFO Epoch 0/10, train generator loss: 1.53638
2026-09-16 11:10:34,686 P14652 INFO Epoch 0/10, train discriminator loss: 5.63244
2026-09-16 11:10:34,864 P14652 INFO *** Test time is 0.17808747291564941
2026-09-16 11:10:34,864 P14652 INFO Epoch 0/10, test f1: 0.54545 rc: 0.50000 pc: 0.60000. [0.28s]
2026-09-16 11:10:35,001 P14652 INFO Epoch 1/10, train generator loss: 1.41674
2026-09-16 11:10:35,111 P14652 INFO Epoch 1/10, train discriminator loss: 5.02121
2026-09-16 11:10:35,243 P14652 INFO *** Test time is 0.13243603706359863
2026-09-16 11:10:35,243 P14652 INFO Epoch 1/10, test f1: 0.54545 rc: 0.50000 pc: 0.60000. [0.23s]
2026-09-16 11:10:35,243 P14652 INFO early stopping epoch 1/5
2026-09-16 11:10:35,384 P14652 INFO Epoch 2/10, train generator loss: 1.38528
2026-09-16 11:10:35,496 P14652 INFO Epoch 2/10, train discriminator loss: 4.60284
2026-09-16 11:10:35,639 P14652 INFO *** Test time is 0.14301657676696777
2026-09-16 11:10:35,639 P14652 INFO Epoch 2/10, test f1: 0.54545 rc: 0.50000 pc: 0.60000. [0.25s]
2026-09-16 11:10:35,639 P14652 INFO early stopping epoch 2/5
2026-09-16 11:10:35,765 P14652 INFO Epoch 3/10, train generator loss: 1.39584
2026-09-16 11:10:35,863 P14652 INFO Epoch 3/10, train discriminator loss: 4.30744
2026-09-16 11:10:36,014 P14652 INFO *** Test time is 0.1513354778289795
2026-09-16 11:10:36,014 P14652 INFO Epoch 3/10, test f1: 0.54545 rc: 0.50000 pc: 0.60000. [0.22s]
2026-09-16 11:10:36,014 P14652 INFO early stopping epoch 3/5
2026-09-16 11:10:36,142 P14652 INFO Epoch 4/10, train generator loss: 1.43052
2026-09-16 11:10:36,241 P14652 INFO Epoch 4/10, train discriminator loss: 4.11169
2026-09-16 11:10:36,394 P14652 INFO *** Test time is 0.15233373641967773
2026-09-16 11:10:36,394 P14652 INFO Epoch 4/10, test f1: 0.54545 rc: 0.50000 pc: 0.60000. [0.23s]
2026-09-16 11:10:36,394 P14652 INFO early stopping epoch 4/5
2026-09-16 11:10:36,563 P14652 INFO Epoch 5/10, train generator loss: 1.47124
2026-09-16 11:10:36,673 P14652 INFO Epoch 5/10, train discriminator loss: 3.98001
2026-09-16 11:10:36,822 P14652 INFO *** Test time is 0.1485457420349121
2026-09-16 11:10:36,822 P14652 INFO Epoch 5/10, test f1: 0.54545 rc: 0.50000 pc: 0.60000. [0.28s]
2026-09-16 11:10:36,822 P14652 INFO early stopping epoch 5/5
2026-09-16 11:10:36,822 P14652 INFO Early stopping
2026-09-16 11:10:36,949 P14652 INFO Threshold (p=95.0, src=val): 1.752824
2026-09-16 11:10:36,981 P14652 INFO *** Test F1 0.5000  of unsupervised traning
2026-09-16 11:10:36,981 P14652 INFO *** Best F1 {'f1': 0.5454545454545454, 'rc': 0.5, 'pc': 0.6, 'threshold': np.float64(1.7795047044754029)}  of unsupervised traning
2026-09-16 11:10:36,981 P14652 INFO Current hash id a3be0c14
