2026-09-17 14:55:28,780 P29480 INFO ^^^^^^^^^^ Current Model:hades, 5565b428 ^^^^^^^^^^
2026-09-17 14:55:28,780 P29480 INFO Load from D:\UAM-AD\data\sn
2026-09-17 14:55:29,259 P29480 INFO 375 unique log templates found.
2026-09-17 14:55:29,265 P29480 INFO Transforming unlabel train data.
2026-09-17 14:55:29,310 P29480 INFO Transforming test data.
2026-09-17 14:55:29,352 P29480 INFO 721 new templates show.
2026-09-17 14:55:29,405 P29480 INFO Transforming val data.
2026-09-17 14:55:29,405 P29480 INFO 77 new templates show.
2026-09-17 14:55:29,409 P29480 INFO Data loaded done!
2026-09-17 14:55:29,467 P29480 INFO Known word number: 375
2026-09-17 14:55:31,796 P29480 INFO Epoch 0/50, train generator loss: 1.50452
2026-09-17 14:55:31,971 P29480 INFO Epoch 0/50, train discriminator loss: 5.80642
2026-09-17 14:55:32,113 P29480 INFO *** Test time is 0.14103174209594727
2026-09-17 14:55:32,113 P29480 INFO Epoch 0/50, test f1: 0.73077 rc: 0.63333 pc: 0.86364. [0.76s]
2026-09-17 14:55:32,261 P29480 INFO Epoch 1/50, train generator loss: 1.37008
2026-09-17 14:55:32,365 P29480 INFO Epoch 1/50, train discriminator loss: 5.19642
2026-09-17 14:55:32,538 P29480 INFO *** Test time is 0.1728076934814453
2026-09-17 14:55:32,538 P29480 INFO Epoch 1/50, test f1: 0.73077 rc: 0.63333 pc: 0.86364. [0.24s]
2026-09-17 14:55:32,538 P29480 INFO early stopping epoch 1/15
2026-09-17 14:55:32,660 P29480 INFO Epoch 2/50, train generator loss: 1.29125
2026-09-17 14:55:32,793 P29480 INFO Epoch 2/50, train discriminator loss: 5.03104
2026-09-17 14:55:32,955 P29480 INFO *** Test time is 0.16210150718688965
2026-09-17 14:55:32,957 P29480 INFO Epoch 2/50, test f1: 0.73077 rc: 0.63333 pc: 0.86364. [0.26s]
2026-09-17 14:55:32,957 P29480 INFO early stopping epoch 2/15
2026-09-17 14:55:33,073 P29480 INFO Epoch 3/50, train generator loss: 1.19508
2026-09-17 14:55:33,192 P29480 INFO Epoch 3/50, train discriminator loss: 5.45063
2026-09-17 14:55:33,398 P29480 INFO *** Test time is 0.20597434043884277
2026-09-17 14:55:33,400 P29480 INFO Epoch 3/50, test f1: 0.74510 rc: 0.63333 pc: 0.90476. [0.23s]
2026-09-17 14:55:33,531 P29480 INFO Epoch 4/50, train generator loss: 1.06924
2026-09-17 14:55:33,635 P29480 INFO Epoch 4/50, train discriminator loss: 6.45338
2026-09-17 14:55:33,784 P29480 INFO *** Test time is 0.1498706340789795
2026-09-17 14:55:33,784 P29480 INFO Epoch 4/50, test f1: 0.74510 rc: 0.63333 pc: 0.90476. [0.23s]
2026-09-17 14:55:33,784 P29480 INFO early stopping epoch 1/15
2026-09-17 14:55:33,918 P29480 INFO Epoch 5/50, train generator loss: 0.91468
2026-09-17 14:55:34,022 P29480 INFO Epoch 5/50, train discriminator loss: 7.51486
2026-09-17 14:55:34,166 P29480 INFO *** Test time is 0.1438579559326172
2026-09-17 14:55:34,166 P29480 INFO Epoch 5/50, test f1: 0.64000 rc: 0.53333 pc: 0.80000. [0.24s]
2026-09-17 14:55:34,166 P29480 INFO early stopping epoch 2/15
2026-09-17 14:55:34,294 P29480 INFO Epoch 6/50, train generator loss: 0.74671
2026-09-17 14:55:34,424 P29480 INFO Epoch 6/50, train discriminator loss: 8.18157
2026-09-17 14:55:34,639 P29480 INFO *** Test time is 0.21439623832702637
2026-09-17 14:55:34,639 P29480 INFO Epoch 6/50, test f1: 0.54902 rc: 0.46667 pc: 0.66667. [0.26s]
2026-09-17 14:55:34,639 P29480 INFO early stopping epoch 3/15
2026-09-17 14:55:34,825 P29480 INFO Epoch 7/50, train generator loss: 0.67580
2026-09-17 14:55:34,985 P29480 INFO Epoch 7/50, train discriminator loss: 7.77122
2026-09-17 14:55:35,196 P29480 INFO *** Test time is 0.21043848991394043
2026-09-17 14:55:35,196 P29480 INFO Epoch 7/50, test f1: 0.54902 rc: 0.46667 pc: 0.66667. [0.35s]
2026-09-17 14:55:35,196 P29480 INFO early stopping epoch 4/15
2026-09-17 14:55:35,404 P29480 INFO Epoch 8/50, train generator loss: 0.64158
2026-09-17 14:55:35,541 P29480 INFO Epoch 8/50, train discriminator loss: 6.80256
2026-09-17 14:55:35,744 P29480 INFO *** Test time is 0.20291638374328613
2026-09-17 14:55:35,744 P29480 INFO Epoch 8/50, test f1: 0.54902 rc: 0.46667 pc: 0.66667. [0.35s]
2026-09-17 14:55:35,744 P29480 INFO early stopping epoch 5/15
2026-09-17 14:55:35,941 P29480 INFO Epoch 9/50, train generator loss: 0.55343
2026-09-17 14:55:36,075 P29480 INFO Epoch 9/50, train discriminator loss: 6.03626
2026-09-17 14:55:36,293 P29480 INFO *** Test time is 0.2173159122467041
2026-09-17 14:55:36,296 P29480 INFO Epoch 9/50, test f1: 0.48980 rc: 0.40000 pc: 0.63158. [0.33s]
2026-09-17 14:55:36,296 P29480 INFO early stopping epoch 6/15
2026-09-17 14:55:36,480 P29480 INFO Epoch 10/50, train generator loss: 0.53326
2026-09-17 14:55:36,629 P29480 INFO Epoch 10/50, train discriminator loss: 5.74511
2026-09-17 14:55:36,890 P29480 INFO *** Test time is 0.26042675971984863
2026-09-17 14:55:36,890 P29480 INFO Epoch 10/50, test f1: 0.54902 rc: 0.46667 pc: 0.66667. [0.33s]
2026-09-17 14:55:36,890 P29480 INFO early stopping epoch 7/15
2026-09-17 14:55:37,061 P29480 INFO Epoch 11/50, train generator loss: 0.55498
2026-09-17 14:55:37,151 P29480 INFO Epoch 11/50, train discriminator loss: 5.66080
2026-09-17 14:55:37,321 P29480 INFO *** Test time is 0.17022275924682617
2026-09-17 14:55:37,321 P29480 INFO Epoch 11/50, test f1: 0.48980 rc: 0.40000 pc: 0.63158. [0.26s]
2026-09-17 14:55:37,321 P29480 INFO early stopping epoch 8/15
2026-09-17 14:55:37,457 P29480 INFO Epoch 12/50, train generator loss: 0.54308
2026-09-17 14:55:37,562 P29480 INFO Epoch 12/50, train discriminator loss: 5.58890
2026-09-17 14:55:37,705 P29480 INFO *** Test time is 0.1426863670349121
2026-09-17 14:55:37,705 P29480 INFO Epoch 12/50, test f1: 0.48980 rc: 0.40000 pc: 0.63158. [0.24s]
2026-09-17 14:55:37,705 P29480 INFO early stopping epoch 9/15
2026-09-17 14:55:37,847 P29480 INFO Epoch 13/50, train generator loss: 0.53159
2026-09-17 14:55:37,943 P29480 INFO Epoch 13/50, train discriminator loss: 5.53041
2026-09-17 14:55:38,098 P29480 INFO *** Test time is 0.15500473976135254
2026-09-17 14:55:38,098 P29480 INFO Epoch 13/50, test f1: 0.48980 rc: 0.40000 pc: 0.63158. [0.24s]
2026-09-17 14:55:38,098 P29480 INFO early stopping epoch 10/15
2026-09-17 14:55:38,213 P29480 INFO Epoch 14/50, train generator loss: 0.50714
2026-09-17 14:55:38,311 P29480 INFO Epoch 14/50, train discriminator loss: 5.52324
2026-09-17 14:55:38,463 P29480 INFO *** Test time is 0.15238404273986816
2026-09-17 14:55:38,463 P29480 INFO Epoch 14/50, test f1: 0.48980 rc: 0.40000 pc: 0.63158. [0.21s]
2026-09-17 14:55:38,463 P29480 INFO early stopping epoch 11/15
2026-09-17 14:55:38,594 P29480 INFO Epoch 15/50, train generator loss: 0.47491
2026-09-17 14:55:38,709 P29480 INFO Epoch 15/50, train discriminator loss: 5.57192
2026-09-17 14:55:38,845 P29480 INFO *** Test time is 0.13512277603149414
2026-09-17 14:55:38,845 P29480 INFO Epoch 15/50, test f1: 0.48980 rc: 0.40000 pc: 0.63158. [0.25s]
2026-09-17 14:55:38,845 P29480 INFO early stopping epoch 12/15
2026-09-17 14:55:39,003 P29480 INFO Epoch 16/50, train generator loss: 0.44197
2026-09-17 14:55:39,114 P29480 INFO Epoch 16/50, train discriminator loss: 5.62025
2026-09-17 14:55:39,273 P29480 INFO *** Test time is 0.15892505645751953
2026-09-17 14:55:39,273 P29480 INFO Epoch 16/50, test f1: 0.48980 rc: 0.40000 pc: 0.63158. [0.27s]
2026-09-17 14:55:39,273 P29480 INFO early stopping epoch 13/15
2026-09-17 14:55:39,439 P29480 INFO Epoch 17/50, train generator loss: 0.43871
2026-09-17 14:55:39,545 P29480 INFO Epoch 17/50, train discriminator loss: 5.62890
2026-09-17 14:55:39,703 P29480 INFO *** Test time is 0.1582350730895996
2026-09-17 14:55:39,703 P29480 INFO Epoch 17/50, test f1: 0.48980 rc: 0.40000 pc: 0.63158. [0.27s]
2026-09-17 14:55:39,703 P29480 INFO early stopping epoch 14/15
2026-09-17 14:55:39,828 P29480 INFO Epoch 18/50, train generator loss: 0.42214
2026-09-17 14:55:39,925 P29480 INFO Epoch 18/50, train discriminator loss: 5.60428
2026-09-17 14:55:40,065 P29480 INFO *** Test time is 0.1396634578704834
2026-09-17 14:55:40,065 P29480 INFO Epoch 18/50, test f1: 0.48980 rc: 0.40000 pc: 0.63158. [0.22s]
2026-09-17 14:55:40,065 P29480 INFO early stopping epoch 15/15
2026-09-17 14:55:40,065 P29480 INFO Early stopping
2026-09-17 14:55:40,160 P29480 INFO Threshold (p=95.0, src=val): 1.344812
2026-09-17 14:55:40,192 P29480 INFO *** Test F1 0.9524  of unsupervised traning
2026-09-17 14:55:40,192 P29480 INFO *** Best F1 {'f1': 0.7450980392156863, 'rc': 0.6333333333333333, 'pc': 0.9047619047619048, 'threshold': np.float64(1.4756725120544434)}  of unsupervised traning
2026-09-17 14:55:40,192 P29480 INFO Current hash id 5565b428
