2026-09-17 14:53:14,207 P10552 INFO ^^^^^^^^^^ Current Model:hades, d79915dc ^^^^^^^^^^
2026-09-17 14:53:14,207 P10552 INFO Load from D:\UAM-AD\data\sn
2026-09-17 14:53:14,400 P10552 INFO 375 unique log templates found.
2026-09-17 14:53:14,416 P10552 INFO Transforming unlabel train data.
2026-09-17 14:53:14,432 P10552 INFO Transforming test data.
2026-09-17 14:53:14,463 P10552 INFO 738 new templates show.
2026-09-17 14:53:14,511 P10552 INFO Transforming val data.
2026-09-17 14:53:14,511 P10552 INFO 77 new templates show.
2026-09-17 14:53:14,511 P10552 INFO Data loaded done!
2026-09-17 14:53:14,546 P10552 INFO Known word number: 375
2026-09-17 14:53:14,738 P10552 INFO Epoch 0/50, train generator loss: 1.45708
2026-09-17 14:53:14,858 P10552 INFO Epoch 0/50, train discriminator loss: 5.38703
2026-09-17 14:53:15,020 P10552 INFO *** Test time is 0.16154861450195312
2026-09-17 14:53:15,020 P10552 INFO Epoch 0/50, test f1: 0.73846 rc: 0.58537 pc: 1.00000. [0.27s]
2026-09-17 14:53:15,176 P10552 INFO Epoch 1/50, train generator loss: 1.37222
2026-09-17 14:53:15,293 P10552 INFO Epoch 1/50, train discriminator loss: 4.85958
2026-09-17 14:53:15,449 P10552 INFO *** Test time is 0.15674757957458496
2026-09-17 14:53:15,449 P10552 INFO Epoch 1/50, test f1: 0.73846 rc: 0.58537 pc: 1.00000. [0.26s]
2026-09-17 14:53:15,449 P10552 INFO early stopping epoch 1/15
2026-09-17 14:53:15,605 P10552 INFO Epoch 2/50, train generator loss: 1.27407
2026-09-17 14:53:15,717 P10552 INFO Epoch 2/50, train discriminator loss: 4.84711
2026-09-17 14:53:15,891 P10552 INFO *** Test time is 0.17418146133422852
2026-09-17 14:53:15,891 P10552 INFO Epoch 2/50, test f1: 0.73846 rc: 0.58537 pc: 1.00000. [0.27s]
2026-09-17 14:53:15,891 P10552 INFO early stopping epoch 2/15
2026-09-17 14:53:16,036 P10552 INFO Epoch 3/50, train generator loss: 1.14731
2026-09-17 14:53:16,212 P10552 INFO Epoch 3/50, train discriminator loss: 5.51790
2026-09-17 14:53:16,419 P10552 INFO *** Test time is 0.20698332786560059
2026-09-17 14:53:16,419 P10552 INFO Epoch 3/50, test f1: 0.73846 rc: 0.58537 pc: 1.00000. [0.32s]
2026-09-17 14:53:16,419 P10552 INFO early stopping epoch 3/15
2026-09-17 14:53:16,643 P10552 INFO Epoch 4/50, train generator loss: 1.01808
2026-09-17 14:53:16,821 P10552 INFO Epoch 4/50, train discriminator loss: 6.66583
2026-09-17 14:53:17,026 P10552 INFO *** Test time is 0.20473647117614746
2026-09-17 14:53:17,026 P10552 INFO Epoch 4/50, test f1: 0.73846 rc: 0.58537 pc: 1.00000. [0.39s]
2026-09-17 14:53:17,026 P10552 INFO early stopping epoch 4/15
2026-09-17 14:53:17,239 P10552 INFO Epoch 5/50, train generator loss: 0.84762
2026-09-17 14:53:17,380 P10552 INFO Epoch 5/50, train discriminator loss: 7.69908
2026-09-17 14:53:17,536 P10552 INFO *** Test time is 0.1559462547302246
2026-09-17 14:53:17,536 P10552 INFO Epoch 5/50, test f1: 0.73846 rc: 0.58537 pc: 1.00000. [0.35s]
2026-09-17 14:53:17,536 P10552 INFO early stopping epoch 5/15
2026-09-17 14:53:17,681 P10552 INFO Epoch 6/50, train generator loss: 0.63834
2026-09-17 14:53:17,818 P10552 INFO Epoch 6/50, train discriminator loss: 8.19917
2026-09-17 14:53:17,979 P10552 INFO *** Test time is 0.16094398498535156
2026-09-17 14:53:17,979 P10552 INFO Epoch 6/50, test f1: 0.69841 rc: 0.53659 pc: 1.00000. [0.28s]
2026-09-17 14:53:17,979 P10552 INFO early stopping epoch 6/15
2026-09-17 14:53:18,103 P10552 INFO Epoch 7/50, train generator loss: 0.64332
2026-09-17 14:53:18,226 P10552 INFO Epoch 7/50, train discriminator loss: 7.23234
2026-09-17 14:53:18,386 P10552 INFO *** Test time is 0.15949463844299316
2026-09-17 14:53:18,386 P10552 INFO Epoch 7/50, test f1: 0.68750 rc: 0.53659 pc: 0.95652. [0.25s]
2026-09-17 14:53:18,386 P10552 INFO early stopping epoch 7/15
2026-09-17 14:53:18,504 P10552 INFO Epoch 8/50, train generator loss: 0.63296
2026-09-17 14:53:18,632 P10552 INFO Epoch 8/50, train discriminator loss: 6.09886
2026-09-17 14:53:18,800 P10552 INFO *** Test time is 0.1678636074066162
2026-09-17 14:53:18,800 P10552 INFO Epoch 8/50, test f1: 0.68750 rc: 0.53659 pc: 0.95652. [0.25s]
2026-09-17 14:53:18,800 P10552 INFO early stopping epoch 8/15
2026-09-17 14:53:18,928 P10552 INFO Epoch 9/50, train generator loss: 0.54364
2026-09-17 14:53:19,053 P10552 INFO Epoch 9/50, train discriminator loss: 5.46158
2026-09-17 14:53:19,240 P10552 INFO *** Test time is 0.1874094009399414
2026-09-17 14:53:19,240 P10552 INFO Epoch 9/50, test f1: 0.69841 rc: 0.53659 pc: 1.00000. [0.25s]
2026-09-17 14:53:19,240 P10552 INFO early stopping epoch 9/15
2026-09-17 14:53:19,369 P10552 INFO Epoch 10/50, train generator loss: 0.47044
2026-09-17 14:53:19,491 P10552 INFO Epoch 10/50, train discriminator loss: 5.35018
2026-09-17 14:53:19,636 P10552 INFO *** Test time is 0.14482998847961426
2026-09-17 14:53:19,636 P10552 INFO Epoch 10/50, test f1: 0.72727 rc: 0.58537 pc: 0.96000. [0.25s]
2026-09-17 14:53:19,636 P10552 INFO early stopping epoch 10/15
2026-09-17 14:53:19,756 P10552 INFO Epoch 11/50, train generator loss: 0.48708
2026-09-17 14:53:19,867 P10552 INFO Epoch 11/50, train discriminator loss: 5.45548
2026-09-17 14:53:20,029 P10552 INFO *** Test time is 0.16117286682128906
2026-09-17 14:53:20,029 P10552 INFO Epoch 11/50, test f1: 0.73846 rc: 0.58537 pc: 1.00000. [0.23s]
2026-09-17 14:53:20,029 P10552 INFO early stopping epoch 11/15
2026-09-17 14:53:20,175 P10552 INFO Epoch 12/50, train generator loss: 0.54095
2026-09-17 14:53:20,285 P10552 INFO Epoch 12/50, train discriminator loss: 5.60426
2026-09-17 14:53:20,449 P10552 INFO *** Test time is 0.16395306587219238
2026-09-17 14:53:20,449 P10552 INFO Epoch 12/50, test f1: 0.73846 rc: 0.58537 pc: 1.00000. [0.26s]
2026-09-17 14:53:20,449 P10552 INFO early stopping epoch 12/15
2026-09-17 14:53:20,585 P10552 INFO Epoch 13/50, train generator loss: 0.51431
2026-09-17 14:53:20,728 P10552 INFO Epoch 13/50, train discriminator loss: 5.69869
2026-09-17 14:53:20,884 P10552 INFO *** Test time is 0.15542078018188477
2026-09-17 14:53:20,884 P10552 INFO Epoch 13/50, test f1: 0.69841 rc: 0.53659 pc: 1.00000. [0.28s]
2026-09-17 14:53:20,884 P10552 INFO early stopping epoch 13/15
2026-09-17 14:53:21,004 P10552 INFO Epoch 14/50, train generator loss: 0.45905
2026-09-17 14:53:21,142 P10552 INFO Epoch 14/50, train discriminator loss: 5.71584
2026-09-17 14:53:21,358 P10552 INFO *** Test time is 0.20781302452087402
2026-09-17 14:53:21,358 P10552 INFO Epoch 14/50, test f1: 0.68750 rc: 0.53659 pc: 0.95652. [0.27s]
2026-09-17 14:53:21,358 P10552 INFO early stopping epoch 14/15
2026-09-17 14:53:21,539 P10552 INFO Epoch 15/50, train generator loss: 0.44736
2026-09-17 14:53:21,728 P10552 INFO Epoch 15/50, train discriminator loss: 5.67689
2026-09-17 14:53:21,928 P10552 INFO *** Test time is 0.19989323616027832
2026-09-17 14:53:21,928 P10552 INFO Epoch 15/50, test f1: 0.67742 rc: 0.51220 pc: 1.00000. [0.37s]
2026-09-17 14:53:21,928 P10552 INFO early stopping epoch 15/15
2026-09-17 14:53:21,928 P10552 INFO Early stopping
2026-09-17 14:53:22,118 P10552 INFO Threshold (p=95.0, src=val): 1.700139
2026-09-17 14:53:22,171 P10552 INFO *** Test F1 0.9500  of unsupervised traning
2026-09-17 14:53:22,171 P10552 INFO *** Best F1 {'f1': 0.7384615384615385, 'rc': 0.5853658536585366, 'pc': 1.0, 'threshold': np.float64(3.0243095254898074)}  of unsupervised traning
2026-09-17 14:53:22,171 P10552 INFO Current hash id d79915dc
