2026-05-04 00:01:54,501 P21828 INFO ^^^^^^^^^^ Current Model:hades, ad8d760b ^^^^^^^^^^
2026-05-04 00:01:54,501 P21828 INFO Load from D:\UAM-AD\data\rcaeval_re2_ob
2026-05-04 00:02:01,012 P21828 INFO 40 unique log templates found.
2026-05-04 00:02:01,028 P21828 INFO Transforming unlabel train data.
2026-05-04 00:02:01,865 P21828 INFO Transforming test data.
2026-05-04 00:02:02,162 P21828 INFO 1 new templates show.
2026-05-04 00:02:03,589 P21828 INFO Data loaded done!
2026-05-04 00:03:53,173 P21828 INFO Known word number: 40
2026-05-04 00:06:17,133 P21828 INFO Epoch 0/5, train generator loss: 0.21938
2026-05-04 00:08:47,710 P21828 INFO Epoch 0/5, train discriminator loss: 0.17917
2026-05-04 00:08:55,443 P21828 INFO *** Test time is 7.71748161315918
2026-05-04 00:08:55,443 P21828 INFO Epoch 0/5, test f1: 0.70949 rc: 0.56894 pc: 0.94226. [290.92s]
2026-05-04 00:11:23,901 P21828 INFO Epoch 1/5, train generator loss: 0.11994
2026-05-04 00:13:58,813 P21828 INFO Epoch 1/5, train discriminator loss: 0.49491
2026-05-04 00:14:07,310 P21828 INFO *** Test time is 8.481352806091309
2026-05-04 00:14:07,310 P21828 INFO Epoch 1/5, test f1: 0.67952 rc: 0.56044 pc: 0.86288. [303.34s]
2026-05-04 00:14:07,310 P21828 INFO early stopping epoch 1/3
2026-05-04 00:16:38,801 P21828 INFO Epoch 2/5, train generator loss: 0.12259
2026-05-04 00:19:04,975 P21828 INFO Epoch 2/5, train discriminator loss: 0.41035
2026-05-04 00:19:12,576 P21828 INFO *** Test time is 7.583723068237305
2026-05-04 00:19:12,576 P21828 INFO Epoch 2/5, test f1: 0.67391 rc: 0.56784 pc: 0.82872. [297.68s]
2026-05-04 00:19:12,576 P21828 INFO early stopping epoch 2/3
2026-05-04 00:21:39,958 P21828 INFO Epoch 3/5, train generator loss: 0.13293
2026-05-04 00:24:09,124 P21828 INFO Epoch 3/5, train discriminator loss: 0.47217
2026-05-04 00:24:17,940 P21828 INFO *** Test time is 8.816371440887451
2026-05-04 00:24:17,940 P21828 INFO Epoch 3/5, test f1: 0.68592 rc: 0.54804 pc: 0.91649. [296.55s]
2026-05-04 00:24:17,940 P21828 INFO early stopping epoch 3/3
2026-05-04 00:24:17,940 P21828 INFO Early stopping
2026-05-04 00:25:46,165 P21828 INFO Threshold (p=95.0, src=unlabel(fallback)): 0.729199
2026-05-04 00:25:49,097 P21828 INFO *** Test F1 0.5433  of unsupervised traning
2026-05-04 00:25:49,099 P21828 INFO *** Best F1 {'f1': 0.7094914081420828, 'rc': 0.5689447886802922, 'pc': 0.9422576198499004}  of unsupervised traning
2026-05-04 00:25:49,364 P21828 INFO Current hash id ad8d760b
