2026-09-17 11:42:13,607 P26260 INFO ^^^^^^^^^^ Current Model:hades, 6ea00725 ^^^^^^^^^^
2026-09-17 11:42:13,607 P26260 INFO Load from D:\UAM-AD\data\sn
2026-09-17 11:42:13,812 P26260 INFO 375 unique log templates found.
2026-09-17 11:42:13,828 P26260 INFO Transforming unlabel train data.
2026-09-17 11:42:13,844 P26260 INFO Transforming test data.
2026-09-17 11:42:13,875 P26260 INFO 721 new templates show.
2026-09-17 11:42:13,907 P26260 INFO Transforming val data.
2026-09-17 11:42:13,907 P26260 INFO 77 new templates show.
2026-09-17 11:42:13,923 P26260 INFO Data loaded done!
2026-09-17 11:42:13,957 P26260 INFO Known word number: 375
2026-09-17 11:42:14,103 P26260 INFO Epoch 0/10, train generator loss: 1.26706
2026-09-17 11:42:14,179 P26260 INFO Epoch 0/10, train discriminator loss: 2.78315
2026-09-17 11:42:14,331 P26260 INFO *** Test time is 0.15171027183532715
2026-09-17 11:42:14,332 P26260 INFO Epoch 0/10, test f1: 0.84615 rc: 0.73333 pc: 1.00000. [0.19s]
2026-09-17 11:42:14,467 P26260 INFO Epoch 1/10, train generator loss: 1.21430
2026-09-17 11:42:14,560 P26260 INFO Epoch 1/10, train discriminator loss: 2.24680
2026-09-17 11:42:14,699 P26260 INFO *** Test time is 0.13867592811584473
2026-09-17 11:42:14,699 P26260 INFO Epoch 1/10, test f1: 0.84615 rc: 0.73333 pc: 1.00000. [0.22s]
2026-09-17 11:42:14,699 P26260 INFO early stopping epoch 1/5
2026-09-17 11:42:14,812 P26260 INFO Epoch 2/10, train generator loss: 1.19283
2026-09-17 11:42:14,901 P26260 INFO Epoch 2/10, train discriminator loss: 1.85815
2026-09-17 11:42:15,105 P26260 INFO *** Test time is 0.20420265197753906
2026-09-17 11:42:15,105 P26260 INFO Epoch 2/10, test f1: 0.84615 rc: 0.73333 pc: 1.00000. [0.20s]
2026-09-17 11:42:15,119 P26260 INFO early stopping epoch 2/5
2026-09-17 11:42:15,281 P26260 INFO Epoch 3/10, train generator loss: 1.19133
2026-09-17 11:42:15,393 P26260 INFO Epoch 3/10, train discriminator loss: 1.59994
2026-09-17 11:42:15,611 P26260 INFO *** Test time is 0.2034142017364502
2026-09-17 11:42:15,611 P26260 INFO Epoch 3/10, test f1: 0.84615 rc: 0.73333 pc: 1.00000. [0.27s]
2026-09-17 11:42:15,611 P26260 INFO early stopping epoch 3/5
2026-09-17 11:42:15,759 P26260 INFO Epoch 4/10, train generator loss: 1.20633
2026-09-17 11:42:15,876 P26260 INFO Epoch 4/10, train discriminator loss: 1.43577
2026-09-17 11:42:16,086 P26260 INFO *** Test time is 0.2100052833557129
2026-09-17 11:42:16,086 P26260 INFO Epoch 4/10, test f1: 0.84615 rc: 0.73333 pc: 1.00000. [0.27s]
2026-09-17 11:42:16,086 P26260 INFO early stopping epoch 4/5
2026-09-17 11:42:16,237 P26260 INFO Epoch 5/10, train generator loss: 1.23987
2026-09-17 11:42:16,354 P26260 INFO Epoch 5/10, train discriminator loss: 1.31647
2026-09-17 11:42:16,579 P26260 INFO *** Test time is 0.2247002124786377
2026-09-17 11:42:16,579 P26260 INFO Epoch 5/10, test f1: 0.84615 rc: 0.73333 pc: 1.00000. [0.27s]
2026-09-17 11:42:16,579 P26260 INFO early stopping epoch 5/5
2026-09-17 11:42:16,580 P26260 INFO Early stopping
2026-09-17 11:42:16,751 P26260 INFO Threshold (p=95.0, src=val): 1.391574
2026-09-17 11:42:16,797 P26260 INFO *** Test F1 0.9091  of unsupervised traning
2026-09-17 11:42:16,797 P26260 INFO *** Best F1 {'f1': 0.8461538461538461, 'rc': 0.7333333333333333, 'pc': 1.0, 'threshold': np.float64(1.6175006103515626)}  of unsupervised traning
2026-09-17 11:42:16,797 P26260 INFO Current hash id 6ea00725
