2026-09-17 11:41:28,277 P3144 INFO ^^^^^^^^^^ Current Model:hades, 62577b70 ^^^^^^^^^^
2026-09-17 11:41:28,277 P3144 INFO Load from D:\UAM-AD\data\sn
2026-09-17 11:41:28,574 P3144 INFO 375 unique log templates found.
2026-09-17 11:41:28,581 P3144 INFO Transforming unlabel train data.
2026-09-17 11:41:28,623 P3144 INFO Transforming test data.
2026-09-17 11:41:28,666 P3144 INFO 406 new templates show.
2026-09-17 11:41:28,714 P3144 INFO Transforming val data.
2026-09-17 11:41:28,714 P3144 INFO 77 new templates show.
2026-09-17 11:41:28,718 P3144 INFO Data loaded done!
2026-09-17 11:41:28,773 P3144 INFO Known word number: 375
2026-09-17 11:41:28,931 P3144 INFO Epoch 0/10, train generator loss: 1.27827
2026-09-17 11:41:28,992 P3144 INFO Epoch 0/10, train discriminator loss: 2.75671
2026-09-17 11:41:29,136 P3144 INFO *** Test time is 0.13449454307556152
2026-09-17 11:41:29,136 P3144 INFO Epoch 0/10, test f1: 0.85714 rc: 0.77778 pc: 0.95455. [0.19s]
2026-09-17 11:41:29,254 P3144 INFO Epoch 1/10, train generator loss: 1.25487
2026-09-17 11:41:29,364 P3144 INFO Epoch 1/10, train discriminator loss: 2.14070
2026-09-17 11:41:29,509 P3144 INFO *** Test time is 0.14479470252990723
2026-09-17 11:41:29,509 P3144 INFO Epoch 1/10, test f1: 0.58824 rc: 0.55556 pc: 0.62500. [0.23s]
2026-09-17 11:41:29,509 P3144 INFO early stopping epoch 1/5
2026-09-17 11:41:29,640 P3144 INFO Epoch 2/10, train generator loss: 1.22090
2026-09-17 11:41:29,740 P3144 INFO Epoch 2/10, train discriminator loss: 1.82933
2026-09-17 11:41:29,943 P3144 INFO *** Test time is 0.20341897010803223
2026-09-17 11:41:29,943 P3144 INFO Epoch 2/10, test f1: 0.00000 rc: 0.00000 pc: 0.00000. [0.23s]
2026-09-17 11:41:29,943 P3144 INFO early stopping epoch 2/5
2026-09-17 11:41:30,071 P3144 INFO Epoch 3/10, train generator loss: 1.22075
2026-09-17 11:41:30,144 P3144 INFO Epoch 3/10, train discriminator loss: 1.56841
2026-09-17 11:41:30,303 P3144 INFO *** Test time is 0.15850353240966797
2026-09-17 11:41:30,303 P3144 INFO Epoch 3/10, test f1: 0.00000 rc: 0.00000 pc: 0.00000. [0.20s]
2026-09-17 11:41:30,303 P3144 INFO early stopping epoch 3/5
2026-09-17 11:41:30,419 P3144 INFO Epoch 4/10, train generator loss: 1.24930
2026-09-17 11:41:30,488 P3144 INFO Epoch 4/10, train discriminator loss: 1.34556
2026-09-17 11:41:30,646 P3144 INFO *** Test time is 0.15825366973876953
2026-09-17 11:41:30,646 P3144 INFO Epoch 4/10, test f1: 0.00000 rc: 0.00000 pc: 0.00000. [0.19s]
2026-09-17 11:41:30,657 P3144 INFO early stopping epoch 4/5
2026-09-17 11:41:30,767 P3144 INFO Epoch 5/10, train generator loss: 1.28541
2026-09-17 11:41:30,864 P3144 INFO Epoch 5/10, train discriminator loss: 1.18988
2026-09-17 11:41:31,009 P3144 INFO *** Test time is 0.1457502841949463
2026-09-17 11:41:31,009 P3144 INFO Epoch 5/10, test f1: 0.00000 rc: 0.00000 pc: 0.00000. [0.21s]
2026-09-17 11:41:31,009 P3144 INFO early stopping epoch 5/5
2026-09-17 11:41:31,009 P3144 INFO Early stopping
2026-09-17 11:41:31,088 P3144 INFO Threshold (p=95.0, src=val): 1.374443
2026-09-17 11:41:31,104 P3144 INFO *** Test F1 0.7879  of unsupervised traning
2026-09-17 11:41:31,104 P3144 INFO *** Best F1 {'f1': 0.8571428571428571, 'rc': 0.7777777777777778, 'pc': 0.9545454545454546, 'threshold': np.float64(1.412693543434143)}  of unsupervised traning
2026-09-17 11:41:31,118 P3144 INFO Current hash id 62577b70
