2026-09-17 11:41:18,083 P3144 INFO ^^^^^^^^^^ Current Model:hades, 02e981c1 ^^^^^^^^^^
2026-09-17 11:41:18,083 P3144 INFO Load from D:\UAM-AD\data\sn
2026-09-17 11:41:18,370 P3144 INFO 375 unique log templates found.
2026-09-17 11:41:18,370 P3144 INFO Transforming unlabel train data.
2026-09-17 11:41:18,402 P3144 INFO Transforming test data.
2026-09-17 11:41:18,433 P3144 INFO 406 new templates show.
2026-09-17 11:41:18,467 P3144 INFO Transforming val data.
2026-09-17 11:41:18,467 P3144 INFO 77 new templates show.
2026-09-17 11:41:18,469 P3144 INFO Data loaded done!
2026-09-17 11:41:18,501 P3144 INFO Known word number: 375
2026-09-17 11:41:18,631 P3144 INFO Epoch 0/10, train generator loss: 1.38814
2026-09-17 11:41:18,759 P3144 INFO Epoch 0/10, train discriminator loss: 2.78497
2026-09-17 11:41:18,907 P3144 INFO *** Test time is 0.14833450317382812
2026-09-17 11:41:18,907 P3144 INFO Epoch 0/10, test f1: 0.75000 rc: 0.66667 pc: 0.85714. [0.25s]
2026-09-17 11:41:19,034 P3144 INFO Epoch 1/10, train generator loss: 1.31700
2026-09-17 11:41:19,105 P3144 INFO Epoch 1/10, train discriminator loss: 2.16821
2026-09-17 11:41:19,267 P3144 INFO *** Test time is 0.15992116928100586
2026-09-17 11:41:19,267 P3144 INFO Epoch 1/10, test f1: 0.39130 rc: 0.33333 pc: 0.47368. [0.17s]
2026-09-17 11:41:19,267 P3144 INFO early stopping epoch 1/5
2026-09-17 11:41:19,389 P3144 INFO Epoch 2/10, train generator loss: 1.27316
2026-09-17 11:41:19,454 P3144 INFO Epoch 2/10, train discriminator loss: 1.81110
2026-09-17 11:41:19,610 P3144 INFO *** Test time is 0.15641307830810547
2026-09-17 11:41:19,610 P3144 INFO Epoch 2/10, test f1: 0.00000 rc: 0.00000 pc: 0.00000. [0.19s]
2026-09-17 11:41:19,610 P3144 INFO early stopping epoch 2/5
2026-09-17 11:41:19,721 P3144 INFO Epoch 3/10, train generator loss: 1.28694
2026-09-17 11:41:19,808 P3144 INFO Epoch 3/10, train discriminator loss: 1.57130
2026-09-17 11:41:19,975 P3144 INFO *** Test time is 0.16701579093933105
2026-09-17 11:41:19,975 P3144 INFO Epoch 3/10, test f1: 0.00000 rc: 0.00000 pc: 0.00000. [0.20s]
2026-09-17 11:41:19,975 P3144 INFO early stopping epoch 3/5
2026-09-17 11:41:20,078 P3144 INFO Epoch 4/10, train generator loss: 1.32642
2026-09-17 11:41:20,151 P3144 INFO Epoch 4/10, train discriminator loss: 1.33847
2026-09-17 11:41:20,324 P3144 INFO *** Test time is 0.1736156940460205
2026-09-17 11:41:20,324 P3144 INFO Epoch 4/10, test f1: 0.00000 rc: 0.00000 pc: 0.00000. [0.18s]
2026-09-17 11:41:20,324 P3144 INFO early stopping epoch 4/5
2026-09-17 11:41:20,430 P3144 INFO Epoch 5/10, train generator loss: 1.37787
2026-09-17 11:41:20,501 P3144 INFO Epoch 5/10, train discriminator loss: 1.16045
2026-09-17 11:41:20,686 P3144 INFO *** Test time is 0.18526697158813477
2026-09-17 11:41:20,686 P3144 INFO Epoch 5/10, test f1: 0.00000 rc: 0.00000 pc: 0.00000. [0.18s]
2026-09-17 11:41:20,686 P3144 INFO early stopping epoch 5/5
2026-09-17 11:41:20,686 P3144 INFO Early stopping
2026-09-17 11:41:20,771 P3144 INFO Threshold (p=95.0, src=val): 1.400222
2026-09-17 11:41:20,805 P3144 INFO *** Test F1 0.6667  of unsupervised traning
2026-09-17 11:41:20,805 P3144 INFO *** Best F1 {'f1': 0.75, 'rc': 0.6666666666666666, 'pc': 0.8571428571428571, 'threshold': np.float64(1.4221060514450072)}  of unsupervised traning
2026-09-17 11:41:20,809 P3144 INFO Current hash id 02e981c1
