2026-09-17 11:42:26,364 P17460 INFO ^^^^^^^^^^ Current Model:hades, 13870103 ^^^^^^^^^^
2026-09-17 11:42:26,364 P17460 INFO Load from D:\UAM-AD\data\sn
2026-09-17 11:42:26,727 P17460 INFO 375 unique log templates found.
2026-09-17 11:42:26,731 P17460 INFO Transforming unlabel train data.
2026-09-17 11:42:26,779 P17460 INFO Transforming test data.
2026-09-17 11:42:26,826 P17460 INFO 729 new templates show.
2026-09-17 11:42:26,873 P17460 INFO Transforming val data.
2026-09-17 11:42:26,878 P17460 INFO 77 new templates show.
2026-09-17 11:42:26,885 P17460 INFO Data loaded done!
2026-09-17 11:42:26,940 P17460 INFO Known word number: 375
2026-09-17 11:42:27,156 P17460 INFO Epoch 0/10, train generator loss: 1.37547
2026-09-17 11:42:27,290 P17460 INFO Epoch 0/10, train discriminator loss: 2.83060
2026-09-17 11:42:27,502 P17460 INFO *** Test time is 0.21212363243103027
2026-09-17 11:42:27,502 P17460 INFO Epoch 0/10, test f1: 0.85106 rc: 0.74074 pc: 1.00000. [0.32s]
2026-09-17 11:42:27,696 P17460 INFO Epoch 1/10, train generator loss: 1.31483
2026-09-17 11:42:27,832 P17460 INFO Epoch 1/10, train discriminator loss: 2.18213
2026-09-17 11:42:28,028 P17460 INFO *** Test time is 0.19618844985961914
2026-09-17 11:42:28,028 P17460 INFO Epoch 1/10, test f1: 0.82609 rc: 0.70370 pc: 1.00000. [0.30s]
2026-09-17 11:42:28,028 P17460 INFO early stopping epoch 1/5
2026-09-17 11:42:28,171 P17460 INFO Epoch 2/10, train generator loss: 1.28313
2026-09-17 11:42:28,295 P17460 INFO Epoch 2/10, train discriminator loss: 1.82089
2026-09-17 11:42:28,512 P17460 INFO *** Test time is 0.2170567512512207
2026-09-17 11:42:28,512 P17460 INFO Epoch 2/10, test f1: 0.85106 rc: 0.74074 pc: 1.00000. [0.26s]
2026-09-17 11:42:28,512 P17460 INFO early stopping epoch 2/5
2026-09-17 11:42:28,638 P17460 INFO Epoch 3/10, train generator loss: 1.29454
2026-09-17 11:42:28,752 P17460 INFO Epoch 3/10, train discriminator loss: 1.55862
2026-09-17 11:42:28,982 P17460 INFO *** Test time is 0.2228691577911377
2026-09-17 11:42:28,982 P17460 INFO Epoch 3/10, test f1: 0.85106 rc: 0.74074 pc: 1.00000. [0.25s]
2026-09-17 11:42:28,982 P17460 INFO early stopping epoch 3/5
2026-09-17 11:42:29,083 P17460 INFO Epoch 4/10, train generator loss: 1.32884
2026-09-17 11:42:29,157 P17460 INFO Epoch 4/10, train discriminator loss: 1.33405
2026-09-17 11:42:29,301 P17460 INFO *** Test time is 0.1437220573425293
2026-09-17 11:42:29,301 P17460 INFO Epoch 4/10, test f1: 0.82609 rc: 0.70370 pc: 1.00000. [0.18s]
2026-09-17 11:42:29,301 P17460 INFO early stopping epoch 4/5
2026-09-17 11:42:29,472 P17460 INFO Epoch 5/10, train generator loss: 1.38836
2026-09-17 11:42:29,611 P17460 INFO Epoch 5/10, train discriminator loss: 1.19128
2026-09-17 11:42:29,973 P17460 INFO *** Test time is 0.1807270050048828
2026-09-17 11:42:29,973 P17460 INFO Epoch 5/10, test f1: 0.82609 rc: 0.70370 pc: 1.00000. [0.49s]
2026-09-17 11:42:29,973 P17460 INFO early stopping epoch 5/5
2026-09-17 11:42:29,973 P17460 INFO Early stopping
2026-09-17 11:42:30,062 P17460 INFO Threshold (p=95.0, src=val): 1.473237
2026-09-17 11:42:30,093 P17460 INFO *** Test F1 0.8438  of unsupervised traning
2026-09-17 11:42:30,093 P17460 INFO *** Best F1 {'f1': 0.851063829787234, 'rc': 0.7407407407407407, 'pc': 1.0, 'threshold': np.float64(1.767971577644348)}  of unsupervised traning
2026-09-17 11:42:30,093 P17460 INFO Current hash id 13870103
