2026-09-17 11:44:08,888 P27204 INFO ^^^^^^^^^^ Current Model:hades, 02e08bae ^^^^^^^^^^
2026-09-17 11:44:08,888 P27204 INFO Load from D:\UAM-AD\data\sn
2026-09-17 11:44:09,104 P27204 INFO 375 unique log templates found.
2026-09-17 11:44:09,104 P27204 INFO Transforming unlabel train data.
2026-09-17 11:44:09,137 P27204 INFO Transforming test data.
2026-09-17 11:44:09,152 P27204 INFO 721 new templates show.
2026-09-17 11:44:09,200 P27204 INFO Transforming val data.
2026-09-17 11:44:09,200 P27204 INFO 77 new templates show.
2026-09-17 11:44:09,200 P27204 INFO Data loaded done!
2026-09-17 11:44:09,231 P27204 INFO Known word number: 375
2026-09-17 11:44:09,378 P27204 INFO Epoch 0/10, train generator loss: 1.29577
2026-09-17 11:44:09,480 P27204 INFO Epoch 0/10, train discriminator loss: 2.95364
2026-09-17 11:44:09,627 P27204 INFO *** Test time is 0.1473069190979004
2026-09-17 11:44:09,627 P27204 INFO Epoch 0/10, test f1: 0.86957 rc: 0.76923 pc: 1.00000. [0.22s]
2026-09-17 11:44:09,758 P27204 INFO Epoch 1/10, train generator loss: 1.24856
2026-09-17 11:44:09,845 P27204 INFO Epoch 1/10, train discriminator loss: 2.27409
2026-09-17 11:44:09,989 P27204 INFO *** Test time is 0.1443920135498047
2026-09-17 11:44:09,989 P27204 INFO Epoch 1/10, test f1: 0.82609 rc: 0.73077 pc: 0.95000. [0.20s]
2026-09-17 11:44:09,989 P27204 INFO early stopping epoch 1/5
2026-09-17 11:44:10,088 P27204 INFO Epoch 2/10, train generator loss: 1.20147
2026-09-17 11:44:10,180 P27204 INFO Epoch 2/10, train discriminator loss: 1.91573
2026-09-17 11:44:10,307 P27204 INFO *** Test time is 0.1271679401397705
2026-09-17 11:44:10,307 P27204 INFO Epoch 2/10, test f1: 0.83333 rc: 0.76923 pc: 0.90909. [0.19s]
2026-09-17 11:44:10,307 P27204 INFO early stopping epoch 2/5
2026-09-17 11:44:10,439 P27204 INFO Epoch 3/10, train generator loss: 1.19847
2026-09-17 11:44:10,521 P27204 INFO Epoch 3/10, train discriminator loss: 1.67418
2026-09-17 11:44:10,668 P27204 INFO *** Test time is 0.14726924896240234
2026-09-17 11:44:10,668 P27204 INFO Epoch 3/10, test f1: 0.83333 rc: 0.76923 pc: 0.90909. [0.21s]
2026-09-17 11:44:10,668 P27204 INFO early stopping epoch 3/5
2026-09-17 11:44:10,768 P27204 INFO Epoch 4/10, train generator loss: 1.21388
2026-09-17 11:44:10,854 P27204 INFO Epoch 4/10, train discriminator loss: 1.46543
2026-09-17 11:44:10,973 P27204 INFO *** Test time is 0.11849570274353027
2026-09-17 11:44:10,973 P27204 INFO Epoch 4/10, test f1: 0.83333 rc: 0.76923 pc: 0.90909. [0.19s]
2026-09-17 11:44:10,973 P27204 INFO early stopping epoch 4/5
2026-09-17 11:44:11,085 P27204 INFO Epoch 5/10, train generator loss: 1.23850
2026-09-17 11:44:11,170 P27204 INFO Epoch 5/10, train discriminator loss: 1.33716
2026-09-17 11:44:11,335 P27204 INFO *** Test time is 0.1654212474822998
2026-09-17 11:44:11,335 P27204 INFO Epoch 5/10, test f1: 0.83333 rc: 0.76923 pc: 0.90909. [0.20s]
2026-09-17 11:44:11,335 P27204 INFO early stopping epoch 5/5
2026-09-17 11:44:11,335 P27204 INFO Early stopping
2026-09-17 11:44:11,399 P27204 INFO Threshold (p=95.0, src=val): 1.413181
2026-09-17 11:44:11,430 P27204 INFO *** Test F1 0.8462  of unsupervised traning
2026-09-17 11:44:11,430 P27204 INFO *** Best F1 {'f1': 0.8695652173913043, 'rc': 0.7692307692307693, 'pc': 1.0, 'threshold': np.float64(1.457175431251526)}  of unsupervised traning
2026-09-17 11:44:11,430 P27204 INFO Current hash id 02e08bae
