2026-09-17 11:45:05,831 P28716 INFO ^^^^^^^^^^ Current Model:hades, c09b7dee ^^^^^^^^^^
2026-09-17 11:45:05,831 P28716 INFO Load from D:\UAM-AD\data\sn
2026-09-17 11:45:06,226 P28716 INFO 375 unique log templates found.
2026-09-17 11:45:06,226 P28716 INFO Transforming unlabel train data.
2026-09-17 11:45:06,274 P28716 INFO Transforming test data.
2026-09-17 11:45:06,305 P28716 INFO 713 new templates show.
2026-09-17 11:45:06,352 P28716 INFO Transforming val data.
2026-09-17 11:45:06,352 P28716 INFO 77 new templates show.
2026-09-17 11:45:06,370 P28716 INFO Data loaded done!
2026-09-17 11:45:06,443 P28716 INFO Known word number: 375
2026-09-17 11:45:08,431 P28716 INFO Epoch 0/10, train generator loss: 1.27903
2026-09-17 11:45:08,546 P28716 INFO Epoch 0/10, train discriminator loss: 2.80540
2026-09-17 11:45:08,710 P28716 INFO *** Test time is 0.16406774520874023
2026-09-17 11:45:08,710 P28716 INFO Epoch 0/10, test f1: 0.79070 rc: 0.65385 pc: 1.00000. [0.61s]
2026-09-17 11:45:08,817 P28716 INFO Epoch 1/10, train generator loss: 1.19322
2026-09-17 11:45:08,890 P28716 INFO Epoch 1/10, train discriminator loss: 2.27293
2026-09-17 11:45:09,034 P28716 INFO *** Test time is 0.1436328887939453
2026-09-17 11:45:09,034 P28716 INFO Epoch 1/10, test f1: 0.79070 rc: 0.65385 pc: 1.00000. [0.17s]
2026-09-17 11:45:09,034 P28716 INFO early stopping epoch 1/5
2026-09-17 11:45:09,129 P28716 INFO Epoch 2/10, train generator loss: 1.22363
2026-09-17 11:45:09,221 P28716 INFO Epoch 2/10, train discriminator loss: 1.88995
2026-09-17 11:45:09,350 P28716 INFO *** Test time is 0.1292738914489746
2026-09-17 11:45:09,350 P28716 INFO Epoch 2/10, test f1: 0.79070 rc: 0.65385 pc: 1.00000. [0.19s]
2026-09-17 11:45:09,350 P28716 INFO early stopping epoch 2/5
2026-09-17 11:45:09,455 P28716 INFO Epoch 3/10, train generator loss: 1.28763
2026-09-17 11:45:09,539 P28716 INFO Epoch 3/10, train discriminator loss: 1.58825
2026-09-17 11:45:09,671 P28716 INFO *** Test time is 0.13043975830078125
2026-09-17 11:45:09,671 P28716 INFO Epoch 3/10, test f1: 0.79070 rc: 0.65385 pc: 1.00000. [0.19s]
2026-09-17 11:45:09,671 P28716 INFO early stopping epoch 3/5
2026-09-17 11:45:09,760 P28716 INFO Epoch 4/10, train generator loss: 1.38358
2026-09-17 11:45:09,831 P28716 INFO Epoch 4/10, train discriminator loss: 1.34956
2026-09-17 11:45:09,982 P28716 INFO *** Test time is 0.15105056762695312
2026-09-17 11:45:09,982 P28716 INFO Epoch 4/10, test f1: 0.79070 rc: 0.65385 pc: 1.00000. [0.16s]
2026-09-17 11:45:09,982 P28716 INFO early stopping epoch 4/5
2026-09-17 11:45:10,092 P28716 INFO Epoch 5/10, train generator loss: 1.49240
2026-09-17 11:45:10,165 P28716 INFO Epoch 5/10, train discriminator loss: 1.17569
2026-09-17 11:45:10,299 P28716 INFO *** Test time is 0.13415813446044922
2026-09-17 11:45:10,299 P28716 INFO Epoch 5/10, test f1: 0.79070 rc: 0.65385 pc: 1.00000. [0.18s]
2026-09-17 11:45:10,299 P28716 INFO early stopping epoch 5/5
2026-09-17 11:45:10,299 P28716 INFO Early stopping
2026-09-17 11:45:10,409 P28716 INFO Threshold (p=95.0, src=val): 1.398376
2026-09-17 11:45:10,459 P28716 INFO *** Test F1 0.8814  of unsupervised traning
2026-09-17 11:45:10,459 P28716 INFO *** Best F1 {'f1': 0.7906976744186046, 'rc': 0.6538461538461539, 'pc': 1.0, 'threshold': np.float64(1.5216160821914673)}  of unsupervised traning
2026-09-17 11:45:10,459 P28716 INFO Current hash id c09b7dee
