2026-09-17 11:41:20,845 P3144 INFO ^^^^^^^^^^ Current Model:hades, 522be795 ^^^^^^^^^^
2026-09-17 11:41:20,845 P3144 INFO Load from D:\UAM-AD\data\sn
2026-09-17 11:41:21,066 P3144 INFO 375 unique log templates found.
2026-09-17 11:41:21,066 P3144 INFO Transforming unlabel train data.
2026-09-17 11:41:21,098 P3144 INFO Transforming test data.
2026-09-17 11:41:21,130 P3144 INFO 406 new templates show.
2026-09-17 11:41:21,180 P3144 INFO Transforming val data.
2026-09-17 11:41:21,182 P3144 INFO 77 new templates show.
2026-09-17 11:41:21,184 P3144 INFO Data loaded done!
2026-09-17 11:41:21,243 P3144 INFO Known word number: 375
2026-09-17 11:41:21,508 P3144 INFO Epoch 0/10, train generator loss: 1.29438
2026-09-17 11:41:21,636 P3144 INFO Epoch 0/10, train discriminator loss: 2.84626
2026-09-17 11:41:21,863 P3144 INFO *** Test time is 0.2265946865081787
2026-09-17 11:41:21,872 P3144 INFO Epoch 0/10, test f1: 0.80769 rc: 0.77778 pc: 0.84000. [0.33s]
2026-09-17 11:41:22,070 P3144 INFO Epoch 1/10, train generator loss: 1.19509
2026-09-17 11:41:22,203 P3144 INFO Epoch 1/10, train discriminator loss: 2.13103
2026-09-17 11:41:22,468 P3144 INFO *** Test time is 0.26520252227783203
2026-09-17 11:41:22,468 P3144 INFO Epoch 1/10, test f1: 0.82353 rc: 0.77778 pc: 0.87500. [0.32s]
2026-09-17 11:41:22,671 P3144 INFO Epoch 2/10, train generator loss: 1.18961
2026-09-17 11:41:22,802 P3144 INFO Epoch 2/10, train discriminator loss: 1.71709
2026-09-17 11:41:23,061 P3144 INFO *** Test time is 0.25940370559692383
2026-09-17 11:41:23,061 P3144 INFO Epoch 2/10, test f1: 0.82353 rc: 0.77778 pc: 0.87500. [0.32s]
2026-09-17 11:41:23,061 P3144 INFO early stopping epoch 1/5
2026-09-17 11:41:23,250 P3144 INFO Epoch 3/10, train generator loss: 1.21487
2026-09-17 11:41:23,387 P3144 INFO Epoch 3/10, train discriminator loss: 1.48119
2026-09-17 11:41:23,636 P3144 INFO *** Test time is 0.24828696250915527
2026-09-17 11:41:23,636 P3144 INFO Epoch 3/10, test f1: 0.77551 rc: 0.70370 pc: 0.86364. [0.33s]
2026-09-17 11:41:23,636 P3144 INFO early stopping epoch 2/5
2026-09-17 11:41:23,782 P3144 INFO Epoch 4/10, train generator loss: 1.25927
2026-09-17 11:41:23,890 P3144 INFO Epoch 4/10, train discriminator loss: 1.36498
2026-09-17 11:41:24,069 P3144 INFO *** Test time is 0.17910361289978027
2026-09-17 11:41:24,069 P3144 INFO Epoch 4/10, test f1: 0.40000 rc: 0.29630 pc: 0.61538. [0.25s]
2026-09-17 11:41:24,069 P3144 INFO early stopping epoch 3/5
2026-09-17 11:41:24,191 P3144 INFO Epoch 5/10, train generator loss: 1.31191
2026-09-17 11:41:24,284 P3144 INFO Epoch 5/10, train discriminator loss: 1.23167
2026-09-17 11:41:24,473 P3144 INFO *** Test time is 0.18897414207458496
2026-09-17 11:41:24,473 P3144 INFO Epoch 5/10, test f1: 0.40000 rc: 0.29630 pc: 0.61538. [0.22s]
2026-09-17 11:41:24,473 P3144 INFO early stopping epoch 4/5
2026-09-17 11:41:24,608 P3144 INFO Epoch 6/10, train generator loss: 1.37093
2026-09-17 11:41:24,705 P3144 INFO Epoch 6/10, train discriminator loss: 1.12160
2026-09-17 11:41:24,895 P3144 INFO *** Test time is 0.1896672248840332
2026-09-17 11:41:24,895 P3144 INFO Epoch 6/10, test f1: 0.36364 rc: 0.29630 pc: 0.47059. [0.23s]
2026-09-17 11:41:24,895 P3144 INFO early stopping epoch 5/5
2026-09-17 11:41:24,895 P3144 INFO Early stopping
2026-09-17 11:41:25,028 P3144 INFO Threshold (p=95.0, src=val): 1.296547
2026-09-17 11:41:25,065 P3144 INFO *** Test F1 0.6538  of unsupervised traning
2026-09-17 11:41:25,065 P3144 INFO *** Best F1 {'f1': 0.8235294117647058, 'rc': 0.7777777777777778, 'pc': 0.875, 'threshold': np.float64(1.3146537017822266)}  of unsupervised traning
2026-09-17 11:41:25,067 P3144 INFO Current hash id 522be795
