2026-09-17 11:44:16,840 P9760 INFO ^^^^^^^^^^ Current Model:hades, 12309f43 ^^^^^^^^^^
2026-09-17 11:44:16,840 P9760 INFO Load from D:\UAM-AD\data\sn
2026-09-17 11:44:17,136 P9760 INFO 375 unique log templates found.
2026-09-17 11:44:17,136 P9760 INFO Transforming unlabel train data.
2026-09-17 11:44:17,169 P9760 INFO Transforming test data.
2026-09-17 11:44:17,202 P9760 INFO 733 new templates show.
2026-09-17 11:44:17,235 P9760 INFO Transforming val data.
2026-09-17 11:44:17,235 P9760 INFO 77 new templates show.
2026-09-17 11:44:17,244 P9760 INFO Data loaded done!
2026-09-17 11:44:17,307 P9760 INFO Known word number: 375
2026-09-17 11:44:19,805 P9760 INFO Epoch 0/10, train generator loss: 1.27386
2026-09-17 11:44:19,887 P9760 INFO Epoch 0/10, train discriminator loss: 2.85042
2026-09-17 11:44:20,061 P9760 INFO *** Test time is 0.17429757118225098
2026-09-17 11:44:20,061 P9760 INFO Epoch 0/10, test f1: 0.76190 rc: 0.61538 pc: 1.00000. [0.57s]
2026-09-17 11:44:20,175 P9760 INFO Epoch 1/10, train generator loss: 1.26476
2026-09-17 11:44:20,256 P9760 INFO Epoch 1/10, train discriminator loss: 2.30510
2026-09-17 11:44:20,408 P9760 INFO *** Test time is 0.15253138542175293
2026-09-17 11:44:20,408 P9760 INFO Epoch 1/10, test f1: 0.76190 rc: 0.61538 pc: 1.00000. [0.18s]
2026-09-17 11:44:20,408 P9760 INFO early stopping epoch 1/5
2026-09-17 11:44:20,549 P9760 INFO Epoch 2/10, train generator loss: 1.22450
2026-09-17 11:44:20,641 P9760 INFO Epoch 2/10, train discriminator loss: 1.94102
2026-09-17 11:44:20,808 P9760 INFO *** Test time is 0.16650176048278809
2026-09-17 11:44:20,808 P9760 INFO Epoch 2/10, test f1: 0.76190 rc: 0.61538 pc: 1.00000. [0.23s]
2026-09-17 11:44:20,808 P9760 INFO early stopping epoch 2/5
2026-09-17 11:44:20,913 P9760 INFO Epoch 3/10, train generator loss: 1.25343
2026-09-17 11:44:20,998 P9760 INFO Epoch 3/10, train discriminator loss: 1.68495
2026-09-17 11:44:21,151 P9760 INFO *** Test time is 0.15366888046264648
2026-09-17 11:44:21,151 P9760 INFO Epoch 3/10, test f1: 0.76190 rc: 0.61538 pc: 1.00000. [0.19s]
2026-09-17 11:44:21,151 P9760 INFO early stopping epoch 3/5
2026-09-17 11:44:21,253 P9760 INFO Epoch 4/10, train generator loss: 1.31467
2026-09-17 11:44:21,347 P9760 INFO Epoch 4/10, train discriminator loss: 1.48516
2026-09-17 11:44:21,493 P9760 INFO *** Test time is 0.14624762535095215
2026-09-17 11:44:21,493 P9760 INFO Epoch 4/10, test f1: 0.84444 rc: 0.73077 pc: 1.00000. [0.20s]
2026-09-17 11:44:21,641 P9760 INFO Epoch 5/10, train generator loss: 1.39899
2026-09-17 11:44:21,722 P9760 INFO Epoch 5/10, train discriminator loss: 1.32966
2026-09-17 11:44:21,877 P9760 INFO *** Test time is 0.15558695793151855
2026-09-17 11:44:21,877 P9760 INFO Epoch 5/10, test f1: 0.84444 rc: 0.73077 pc: 1.00000. [0.21s]
2026-09-17 11:44:21,877 P9760 INFO early stopping epoch 1/5
2026-09-17 11:44:21,991 P9760 INFO Epoch 6/10, train generator loss: 1.50013
2026-09-17 11:44:22,072 P9760 INFO Epoch 6/10, train discriminator loss: 1.20001
2026-09-17 11:44:22,230 P9760 INFO *** Test time is 0.15792322158813477
2026-09-17 11:44:22,230 P9760 INFO Epoch 6/10, test f1: 0.84444 rc: 0.73077 pc: 1.00000. [0.19s]
2026-09-17 11:44:22,231 P9760 INFO early stopping epoch 2/5
2026-09-17 11:44:22,350 P9760 INFO Epoch 7/10, train generator loss: 1.59575
2026-09-17 11:44:22,428 P9760 INFO Epoch 7/10, train discriminator loss: 1.09555
2026-09-17 11:44:22,603 P9760 INFO *** Test time is 0.17456889152526855
2026-09-17 11:44:22,603 P9760 INFO Epoch 7/10, test f1: 0.84444 rc: 0.73077 pc: 1.00000. [0.20s]
2026-09-17 11:44:22,603 P9760 INFO early stopping epoch 3/5
2026-09-17 11:44:22,774 P9760 INFO Epoch 8/10, train generator loss: 1.68482
2026-09-17 11:44:22,888 P9760 INFO Epoch 8/10, train discriminator loss: 1.01650
2026-09-17 11:44:23,093 P9760 INFO *** Test time is 0.20449614524841309
2026-09-17 11:44:23,093 P9760 INFO Epoch 8/10, test f1: 0.84444 rc: 0.73077 pc: 1.00000. [0.29s]
2026-09-17 11:44:23,104 P9760 INFO early stopping epoch 4/5
2026-09-17 11:44:23,259 P9760 INFO Epoch 9/10, train generator loss: 1.75621
2026-09-17 11:44:23,377 P9760 INFO Epoch 9/10, train discriminator loss: 0.95988
2026-09-17 11:44:23,617 P9760 INFO *** Test time is 0.2402198314666748
2026-09-17 11:44:23,617 P9760 INFO Epoch 9/10, test f1: 0.84444 rc: 0.73077 pc: 1.00000. [0.27s]
2026-09-17 11:44:23,617 P9760 INFO early stopping epoch 5/5
2026-09-17 11:44:23,617 P9760 INFO Early stopping
2026-09-17 11:44:23,747 P9760 INFO Threshold (p=95.0, src=val): 1.338257
2026-09-17 11:44:23,797 P9760 INFO *** Test F1 0.9286  of unsupervised traning
2026-09-17 11:44:23,797 P9760 INFO *** Best F1 {'f1': 0.8444444444444444, 'rc': 0.7307692307692307, 'pc': 1.0, 'threshold': np.float64(1.4903181743621827)}  of unsupervised traning
2026-09-17 11:44:23,805 P9760 INFO Current hash id 12309f43
