2026-09-17 11:42:36,054 P17460 INFO ^^^^^^^^^^ Current Model:hades, 70693724 ^^^^^^^^^^
2026-09-17 11:42:36,054 P17460 INFO Load from D:\UAM-AD\data\sn
2026-09-17 11:42:36,257 P17460 INFO 375 unique log templates found.
2026-09-17 11:42:36,263 P17460 INFO Transforming unlabel train data.
2026-09-17 11:42:36,282 P17460 INFO Transforming test data.
2026-09-17 11:42:36,315 P17460 INFO 729 new templates show.
2026-09-17 11:42:36,346 P17460 INFO Transforming val data.
2026-09-17 11:42:36,346 P17460 INFO 77 new templates show.
2026-09-17 11:42:36,346 P17460 INFO Data loaded done!
2026-09-17 11:42:36,378 P17460 INFO Known word number: 375
2026-09-17 11:42:36,550 P17460 INFO Epoch 0/10, train generator loss: 1.31103
2026-09-17 11:42:36,624 P17460 INFO Epoch 0/10, train discriminator loss: 2.93268
2026-09-17 11:42:36,789 P17460 INFO *** Test time is 0.16518187522888184
2026-09-17 11:42:36,789 P17460 INFO Epoch 0/10, test f1: 0.82609 rc: 0.70370 pc: 1.00000. [0.21s]
2026-09-17 11:42:36,894 P17460 INFO Epoch 1/10, train generator loss: 1.24902
2026-09-17 11:42:36,980 P17460 INFO Epoch 1/10, train discriminator loss: 2.22162
2026-09-17 11:42:37,135 P17460 INFO *** Test time is 0.15481114387512207
2026-09-17 11:42:37,135 P17460 INFO Epoch 1/10, test f1: 0.85106 rc: 0.74074 pc: 1.00000. [0.19s]
2026-09-17 11:42:37,256 P17460 INFO Epoch 2/10, train generator loss: 1.21675
2026-09-17 11:42:37,341 P17460 INFO Epoch 2/10, train discriminator loss: 1.81343
2026-09-17 11:42:37,503 P17460 INFO *** Test time is 0.16181135177612305
2026-09-17 11:42:37,503 P17460 INFO Epoch 2/10, test f1: 0.85106 rc: 0.74074 pc: 1.00000. [0.20s]
2026-09-17 11:42:37,503 P17460 INFO early stopping epoch 1/5
2026-09-17 11:42:37,597 P17460 INFO Epoch 3/10, train generator loss: 1.21711
2026-09-17 11:42:37,684 P17460 INFO Epoch 3/10, train discriminator loss: 1.54650
2026-09-17 11:42:37,817 P17460 INFO *** Test time is 0.13305902481079102
2026-09-17 11:42:37,817 P17460 INFO Epoch 3/10, test f1: 0.85106 rc: 0.74074 pc: 1.00000. [0.18s]
2026-09-17 11:42:37,817 P17460 INFO early stopping epoch 2/5
2026-09-17 11:42:37,914 P17460 INFO Epoch 4/10, train generator loss: 1.23371
2026-09-17 11:42:37,991 P17460 INFO Epoch 4/10, train discriminator loss: 1.37974
2026-09-17 11:42:38,133 P17460 INFO *** Test time is 0.1425788402557373
2026-09-17 11:42:38,133 P17460 INFO Epoch 4/10, test f1: 0.85106 rc: 0.74074 pc: 1.00000. [0.17s]
2026-09-17 11:42:38,133 P17460 INFO early stopping epoch 3/5
2026-09-17 11:42:38,254 P17460 INFO Epoch 5/10, train generator loss: 1.26622
2026-09-17 11:42:38,338 P17460 INFO Epoch 5/10, train discriminator loss: 1.21948
2026-09-17 11:42:38,464 P17460 INFO *** Test time is 0.12657618522644043
2026-09-17 11:42:38,464 P17460 INFO Epoch 5/10, test f1: 0.85106 rc: 0.74074 pc: 1.00000. [0.20s]
2026-09-17 11:42:38,464 P17460 INFO early stopping epoch 4/5
2026-09-17 11:42:38,583 P17460 INFO Epoch 6/10, train generator loss: 1.30022
2026-09-17 11:42:38,699 P17460 INFO Epoch 6/10, train discriminator loss: 1.09619
2026-09-17 11:42:38,845 P17460 INFO *** Test time is 0.14569544792175293
2026-09-17 11:42:38,845 P17460 INFO Epoch 6/10, test f1: 0.85106 rc: 0.74074 pc: 1.00000. [0.23s]
2026-09-17 11:42:38,845 P17460 INFO early stopping epoch 5/5
2026-09-17 11:42:38,845 P17460 INFO Early stopping
2026-09-17 11:42:38,973 P17460 INFO Threshold (p=95.0, src=val): 1.388433
2026-09-17 11:42:39,005 P17460 INFO *** Test F1 0.9310  of unsupervised traning
2026-09-17 11:42:39,005 P17460 INFO *** Best F1 {'f1': 0.851063829787234, 'rc': 0.7407407407407407, 'pc': 1.0, 'threshold': np.float64(1.6627648735046388)}  of unsupervised traning
2026-09-17 11:42:39,005 P17460 INFO Current hash id 70693724
