2026-09-17 15:01:41,866 P14664 INFO ^^^^^^^^^^ Current Model:hades, 84ce47ed ^^^^^^^^^^
2026-09-17 15:01:41,866 P14664 INFO Load from D:\UAM-AD\data\sn
2026-09-17 15:01:42,095 P14664 INFO 375 unique log templates found.
2026-09-17 15:01:42,101 P14664 INFO Transforming unlabel train data.
2026-09-17 15:01:42,134 P14664 INFO Transforming test data.
2026-09-17 15:01:42,181 P14664 INFO 733 new templates show.
2026-09-17 15:01:42,244 P14664 INFO Transforming val data.
2026-09-17 15:01:42,246 P14664 INFO 77 new templates show.
2026-09-17 15:01:42,249 P14664 INFO Data loaded done!
2026-09-17 15:01:42,307 P14664 INFO Known word number: 375
2026-09-17 15:01:42,575 P14664 INFO Epoch 0/50, train generator loss: 1.55262
2026-09-17 15:01:42,767 P14664 INFO Epoch 0/50, train discriminator loss: 5.36873
2026-09-17 15:01:42,971 P14664 INFO *** Test time is 0.2041177749633789
2026-09-17 15:01:42,971 P14664 INFO Epoch 0/50, test f1: 0.80851 rc: 0.67857 pc: 1.00000. [0.40s]
2026-09-17 15:01:43,175 P14664 INFO Epoch 1/50, train generator loss: 1.38657
2026-09-17 15:01:43,332 P14664 INFO Epoch 1/50, train discriminator loss: 4.85418
2026-09-17 15:01:43,539 P14664 INFO *** Test time is 0.2070784568786621
2026-09-17 15:01:43,539 P14664 INFO Epoch 1/50, test f1: 0.80851 rc: 0.67857 pc: 1.00000. [0.35s]
2026-09-17 15:01:43,539 P14664 INFO early stopping epoch 1/15
2026-09-17 15:01:43,728 P14664 INFO Epoch 2/50, train generator loss: 1.30161
2026-09-17 15:01:43,880 P14664 INFO Epoch 2/50, train discriminator loss: 4.81815
2026-09-17 15:01:44,084 P14664 INFO *** Test time is 0.2041015625
2026-09-17 15:01:44,084 P14664 INFO Epoch 2/50, test f1: 0.88000 rc: 0.78571 pc: 1.00000. [0.34s]
2026-09-17 15:01:44,283 P14664 INFO Epoch 3/50, train generator loss: 1.18207
2026-09-17 15:01:44,447 P14664 INFO Epoch 3/50, train discriminator loss: 5.46721
2026-09-17 15:01:44,661 P14664 INFO *** Test time is 0.2139437198638916
2026-09-17 15:01:44,661 P14664 INFO Epoch 3/50, test f1: 0.88000 rc: 0.78571 pc: 1.00000. [0.35s]
2026-09-17 15:01:44,661 P14664 INFO early stopping epoch 1/15
2026-09-17 15:01:44,821 P14664 INFO Epoch 4/50, train generator loss: 1.05074
2026-09-17 15:01:44,915 P14664 INFO Epoch 4/50, train discriminator loss: 6.66619
2026-09-17 15:01:45,088 P14664 INFO *** Test time is 0.17288684844970703
2026-09-17 15:01:45,088 P14664 INFO Epoch 4/50, test f1: 0.75000 rc: 0.64286 pc: 0.90000. [0.25s]
2026-09-17 15:01:45,088 P14664 INFO early stopping epoch 2/15
2026-09-17 15:01:45,220 P14664 INFO Epoch 5/50, train generator loss: 0.87772
2026-09-17 15:01:45,324 P14664 INFO Epoch 5/50, train discriminator loss: 7.86333
2026-09-17 15:01:45,477 P14664 INFO *** Test time is 0.1527543067932129
2026-09-17 15:01:45,477 P14664 INFO Epoch 5/50, test f1: 0.55319 rc: 0.46429 pc: 0.68421. [0.24s]
2026-09-17 15:01:45,477 P14664 INFO early stopping epoch 3/15
2026-09-17 15:01:45,609 P14664 INFO Epoch 6/50, train generator loss: 0.66297
2026-09-17 15:01:45,708 P14664 INFO Epoch 6/50, train discriminator loss: 8.56555
2026-09-17 15:01:45,877 P14664 INFO *** Test time is 0.16919755935668945
2026-09-17 15:01:45,877 P14664 INFO Epoch 6/50, test f1: 0.47826 rc: 0.39286 pc: 0.61111. [0.23s]
2026-09-17 15:01:45,877 P14664 INFO early stopping epoch 4/15
2026-09-17 15:01:45,984 P14664 INFO Epoch 7/50, train generator loss: 0.61681
2026-09-17 15:01:46,083 P14664 INFO Epoch 7/50, train discriminator loss: 7.74325
2026-09-17 15:01:46,238 P14664 INFO *** Test time is 0.15472626686096191
2026-09-17 15:01:46,238 P14664 INFO Epoch 7/50, test f1: 0.46809 rc: 0.39286 pc: 0.57895. [0.21s]
2026-09-17 15:01:46,238 P14664 INFO early stopping epoch 5/15
2026-09-17 15:01:46,337 P14664 INFO Epoch 8/50, train generator loss: 0.65563
2026-09-17 15:01:46,442 P14664 INFO Epoch 8/50, train discriminator loss: 6.41829
2026-09-17 15:01:46,599 P14664 INFO *** Test time is 0.14840102195739746
2026-09-17 15:01:46,608 P14664 INFO Epoch 8/50, test f1: 0.46809 rc: 0.39286 pc: 0.57895. [0.21s]
2026-09-17 15:01:46,608 P14664 INFO early stopping epoch 6/15
2026-09-17 15:01:46,720 P14664 INFO Epoch 9/50, train generator loss: 0.57565
2026-09-17 15:01:46,834 P14664 INFO Epoch 9/50, train discriminator loss: 5.57993
2026-09-17 15:01:46,973 P14664 INFO *** Test time is 0.13903474807739258
2026-09-17 15:01:46,973 P14664 INFO Epoch 9/50, test f1: 0.47826 rc: 0.39286 pc: 0.61111. [0.23s]
2026-09-17 15:01:46,973 P14664 INFO early stopping epoch 7/15
2026-09-17 15:01:47,070 P14664 INFO Epoch 10/50, train generator loss: 0.48826
2026-09-17 15:01:47,184 P14664 INFO Epoch 10/50, train discriminator loss: 5.33241
2026-09-17 15:01:47,332 P14664 INFO *** Test time is 0.14793920516967773
2026-09-17 15:01:47,332 P14664 INFO Epoch 10/50, test f1: 0.51064 rc: 0.42857 pc: 0.63158. [0.21s]
2026-09-17 15:01:47,332 P14664 INFO early stopping epoch 8/15
2026-09-17 15:01:47,467 P14664 INFO Epoch 11/50, train generator loss: 0.49739
2026-09-17 15:01:47,572 P14664 INFO Epoch 11/50, train discriminator loss: 5.38663
2026-09-17 15:01:47,718 P14664 INFO *** Test time is 0.14632105827331543
2026-09-17 15:01:47,718 P14664 INFO Epoch 11/50, test f1: 0.51064 rc: 0.42857 pc: 0.63158. [0.24s]
2026-09-17 15:01:47,718 P14664 INFO early stopping epoch 9/15
2026-09-17 15:01:47,838 P14664 INFO Epoch 12/50, train generator loss: 0.55848
2026-09-17 15:01:47,937 P14664 INFO Epoch 12/50, train discriminator loss: 5.51793
2026-09-17 15:01:48,087 P14664 INFO *** Test time is 0.1502854824066162
2026-09-17 15:01:48,087 P14664 INFO Epoch 12/50, test f1: 0.51064 rc: 0.42857 pc: 0.63158. [0.22s]
2026-09-17 15:01:48,087 P14664 INFO early stopping epoch 10/15
2026-09-17 15:01:48,215 P14664 INFO Epoch 13/50, train generator loss: 0.54456
2026-09-17 15:01:48,326 P14664 INFO Epoch 13/50, train discriminator loss: 5.61360
2026-09-17 15:01:48,499 P14664 INFO *** Test time is 0.17247676849365234
2026-09-17 15:01:48,499 P14664 INFO Epoch 13/50, test f1: 0.51064 rc: 0.42857 pc: 0.63158. [0.24s]
2026-09-17 15:01:48,499 P14664 INFO early stopping epoch 11/15
2026-09-17 15:01:48,619 P14664 INFO Epoch 14/50, train generator loss: 0.47435
2026-09-17 15:01:48,705 P14664 INFO Epoch 14/50, train discriminator loss: 5.65028
2026-09-17 15:01:48,934 P14664 INFO *** Test time is 0.22818374633789062
2026-09-17 15:01:48,934 P14664 INFO Epoch 14/50, test f1: 0.47826 rc: 0.39286 pc: 0.61111. [0.21s]
2026-09-17 15:01:48,934 P14664 INFO early stopping epoch 12/15
2026-09-17 15:01:49,084 P14664 INFO Epoch 15/50, train generator loss: 0.45602
2026-09-17 15:01:49,271 P14664 INFO Epoch 15/50, train discriminator loss: 5.63812
2026-09-17 15:01:49,463 P14664 INFO *** Test time is 0.1922016143798828
2026-09-17 15:01:49,463 P14664 INFO Epoch 15/50, test f1: 0.46809 rc: 0.39286 pc: 0.57895. [0.34s]
2026-09-17 15:01:49,463 P14664 INFO early stopping epoch 13/15
2026-09-17 15:01:49,617 P14664 INFO Epoch 16/50, train generator loss: 0.46328
2026-09-17 15:01:49,748 P14664 INFO Epoch 16/50, train discriminator loss: 5.61461
2026-09-17 15:01:49,969 P14664 INFO *** Test time is 0.221388578414917
2026-09-17 15:01:49,969 P14664 INFO Epoch 16/50, test f1: 0.46809 rc: 0.39286 pc: 0.57895. [0.29s]
2026-09-17 15:01:49,969 P14664 INFO early stopping epoch 14/15
2026-09-17 15:01:50,108 P14664 INFO Epoch 17/50, train generator loss: 0.44855
2026-09-17 15:01:50,262 P14664 INFO Epoch 17/50, train discriminator loss: 5.58173
2026-09-17 15:01:50,461 P14664 INFO *** Test time is 0.19980096817016602
2026-09-17 15:01:50,461 P14664 INFO Epoch 17/50, test f1: 0.46809 rc: 0.39286 pc: 0.57895. [0.29s]
2026-09-17 15:01:50,461 P14664 INFO early stopping epoch 15/15
2026-09-17 15:01:50,461 P14664 INFO Early stopping
2026-09-17 15:01:50,656 P14664 INFO Threshold (p=95.0, src=val): 1.456222
2026-09-17 15:01:50,700 P14664 INFO *** Test F1 0.9057  of unsupervised traning
2026-09-17 15:01:50,700 P14664 INFO *** Best F1 {'f1': 0.88, 'rc': 0.7857142857142857, 'pc': 1.0, 'threshold': np.float64(1.5510808467864992)}  of unsupervised traning
2026-09-17 15:01:50,700 P14664 INFO Current hash id 84ce47ed
