2026-09-17 14:58:35,403 P26596 INFO ^^^^^^^^^^ Current Model:hades, 1ec44d5f ^^^^^^^^^^
2026-09-17 14:58:35,403 P26596 INFO Load from D:\UAM-AD\data\sn
2026-09-17 14:58:35,598 P26596 INFO 375 unique log templates found.
2026-09-17 14:58:35,609 P26596 INFO Transforming unlabel train data.
2026-09-17 14:58:35,628 P26596 INFO Transforming test data.
2026-09-17 14:58:35,661 P26596 INFO 733 new templates show.
2026-09-17 14:58:35,693 P26596 INFO Transforming val data.
2026-09-17 14:58:35,693 P26596 INFO 77 new templates show.
2026-09-17 14:58:35,693 P26596 INFO Data loaded done!
2026-09-17 14:58:35,736 P26596 INFO Known word number: 375
2026-09-17 14:58:35,936 P26596 INFO Epoch 0/50, train generator loss: 1.44785
2026-09-17 14:58:36,070 P26596 INFO Epoch 0/50, train discriminator loss: 5.45083
2026-09-17 14:58:36,258 P26596 INFO *** Test time is 0.18814587593078613
2026-09-17 14:58:36,258 P26596 INFO Epoch 0/50, test f1: 0.77551 rc: 0.65517 pc: 0.95000. [0.27s]
2026-09-17 14:58:36,496 P26596 INFO Epoch 1/50, train generator loss: 1.36363
2026-09-17 14:58:36,651 P26596 INFO Epoch 1/50, train discriminator loss: 5.00616
2026-09-17 14:58:36,885 P26596 INFO *** Test time is 0.23389649391174316
2026-09-17 14:58:36,885 P26596 INFO Epoch 1/50, test f1: 0.77551 rc: 0.65517 pc: 0.95000. [0.36s]
2026-09-17 14:58:36,885 P26596 INFO early stopping epoch 1/15
2026-09-17 14:58:37,069 P26596 INFO Epoch 2/50, train generator loss: 1.25357
2026-09-17 14:58:37,211 P26596 INFO Epoch 2/50, train discriminator loss: 4.97109
2026-09-17 14:58:37,409 P26596 INFO *** Test time is 0.19858336448669434
2026-09-17 14:58:37,409 P26596 INFO Epoch 2/50, test f1: 0.77551 rc: 0.65517 pc: 0.95000. [0.33s]
2026-09-17 14:58:37,409 P26596 INFO early stopping epoch 2/15
2026-09-17 14:58:37,605 P26596 INFO Epoch 3/50, train generator loss: 1.13943
2026-09-17 14:58:37,757 P26596 INFO Epoch 3/50, train discriminator loss: 5.52268
2026-09-17 14:58:37,970 P26596 INFO *** Test time is 0.2133471965789795
2026-09-17 14:58:37,970 P26596 INFO Epoch 3/50, test f1: 0.79167 rc: 0.65517 pc: 1.00000. [0.35s]
2026-09-17 14:58:38,167 P26596 INFO Epoch 4/50, train generator loss: 1.00544
2026-09-17 14:58:38,314 P26596 INFO Epoch 4/50, train discriminator loss: 6.40598
2026-09-17 14:58:38,519 P26596 INFO *** Test time is 0.20480084419250488
2026-09-17 14:58:38,519 P26596 INFO Epoch 4/50, test f1: 0.73469 rc: 0.62069 pc: 0.90000. [0.31s]
2026-09-17 14:58:38,528 P26596 INFO early stopping epoch 1/15
2026-09-17 14:58:38,738 P26596 INFO Epoch 5/50, train generator loss: 0.82388
2026-09-17 14:58:38,865 P26596 INFO Epoch 5/50, train discriminator loss: 7.31787
2026-09-17 14:58:39,007 P26596 INFO *** Test time is 0.14190888404846191
2026-09-17 14:58:39,007 P26596 INFO Epoch 5/50, test f1: 0.62745 rc: 0.55172 pc: 0.72727. [0.34s]
2026-09-17 14:58:39,007 P26596 INFO early stopping epoch 2/15
2026-09-17 14:58:39,145 P26596 INFO Epoch 6/50, train generator loss: 0.64010
2026-09-17 14:58:39,247 P26596 INFO Epoch 6/50, train discriminator loss: 7.97944
2026-09-17 14:58:39,392 P26596 INFO *** Test time is 0.1446390151977539
2026-09-17 14:58:39,392 P26596 INFO Epoch 6/50, test f1: 0.39130 rc: 0.31034 pc: 0.52941. [0.24s]
2026-09-17 14:58:39,392 P26596 INFO early stopping epoch 3/15
2026-09-17 14:58:39,505 P26596 INFO Epoch 7/50, train generator loss: 0.62065
2026-09-17 14:58:39,616 P26596 INFO Epoch 7/50, train discriminator loss: 7.38841
2026-09-17 14:58:39,752 P26596 INFO *** Test time is 0.135725736618042
2026-09-17 14:58:39,752 P26596 INFO Epoch 7/50, test f1: 0.23256 rc: 0.17241 pc: 0.35714. [0.22s]
2026-09-17 14:58:39,752 P26596 INFO early stopping epoch 4/15
2026-09-17 14:58:39,856 P26596 INFO Epoch 8/50, train generator loss: 0.61317
2026-09-17 14:58:39,953 P26596 INFO Epoch 8/50, train discriminator loss: 6.33613
2026-09-17 14:58:40,117 P26596 INFO *** Test time is 0.16431307792663574
2026-09-17 14:58:40,117 P26596 INFO Epoch 8/50, test f1: 0.23256 rc: 0.17241 pc: 0.35714. [0.20s]
2026-09-17 14:58:40,117 P26596 INFO early stopping epoch 5/15
2026-09-17 14:58:40,256 P26596 INFO Epoch 9/50, train generator loss: 0.52172
2026-09-17 14:58:40,387 P26596 INFO Epoch 9/50, train discriminator loss: 5.62833
2026-09-17 14:58:40,527 P26596 INFO *** Test time is 0.14002013206481934
2026-09-17 14:58:40,527 P26596 INFO Epoch 9/50, test f1: 0.46809 rc: 0.37931 pc: 0.61111. [0.27s]
2026-09-17 14:58:40,527 P26596 INFO early stopping epoch 6/15
2026-09-17 14:58:40,675 P26596 INFO Epoch 10/50, train generator loss: 0.50189
2026-09-17 14:58:40,787 P26596 INFO Epoch 10/50, train discriminator loss: 5.40593
2026-09-17 14:58:40,956 P26596 INFO *** Test time is 0.16858577728271484
2026-09-17 14:58:40,956 P26596 INFO Epoch 10/50, test f1: 0.47826 rc: 0.37931 pc: 0.64706. [0.26s]
2026-09-17 14:58:40,956 P26596 INFO early stopping epoch 7/15
2026-09-17 14:58:41,083 P26596 INFO Epoch 11/50, train generator loss: 0.51807
2026-09-17 14:58:41,208 P26596 INFO Epoch 11/50, train discriminator loss: 5.34231
2026-09-17 14:58:41,349 P26596 INFO *** Test time is 0.14029693603515625
2026-09-17 14:58:41,349 P26596 INFO Epoch 11/50, test f1: 0.46809 rc: 0.37931 pc: 0.61111. [0.25s]
2026-09-17 14:58:41,349 P26596 INFO early stopping epoch 8/15
2026-09-17 14:58:41,489 P26596 INFO Epoch 12/50, train generator loss: 0.48903
2026-09-17 14:58:41,604 P26596 INFO Epoch 12/50, train discriminator loss: 5.32742
2026-09-17 14:58:41,744 P26596 INFO *** Test time is 0.14043927192687988
2026-09-17 14:58:41,744 P26596 INFO Epoch 12/50, test f1: 0.34783 rc: 0.27586 pc: 0.47059. [0.26s]
2026-09-17 14:58:41,744 P26596 INFO early stopping epoch 9/15
2026-09-17 14:58:41,849 P26596 INFO Epoch 13/50, train generator loss: 0.47465
2026-09-17 14:58:41,955 P26596 INFO Epoch 13/50, train discriminator loss: 5.37260
2026-09-17 14:58:42,114 P26596 INFO *** Test time is 0.15875911712646484
2026-09-17 14:58:42,121 P26596 INFO Epoch 13/50, test f1: 0.34783 rc: 0.27586 pc: 0.47059. [0.21s]
2026-09-17 14:58:42,121 P26596 INFO early stopping epoch 10/15
2026-09-17 14:58:42,224 P26596 INFO Epoch 14/50, train generator loss: 0.48062
2026-09-17 14:58:42,328 P26596 INFO Epoch 14/50, train discriminator loss: 5.46788
2026-09-17 14:58:42,471 P26596 INFO *** Test time is 0.14224648475646973
2026-09-17 14:58:42,471 P26596 INFO Epoch 14/50, test f1: 0.34783 rc: 0.27586 pc: 0.47059. [0.21s]
2026-09-17 14:58:42,471 P26596 INFO early stopping epoch 11/15
2026-09-17 14:58:42,565 P26596 INFO Epoch 15/50, train generator loss: 0.45650
2026-09-17 14:58:42,662 P26596 INFO Epoch 15/50, train discriminator loss: 5.55278
2026-09-17 14:58:42,835 P26596 INFO *** Test time is 0.17293524742126465
2026-09-17 14:58:42,835 P26596 INFO Epoch 15/50, test f1: 0.40000 rc: 0.31034 pc: 0.56250. [0.19s]
2026-09-17 14:58:42,835 P26596 INFO early stopping epoch 12/15
2026-09-17 14:58:42,985 P26596 INFO Epoch 16/50, train generator loss: 0.42736
2026-09-17 14:58:43,156 P26596 INFO Epoch 16/50, train discriminator loss: 5.58667
2026-09-17 14:58:43,357 P26596 INFO *** Test time is 0.20039963722229004
2026-09-17 14:58:43,357 P26596 INFO Epoch 16/50, test f1: 0.46809 rc: 0.37931 pc: 0.61111. [0.32s]
2026-09-17 14:58:43,357 P26596 INFO early stopping epoch 13/15
2026-09-17 14:58:43,537 P26596 INFO Epoch 17/50, train generator loss: 0.43598
2026-09-17 14:58:43,675 P26596 INFO Epoch 17/50, train discriminator loss: 5.54090
2026-09-17 14:58:43,891 P26596 INFO *** Test time is 0.21553969383239746
2026-09-17 14:58:43,893 P26596 INFO Epoch 17/50, test f1: 0.46809 rc: 0.37931 pc: 0.61111. [0.32s]
2026-09-17 14:58:43,893 P26596 INFO early stopping epoch 14/15
2026-09-17 14:58:44,077 P26596 INFO Epoch 18/50, train generator loss: 0.42231
2026-09-17 14:58:44,237 P26596 INFO Epoch 18/50, train discriminator loss: 5.43386
2026-09-17 14:58:44,441 P26596 INFO *** Test time is 0.2039017677307129
2026-09-17 14:58:44,441 P26596 INFO Epoch 18/50, test f1: 0.40000 rc: 0.31034 pc: 0.56250. [0.34s]
2026-09-17 14:58:44,441 P26596 INFO early stopping epoch 15/15
2026-09-17 14:58:44,441 P26596 INFO Early stopping
2026-09-17 14:58:44,630 P26596 INFO Threshold (p=95.0, src=val): 1.250681
2026-09-17 14:58:44,678 P26596 INFO *** Test F1 0.6047  of unsupervised traning
2026-09-17 14:58:44,678 P26596 INFO *** Best F1 {'f1': 0.7916666666666666, 'rc': 0.6551724137931034, 'pc': 1.0, 'threshold': np.float64(1.5431536912918091)}  of unsupervised traning
2026-09-17 14:58:44,678 P26596 INFO Current hash id 1ec44d5f
