2026-09-17 14:58:27,797 P26596 INFO ^^^^^^^^^^ Current Model:hades, ee89ff55 ^^^^^^^^^^
2026-09-17 14:58:27,797 P26596 INFO Load from D:\UAM-AD\data\sn
2026-09-17 14:58:28,005 P26596 INFO 375 unique log templates found.
2026-09-17 14:58:28,021 P26596 INFO Transforming unlabel train data.
2026-09-17 14:58:28,044 P26596 INFO Transforming test data.
2026-09-17 14:58:28,069 P26596 INFO 733 new templates show.
2026-09-17 14:58:28,101 P26596 INFO Transforming val data.
2026-09-17 14:58:28,101 P26596 INFO 77 new templates show.
2026-09-17 14:58:28,101 P26596 INFO Data loaded done!
2026-09-17 14:58:28,148 P26596 INFO Known word number: 375
2026-09-17 14:58:28,324 P26596 INFO Epoch 0/50, train generator loss: 1.59721
2026-09-17 14:58:28,450 P26596 INFO Epoch 0/50, train discriminator loss: 5.31920
2026-09-17 14:58:28,596 P26596 INFO *** Test time is 0.1459798812866211
2026-09-17 14:58:28,596 P26596 INFO Epoch 0/50, test f1: 0.79167 rc: 0.65517 pc: 1.00000. [0.25s]
2026-09-17 14:58:28,725 P26596 INFO Epoch 1/50, train generator loss: 1.38974
2026-09-17 14:58:28,851 P26596 INFO Epoch 1/50, train discriminator loss: 4.80412
2026-09-17 14:58:29,006 P26596 INFO *** Test time is 0.15535426139831543
2026-09-17 14:58:29,006 P26596 INFO Epoch 1/50, test f1: 0.79167 rc: 0.65517 pc: 1.00000. [0.24s]
2026-09-17 14:58:29,006 P26596 INFO early stopping epoch 1/15
2026-09-17 14:58:29,117 P26596 INFO Epoch 2/50, train generator loss: 1.31260
2026-09-17 14:58:29,212 P26596 INFO Epoch 2/50, train discriminator loss: 4.73406
2026-09-17 14:58:29,371 P26596 INFO *** Test time is 0.15865039825439453
2026-09-17 14:58:29,371 P26596 INFO Epoch 2/50, test f1: 0.79167 rc: 0.65517 pc: 1.00000. [0.21s]
2026-09-17 14:58:29,371 P26596 INFO early stopping epoch 2/15
2026-09-17 14:58:29,542 P26596 INFO Epoch 3/50, train generator loss: 1.21897
2026-09-17 14:58:29,708 P26596 INFO Epoch 3/50, train discriminator loss: 5.29606
2026-09-17 14:58:29,937 P26596 INFO *** Test time is 0.22936153411865234
2026-09-17 14:58:29,937 P26596 INFO Epoch 3/50, test f1: 0.79167 rc: 0.65517 pc: 1.00000. [0.34s]
2026-09-17 14:58:29,937 P26596 INFO early stopping epoch 3/15
2026-09-17 14:58:30,133 P26596 INFO Epoch 4/50, train generator loss: 1.10292
2026-09-17 14:58:30,273 P26596 INFO Epoch 4/50, train discriminator loss: 6.58029
2026-09-17 14:58:30,489 P26596 INFO *** Test time is 0.21606969833374023
2026-09-17 14:58:30,491 P26596 INFO Epoch 4/50, test f1: 0.79167 rc: 0.65517 pc: 1.00000. [0.33s]
2026-09-17 14:58:30,491 P26596 INFO early stopping epoch 4/15
2026-09-17 14:58:30,664 P26596 INFO Epoch 5/50, train generator loss: 0.96398
2026-09-17 14:58:30,794 P26596 INFO Epoch 5/50, train discriminator loss: 7.85197
2026-09-17 14:58:31,009 P26596 INFO *** Test time is 0.21498847007751465
2026-09-17 14:58:31,011 P26596 INFO Epoch 5/50, test f1: 0.72000 rc: 0.62069 pc: 0.85714. [0.30s]
2026-09-17 14:58:31,011 P26596 INFO early stopping epoch 5/15
2026-09-17 14:58:31,190 P26596 INFO Epoch 6/50, train generator loss: 0.80202
2026-09-17 14:58:31,327 P26596 INFO Epoch 6/50, train discriminator loss: 8.51805
2026-09-17 14:58:31,539 P26596 INFO *** Test time is 0.21228265762329102
2026-09-17 14:58:31,547 P26596 INFO Epoch 6/50, test f1: 0.46809 rc: 0.37931 pc: 0.61111. [0.32s]
2026-09-17 14:58:31,547 P26596 INFO early stopping epoch 6/15
2026-09-17 14:58:31,713 P26596 INFO Epoch 7/50, train generator loss: 0.63807
2026-09-17 14:58:31,854 P26596 INFO Epoch 7/50, train discriminator loss: 8.30814
2026-09-17 14:58:32,082 P26596 INFO *** Test time is 0.22869491577148438
2026-09-17 14:58:32,082 P26596 INFO Epoch 7/50, test f1: 0.34783 rc: 0.27586 pc: 0.47059. [0.31s]
2026-09-17 14:58:32,082 P26596 INFO early stopping epoch 7/15
2026-09-17 14:58:32,206 P26596 INFO Epoch 8/50, train generator loss: 0.64762
2026-09-17 14:58:32,317 P26596 INFO Epoch 8/50, train discriminator loss: 6.91091
2026-09-17 14:58:32,457 P26596 INFO *** Test time is 0.13985967636108398
2026-09-17 14:58:32,457 P26596 INFO Epoch 8/50, test f1: 0.34783 rc: 0.27586 pc: 0.47059. [0.23s]
2026-09-17 14:58:32,457 P26596 INFO early stopping epoch 8/15
2026-09-17 14:58:32,561 P26596 INFO Epoch 9/50, train generator loss: 0.56235
2026-09-17 14:58:32,685 P26596 INFO Epoch 9/50, train discriminator loss: 5.85219
2026-09-17 14:58:32,819 P26596 INFO *** Test time is 0.13370895385742188
2026-09-17 14:58:32,819 P26596 INFO Epoch 9/50, test f1: 0.34783 rc: 0.27586 pc: 0.47059. [0.23s]
2026-09-17 14:58:32,819 P26596 INFO early stopping epoch 9/15
2026-09-17 14:58:32,944 P26596 INFO Epoch 10/50, train generator loss: 0.47298
2026-09-17 14:58:33,054 P26596 INFO Epoch 10/50, train discriminator loss: 5.47176
2026-09-17 14:58:33,226 P26596 INFO *** Test time is 0.17218518257141113
2026-09-17 14:58:33,226 P26596 INFO Epoch 10/50, test f1: 0.47826 rc: 0.37931 pc: 0.64706. [0.24s]
2026-09-17 14:58:33,226 P26596 INFO early stopping epoch 10/15
2026-09-17 14:58:33,342 P26596 INFO Epoch 11/50, train generator loss: 0.52996
2026-09-17 14:58:33,452 P26596 INFO Epoch 11/50, train discriminator loss: 5.50457
2026-09-17 14:58:33,610 P26596 INFO *** Test time is 0.15751099586486816
2026-09-17 14:58:33,610 P26596 INFO Epoch 11/50, test f1: 0.47826 rc: 0.37931 pc: 0.64706. [0.23s]
2026-09-17 14:58:33,610 P26596 INFO early stopping epoch 11/15
2026-09-17 14:58:33,721 P26596 INFO Epoch 12/50, train generator loss: 0.52847
2026-09-17 14:58:33,816 P26596 INFO Epoch 12/50, train discriminator loss: 5.62225
2026-09-17 14:58:33,980 P26596 INFO *** Test time is 0.16402173042297363
2026-09-17 14:58:33,980 P26596 INFO Epoch 12/50, test f1: 0.40000 rc: 0.31034 pc: 0.56250. [0.21s]
2026-09-17 14:58:33,980 P26596 INFO early stopping epoch 12/15
2026-09-17 14:58:34,120 P26596 INFO Epoch 13/50, train generator loss: 0.47789
2026-09-17 14:58:34,245 P26596 INFO Epoch 13/50, train discriminator loss: 5.67574
2026-09-17 14:58:34,386 P26596 INFO *** Test time is 0.14107203483581543
2026-09-17 14:58:34,386 P26596 INFO Epoch 13/50, test f1: 0.34783 rc: 0.27586 pc: 0.47059. [0.26s]
2026-09-17 14:58:34,386 P26596 INFO early stopping epoch 13/15
2026-09-17 14:58:34,500 P26596 INFO Epoch 14/50, train generator loss: 0.50765
2026-09-17 14:58:34,617 P26596 INFO Epoch 14/50, train discriminator loss: 5.66449
2026-09-17 14:58:34,785 P26596 INFO *** Test time is 0.16819429397583008
2026-09-17 14:58:34,785 P26596 INFO Epoch 14/50, test f1: 0.21622 rc: 0.13793 pc: 0.50000. [0.23s]
2026-09-17 14:58:34,785 P26596 INFO early stopping epoch 14/15
2026-09-17 14:58:34,885 P26596 INFO Epoch 15/50, train generator loss: 0.48661
2026-09-17 14:58:35,002 P26596 INFO Epoch 15/50, train discriminator loss: 5.65744
2026-09-17 14:58:35,193 P26596 INFO *** Test time is 0.19048690795898438
2026-09-17 14:58:35,193 P26596 INFO Epoch 15/50, test f1: 0.34783 rc: 0.27586 pc: 0.47059. [0.22s]
2026-09-17 14:58:35,199 P26596 INFO early stopping epoch 15/15
2026-09-17 14:58:35,199 P26596 INFO Early stopping
2026-09-17 14:58:35,332 P26596 INFO Threshold (p=95.0, src=val): 1.743809
2026-09-17 14:58:35,369 P26596 INFO *** Test F1 0.6364  of unsupervised traning
2026-09-17 14:58:35,369 P26596 INFO *** Best F1 {'f1': 0.7916666666666666, 'rc': 0.6551724137931034, 'pc': 1.0, 'threshold': np.float64(2.055807771682739)}  of unsupervised traning
2026-09-17 14:58:35,369 P26596 INFO Current hash id ee89ff55
