2026-09-16 11:09:51,306 P4600 INFO ^^^^^^^^^^ Current Model:hades, e33a44c1 ^^^^^^^^^^
2026-09-16 11:09:51,306 P4600 INFO Load from D:\UAM-AD\data\sn
2026-09-16 11:09:51,578 P4600 INFO 375 unique log templates found.
2026-09-16 11:09:51,588 P4600 INFO Transforming unlabel train data.
2026-09-16 11:09:51,610 P4600 INFO Transforming test data.
2026-09-16 11:09:51,642 P4600 INFO 193 new templates show.
2026-09-16 11:09:51,674 P4600 INFO Transforming val data.
2026-09-16 11:09:51,674 P4600 INFO 77 new templates show.
2026-09-16 11:09:51,674 P4600 INFO Data loaded done!
2026-09-16 11:09:51,707 P4600 INFO Known word number: 375
2026-09-16 11:09:51,930 P4600 INFO Epoch 0/10, train generator loss: 1.55923
2026-09-16 11:09:52,053 P4600 INFO Epoch 0/10, train discriminator loss: 5.69152
2026-09-16 11:09:52,199 P4600 INFO *** Test time is 0.1461498737335205
2026-09-16 11:09:52,199 P4600 INFO Epoch 0/10, test f1: 0.92308 rc: 1.00000 pc: 0.85714. [0.28s]
2026-09-16 11:09:52,369 P4600 INFO Epoch 1/10, train generator loss: 1.39861
2026-09-16 11:09:52,452 P4600 INFO Epoch 1/10, train discriminator loss: 5.12566
2026-09-16 11:09:52,602 P4600 INFO *** Test time is 0.1506664752960205
2026-09-16 11:09:52,602 P4600 INFO Epoch 1/10, test f1: 0.92308 rc: 1.00000 pc: 0.85714. [0.24s]
2026-09-16 11:09:52,604 P4600 INFO early stopping epoch 1/5
2026-09-16 11:09:52,725 P4600 INFO Epoch 2/10, train generator loss: 1.38010
2026-09-16 11:09:52,823 P4600 INFO Epoch 2/10, train discriminator loss: 4.68155
2026-09-16 11:09:52,976 P4600 INFO *** Test time is 0.15214896202087402
2026-09-16 11:09:52,976 P4600 INFO Epoch 2/10, test f1: 0.92308 rc: 1.00000 pc: 0.85714. [0.22s]
2026-09-16 11:09:52,976 P4600 INFO early stopping epoch 2/5
2026-09-16 11:09:53,078 P4600 INFO Epoch 3/10, train generator loss: 1.39581
2026-09-16 11:09:53,173 P4600 INFO Epoch 3/10, train discriminator loss: 4.37552
2026-09-16 11:09:53,308 P4600 INFO *** Test time is 0.13460302352905273
2026-09-16 11:09:53,308 P4600 INFO Epoch 3/10, test f1: 0.92308 rc: 1.00000 pc: 0.85714. [0.20s]
2026-09-16 11:09:53,308 P4600 INFO early stopping epoch 3/5
2026-09-16 11:09:53,459 P4600 INFO Epoch 4/10, train generator loss: 1.42878
2026-09-16 11:09:53,560 P4600 INFO Epoch 4/10, train discriminator loss: 4.16989
2026-09-16 11:09:53,704 P4600 INFO *** Test time is 0.14448070526123047
2026-09-16 11:09:53,704 P4600 INFO Epoch 4/10, test f1: 0.92308 rc: 1.00000 pc: 0.85714. [0.25s]
2026-09-16 11:09:53,704 P4600 INFO early stopping epoch 4/5
2026-09-16 11:09:53,833 P4600 INFO Epoch 5/10, train generator loss: 1.46777
2026-09-16 11:09:53,932 P4600 INFO Epoch 5/10, train discriminator loss: 4.02420
2026-09-16 11:09:54,067 P4600 INFO *** Test time is 0.13500714302062988
2026-09-16 11:09:54,067 P4600 INFO Epoch 5/10, test f1: 0.92308 rc: 1.00000 pc: 0.85714. [0.23s]
2026-09-16 11:09:54,067 P4600 INFO early stopping epoch 5/5
2026-09-16 11:09:54,067 P4600 INFO Early stopping
2026-09-16 11:09:54,152 P4600 INFO Threshold (p=95.0, src=val): 1.759192
2026-09-16 11:09:54,178 P4600 INFO *** Test F1 0.8571  of unsupervised traning
2026-09-16 11:09:54,178 P4600 INFO *** Best F1 {'f1': 0.9230769230769231, 'rc': 1.0, 'pc': 0.8571428571428571, 'threshold': np.float64(1.8948411083221435)}  of unsupervised traning
2026-09-16 11:09:54,194 P4600 INFO Current hash id e33a44c1
