2026-09-16 11:11:09,540 P8096 INFO ^^^^^^^^^^ Current Model:hades, e55ba05f ^^^^^^^^^^
2026-09-16 11:11:09,540 P8096 INFO Load from D:\UAM-AD\data\sn
2026-09-16 11:11:09,922 P8096 INFO 375 unique log templates found.
2026-09-16 11:11:09,941 P8096 INFO Transforming unlabel train data.
2026-09-16 11:11:10,001 P8096 INFO Transforming test data.
2026-09-16 11:11:10,033 P8096 INFO 185 new templates show.
2026-09-16 11:11:10,102 P8096 INFO Transforming val data.
2026-09-16 11:11:10,102 P8096 INFO 77 new templates show.
2026-09-16 11:11:10,112 P8096 INFO Data loaded done!
2026-09-16 11:11:10,161 P8096 INFO Known word number: 375
2026-09-16 11:11:12,656 P8096 INFO Epoch 0/10, train generator loss: 1.51858
2026-09-16 11:11:12,810 P8096 INFO Epoch 0/10, train discriminator loss: 5.74817
2026-09-16 11:11:12,998 P8096 INFO *** Test time is 0.18803191184997559
2026-09-16 11:11:12,998 P8096 INFO Epoch 0/10, test f1: 0.83333 rc: 1.00000 pc: 0.71429. [0.75s]
2026-09-16 11:11:13,212 P8096 INFO Epoch 1/10, train generator loss: 1.42379
2026-09-16 11:11:13,338 P8096 INFO Epoch 1/10, train discriminator loss: 5.09047
2026-09-16 11:11:13,514 P8096 INFO *** Test time is 0.17638874053955078
2026-09-16 11:11:13,514 P8096 INFO Epoch 1/10, test f1: 0.83333 rc: 1.00000 pc: 0.71429. [0.31s]
2026-09-16 11:11:13,514 P8096 INFO early stopping epoch 1/5
2026-09-16 11:11:13,642 P8096 INFO Epoch 2/10, train generator loss: 1.37331
2026-09-16 11:11:13,745 P8096 INFO Epoch 2/10, train discriminator loss: 4.67422
2026-09-16 11:11:13,866 P8096 INFO *** Test time is 0.12087059020996094
2026-09-16 11:11:13,866 P8096 INFO Epoch 2/10, test f1: 0.83333 rc: 1.00000 pc: 0.71429. [0.23s]
2026-09-16 11:11:13,866 P8096 INFO early stopping epoch 2/5
2026-09-16 11:11:14,029 P8096 INFO Epoch 3/10, train generator loss: 1.37511
2026-09-16 11:11:14,119 P8096 INFO Epoch 3/10, train discriminator loss: 4.39869
2026-09-16 11:11:14,262 P8096 INFO *** Test time is 0.14288616180419922
2026-09-16 11:11:14,262 P8096 INFO Epoch 3/10, test f1: 0.83333 rc: 1.00000 pc: 0.71429. [0.25s]
2026-09-16 11:11:14,262 P8096 INFO early stopping epoch 3/5
2026-09-16 11:11:14,378 P8096 INFO Epoch 4/10, train generator loss: 1.40174
2026-09-16 11:11:14,466 P8096 INFO Epoch 4/10, train discriminator loss: 4.18637
2026-09-16 11:11:14,598 P8096 INFO *** Test time is 0.1320962905883789
2026-09-16 11:11:14,598 P8096 INFO Epoch 4/10, test f1: 0.83333 rc: 1.00000 pc: 0.71429. [0.20s]
2026-09-16 11:11:14,598 P8096 INFO early stopping epoch 4/5
2026-09-16 11:11:14,745 P8096 INFO Epoch 5/10, train generator loss: 1.43476
2026-09-16 11:11:14,867 P8096 INFO Epoch 5/10, train discriminator loss: 4.02231
2026-09-16 11:11:15,029 P8096 INFO *** Test time is 0.16210079193115234
2026-09-16 11:11:15,029 P8096 INFO Epoch 5/10, test f1: 0.83333 rc: 1.00000 pc: 0.71429. [0.27s]
2026-09-16 11:11:15,029 P8096 INFO early stopping epoch 5/5
2026-09-16 11:11:15,029 P8096 INFO Early stopping
2026-09-16 11:11:15,152 P8096 INFO Threshold (p=95.0, src=val): 1.837329
2026-09-16 11:11:15,183 P8096 INFO *** Test F1 0.8333  of unsupervised traning
2026-09-16 11:11:15,183 P8096 INFO *** Best F1 {'f1': 0.8333333333333334, 'rc': 1.0, 'pc': 0.7142857142857143, 'threshold': np.float64(1.83537859916687)}  of unsupervised traning
2026-09-16 11:11:15,193 P8096 INFO Current hash id e55ba05f
