2026-09-17 14:56:57,773 P6416 INFO ^^^^^^^^^^ Current Model:hades, 6f39a6c5 ^^^^^^^^^^
2026-09-17 14:56:57,773 P6416 INFO Load from D:\UAM-AD\data\sn
2026-09-17 14:56:57,977 P6416 INFO 375 unique log templates found.
2026-09-17 14:56:57,983 P6416 INFO Transforming unlabel train data.
2026-09-17 14:56:58,008 P6416 INFO Transforming test data.
2026-09-17 14:56:58,025 P6416 INFO 729 new templates show.
2026-09-17 14:56:58,057 P6416 INFO Transforming val data.
2026-09-17 14:56:58,057 P6416 INFO 77 new templates show.
2026-09-17 14:56:58,057 P6416 INFO Data loaded done!
2026-09-17 14:56:58,089 P6416 INFO Known word number: 375
2026-09-17 14:56:58,310 P6416 INFO Epoch 0/50, train generator loss: 1.46331
2026-09-17 14:56:58,398 P6416 INFO Epoch 0/50, train discriminator loss: 5.42806
2026-09-17 14:56:58,569 P6416 INFO *** Test time is 0.1627211570739746
2026-09-17 14:56:58,569 P6416 INFO Epoch 0/50, test f1: 0.69767 rc: 0.55556 pc: 0.93750. [0.25s]
2026-09-17 14:56:58,711 P6416 INFO Epoch 1/50, train generator loss: 1.37897
2026-09-17 14:56:58,806 P6416 INFO Epoch 1/50, train discriminator loss: 4.86436
2026-09-17 14:56:58,964 P6416 INFO *** Test time is 0.15649890899658203
2026-09-17 14:56:58,964 P6416 INFO Epoch 1/50, test f1: 0.71111 rc: 0.59259 pc: 0.88889. [0.23s]
2026-09-17 14:56:59,110 P6416 INFO Epoch 2/50, train generator loss: 1.25647
2026-09-17 14:56:59,199 P6416 INFO Epoch 2/50, train discriminator loss: 4.86129
2026-09-17 14:56:59,363 P6416 INFO *** Test time is 0.16406607627868652
2026-09-17 14:56:59,363 P6416 INFO Epoch 2/50, test f1: 0.71111 rc: 0.59259 pc: 0.88889. [0.22s]
2026-09-17 14:56:59,363 P6416 INFO early stopping epoch 1/15
2026-09-17 14:56:59,469 P6416 INFO Epoch 3/50, train generator loss: 1.14469
2026-09-17 14:56:59,567 P6416 INFO Epoch 3/50, train discriminator loss: 5.44447
2026-09-17 14:56:59,730 P6416 INFO *** Test time is 0.1630396842956543
2026-09-17 14:56:59,730 P6416 INFO Epoch 3/50, test f1: 0.71111 rc: 0.59259 pc: 0.88889. [0.20s]
2026-09-17 14:56:59,730 P6416 INFO early stopping epoch 2/15
2026-09-17 14:56:59,882 P6416 INFO Epoch 4/50, train generator loss: 0.99454
2026-09-17 14:57:00,035 P6416 INFO Epoch 4/50, train discriminator loss: 6.61742
2026-09-17 14:57:00,242 P6416 INFO *** Test time is 0.20710158348083496
2026-09-17 14:57:00,242 P6416 INFO Epoch 4/50, test f1: 0.54545 rc: 0.44444 pc: 0.70588. [0.31s]
2026-09-17 14:57:00,242 P6416 INFO early stopping epoch 3/15
2026-09-17 14:57:00,417 P6416 INFO Epoch 5/50, train generator loss: 0.81524
2026-09-17 14:57:00,563 P6416 INFO Epoch 5/50, train discriminator loss: 7.67017
2026-09-17 14:57:00,789 P6416 INFO *** Test time is 0.22579169273376465
2026-09-17 14:57:00,789 P6416 INFO Epoch 5/50, test f1: 0.44444 rc: 0.37037 pc: 0.55556. [0.32s]
2026-09-17 14:57:00,789 P6416 INFO early stopping epoch 4/15
2026-09-17 14:57:00,973 P6416 INFO Epoch 6/50, train generator loss: 0.65846
2026-09-17 14:57:01,114 P6416 INFO Epoch 6/50, train discriminator loss: 8.04735
2026-09-17 14:57:01,333 P6416 INFO *** Test time is 0.218949556350708
2026-09-17 14:57:01,333 P6416 INFO Epoch 6/50, test f1: 0.35000 rc: 0.25926 pc: 0.53846. [0.33s]
2026-09-17 14:57:01,333 P6416 INFO early stopping epoch 5/15
2026-09-17 14:57:01,481 P6416 INFO Epoch 7/50, train generator loss: 0.66139
2026-09-17 14:57:01,620 P6416 INFO Epoch 7/50, train discriminator loss: 7.11334
2026-09-17 14:57:01,825 P6416 INFO *** Test time is 0.20437383651733398
2026-09-17 14:57:01,825 P6416 INFO Epoch 7/50, test f1: 0.34146 rc: 0.25926 pc: 0.50000. [0.29s]
2026-09-17 14:57:01,825 P6416 INFO early stopping epoch 6/15
2026-09-17 14:57:01,975 P6416 INFO Epoch 8/50, train generator loss: 0.63560
2026-09-17 14:57:02,125 P6416 INFO Epoch 8/50, train discriminator loss: 6.05799
2026-09-17 14:57:02,332 P6416 INFO *** Test time is 0.20777368545532227
2026-09-17 14:57:02,332 P6416 INFO Epoch 8/50, test f1: 0.34146 rc: 0.25926 pc: 0.50000. [0.30s]
2026-09-17 14:57:02,332 P6416 INFO early stopping epoch 7/15
2026-09-17 14:57:02,475 P6416 INFO Epoch 9/50, train generator loss: 0.54360
2026-09-17 14:57:02,597 P6416 INFO Epoch 9/50, train discriminator loss: 5.47482
2026-09-17 14:57:02,728 P6416 INFO *** Test time is 0.13086581230163574
2026-09-17 14:57:02,728 P6416 INFO Epoch 9/50, test f1: 0.34146 rc: 0.25926 pc: 0.50000. [0.26s]
2026-09-17 14:57:02,728 P6416 INFO early stopping epoch 8/15
2026-09-17 14:57:02,847 P6416 INFO Epoch 10/50, train generator loss: 0.48541
2026-09-17 14:57:02,980 P6416 INFO Epoch 10/50, train discriminator loss: 5.36304
2026-09-17 14:57:03,127 P6416 INFO *** Test time is 0.14633560180664062
2026-09-17 14:57:03,127 P6416 INFO Epoch 10/50, test f1: 0.45455 rc: 0.37037 pc: 0.58824. [0.25s]
2026-09-17 14:57:03,127 P6416 INFO early stopping epoch 9/15
2026-09-17 14:57:03,252 P6416 INFO Epoch 11/50, train generator loss: 0.51334
2026-09-17 14:57:03,373 P6416 INFO Epoch 11/50, train discriminator loss: 5.41507
2026-09-17 14:57:03,533 P6416 INFO *** Test time is 0.16022896766662598
2026-09-17 14:57:03,533 P6416 INFO Epoch 11/50, test f1: 0.45455 rc: 0.37037 pc: 0.58824. [0.25s]
2026-09-17 14:57:03,533 P6416 INFO early stopping epoch 10/15
2026-09-17 14:57:03,665 P6416 INFO Epoch 12/50, train generator loss: 0.52051
2026-09-17 14:57:03,756 P6416 INFO Epoch 12/50, train discriminator loss: 5.49089
2026-09-17 14:57:03,912 P6416 INFO *** Test time is 0.1552567481994629
2026-09-17 14:57:03,912 P6416 INFO Epoch 12/50, test f1: 0.44444 rc: 0.37037 pc: 0.55556. [0.22s]
2026-09-17 14:57:03,912 P6416 INFO early stopping epoch 11/15
2026-09-17 14:57:04,044 P6416 INFO Epoch 13/50, train generator loss: 0.49707
2026-09-17 14:57:04,138 P6416 INFO Epoch 13/50, train discriminator loss: 5.52836
2026-09-17 14:57:04,322 P6416 INFO *** Test time is 0.18340611457824707
2026-09-17 14:57:04,322 P6416 INFO Epoch 13/50, test f1: 0.34146 rc: 0.25926 pc: 0.50000. [0.23s]
2026-09-17 14:57:04,322 P6416 INFO early stopping epoch 12/15
2026-09-17 14:57:04,427 P6416 INFO Epoch 14/50, train generator loss: 0.47813
2026-09-17 14:57:04,539 P6416 INFO Epoch 14/50, train discriminator loss: 5.55269
2026-09-17 14:57:04,711 P6416 INFO *** Test time is 0.17147278785705566
2026-09-17 14:57:04,711 P6416 INFO Epoch 14/50, test f1: 0.34146 rc: 0.25926 pc: 0.50000. [0.22s]
2026-09-17 14:57:04,711 P6416 INFO early stopping epoch 13/15
2026-09-17 14:57:04,823 P6416 INFO Epoch 15/50, train generator loss: 0.46964
2026-09-17 14:57:04,927 P6416 INFO Epoch 15/50, train discriminator loss: 5.56505
2026-09-17 14:57:05,065 P6416 INFO *** Test time is 0.1381542682647705
2026-09-17 14:57:05,065 P6416 INFO Epoch 15/50, test f1: 0.34146 rc: 0.25926 pc: 0.50000. [0.22s]
2026-09-17 14:57:05,065 P6416 INFO early stopping epoch 14/15
2026-09-17 14:57:05,167 P6416 INFO Epoch 16/50, train generator loss: 0.44323
2026-09-17 14:57:05,276 P6416 INFO Epoch 16/50, train discriminator loss: 5.56400
2026-09-17 14:57:05,433 P6416 INFO *** Test time is 0.15772104263305664
2026-09-17 14:57:05,433 P6416 INFO Epoch 16/50, test f1: 0.34146 rc: 0.25926 pc: 0.50000. [0.21s]
2026-09-17 14:57:05,433 P6416 INFO early stopping epoch 15/15
2026-09-17 14:57:05,433 P6416 INFO Early stopping
2026-09-17 14:57:05,525 P6416 INFO Threshold (p=95.0, src=val): 1.557913
2026-09-17 14:57:05,559 P6416 INFO *** Test F1 0.9153  of unsupervised traning
2026-09-17 14:57:05,559 P6416 INFO *** Best F1 {'f1': 0.7111111111111111, 'rc': 0.5925925925925926, 'pc': 0.8888888888888888, 'threshold': np.float64(1.7179433631896972)}  of unsupervised traning
2026-09-17 14:57:05,562 P6416 INFO Current hash id 6f39a6c5
