2026-09-17 14:56:07,672 P29480 INFO ^^^^^^^^^^ Current Model:hades, 6ee2da27 ^^^^^^^^^^
2026-09-17 14:56:07,679 P29480 INFO Load from D:\UAM-AD\data\sn
2026-09-17 14:56:07,968 P29480 INFO 375 unique log templates found.
2026-09-17 14:56:07,984 P29480 INFO Transforming unlabel train data.
2026-09-17 14:56:08,016 P29480 INFO Transforming test data.
2026-09-17 14:56:08,064 P29480 INFO 721 new templates show.
2026-09-17 14:56:08,112 P29480 INFO Transforming val data.
2026-09-17 14:56:08,112 P29480 INFO 77 new templates show.
2026-09-17 14:56:08,117 P29480 INFO Data loaded done!
2026-09-17 14:56:08,184 P29480 INFO Known word number: 375
2026-09-17 14:56:08,433 P29480 INFO Epoch 0/50, train generator loss: 1.45512
2026-09-17 14:56:08,581 P29480 INFO Epoch 0/50, train discriminator loss: 5.47090
2026-09-17 14:56:08,803 P29480 INFO *** Test time is 0.2214651107788086
2026-09-17 14:56:08,803 P29480 INFO Epoch 0/50, test f1: 0.73077 rc: 0.63333 pc: 0.86364. [0.34s]
2026-09-17 14:56:09,015 P29480 INFO Epoch 1/50, train generator loss: 1.38887
2026-09-17 14:56:09,166 P29480 INFO Epoch 1/50, train discriminator loss: 4.93378
2026-09-17 14:56:09,380 P29480 INFO *** Test time is 0.21448993682861328
2026-09-17 14:56:09,380 P29480 INFO Epoch 1/50, test f1: 0.73077 rc: 0.63333 pc: 0.86364. [0.34s]
2026-09-17 14:56:09,380 P29480 INFO early stopping epoch 1/15
2026-09-17 14:56:09,566 P29480 INFO Epoch 2/50, train generator loss: 1.26557
2026-09-17 14:56:09,725 P29480 INFO Epoch 2/50, train discriminator loss: 5.03054
2026-09-17 14:56:09,932 P29480 INFO *** Test time is 0.20763683319091797
2026-09-17 14:56:09,938 P29480 INFO Epoch 2/50, test f1: 0.73077 rc: 0.63333 pc: 0.86364. [0.34s]
2026-09-17 14:56:09,938 P29480 INFO early stopping epoch 2/15
2026-09-17 14:56:10,115 P29480 INFO Epoch 3/50, train generator loss: 1.15530
2026-09-17 14:56:10,254 P29480 INFO Epoch 3/50, train discriminator loss: 5.63012
2026-09-17 14:56:10,453 P29480 INFO *** Test time is 0.19959259033203125
2026-09-17 14:56:10,453 P29480 INFO Epoch 3/50, test f1: 0.74510 rc: 0.63333 pc: 0.90476. [0.32s]
2026-09-17 14:56:10,599 P29480 INFO Epoch 4/50, train generator loss: 1.00720
2026-09-17 14:56:10,694 P29480 INFO Epoch 4/50, train discriminator loss: 6.54017
2026-09-17 14:56:10,834 P29480 INFO *** Test time is 0.13958954811096191
2026-09-17 14:56:10,834 P29480 INFO Epoch 4/50, test f1: 0.68085 rc: 0.53333 pc: 0.94118. [0.23s]
2026-09-17 14:56:10,834 P29480 INFO early stopping epoch 1/15
2026-09-17 14:56:10,945 P29480 INFO Epoch 5/50, train generator loss: 0.81619
2026-09-17 14:56:11,059 P29480 INFO Epoch 5/50, train discriminator loss: 7.30125
2026-09-17 14:56:11,197 P29480 INFO *** Test time is 0.13809561729431152
2026-09-17 14:56:11,197 P29480 INFO Epoch 5/50, test f1: 0.56000 rc: 0.46667 pc: 0.70000. [0.23s]
2026-09-17 14:56:11,197 P29480 INFO early stopping epoch 2/15
2026-09-17 14:56:11,361 P29480 INFO Epoch 6/50, train generator loss: 0.65393
2026-09-17 14:56:11,479 P29480 INFO Epoch 6/50, train discriminator loss: 7.65164
2026-09-17 14:56:11,658 P29480 INFO *** Test time is 0.17957067489624023
2026-09-17 14:56:11,658 P29480 INFO Epoch 6/50, test f1: 0.54902 rc: 0.46667 pc: 0.66667. [0.28s]
2026-09-17 14:56:11,658 P29480 INFO early stopping epoch 3/15
2026-09-17 14:56:11,765 P29480 INFO Epoch 7/50, train generator loss: 0.64435
2026-09-17 14:56:11,860 P29480 INFO Epoch 7/50, train discriminator loss: 6.92218
2026-09-17 14:56:12,018 P29480 INFO *** Test time is 0.15840482711791992
2026-09-17 14:56:12,018 P29480 INFO Epoch 7/50, test f1: 0.54902 rc: 0.46667 pc: 0.66667. [0.20s]
2026-09-17 14:56:12,018 P29480 INFO early stopping epoch 4/15
2026-09-17 14:56:12,123 P29480 INFO Epoch 8/50, train generator loss: 0.61735
2026-09-17 14:56:12,245 P29480 INFO Epoch 8/50, train discriminator loss: 6.02196
2026-09-17 14:56:12,399 P29480 INFO *** Test time is 0.15384268760681152
2026-09-17 14:56:12,399 P29480 INFO Epoch 8/50, test f1: 0.54902 rc: 0.46667 pc: 0.66667. [0.23s]
2026-09-17 14:56:12,399 P29480 INFO early stopping epoch 5/15
2026-09-17 14:56:12,501 P29480 INFO Epoch 9/50, train generator loss: 0.53228
2026-09-17 14:56:12,633 P29480 INFO Epoch 9/50, train discriminator loss: 5.52314
2026-09-17 14:56:12,781 P29480 INFO *** Test time is 0.14739012718200684
2026-09-17 14:56:12,781 P29480 INFO Epoch 9/50, test f1: 0.56000 rc: 0.46667 pc: 0.70000. [0.23s]
2026-09-17 14:56:12,781 P29480 INFO early stopping epoch 6/15
2026-09-17 14:56:12,909 P29480 INFO Epoch 10/50, train generator loss: 0.50543
2026-09-17 14:56:13,015 P29480 INFO Epoch 10/50, train discriminator loss: 5.46021
2026-09-17 14:56:13,174 P29480 INFO *** Test time is 0.1588459014892578
2026-09-17 14:56:13,174 P29480 INFO Epoch 10/50, test f1: 0.61538 rc: 0.53333 pc: 0.72727. [0.23s]
2026-09-17 14:56:13,174 P29480 INFO early stopping epoch 7/15
2026-09-17 14:56:13,312 P29480 INFO Epoch 11/50, train generator loss: 0.50686
2026-09-17 14:56:13,410 P29480 INFO Epoch 11/50, train discriminator loss: 5.51291
2026-09-17 14:56:13,568 P29480 INFO *** Test time is 0.15754032135009766
2026-09-17 14:56:13,568 P29480 INFO Epoch 11/50, test f1: 0.56000 rc: 0.46667 pc: 0.70000. [0.24s]
2026-09-17 14:56:13,568 P29480 INFO early stopping epoch 8/15
2026-09-17 14:56:13,700 P29480 INFO Epoch 12/50, train generator loss: 0.50529
2026-09-17 14:56:13,820 P29480 INFO Epoch 12/50, train discriminator loss: 5.53385
2026-09-17 14:56:13,962 P29480 INFO *** Test time is 0.1419064998626709
2026-09-17 14:56:13,962 P29480 INFO Epoch 12/50, test f1: 0.54902 rc: 0.46667 pc: 0.66667. [0.25s]
2026-09-17 14:56:13,962 P29480 INFO early stopping epoch 9/15
2026-09-17 14:56:14,078 P29480 INFO Epoch 13/50, train generator loss: 0.49866
2026-09-17 14:56:14,188 P29480 INFO Epoch 13/50, train discriminator loss: 5.54120
2026-09-17 14:56:14,342 P29480 INFO *** Test time is 0.1546943187713623
2026-09-17 14:56:14,342 P29480 INFO Epoch 13/50, test f1: 0.54902 rc: 0.46667 pc: 0.66667. [0.23s]
2026-09-17 14:56:14,342 P29480 INFO early stopping epoch 10/15
2026-09-17 14:56:14,454 P29480 INFO Epoch 14/50, train generator loss: 0.48915
2026-09-17 14:56:14,616 P29480 INFO Epoch 14/50, train discriminator loss: 5.58007
2026-09-17 14:56:14,848 P29480 INFO *** Test time is 0.23165225982666016
2026-09-17 14:56:14,848 P29480 INFO Epoch 14/50, test f1: 0.54902 rc: 0.46667 pc: 0.66667. [0.27s]
2026-09-17 14:56:14,848 P29480 INFO early stopping epoch 11/15
2026-09-17 14:56:14,996 P29480 INFO Epoch 15/50, train generator loss: 0.45167
2026-09-17 14:56:15,133 P29480 INFO Epoch 15/50, train discriminator loss: 5.61541
2026-09-17 14:56:15,346 P29480 INFO *** Test time is 0.21274018287658691
2026-09-17 14:56:15,346 P29480 INFO Epoch 15/50, test f1: 0.56000 rc: 0.46667 pc: 0.70000. [0.28s]
2026-09-17 14:56:15,346 P29480 INFO early stopping epoch 12/15
2026-09-17 14:56:15,497 P29480 INFO Epoch 16/50, train generator loss: 0.42171
2026-09-17 14:56:15,640 P29480 INFO Epoch 16/50, train discriminator loss: 5.61514
2026-09-17 14:56:15,843 P29480 INFO *** Test time is 0.20256543159484863
2026-09-17 14:56:15,843 P29480 INFO Epoch 16/50, test f1: 0.61538 rc: 0.53333 pc: 0.72727. [0.29s]
2026-09-17 14:56:15,843 P29480 INFO early stopping epoch 13/15
2026-09-17 14:56:16,044 P29480 INFO Epoch 17/50, train generator loss: 0.43593
2026-09-17 14:56:16,191 P29480 INFO Epoch 17/50, train discriminator loss: 5.55672
2026-09-17 14:56:16,413 P29480 INFO *** Test time is 0.22136807441711426
2026-09-17 14:56:16,413 P29480 INFO Epoch 17/50, test f1: 0.56000 rc: 0.46667 pc: 0.70000. [0.35s]
2026-09-17 14:56:16,413 P29480 INFO early stopping epoch 14/15
2026-09-17 14:56:16,589 P29480 INFO Epoch 18/50, train generator loss: 0.41826
2026-09-17 14:56:16,732 P29480 INFO Epoch 18/50, train discriminator loss: 5.46222
2026-09-17 14:56:16,952 P29480 INFO *** Test time is 0.21915149688720703
2026-09-17 14:56:16,952 P29480 INFO Epoch 18/50, test f1: 0.54902 rc: 0.46667 pc: 0.66667. [0.32s]
2026-09-17 14:56:16,952 P29480 INFO early stopping epoch 15/15
2026-09-17 14:56:16,967 P29480 INFO Early stopping
2026-09-17 14:56:17,103 P29480 INFO Threshold (p=95.0, src=val): 1.220381
2026-09-17 14:56:17,141 P29480 INFO *** Test F1 0.9375  of unsupervised traning
2026-09-17 14:56:17,141 P29480 INFO *** Best F1 {'f1': 0.7450980392156863, 'rc': 0.6333333333333333, 'pc': 0.9047619047619048, 'threshold': np.float64(1.3415149021148682)}  of unsupervised traning
2026-09-17 14:56:17,148 P29480 INFO Current hash id 6ee2da27
