2026-09-17 11:44:02,798 P27204 INFO ^^^^^^^^^^ Current Model:hades, 1ec7b978 ^^^^^^^^^^
2026-09-17 11:44:02,798 P27204 INFO Load from D:\UAM-AD\data\sn
2026-09-17 11:44:03,021 P27204 INFO 375 unique log templates found.
2026-09-17 11:44:03,025 P27204 INFO Transforming unlabel train data.
2026-09-17 11:44:03,050 P27204 INFO Transforming test data.
2026-09-17 11:44:03,082 P27204 INFO 721 new templates show.
2026-09-17 11:44:03,114 P27204 INFO Transforming val data.
2026-09-17 11:44:03,114 P27204 INFO 77 new templates show.
2026-09-17 11:44:03,114 P27204 INFO Data loaded done!
2026-09-17 11:44:03,146 P27204 INFO Known word number: 375
2026-09-17 11:44:03,290 P27204 INFO Epoch 0/10, train generator loss: 1.24690
2026-09-17 11:44:03,401 P27204 INFO Epoch 0/10, train discriminator loss: 2.74654
2026-09-17 11:44:03,547 P27204 INFO *** Test time is 0.14633822441101074
2026-09-17 11:44:03,547 P27204 INFO Epoch 0/10, test f1: 0.83333 rc: 0.76923 pc: 0.90909. [0.21s]
2026-09-17 11:44:03,656 P27204 INFO Epoch 1/10, train generator loss: 1.20386
2026-09-17 11:44:03,752 P27204 INFO Epoch 1/10, train discriminator loss: 2.22636
2026-09-17 11:44:03,890 P27204 INFO *** Test time is 0.13618922233581543
2026-09-17 11:44:03,890 P27204 INFO Epoch 1/10, test f1: 0.83333 rc: 0.76923 pc: 0.90909. [0.19s]
2026-09-17 11:44:03,890 P27204 INFO early stopping epoch 1/5
2026-09-17 11:44:03,988 P27204 INFO Epoch 2/10, train generator loss: 1.21203
2026-09-17 11:44:04,069 P27204 INFO Epoch 2/10, train discriminator loss: 1.79518
2026-09-17 11:44:04,221 P27204 INFO *** Test time is 0.1519784927368164
2026-09-17 11:44:04,221 P27204 INFO Epoch 2/10, test f1: 0.83333 rc: 0.76923 pc: 0.90909. [0.18s]
2026-09-17 11:44:04,221 P27204 INFO early stopping epoch 2/5
2026-09-17 11:44:04,324 P27204 INFO Epoch 3/10, train generator loss: 1.25538
2026-09-17 11:44:04,409 P27204 INFO Epoch 3/10, train discriminator loss: 1.47529
2026-09-17 11:44:04,571 P27204 INFO *** Test time is 0.16270732879638672
2026-09-17 11:44:04,571 P27204 INFO Epoch 3/10, test f1: 0.83333 rc: 0.76923 pc: 0.90909. [0.19s]
2026-09-17 11:44:04,571 P27204 INFO early stopping epoch 3/5
2026-09-17 11:44:04,693 P27204 INFO Epoch 4/10, train generator loss: 1.30862
2026-09-17 11:44:04,760 P27204 INFO Epoch 4/10, train discriminator loss: 1.27947
2026-09-17 11:44:04,908 P27204 INFO *** Test time is 0.14751291275024414
2026-09-17 11:44:04,908 P27204 INFO Epoch 4/10, test f1: 0.83333 rc: 0.76923 pc: 0.90909. [0.19s]
2026-09-17 11:44:04,908 P27204 INFO early stopping epoch 4/5
2026-09-17 11:44:05,008 P27204 INFO Epoch 5/10, train generator loss: 1.36810
2026-09-17 11:44:05,088 P27204 INFO Epoch 5/10, train discriminator loss: 1.15413
2026-09-17 11:44:05,263 P27204 INFO *** Test time is 0.17500853538513184
2026-09-17 11:44:05,263 P27204 INFO Epoch 5/10, test f1: 0.83333 rc: 0.76923 pc: 0.90909. [0.18s]
2026-09-17 11:44:05,263 P27204 INFO early stopping epoch 5/5
2026-09-17 11:44:05,263 P27204 INFO Early stopping
2026-09-17 11:44:05,521 P27204 INFO Threshold (p=95.0, src=val): 1.317075
2026-09-17 11:44:05,574 P27204 INFO *** Test F1 0.8148  of unsupervised traning
2026-09-17 11:44:05,574 P27204 INFO *** Best F1 {'f1': 0.8333333333333334, 'rc': 0.7692307692307693, 'pc': 0.9090909090909091, 'threshold': np.float64(1.367608437538147)}  of unsupervised traning
2026-09-17 11:44:05,577 P27204 INFO Current hash id 1ec7b978
