2026-09-17 14:55:08,316 P23216 INFO ^^^^^^^^^^ Current Model:hades, 26486e0d ^^^^^^^^^^
2026-09-17 14:55:08,316 P23216 INFO Load from D:\UAM-AD\data\sn
2026-09-17 14:55:08,564 P23216 INFO 375 unique log templates found.
2026-09-17 14:55:08,571 P23216 INFO Transforming unlabel train data.
2026-09-17 14:55:08,592 P23216 INFO Transforming test data.
2026-09-17 14:55:08,615 P23216 INFO 734 new templates show.
2026-09-17 14:55:08,647 P23216 INFO Transforming val data.
2026-09-17 14:55:08,647 P23216 INFO 77 new templates show.
2026-09-17 14:55:08,663 P23216 INFO Data loaded done!
2026-09-17 14:55:08,695 P23216 INFO Known word number: 375
2026-09-17 14:55:08,885 P23216 INFO Epoch 0/50, train generator loss: 1.58848
2026-09-17 14:55:09,002 P23216 INFO Epoch 0/50, train discriminator loss: 5.45499
2026-09-17 14:55:09,153 P23216 INFO *** Test time is 0.1514420509338379
2026-09-17 14:55:09,153 P23216 INFO Epoch 0/50, test f1: 0.94340 rc: 0.89286 pc: 1.00000. [0.24s]
2026-09-17 14:55:09,297 P23216 INFO Epoch 1/50, train generator loss: 1.39164
2026-09-17 14:55:09,397 P23216 INFO Epoch 1/50, train discriminator loss: 4.88667
2026-09-17 14:55:09,550 P23216 INFO *** Test time is 0.15354228019714355
2026-09-17 14:55:09,550 P23216 INFO Epoch 1/50, test f1: 0.94340 rc: 0.89286 pc: 1.00000. [0.23s]
2026-09-17 14:55:09,550 P23216 INFO early stopping epoch 1/15
2026-09-17 14:55:09,673 P23216 INFO Epoch 2/50, train generator loss: 1.31588
2026-09-17 14:55:09,773 P23216 INFO Epoch 2/50, train discriminator loss: 4.76869
2026-09-17 14:55:09,933 P23216 INFO *** Test time is 0.15992283821105957
2026-09-17 14:55:09,933 P23216 INFO Epoch 2/50, test f1: 0.94340 rc: 0.89286 pc: 1.00000. [0.22s]
2026-09-17 14:55:09,933 P23216 INFO early stopping epoch 2/15
2026-09-17 14:55:10,066 P23216 INFO Epoch 3/50, train generator loss: 1.23510
2026-09-17 14:55:10,171 P23216 INFO Epoch 3/50, train discriminator loss: 5.17511
2026-09-17 14:55:10,329 P23216 INFO *** Test time is 0.15776944160461426
2026-09-17 14:55:10,329 P23216 INFO Epoch 3/50, test f1: 0.94340 rc: 0.89286 pc: 1.00000. [0.24s]
2026-09-17 14:55:10,345 P23216 INFO early stopping epoch 3/15
2026-09-17 14:55:10,530 P23216 INFO Epoch 4/50, train generator loss: 1.11898
2026-09-17 14:55:10,713 P23216 INFO Epoch 4/50, train discriminator loss: 6.33391
2026-09-17 14:55:10,965 P23216 INFO *** Test time is 0.2517867088317871
2026-09-17 14:55:10,967 P23216 INFO Epoch 4/50, test f1: 0.94340 rc: 0.89286 pc: 1.00000. [0.37s]
2026-09-17 14:55:10,967 P23216 INFO early stopping epoch 4/15
2026-09-17 14:55:11,168 P23216 INFO Epoch 5/50, train generator loss: 0.98202
2026-09-17 14:55:11,348 P23216 INFO Epoch 5/50, train discriminator loss: 7.67360
2026-09-17 14:55:11,548 P23216 INFO *** Test time is 0.1998600959777832
2026-09-17 14:55:11,548 P23216 INFO Epoch 5/50, test f1: 0.94340 rc: 0.89286 pc: 1.00000. [0.38s]
2026-09-17 14:55:11,548 P23216 INFO early stopping epoch 5/15
2026-09-17 14:55:11,750 P23216 INFO Epoch 6/50, train generator loss: 0.82647
2026-09-17 14:55:11,905 P23216 INFO Epoch 6/50, train discriminator loss: 8.45656
2026-09-17 14:55:12,118 P23216 INFO *** Test time is 0.21366000175476074
2026-09-17 14:55:12,118 P23216 INFO Epoch 6/50, test f1: 0.80769 rc: 0.75000 pc: 0.87500. [0.36s]
2026-09-17 14:55:12,118 P23216 INFO early stopping epoch 6/15
2026-09-17 14:55:12,292 P23216 INFO Epoch 7/50, train generator loss: 0.65907
2026-09-17 14:55:12,434 P23216 INFO Epoch 7/50, train discriminator loss: 8.38991
2026-09-17 14:55:12,655 P23216 INFO *** Test time is 0.22073912620544434
2026-09-17 14:55:12,655 P23216 INFO Epoch 7/50, test f1: 0.80769 rc: 0.75000 pc: 0.87500. [0.32s]
2026-09-17 14:55:12,655 P23216 INFO early stopping epoch 7/15
2026-09-17 14:55:12,802 P23216 INFO Epoch 8/50, train generator loss: 0.65486
2026-09-17 14:55:12,961 P23216 INFO Epoch 8/50, train discriminator loss: 7.05401
2026-09-17 14:55:13,096 P23216 INFO *** Test time is 0.1347339153289795
2026-09-17 14:55:13,096 P23216 INFO Epoch 8/50, test f1: 0.74510 rc: 0.67857 pc: 0.82609. [0.31s]
2026-09-17 14:55:13,096 P23216 INFO early stopping epoch 8/15
2026-09-17 14:55:13,192 P23216 INFO Epoch 9/50, train generator loss: 0.58237
2026-09-17 14:55:13,296 P23216 INFO Epoch 9/50, train discriminator loss: 5.95882
2026-09-17 14:55:13,443 P23216 INFO *** Test time is 0.14517450332641602
2026-09-17 14:55:13,443 P23216 INFO Epoch 9/50, test f1: 0.74510 rc: 0.67857 pc: 0.82609. [0.20s]
2026-09-17 14:55:13,443 P23216 INFO early stopping epoch 9/15
2026-09-17 14:55:13,559 P23216 INFO Epoch 10/50, train generator loss: 0.48654
2026-09-17 14:55:13,661 P23216 INFO Epoch 10/50, train discriminator loss: 5.51364
2026-09-17 14:55:13,809 P23216 INFO *** Test time is 0.1479489803314209
2026-09-17 14:55:13,809 P23216 INFO Epoch 10/50, test f1: 0.74510 rc: 0.67857 pc: 0.82609. [0.22s]
2026-09-17 14:55:13,809 P23216 INFO early stopping epoch 10/15
2026-09-17 14:55:13,942 P23216 INFO Epoch 11/50, train generator loss: 0.52100
2026-09-17 14:55:14,071 P23216 INFO Epoch 11/50, train discriminator loss: 5.52627
2026-09-17 14:55:14,203 P23216 INFO *** Test time is 0.13225722312927246
2026-09-17 14:55:14,203 P23216 INFO Epoch 11/50, test f1: 0.74510 rc: 0.67857 pc: 0.82609. [0.26s]
2026-09-17 14:55:14,203 P23216 INFO early stopping epoch 11/15
2026-09-17 14:55:14,330 P23216 INFO Epoch 12/50, train generator loss: 0.52321
2026-09-17 14:55:14,435 P23216 INFO Epoch 12/50, train discriminator loss: 5.64998
2026-09-17 14:55:14,588 P23216 INFO *** Test time is 0.15291285514831543
2026-09-17 14:55:14,588 P23216 INFO Epoch 12/50, test f1: 0.74510 rc: 0.67857 pc: 0.82609. [0.23s]
2026-09-17 14:55:14,588 P23216 INFO early stopping epoch 12/15
2026-09-17 14:55:14,733 P23216 INFO Epoch 13/50, train generator loss: 0.48810
2026-09-17 14:55:14,843 P23216 INFO Epoch 13/50, train discriminator loss: 5.70288
2026-09-17 14:55:14,994 P23216 INFO *** Test time is 0.15042829513549805
2026-09-17 14:55:14,994 P23216 INFO Epoch 13/50, test f1: 0.74510 rc: 0.67857 pc: 0.82609. [0.26s]
2026-09-17 14:55:14,994 P23216 INFO early stopping epoch 13/15
2026-09-17 14:55:15,096 P23216 INFO Epoch 14/50, train generator loss: 0.51277
2026-09-17 14:55:15,234 P23216 INFO Epoch 14/50, train discriminator loss: 5.66912
2026-09-17 14:55:15,391 P23216 INFO *** Test time is 0.15694808959960938
2026-09-17 14:55:15,391 P23216 INFO Epoch 14/50, test f1: 0.74510 rc: 0.67857 pc: 0.82609. [0.24s]
2026-09-17 14:55:15,391 P23216 INFO early stopping epoch 14/15
2026-09-17 14:55:15,487 P23216 INFO Epoch 15/50, train generator loss: 0.50248
2026-09-17 14:55:15,599 P23216 INFO Epoch 15/50, train discriminator loss: 5.63519
2026-09-17 14:55:15,752 P23216 INFO *** Test time is 0.15354204177856445
2026-09-17 14:55:15,752 P23216 INFO Epoch 15/50, test f1: 0.74510 rc: 0.67857 pc: 0.82609. [0.21s]
2026-09-17 14:55:15,752 P23216 INFO early stopping epoch 15/15
2026-09-17 14:55:15,752 P23216 INFO Early stopping
2026-09-17 14:55:15,837 P23216 INFO Threshold (p=95.0, src=val): 1.746623
2026-09-17 14:55:15,876 P23216 INFO *** Test F1 0.9655  of unsupervised traning
2026-09-17 14:55:15,876 P23216 INFO *** Best F1 {'f1': 0.9433962264150944, 'rc': 0.8928571428571429, 'pc': 1.0, 'threshold': np.float64(2.2734678268432615)}  of unsupervised traning
2026-09-17 14:55:15,879 P23216 INFO Current hash id 26486e0d
