2026-09-17 14:54:06,336 P28456 INFO ^^^^^^^^^^ Current Model:hades, f1b90cca ^^^^^^^^^^
2026-09-17 14:54:06,336 P28456 INFO Load from D:\UAM-AD\data\sn
2026-09-17 14:54:06,609 P28456 INFO 375 unique log templates found.
2026-09-17 14:54:06,615 P28456 INFO Transforming unlabel train data.
2026-09-17 14:54:06,642 P28456 INFO Transforming test data.
2026-09-17 14:54:06,669 P28456 INFO 406 new templates show.
2026-09-17 14:54:06,705 P28456 INFO Transforming val data.
2026-09-17 14:54:06,705 P28456 INFO 77 new templates show.
2026-09-17 14:54:06,707 P28456 INFO Data loaded done!
2026-09-17 14:54:06,731 P28456 INFO Known word number: 375
2026-09-17 14:54:06,919 P28456 INFO Epoch 0/50, train generator loss: 1.57140
2026-09-17 14:54:07,032 P28456 INFO Epoch 0/50, train discriminator loss: 5.67251
2026-09-17 14:54:07,179 P28456 INFO *** Test time is 0.14676618576049805
2026-09-17 14:54:07,179 P28456 INFO Epoch 0/50, test f1: 0.94118 rc: 0.88889 pc: 1.00000. [0.25s]
2026-09-17 14:54:07,310 P28456 INFO Epoch 1/50, train generator loss: 1.38347
2026-09-17 14:54:07,407 P28456 INFO Epoch 1/50, train discriminator loss: 5.14075
2026-09-17 14:54:07,568 P28456 INFO *** Test time is 0.1607038974761963
2026-09-17 14:54:07,568 P28456 INFO Epoch 1/50, test f1: 0.94118 rc: 0.88889 pc: 1.00000. [0.22s]
2026-09-17 14:54:07,568 P28456 INFO early stopping epoch 1/15
2026-09-17 14:54:07,700 P28456 INFO Epoch 2/50, train generator loss: 1.31253
2026-09-17 14:54:07,821 P28456 INFO Epoch 2/50, train discriminator loss: 5.06675
2026-09-17 14:54:07,980 P28456 INFO *** Test time is 0.15900659561157227
2026-09-17 14:54:07,980 P28456 INFO Epoch 2/50, test f1: 0.94118 rc: 0.88889 pc: 1.00000. [0.25s]
2026-09-17 14:54:07,980 P28456 INFO early stopping epoch 2/15
2026-09-17 14:54:08,110 P28456 INFO Epoch 3/50, train generator loss: 1.19403
2026-09-17 14:54:08,221 P28456 INFO Epoch 3/50, train discriminator loss: 5.66638
2026-09-17 14:54:08,358 P28456 INFO *** Test time is 0.1351006031036377
2026-09-17 14:54:08,358 P28456 INFO Epoch 3/50, test f1: 0.94118 rc: 0.88889 pc: 1.00000. [0.24s]
2026-09-17 14:54:08,358 P28456 INFO early stopping epoch 3/15
2026-09-17 14:54:08,522 P28456 INFO Epoch 4/50, train generator loss: 1.04944
2026-09-17 14:54:08,662 P28456 INFO Epoch 4/50, train discriminator loss: 6.89300
2026-09-17 14:54:08,910 P28456 INFO *** Test time is 0.24793314933776855
2026-09-17 14:54:08,910 P28456 INFO Epoch 4/50, test f1: 0.94118 rc: 0.88889 pc: 1.00000. [0.30s]
2026-09-17 14:54:08,910 P28456 INFO early stopping epoch 4/15
2026-09-17 14:54:09,119 P28456 INFO Epoch 5/50, train generator loss: 0.85619
2026-09-17 14:54:09,273 P28456 INFO Epoch 5/50, train discriminator loss: 8.09534
2026-09-17 14:54:09,495 P28456 INFO *** Test time is 0.22180557250976562
2026-09-17 14:54:09,495 P28456 INFO Epoch 5/50, test f1: 0.94118 rc: 0.88889 pc: 1.00000. [0.36s]
2026-09-17 14:54:09,495 P28456 INFO early stopping epoch 5/15
2026-09-17 14:54:09,693 P28456 INFO Epoch 6/50, train generator loss: 0.65775
2026-09-17 14:54:09,831 P28456 INFO Epoch 6/50, train discriminator loss: 8.61317
2026-09-17 14:54:10,050 P28456 INFO *** Test time is 0.21932172775268555
2026-09-17 14:54:10,050 P28456 INFO Epoch 6/50, test f1: 0.89796 rc: 0.81481 pc: 1.00000. [0.34s]
2026-09-17 14:54:10,050 P28456 INFO early stopping epoch 6/15
2026-09-17 14:54:10,198 P28456 INFO Epoch 7/50, train generator loss: 0.66035
2026-09-17 14:54:10,358 P28456 INFO Epoch 7/50, train discriminator loss: 7.55502
2026-09-17 14:54:10,559 P28456 INFO *** Test time is 0.20090913772583008
2026-09-17 14:54:10,569 P28456 INFO Epoch 7/50, test f1: 0.89796 rc: 0.81481 pc: 1.00000. [0.31s]
2026-09-17 14:54:10,569 P28456 INFO early stopping epoch 7/15
2026-09-17 14:54:10,722 P28456 INFO Epoch 8/50, train generator loss: 0.64838
2026-09-17 14:54:10,863 P28456 INFO Epoch 8/50, train discriminator loss: 6.32173
2026-09-17 14:54:11,052 P28456 INFO *** Test time is 0.18942642211914062
2026-09-17 14:54:11,052 P28456 INFO Epoch 8/50, test f1: 0.89796 rc: 0.81481 pc: 1.00000. [0.29s]
2026-09-17 14:54:11,052 P28456 INFO early stopping epoch 8/15
2026-09-17 14:54:11,146 P28456 INFO Epoch 9/50, train generator loss: 0.54870
2026-09-17 14:54:11,241 P28456 INFO Epoch 9/50, train discriminator loss: 5.63133
2026-09-17 14:54:11,382 P28456 INFO *** Test time is 0.14082765579223633
2026-09-17 14:54:11,382 P28456 INFO Epoch 9/50, test f1: 0.94118 rc: 0.88889 pc: 1.00000. [0.19s]
2026-09-17 14:54:11,382 P28456 INFO early stopping epoch 9/15
2026-09-17 14:54:11,487 P28456 INFO Epoch 10/50, train generator loss: 0.48379
2026-09-17 14:54:11,606 P28456 INFO Epoch 10/50, train discriminator loss: 5.44201
2026-09-17 14:54:11,745 P28456 INFO *** Test time is 0.13910603523254395
2026-09-17 14:54:11,745 P28456 INFO Epoch 10/50, test f1: 0.94118 rc: 0.88889 pc: 1.00000. [0.22s]
2026-09-17 14:54:11,745 P28456 INFO early stopping epoch 10/15
2026-09-17 14:54:11,877 P28456 INFO Epoch 11/50, train generator loss: 0.52487
2026-09-17 14:54:11,971 P28456 INFO Epoch 11/50, train discriminator loss: 5.46459
2026-09-17 14:54:12,139 P28456 INFO *** Test time is 0.16812539100646973
2026-09-17 14:54:12,139 P28456 INFO Epoch 11/50, test f1: 0.94118 rc: 0.88889 pc: 1.00000. [0.23s]
2026-09-17 14:54:12,139 P28456 INFO early stopping epoch 11/15
2026-09-17 14:54:12,262 P28456 INFO Epoch 12/50, train generator loss: 0.53407
2026-09-17 14:54:12,361 P28456 INFO Epoch 12/50, train discriminator loss: 5.52653
2026-09-17 14:54:12,520 P28456 INFO *** Test time is 0.15846824645996094
2026-09-17 14:54:12,520 P28456 INFO Epoch 12/50, test f1: 0.94118 rc: 0.88889 pc: 1.00000. [0.22s]
2026-09-17 14:54:12,520 P28456 INFO early stopping epoch 12/15
2026-09-17 14:54:12,643 P28456 INFO Epoch 13/50, train generator loss: 0.50157
2026-09-17 14:54:12,759 P28456 INFO Epoch 13/50, train discriminator loss: 5.56054
2026-09-17 14:54:12,901 P28456 INFO *** Test time is 0.14197707176208496
2026-09-17 14:54:12,901 P28456 INFO Epoch 13/50, test f1: 0.94118 rc: 0.88889 pc: 1.00000. [0.24s]
2026-09-17 14:54:12,901 P28456 INFO early stopping epoch 13/15
2026-09-17 14:54:12,995 P28456 INFO Epoch 14/50, train generator loss: 0.47975
2026-09-17 14:54:13,098 P28456 INFO Epoch 14/50, train discriminator loss: 5.58395
2026-09-17 14:54:13,266 P28456 INFO *** Test time is 0.16749095916748047
2026-09-17 14:54:13,266 P28456 INFO Epoch 14/50, test f1: 0.94118 rc: 0.88889 pc: 1.00000. [0.20s]
2026-09-17 14:54:13,266 P28456 INFO early stopping epoch 14/15
2026-09-17 14:54:13,378 P28456 INFO Epoch 15/50, train generator loss: 0.48042
2026-09-17 14:54:13,473 P28456 INFO Epoch 15/50, train discriminator loss: 5.61006
2026-09-17 14:54:13,630 P28456 INFO *** Test time is 0.15658259391784668
2026-09-17 14:54:13,630 P28456 INFO Epoch 15/50, test f1: 0.94118 rc: 0.88889 pc: 1.00000. [0.21s]
2026-09-17 14:54:13,630 P28456 INFO early stopping epoch 15/15
2026-09-17 14:54:13,630 P28456 INFO Early stopping
2026-09-17 14:54:13,725 P28456 INFO Threshold (p=95.0, src=val): 1.729733
2026-09-17 14:54:13,758 P28456 INFO *** Test F1 0.7917  of unsupervised traning
2026-09-17 14:54:13,758 P28456 INFO *** Best F1 {'f1': 0.9411764705882353, 'rc': 0.8888888888888888, 'pc': 1.0, 'threshold': np.float64(2.3579745483398433)}  of unsupervised traning
2026-09-17 14:54:13,758 P28456 INFO Current hash id f1b90cca
