2026-09-17 11:41:01,769 P4504 INFO ^^^^^^^^^^ Current Model:hades, 5b5ee684 ^^^^^^^^^^
2026-09-17 11:41:01,769 P4504 INFO Load from D:\UAM-AD\data\sn
2026-09-17 11:41:02,071 P4504 INFO 375 unique log templates found.
2026-09-17 11:41:02,073 P4504 INFO Transforming unlabel train data.
2026-09-17 11:41:02,106 P4504 INFO Transforming test data.
2026-09-17 11:41:02,152 P4504 INFO 738 new templates show.
2026-09-17 11:41:02,205 P4504 INFO Transforming val data.
2026-09-17 11:41:02,205 P4504 INFO 77 new templates show.
2026-09-17 11:41:02,207 P4504 INFO Data loaded done!
2026-09-17 11:41:02,259 P4504 INFO Known word number: 375
2026-09-17 11:41:02,478 P4504 INFO Epoch 0/10, train generator loss: 1.27899
2026-09-17 11:41:02,578 P4504 INFO Epoch 0/10, train discriminator loss: 2.75325
2026-09-17 11:41:02,738 P4504 INFO *** Test time is 0.15411615371704102
2026-09-17 11:41:02,738 P4504 INFO Epoch 0/10, test f1: 0.81159 rc: 0.68293 pc: 1.00000. [0.27s]
2026-09-17 11:41:02,855 P4504 INFO Epoch 1/10, train generator loss: 1.21003
2026-09-17 11:41:02,946 P4504 INFO Epoch 1/10, train discriminator loss: 2.23555
2026-09-17 11:41:03,112 P4504 INFO *** Test time is 0.1662914752960205
2026-09-17 11:41:03,112 P4504 INFO Epoch 1/10, test f1: 0.81159 rc: 0.68293 pc: 1.00000. [0.19s]
2026-09-17 11:41:03,112 P4504 INFO early stopping epoch 1/5
2026-09-17 11:41:03,225 P4504 INFO Epoch 2/10, train generator loss: 1.18507
2026-09-17 11:41:03,313 P4504 INFO Epoch 2/10, train discriminator loss: 1.90556
2026-09-17 11:41:03,468 P4504 INFO *** Test time is 0.1552751064300537
2026-09-17 11:41:03,468 P4504 INFO Epoch 2/10, test f1: 0.81159 rc: 0.68293 pc: 1.00000. [0.20s]
2026-09-17 11:41:03,468 P4504 INFO early stopping epoch 2/5
2026-09-17 11:41:03,596 P4504 INFO Epoch 3/10, train generator loss: 1.18754
2026-09-17 11:41:03,682 P4504 INFO Epoch 3/10, train discriminator loss: 1.65330
2026-09-17 11:41:03,835 P4504 INFO *** Test time is 0.1529390811920166
2026-09-17 11:41:03,835 P4504 INFO Epoch 3/10, test f1: 0.82857 rc: 0.70732 pc: 1.00000. [0.21s]
2026-09-17 11:41:03,984 P4504 INFO Epoch 4/10, train generator loss: 1.21314
2026-09-17 11:41:04,081 P4504 INFO Epoch 4/10, train discriminator loss: 1.42748
2026-09-17 11:41:04,249 P4504 INFO *** Test time is 0.1662003993988037
2026-09-17 11:41:04,249 P4504 INFO Epoch 4/10, test f1: 0.82857 rc: 0.70732 pc: 1.00000. [0.23s]
2026-09-17 11:41:04,249 P4504 INFO early stopping epoch 1/5
2026-09-17 11:41:04,378 P4504 INFO Epoch 5/10, train generator loss: 1.24649
2026-09-17 11:41:04,473 P4504 INFO Epoch 5/10, train discriminator loss: 1.26205
2026-09-17 11:41:04,644 P4504 INFO *** Test time is 0.17073702812194824
2026-09-17 11:41:04,644 P4504 INFO Epoch 5/10, test f1: 0.82857 rc: 0.70732 pc: 1.00000. [0.22s]
2026-09-17 11:41:04,644 P4504 INFO early stopping epoch 2/5
2026-09-17 11:41:04,761 P4504 INFO Epoch 6/10, train generator loss: 1.28809
2026-09-17 11:41:04,858 P4504 INFO Epoch 6/10, train discriminator loss: 1.14271
2026-09-17 11:41:05,038 P4504 INFO *** Test time is 0.18025779724121094
2026-09-17 11:41:05,040 P4504 INFO Epoch 6/10, test f1: 0.82857 rc: 0.70732 pc: 1.00000. [0.21s]
2026-09-17 11:41:05,040 P4504 INFO early stopping epoch 3/5
2026-09-17 11:41:05,161 P4504 INFO Epoch 7/10, train generator loss: 1.32974
2026-09-17 11:41:05,241 P4504 INFO Epoch 7/10, train discriminator loss: 1.02814
2026-09-17 11:41:05,416 P4504 INFO *** Test time is 0.17452335357666016
2026-09-17 11:41:05,418 P4504 INFO Epoch 7/10, test f1: 0.82857 rc: 0.70732 pc: 1.00000. [0.20s]
2026-09-17 11:41:05,418 P4504 INFO early stopping epoch 4/5
2026-09-17 11:41:05,557 P4504 INFO Epoch 8/10, train generator loss: 1.37085
2026-09-17 11:41:05,659 P4504 INFO Epoch 8/10, train discriminator loss: 0.93158
2026-09-17 11:41:05,845 P4504 INFO *** Test time is 0.18651890754699707
2026-09-17 11:41:05,845 P4504 INFO Epoch 8/10, test f1: 0.82857 rc: 0.70732 pc: 1.00000. [0.24s]
2026-09-17 11:41:05,845 P4504 INFO early stopping epoch 5/5
2026-09-17 11:41:05,845 P4504 INFO Early stopping
2026-09-17 11:41:05,926 P4504 INFO Threshold (p=95.0, src=val): 1.287037
2026-09-17 11:41:05,954 P4504 INFO *** Test F1 0.9318  of unsupervised traning
2026-09-17 11:41:05,954 P4504 INFO *** Best F1 {'f1': 0.8285714285714286, 'rc': 0.7073170731707317, 'pc': 1.0, 'threshold': np.float64(1.715901653766632)}  of unsupervised traning
2026-09-17 11:41:05,970 P4504 INFO Current hash id 5b5ee684
