2026-09-17 14:57:38,112 P29060 INFO ^^^^^^^^^^ Current Model:hades, 9a37e362 ^^^^^^^^^^
2026-09-17 14:57:38,112 P29060 INFO Load from D:\UAM-AD\data\sn
2026-09-17 14:57:38,398 P29060 INFO 375 unique log templates found.
2026-09-17 14:57:38,399 P29060 INFO Transforming unlabel train data.
2026-09-17 14:57:38,432 P29060 INFO Transforming test data.
2026-09-17 14:57:38,477 P29060 INFO 729 new templates show.
2026-09-17 14:57:38,530 P29060 INFO Transforming val data.
2026-09-17 14:57:38,530 P29060 INFO 77 new templates show.
2026-09-17 14:57:38,530 P29060 INFO Data loaded done!
2026-09-17 14:57:38,572 P29060 INFO Known word number: 375
2026-09-17 14:57:38,864 P29060 INFO Epoch 0/50, train generator loss: 1.54224
2026-09-17 14:57:39,020 P29060 INFO Epoch 0/50, train discriminator loss: 5.32930
2026-09-17 14:57:39,230 P29060 INFO *** Test time is 0.21036481857299805
2026-09-17 14:57:39,230 P29060 INFO Epoch 0/50, test f1: 0.80851 rc: 0.67857 pc: 1.00000. [0.36s]
2026-09-17 14:57:39,425 P29060 INFO Epoch 1/50, train generator loss: 1.39056
2026-09-17 14:57:39,565 P29060 INFO Epoch 1/50, train discriminator loss: 4.84306
2026-09-17 14:57:39,799 P29060 INFO *** Test time is 0.23280715942382812
2026-09-17 14:57:39,799 P29060 INFO Epoch 1/50, test f1: 0.80851 rc: 0.67857 pc: 1.00000. [0.31s]
2026-09-17 14:57:39,799 P29060 INFO early stopping epoch 1/15
2026-09-17 14:57:39,998 P29060 INFO Epoch 2/50, train generator loss: 1.31558
2026-09-17 14:57:40,099 P29060 INFO Epoch 2/50, train discriminator loss: 4.75457
2026-09-17 14:57:40,252 P29060 INFO *** Test time is 0.1536424160003662
2026-09-17 14:57:40,252 P29060 INFO Epoch 2/50, test f1: 0.80851 rc: 0.67857 pc: 1.00000. [0.30s]
2026-09-17 14:57:40,252 P29060 INFO early stopping epoch 2/15
2026-09-17 14:57:40,378 P29060 INFO Epoch 3/50, train generator loss: 1.22486
2026-09-17 14:57:40,463 P29060 INFO Epoch 3/50, train discriminator loss: 5.38648
2026-09-17 14:57:40,636 P29060 INFO *** Test time is 0.1734788417816162
2026-09-17 14:57:40,636 P29060 INFO Epoch 3/50, test f1: 0.80851 rc: 0.67857 pc: 1.00000. [0.21s]
2026-09-17 14:57:40,636 P29060 INFO early stopping epoch 3/15
2026-09-17 14:57:40,765 P29060 INFO Epoch 4/50, train generator loss: 1.10811
2026-09-17 14:57:40,873 P29060 INFO Epoch 4/50, train discriminator loss: 6.70228
2026-09-17 14:57:41,042 P29060 INFO *** Test time is 0.16854262351989746
2026-09-17 14:57:41,042 P29060 INFO Epoch 4/50, test f1: 0.80851 rc: 0.67857 pc: 1.00000. [0.24s]
2026-09-17 14:57:41,042 P29060 INFO early stopping epoch 4/15
2026-09-17 14:57:41,184 P29060 INFO Epoch 5/50, train generator loss: 0.97188
2026-09-17 14:57:41,288 P29060 INFO Epoch 5/50, train discriminator loss: 7.95300
2026-09-17 14:57:41,445 P29060 INFO *** Test time is 0.15717577934265137
2026-09-17 14:57:41,445 P29060 INFO Epoch 5/50, test f1: 0.63830 rc: 0.53571 pc: 0.78947. [0.25s]
2026-09-17 14:57:41,445 P29060 INFO early stopping epoch 5/15
2026-09-17 14:57:41,573 P29060 INFO Epoch 6/50, train generator loss: 0.80676
2026-09-17 14:57:41,699 P29060 INFO Epoch 6/50, train discriminator loss: 8.67177
2026-09-17 14:57:41,840 P29060 INFO *** Test time is 0.14044857025146484
2026-09-17 14:57:41,840 P29060 INFO Epoch 6/50, test f1: 0.40000 rc: 0.32143 pc: 0.52941. [0.25s]
2026-09-17 14:57:41,840 P29060 INFO early stopping epoch 6/15
2026-09-17 14:57:41,976 P29060 INFO Epoch 7/50, train generator loss: 0.64025
2026-09-17 14:57:42,078 P29060 INFO Epoch 7/50, train discriminator loss: 8.50571
2026-09-17 14:57:42,229 P29060 INFO *** Test time is 0.1518101692199707
2026-09-17 14:57:42,229 P29060 INFO Epoch 7/50, test f1: 0.27273 rc: 0.21429 pc: 0.37500. [0.24s]
2026-09-17 14:57:42,229 P29060 INFO early stopping epoch 7/15
2026-09-17 14:57:42,336 P29060 INFO Epoch 8/50, train generator loss: 0.66982
2026-09-17 14:57:42,445 P29060 INFO Epoch 8/50, train discriminator loss: 7.15990
2026-09-17 14:57:42,592 P29060 INFO *** Test time is 0.14717340469360352
2026-09-17 14:57:42,592 P29060 INFO Epoch 8/50, test f1: 0.27273 rc: 0.21429 pc: 0.37500. [0.22s]
2026-09-17 14:57:42,592 P29060 INFO early stopping epoch 8/15
2026-09-17 14:57:42,706 P29060 INFO Epoch 9/50, train generator loss: 0.60268
2026-09-17 14:57:42,839 P29060 INFO Epoch 9/50, train discriminator loss: 6.06556
2026-09-17 14:57:42,991 P29060 INFO *** Test time is 0.15245723724365234
2026-09-17 14:57:42,991 P29060 INFO Epoch 9/50, test f1: 0.27273 rc: 0.21429 pc: 0.37500. [0.25s]
2026-09-17 14:57:42,991 P29060 INFO early stopping epoch 9/15
2026-09-17 14:57:43,092 P29060 INFO Epoch 10/50, train generator loss: 0.49315
2026-09-17 14:57:43,217 P29060 INFO Epoch 10/50, train discriminator loss: 5.55958
2026-09-17 14:57:43,371 P29060 INFO *** Test time is 0.15470528602600098
2026-09-17 14:57:43,371 P29060 INFO Epoch 10/50, test f1: 0.40000 rc: 0.32143 pc: 0.52941. [0.23s]
2026-09-17 14:57:43,371 P29060 INFO early stopping epoch 10/15
2026-09-17 14:57:43,498 P29060 INFO Epoch 11/50, train generator loss: 0.49836
2026-09-17 14:57:43,599 P29060 INFO Epoch 11/50, train discriminator loss: 5.48167
2026-09-17 14:57:43,752 P29060 INFO *** Test time is 0.1523594856262207
2026-09-17 14:57:43,765 P29060 INFO Epoch 11/50, test f1: 0.40000 rc: 0.32143 pc: 0.52941. [0.23s]
2026-09-17 14:57:43,765 P29060 INFO early stopping epoch 11/15
2026-09-17 14:57:43,876 P29060 INFO Epoch 12/50, train generator loss: 0.53475
2026-09-17 14:57:43,974 P29060 INFO Epoch 12/50, train discriminator loss: 5.52524
2026-09-17 14:57:44,211 P29060 INFO *** Test time is 0.23622870445251465
2026-09-17 14:57:44,211 P29060 INFO Epoch 12/50, test f1: 0.40000 rc: 0.32143 pc: 0.52941. [0.21s]
2026-09-17 14:57:44,211 P29060 INFO early stopping epoch 12/15
2026-09-17 14:57:44,386 P29060 INFO Epoch 13/50, train generator loss: 0.51864
2026-09-17 14:57:44,526 P29060 INFO Epoch 13/50, train discriminator loss: 5.56572
2026-09-17 14:57:44,738 P29060 INFO *** Test time is 0.2123398780822754
2026-09-17 14:57:44,738 P29060 INFO Epoch 13/50, test f1: 0.27907 rc: 0.21429 pc: 0.40000. [0.32s]
2026-09-17 14:57:44,738 P29060 INFO early stopping epoch 13/15
2026-09-17 14:57:44,893 P29060 INFO Epoch 14/50, train generator loss: 0.48071
2026-09-17 14:57:45,036 P29060 INFO Epoch 14/50, train discriminator loss: 5.57658
2026-09-17 14:57:45,241 P29060 INFO *** Test time is 0.20500779151916504
2026-09-17 14:57:45,241 P29060 INFO Epoch 14/50, test f1: 0.27907 rc: 0.21429 pc: 0.40000. [0.30s]
2026-09-17 14:57:45,241 P29060 INFO early stopping epoch 14/15
2026-09-17 14:57:45,425 P29060 INFO Epoch 15/50, train generator loss: 0.48331
2026-09-17 14:57:45,580 P29060 INFO Epoch 15/50, train discriminator loss: 5.58149
2026-09-17 14:57:45,792 P29060 INFO *** Test time is 0.2124958038330078
2026-09-17 14:57:45,792 P29060 INFO Epoch 15/50, test f1: 0.27907 rc: 0.21429 pc: 0.40000. [0.34s]
2026-09-17 14:57:45,792 P29060 INFO early stopping epoch 15/15
2026-09-17 14:57:45,792 P29060 INFO Early stopping
2026-09-17 14:57:45,990 P29060 INFO Threshold (p=95.0, src=val): 1.753032
2026-09-17 14:57:46,031 P29060 INFO *** Test F1 0.9655  of unsupervised traning
2026-09-17 14:57:46,031 P29060 INFO *** Best F1 {'f1': 0.8085106382978723, 'rc': 0.6785714285714286, 'pc': 1.0, 'threshold': np.float64(1.8881676864624022)}  of unsupervised traning
2026-09-17 14:57:46,047 P29060 INFO Current hash id 9a37e362
