2026-09-17 11:43:16,713 P29388 INFO ^^^^^^^^^^ Current Model:hades, b62efb26 ^^^^^^^^^^
2026-09-17 11:43:16,713 P29388 INFO Load from D:\UAM-AD\data\sn
2026-09-17 11:43:16,920 P29388 INFO 375 unique log templates found.
2026-09-17 11:43:16,925 P29388 INFO Transforming unlabel train data.
2026-09-17 11:43:16,951 P29388 INFO Transforming test data.
2026-09-17 11:43:16,980 P29388 INFO 733 new templates show.
2026-09-17 11:43:17,011 P29388 INFO Transforming val data.
2026-09-17 11:43:17,013 P29388 INFO 77 new templates show.
2026-09-17 11:43:17,015 P29388 INFO Data loaded done!
2026-09-17 11:43:17,051 P29388 INFO Known word number: 375
2026-09-17 11:43:17,182 P29388 INFO Epoch 0/10, train generator loss: 1.35323
2026-09-17 11:43:17,289 P29388 INFO Epoch 0/10, train discriminator loss: 2.87979
2026-09-17 11:43:17,478 P29388 INFO *** Test time is 0.18950486183166504
2026-09-17 11:43:17,478 P29388 INFO Epoch 0/10, test f1: 0.76596 rc: 0.62069 pc: 1.00000. [0.20s]
2026-09-17 11:43:17,693 P29388 INFO Epoch 1/10, train generator loss: 1.19379
2026-09-17 11:43:17,810 P29388 INFO Epoch 1/10, train discriminator loss: 2.22258
2026-09-17 11:43:18,010 P29388 INFO *** Test time is 0.2003035545349121
2026-09-17 11:43:18,010 P29388 INFO Epoch 1/10, test f1: 0.76596 rc: 0.62069 pc: 1.00000. [0.30s]
2026-09-17 11:43:18,010 P29388 INFO early stopping epoch 1/5
2026-09-17 11:43:18,164 P29388 INFO Epoch 2/10, train generator loss: 1.20208
2026-09-17 11:43:18,305 P29388 INFO Epoch 2/10, train discriminator loss: 1.80943
2026-09-17 11:43:18,524 P29388 INFO *** Test time is 0.21896004676818848
2026-09-17 11:43:18,524 P29388 INFO Epoch 2/10, test f1: 0.76596 rc: 0.62069 pc: 1.00000. [0.29s]
2026-09-17 11:43:18,524 P29388 INFO early stopping epoch 2/5
2026-09-17 11:43:18,682 P29388 INFO Epoch 3/10, train generator loss: 1.22635
2026-09-17 11:43:18,790 P29388 INFO Epoch 3/10, train discriminator loss: 1.54100
2026-09-17 11:43:18,996 P29388 INFO *** Test time is 0.20616841316223145
2026-09-17 11:43:18,996 P29388 INFO Epoch 3/10, test f1: 0.76596 rc: 0.62069 pc: 1.00000. [0.27s]
2026-09-17 11:43:18,996 P29388 INFO early stopping epoch 3/5
2026-09-17 11:43:19,174 P29388 INFO Epoch 4/10, train generator loss: 1.26146
2026-09-17 11:43:19,296 P29388 INFO Epoch 4/10, train discriminator loss: 1.37621
2026-09-17 11:43:19,526 P29388 INFO *** Test time is 0.2297980785369873
2026-09-17 11:43:19,526 P29388 INFO Epoch 4/10, test f1: 0.76596 rc: 0.62069 pc: 1.00000. [0.30s]
2026-09-17 11:43:19,526 P29388 INFO early stopping epoch 4/5
2026-09-17 11:43:19,679 P29388 INFO Epoch 5/10, train generator loss: 1.30760
2026-09-17 11:43:19,787 P29388 INFO Epoch 5/10, train discriminator loss: 1.28700
2026-09-17 11:43:19,947 P29388 INFO *** Test time is 0.1600649356842041
2026-09-17 11:43:19,947 P29388 INFO Epoch 5/10, test f1: 0.76596 rc: 0.62069 pc: 1.00000. [0.26s]
2026-09-17 11:43:19,947 P29388 INFO early stopping epoch 5/5
2026-09-17 11:43:19,947 P29388 INFO Early stopping
2026-09-17 11:43:20,055 P29388 INFO Threshold (p=95.0, src=val): 1.303826
2026-09-17 11:43:20,075 P29388 INFO *** Test F1 0.8000  of unsupervised traning
2026-09-17 11:43:20,075 P29388 INFO *** Best F1 {'f1': 0.7659574468085106, 'rc': 0.6206896551724138, 'pc': 1.0, 'threshold': np.float64(1.6504974126815792)}  of unsupervised traning
2026-09-17 11:43:20,075 P29388 INFO Current hash id b62efb26
