2026-05-01 12:19:53,756 P20776 INFO ^^^^^^^^^^ Current Model:hades, bfe86d0f ^^^^^^^^^^
2026-05-01 12:19:53,756 P20776 INFO Load from D:\UAM-AD\data\rcaeval_re2_ob
2026-05-01 12:20:00,741 P20776 INFO 40 unique log templates found.
2026-05-01 12:20:00,741 P20776 INFO Transforming unlabel train data.
2026-05-01 12:20:02,905 P20776 INFO Transforming test data.
2026-05-01 12:20:03,177 P20776 INFO 1 new templates show.
2026-05-01 12:20:04,512 P20776 INFO Data loaded done!
2026-05-01 12:21:58,299 P20776 INFO Known word number: 40
2026-05-01 12:24:31,477 P20776 INFO Epoch 0/5, train generator loss: 0.23424
2026-05-01 12:26:56,077 P20776 INFO Epoch 0/5, train discriminator loss: 0.97209
2026-05-01 12:27:03,850 P20776 INFO *** Test time is 7.773069858551025
2026-05-01 12:27:04,309 P20776 INFO Epoch 0/5, test f1: 0.84266 rc: 0.73652 pc: 0.98455. [292.92s]
2026-05-01 12:29:39,951 P20776 INFO Epoch 1/5, train generator loss: 0.10528
2026-05-01 12:32:05,517 P20776 INFO Epoch 1/5, train discriminator loss: 0.54656
2026-05-01 12:32:12,635 P20776 INFO *** Test time is 7.10178279876709
2026-05-01 12:32:12,635 P20776 INFO Epoch 1/5, test f1: 0.85398 rc: 0.74531 pc: 0.99975. [301.19s]
2026-05-01 12:34:45,492 P20776 INFO Epoch 2/5, train generator loss: 0.07267
2026-05-01 12:37:08,579 P20776 INFO Epoch 2/5, train discriminator loss: 0.29183
2026-05-01 12:37:15,579 P20776 INFO *** Test time is 7.000152111053467
2026-05-01 12:37:15,579 P20776 INFO Epoch 2/5, test f1: 0.86213 rc: 0.84898 pc: 0.87570. [295.91s]
2026-05-01 12:39:51,084 P20776 INFO Epoch 3/5, train generator loss: 0.06401
2026-05-01 12:42:17,552 P20776 INFO Epoch 3/5, train discriminator loss: 0.31371
2026-05-01 12:42:24,321 P20776 INFO *** Test time is 6.768480539321899
2026-05-01 12:42:24,321 P20776 INFO Epoch 3/5, test f1: 0.87296 rc: 0.85823 pc: 0.88821. [301.93s]
2026-05-01 12:44:56,722 P20776 INFO Epoch 4/5, train generator loss: 0.06155
2026-05-01 12:47:18,287 P20776 INFO Epoch 4/5, train discriminator loss: 0.26913
2026-05-01 12:47:25,024 P20776 INFO *** Test time is 6.737099885940552
2026-05-01 12:47:25,024 P20776 INFO Epoch 4/5, test f1: 0.86803 rc: 0.85314 pc: 0.88345. [293.92s]
2026-05-01 12:47:25,024 P20776 INFO early stopping epoch 1/3
2026-05-01 12:48:47,809 P20776 INFO Threshold (p=95.0, src=unlabel(fallback)): 0.265061
2026-05-01 12:48:50,391 P20776 INFO *** Test F1 0.8290  of unsupervised traning
2026-05-01 12:48:50,391 P20776 INFO *** Best F1 {'f1': 0.8729598795917407, 'rc': 0.8582262091926385, 'pc': 0.888208269525268}  of unsupervised traning
2026-05-01 12:48:50,724 P20776 INFO Current hash id bfe86d0f
