2026-09-17 14:55:40,224 P29480 INFO ^^^^^^^^^^ Current Model:hades, e4c370ef ^^^^^^^^^^
2026-09-17 14:55:40,224 P29480 INFO Load from D:\UAM-AD\data\sn
2026-09-17 14:55:40,525 P29480 INFO 375 unique log templates found.
2026-09-17 14:55:40,525 P29480 INFO Transforming unlabel train data.
2026-09-17 14:55:40,557 P29480 INFO Transforming test data.
2026-09-17 14:55:40,588 P29480 INFO 721 new templates show.
2026-09-17 14:55:40,623 P29480 INFO Transforming val data.
2026-09-17 14:55:40,623 P29480 INFO 77 new templates show.
2026-09-17 14:55:40,627 P29480 INFO Data loaded done!
2026-09-17 14:55:40,665 P29480 INFO Known word number: 375
2026-09-17 14:55:40,830 P29480 INFO Epoch 0/50, train generator loss: 1.50516
2026-09-17 14:55:40,935 P29480 INFO Epoch 0/50, train discriminator loss: 5.73873
2026-09-17 14:55:41,105 P29480 INFO *** Test time is 0.1697993278503418
2026-09-17 14:55:41,105 P29480 INFO Epoch 0/50, test f1: 0.79245 rc: 0.70000 pc: 0.91304. [0.24s]
2026-09-17 14:55:41,324 P29480 INFO Epoch 1/50, train generator loss: 1.36822
2026-09-17 14:55:41,475 P29480 INFO Epoch 1/50, train discriminator loss: 5.20942
2026-09-17 14:55:41,727 P29480 INFO *** Test time is 0.2525949478149414
2026-09-17 14:55:41,727 P29480 INFO Epoch 1/50, test f1: 0.79245 rc: 0.70000 pc: 0.91304. [0.35s]
2026-09-17 14:55:41,727 P29480 INFO early stopping epoch 1/15
2026-09-17 14:55:41,914 P29480 INFO Epoch 2/50, train generator loss: 1.30946
2026-09-17 14:55:42,072 P29480 INFO Epoch 2/50, train discriminator loss: 5.07597
2026-09-17 14:55:42,281 P29480 INFO *** Test time is 0.20887374877929688
2026-09-17 14:55:42,281 P29480 INFO Epoch 2/50, test f1: 0.79245 rc: 0.70000 pc: 0.91304. [0.34s]
2026-09-17 14:55:42,281 P29480 INFO early stopping epoch 2/15
2026-09-17 14:55:42,473 P29480 INFO Epoch 3/50, train generator loss: 1.20953
2026-09-17 14:55:42,631 P29480 INFO Epoch 3/50, train discriminator loss: 5.61353
2026-09-17 14:55:42,835 P29480 INFO *** Test time is 0.20380020141601562
2026-09-17 14:55:42,835 P29480 INFO Epoch 3/50, test f1: 0.80769 rc: 0.70000 pc: 0.95455. [0.35s]
2026-09-17 14:55:43,037 P29480 INFO Epoch 4/50, train generator loss: 1.05984
2026-09-17 14:55:43,184 P29480 INFO Epoch 4/50, train discriminator loss: 6.81779
2026-09-17 14:55:43,392 P29480 INFO *** Test time is 0.20821332931518555
2026-09-17 14:55:43,392 P29480 INFO Epoch 4/50, test f1: 0.73077 rc: 0.63333 pc: 0.86364. [0.32s]
2026-09-17 14:55:43,392 P29480 INFO early stopping epoch 1/15
2026-09-17 14:55:43,588 P29480 INFO Epoch 5/50, train generator loss: 0.84685
2026-09-17 14:55:43,704 P29480 INFO Epoch 5/50, train discriminator loss: 7.97241
2026-09-17 14:55:43,868 P29480 INFO *** Test time is 0.16389822959899902
2026-09-17 14:55:43,868 P29480 INFO Epoch 5/50, test f1: 0.61538 rc: 0.53333 pc: 0.72727. [0.31s]
2026-09-17 14:55:43,868 P29480 INFO early stopping epoch 2/15
2026-09-17 14:55:43,985 P29480 INFO Epoch 6/50, train generator loss: 0.65361
2026-09-17 14:55:44,082 P29480 INFO Epoch 6/50, train discriminator loss: 8.45614
2026-09-17 14:55:44,225 P29480 INFO *** Test time is 0.14255285263061523
2026-09-17 14:55:44,225 P29480 INFO Epoch 6/50, test f1: 0.54902 rc: 0.46667 pc: 0.66667. [0.21s]
2026-09-17 14:55:44,225 P29480 INFO early stopping epoch 3/15
2026-09-17 14:55:44,337 P29480 INFO Epoch 7/50, train generator loss: 0.67270
2026-09-17 14:55:44,431 P29480 INFO Epoch 7/50, train discriminator loss: 7.40079
2026-09-17 14:55:44,590 P29480 INFO *** Test time is 0.15854525566101074
2026-09-17 14:55:44,590 P29480 INFO Epoch 7/50, test f1: 0.54902 rc: 0.46667 pc: 0.66667. [0.21s]
2026-09-17 14:55:44,590 P29480 INFO early stopping epoch 4/15
2026-09-17 14:55:44,683 P29480 INFO Epoch 8/50, train generator loss: 0.63234
2026-09-17 14:55:44,779 P29480 INFO Epoch 8/50, train discriminator loss: 6.18902
2026-09-17 14:55:44,919 P29480 INFO *** Test time is 0.13942670822143555
2026-09-17 14:55:44,919 P29480 INFO Epoch 8/50, test f1: 0.54902 rc: 0.46667 pc: 0.66667. [0.19s]
2026-09-17 14:55:44,919 P29480 INFO early stopping epoch 5/15
2026-09-17 14:55:45,028 P29480 INFO Epoch 9/50, train generator loss: 0.50890
2026-09-17 14:55:45,135 P29480 INFO Epoch 9/50, train discriminator loss: 5.54856
2026-09-17 14:55:45,281 P29480 INFO *** Test time is 0.14678549766540527
2026-09-17 14:55:45,281 P29480 INFO Epoch 9/50, test f1: 0.54902 rc: 0.46667 pc: 0.66667. [0.22s]
2026-09-17 14:55:45,281 P29480 INFO early stopping epoch 6/15
2026-09-17 14:55:45,404 P29480 INFO Epoch 10/50, train generator loss: 0.48243
2026-09-17 14:55:45,503 P29480 INFO Epoch 10/50, train discriminator loss: 5.45660
2026-09-17 14:55:45,663 P29480 INFO *** Test time is 0.1606137752532959
2026-09-17 14:55:45,663 P29480 INFO Epoch 10/50, test f1: 0.56000 rc: 0.46667 pc: 0.70000. [0.22s]
2026-09-17 14:55:45,663 P29480 INFO early stopping epoch 7/15
2026-09-17 14:55:45,784 P29480 INFO Epoch 11/50, train generator loss: 0.51842
2026-09-17 14:55:45,883 P29480 INFO Epoch 11/50, train discriminator loss: 5.51480
2026-09-17 14:55:46,041 P29480 INFO *** Test time is 0.1580953598022461
2026-09-17 14:55:46,041 P29480 INFO Epoch 11/50, test f1: 0.54902 rc: 0.46667 pc: 0.66667. [0.22s]
2026-09-17 14:55:46,041 P29480 INFO early stopping epoch 8/15
2026-09-17 14:55:46,137 P29480 INFO Epoch 12/50, train generator loss: 0.48341
2026-09-17 14:55:46,229 P29480 INFO Epoch 12/50, train discriminator loss: 5.57173
2026-09-17 14:55:46,400 P29480 INFO *** Test time is 0.17046785354614258
2026-09-17 14:55:46,400 P29480 INFO Epoch 12/50, test f1: 0.48980 rc: 0.40000 pc: 0.63158. [0.19s]
2026-09-17 14:55:46,400 P29480 INFO early stopping epoch 9/15
2026-09-17 14:55:46,498 P29480 INFO Epoch 13/50, train generator loss: 0.47719
2026-09-17 14:55:46,599 P29480 INFO Epoch 13/50, train discriminator loss: 5.59506
2026-09-17 14:55:46,760 P29480 INFO *** Test time is 0.16063761711120605
2026-09-17 14:55:46,760 P29480 INFO Epoch 13/50, test f1: 0.48980 rc: 0.40000 pc: 0.63158. [0.20s]
2026-09-17 14:55:46,760 P29480 INFO early stopping epoch 10/15
2026-09-17 14:55:46,872 P29480 INFO Epoch 14/50, train generator loss: 0.46591
2026-09-17 14:55:46,971 P29480 INFO Epoch 14/50, train discriminator loss: 5.60306
2026-09-17 14:55:47,125 P29480 INFO *** Test time is 0.1541595458984375
2026-09-17 14:55:47,125 P29480 INFO Epoch 14/50, test f1: 0.54902 rc: 0.46667 pc: 0.66667. [0.21s]
2026-09-17 14:55:47,125 P29480 INFO early stopping epoch 11/15
2026-09-17 14:55:47,221 P29480 INFO Epoch 15/50, train generator loss: 0.44817
2026-09-17 14:55:47,344 P29480 INFO Epoch 15/50, train discriminator loss: 5.60786
2026-09-17 14:55:47,507 P29480 INFO *** Test time is 0.16292834281921387
2026-09-17 14:55:47,507 P29480 INFO Epoch 15/50, test f1: 0.54902 rc: 0.46667 pc: 0.66667. [0.22s]
2026-09-17 14:55:47,507 P29480 INFO early stopping epoch 12/15
2026-09-17 14:55:47,604 P29480 INFO Epoch 16/50, train generator loss: 0.42643
2026-09-17 14:55:47,705 P29480 INFO Epoch 16/50, train discriminator loss: 5.60526
2026-09-17 14:55:47,929 P29480 INFO *** Test time is 0.2245030403137207
2026-09-17 14:55:47,929 P29480 INFO Epoch 16/50, test f1: 0.54902 rc: 0.46667 pc: 0.66667. [0.20s]
2026-09-17 14:55:47,929 P29480 INFO early stopping epoch 13/15
2026-09-17 14:55:48,091 P29480 INFO Epoch 17/50, train generator loss: 0.41624
2026-09-17 14:55:48,266 P29480 INFO Epoch 17/50, train discriminator loss: 5.57900
2026-09-17 14:55:48,473 P29480 INFO *** Test time is 0.205733060836792
2026-09-17 14:55:48,473 P29480 INFO Epoch 17/50, test f1: 0.54902 rc: 0.46667 pc: 0.66667. [0.34s]
2026-09-17 14:55:48,473 P29480 INFO early stopping epoch 14/15
2026-09-17 14:55:48,636 P29480 INFO Epoch 18/50, train generator loss: 0.41026
2026-09-17 14:55:48,816 P29480 INFO Epoch 18/50, train discriminator loss: 5.53479
2026-09-17 14:55:49,023 P29480 INFO *** Test time is 0.20649957656860352
2026-09-17 14:55:49,023 P29480 INFO Epoch 18/50, test f1: 0.54902 rc: 0.46667 pc: 0.66667. [0.34s]
2026-09-17 14:55:49,023 P29480 INFO early stopping epoch 15/15
2026-09-17 14:55:49,023 P29480 INFO Early stopping
2026-09-17 14:55:49,219 P29480 INFO Threshold (p=95.0, src=val): 1.263236
2026-09-17 14:55:49,273 P29480 INFO *** Test F1 0.9524  of unsupervised traning
2026-09-17 14:55:49,273 P29480 INFO *** Best F1 {'f1': 0.8076923076923077, 'rc': 0.7, 'pc': 0.9545454545454546, 'threshold': np.float64(1.4042071390151978)}  of unsupervised traning
2026-09-17 14:55:49,277 P29480 INFO Current hash id e4c370ef
