2026-09-17 14:59:11,509 P2384 INFO ^^^^^^^^^^ Current Model:hades, b4f159b0 ^^^^^^^^^^
2026-09-17 14:59:11,509 P2384 INFO Load from D:\UAM-AD\data\sn
2026-09-17 14:59:11,747 P2384 INFO 375 unique log templates found.
2026-09-17 14:59:11,748 P2384 INFO Transforming unlabel train data.
2026-09-17 14:59:11,777 P2384 INFO Transforming test data.
2026-09-17 14:59:11,809 P2384 INFO 729 new templates show.
2026-09-17 14:59:11,860 P2384 INFO Transforming val data.
2026-09-17 14:59:11,860 P2384 INFO 77 new templates show.
2026-09-17 14:59:11,862 P2384 INFO Data loaded done!
2026-09-17 14:59:11,888 P2384 INFO Known word number: 375
2026-09-17 14:59:12,132 P2384 INFO Epoch 0/50, train generator loss: 1.52244
2026-09-17 14:59:12,259 P2384 INFO Epoch 0/50, train discriminator loss: 5.38291
2026-09-17 14:59:12,436 P2384 INFO *** Test time is 0.16933226585388184
2026-09-17 14:59:12,436 P2384 INFO Epoch 0/50, test f1: 0.68085 rc: 0.59259 pc: 0.80000. [0.32s]
2026-09-17 14:59:12,613 P2384 INFO Epoch 1/50, train generator loss: 1.37719
2026-09-17 14:59:12,741 P2384 INFO Epoch 1/50, train discriminator loss: 4.86081
2026-09-17 14:59:12,896 P2384 INFO *** Test time is 0.15481901168823242
2026-09-17 14:59:12,896 P2384 INFO Epoch 1/50, test f1: 0.68085 rc: 0.59259 pc: 0.80000. [0.29s]
2026-09-17 14:59:12,896 P2384 INFO early stopping epoch 1/15
2026-09-17 14:59:13,049 P2384 INFO Epoch 2/50, train generator loss: 1.27507
2026-09-17 14:59:13,170 P2384 INFO Epoch 2/50, train discriminator loss: 4.89422
2026-09-17 14:59:13,336 P2384 INFO *** Test time is 0.16599321365356445
2026-09-17 14:59:13,336 P2384 INFO Epoch 2/50, test f1: 0.69565 rc: 0.59259 pc: 0.84211. [0.27s]
2026-09-17 14:59:13,494 P2384 INFO Epoch 3/50, train generator loss: 1.16258
2026-09-17 14:59:13,614 P2384 INFO Epoch 3/50, train discriminator loss: 5.61106
2026-09-17 14:59:13,775 P2384 INFO *** Test time is 0.16112017631530762
2026-09-17 14:59:13,775 P2384 INFO Epoch 3/50, test f1: 0.69565 rc: 0.59259 pc: 0.84211. [0.28s]
2026-09-17 14:59:13,775 P2384 INFO early stopping epoch 1/15
2026-09-17 14:59:13,931 P2384 INFO Epoch 4/50, train generator loss: 1.02416
2026-09-17 14:59:14,069 P2384 INFO Epoch 4/50, train discriminator loss: 6.79142
2026-09-17 14:59:14,230 P2384 INFO *** Test time is 0.16094613075256348
2026-09-17 14:59:14,230 P2384 INFO Epoch 4/50, test f1: 0.56522 rc: 0.48148 pc: 0.68421. [0.29s]
2026-09-17 14:59:14,230 P2384 INFO early stopping epoch 2/15
2026-09-17 14:59:14,384 P2384 INFO Epoch 5/50, train generator loss: 0.83511
2026-09-17 14:59:14,509 P2384 INFO Epoch 5/50, train discriminator loss: 7.93411
2026-09-17 14:59:14,665 P2384 INFO *** Test time is 0.1558516025543213
2026-09-17 14:59:14,665 P2384 INFO Epoch 5/50, test f1: 0.28571 rc: 0.18519 pc: 0.62500. [0.28s]
2026-09-17 14:59:14,665 P2384 INFO early stopping epoch 3/15
2026-09-17 14:59:14,824 P2384 INFO Epoch 6/50, train generator loss: 0.61758
2026-09-17 14:59:14,990 P2384 INFO Epoch 6/50, train discriminator loss: 8.59514
2026-09-17 14:59:15,200 P2384 INFO *** Test time is 0.2102947235107422
2026-09-17 14:59:15,200 P2384 INFO Epoch 6/50, test f1: 0.27778 rc: 0.18519 pc: 0.55556. [0.32s]
2026-09-17 14:59:15,200 P2384 INFO early stopping epoch 4/15
2026-09-17 14:59:15,375 P2384 INFO Epoch 7/50, train generator loss: 0.65052
2026-09-17 14:59:15,553 P2384 INFO Epoch 7/50, train discriminator loss: 7.53756
2026-09-17 14:59:15,758 P2384 INFO *** Test time is 0.20588016510009766
2026-09-17 14:59:15,758 P2384 INFO Epoch 7/50, test f1: 0.27027 rc: 0.18519 pc: 0.50000. [0.35s]
2026-09-17 14:59:15,758 P2384 INFO early stopping epoch 5/15
2026-09-17 14:59:15,926 P2384 INFO Epoch 8/50, train generator loss: 0.65439
2026-09-17 14:59:16,107 P2384 INFO Epoch 8/50, train discriminator loss: 6.29962
2026-09-17 14:59:16,335 P2384 INFO *** Test time is 0.22857379913330078
2026-09-17 14:59:16,335 P2384 INFO Epoch 8/50, test f1: 0.27027 rc: 0.18519 pc: 0.50000. [0.35s]
2026-09-17 14:59:16,335 P2384 INFO early stopping epoch 6/15
2026-09-17 14:59:16,513 P2384 INFO Epoch 9/50, train generator loss: 0.55373
2026-09-17 14:59:16,697 P2384 INFO Epoch 9/50, train discriminator loss: 5.58031
2026-09-17 14:59:16,908 P2384 INFO *** Test time is 0.21106219291687012
2026-09-17 14:59:16,908 P2384 INFO Epoch 9/50, test f1: 0.27778 rc: 0.18519 pc: 0.55556. [0.36s]
2026-09-17 14:59:16,908 P2384 INFO early stopping epoch 7/15
2026-09-17 14:59:17,089 P2384 INFO Epoch 10/50, train generator loss: 0.47425
2026-09-17 14:59:17,271 P2384 INFO Epoch 10/50, train discriminator loss: 5.38723
2026-09-17 14:59:17,478 P2384 INFO *** Test time is 0.20668792724609375
2026-09-17 14:59:17,478 P2384 INFO Epoch 10/50, test f1: 0.27778 rc: 0.18519 pc: 0.55556. [0.36s]
2026-09-17 14:59:17,478 P2384 INFO early stopping epoch 8/15
2026-09-17 14:59:17,661 P2384 INFO Epoch 11/50, train generator loss: 0.50635
2026-09-17 14:59:17,782 P2384 INFO Epoch 11/50, train discriminator loss: 5.42529
2026-09-17 14:59:17,929 P2384 INFO *** Test time is 0.1470341682434082
2026-09-17 14:59:17,929 P2384 INFO Epoch 11/50, test f1: 0.28571 rc: 0.18519 pc: 0.62500. [0.30s]
2026-09-17 14:59:17,929 P2384 INFO early stopping epoch 9/15
2026-09-17 14:59:18,099 P2384 INFO Epoch 12/50, train generator loss: 0.53323
2026-09-17 14:59:18,226 P2384 INFO Epoch 12/50, train discriminator loss: 5.51698
2026-09-17 14:59:18,389 P2384 INFO *** Test time is 0.16280603408813477
2026-09-17 14:59:18,389 P2384 INFO Epoch 12/50, test f1: 0.27778 rc: 0.18519 pc: 0.55556. [0.30s]
2026-09-17 14:59:18,389 P2384 INFO early stopping epoch 10/15
2026-09-17 14:59:18,534 P2384 INFO Epoch 13/50, train generator loss: 0.49819
2026-09-17 14:59:18,651 P2384 INFO Epoch 13/50, train discriminator loss: 5.58607
2026-09-17 14:59:18,817 P2384 INFO *** Test time is 0.16674518585205078
2026-09-17 14:59:18,826 P2384 INFO Epoch 13/50, test f1: 0.27027 rc: 0.18519 pc: 0.50000. [0.26s]
2026-09-17 14:59:18,826 P2384 INFO early stopping epoch 11/15
2026-09-17 14:59:18,942 P2384 INFO Epoch 14/50, train generator loss: 0.46172
2026-09-17 14:59:19,067 P2384 INFO Epoch 14/50, train discriminator loss: 5.61563
2026-09-17 14:59:19,221 P2384 INFO *** Test time is 0.15355467796325684
2026-09-17 14:59:19,221 P2384 INFO Epoch 14/50, test f1: 0.26316 rc: 0.18519 pc: 0.45455. [0.24s]
2026-09-17 14:59:19,221 P2384 INFO early stopping epoch 12/15
2026-09-17 14:59:19,355 P2384 INFO Epoch 15/50, train generator loss: 0.45330
2026-09-17 14:59:19,459 P2384 INFO Epoch 15/50, train discriminator loss: 5.61576
2026-09-17 14:59:19,626 P2384 INFO *** Test time is 0.16679048538208008
2026-09-17 14:59:19,626 P2384 INFO Epoch 15/50, test f1: 0.26316 rc: 0.18519 pc: 0.45455. [0.24s]
2026-09-17 14:59:19,626 P2384 INFO early stopping epoch 13/15
2026-09-17 14:59:19,746 P2384 INFO Epoch 16/50, train generator loss: 0.45838
2026-09-17 14:59:19,876 P2384 INFO Epoch 16/50, train discriminator loss: 5.59633
2026-09-17 14:59:20,031 P2384 INFO *** Test time is 0.15243124961853027
2026-09-17 14:59:20,031 P2384 INFO Epoch 16/50, test f1: 0.26316 rc: 0.18519 pc: 0.45455. [0.25s]
2026-09-17 14:59:20,031 P2384 INFO early stopping epoch 14/15
2026-09-17 14:59:20,152 P2384 INFO Epoch 17/50, train generator loss: 0.43746
2026-09-17 14:59:20,268 P2384 INFO Epoch 17/50, train discriminator loss: 5.56017
2026-09-17 14:59:20,459 P2384 INFO *** Test time is 0.19042706489562988
2026-09-17 14:59:20,459 P2384 INFO Epoch 17/50, test f1: 0.26316 rc: 0.18519 pc: 0.45455. [0.24s]
2026-09-17 14:59:20,459 P2384 INFO early stopping epoch 15/15
2026-09-17 14:59:20,459 P2384 INFO Early stopping
2026-09-17 14:59:20,555 P2384 INFO Threshold (p=95.0, src=val): 1.438512
2026-09-17 14:59:20,588 P2384 INFO *** Test F1 0.4500  of unsupervised traning
2026-09-17 14:59:20,588 P2384 INFO *** Best F1 {'f1': 0.6956521739130435, 'rc': 0.5925925925925926, 'pc': 0.8421052631578947, 'threshold': np.float64(1.4604977989196777)}  of unsupervised traning
2026-09-17 14:59:20,603 P2384 INFO Current hash id b4f159b0
