2026-09-26 14:50:31,453 P5808 INFO ^^^^^^^^^^ Current Model:hades, a738b6f5 ^^^^^^^^^^
2026-09-26 14:50:31,453 P5808 INFO Load from D:/UAM-AD/data/deeptralog
2026-09-26 14:50:34,580 P5808 INFO 642 unique log templates found.
2026-09-26 14:50:34,596 P5808 INFO Transforming unlabel train data.
2026-09-26 14:50:34,961 P5808 INFO Transforming test data.
2026-09-26 14:50:35,073 P5808 INFO 742 new templates show.
2026-09-26 14:50:36,203 P5808 INFO Transforming val data.
2026-09-26 14:50:36,214 P5808 INFO 53 new templates show.
2026-09-26 14:50:36,583 P5808 INFO Data loaded done!
2026-09-26 14:54:40,240 P5808 INFO Known word number: 642
2026-09-26 14:54:51,960 P5808 INFO Epoch 0/10, train generator loss: 0.20935
2026-09-26 14:55:02,413 P5808 INFO Epoch 0/10, train discriminator loss: 4.57367
2026-09-26 14:55:03,596 P5808 INFO Epoch 0/10, val score: 0.16638. [20.21s]
2026-09-26 14:55:13,635 P5808 INFO Epoch 1/10, train generator loss: 0.16530
2026-09-26 14:55:23,754 P5808 INFO Epoch 1/10, train discriminator loss: 6.91911
2026-09-26 14:55:24,942 P5808 INFO Epoch 1/10, val score: 0.15491. [20.10s]
2026-09-26 14:55:34,736 P5808 INFO Epoch 2/10, train generator loss: 0.15025
2026-09-26 14:55:44,824 P5808 INFO Epoch 2/10, train discriminator loss: 5.08427
2026-09-26 14:55:46,009 P5808 INFO Epoch 2/10, val score: 0.13632. [19.85s]
2026-09-26 14:55:55,958 P5808 INFO Epoch 3/10, train generator loss: 0.13056
2026-09-26 14:56:05,998 P5808 INFO Epoch 3/10, train discriminator loss: 4.54189
2026-09-26 14:56:07,161 P5808 INFO Epoch 3/10, val score: 0.12164. [19.95s]
2026-09-26 14:56:17,075 P5808 INFO Epoch 4/10, train generator loss: 0.12489
2026-09-26 14:56:27,179 P5808 INFO Epoch 4/10, train discriminator loss: 4.06423
2026-09-26 14:56:28,316 P5808 INFO Epoch 4/10, val score: 0.11085. [19.99s]
2026-09-26 14:56:38,117 P5808 INFO Epoch 5/10, train generator loss: 0.12182
2026-09-26 14:56:48,320 P5808 INFO Epoch 5/10, train discriminator loss: 3.46594
2026-09-26 14:56:49,516 P5808 INFO Epoch 5/10, val score: 0.10194. [19.98s]
2026-09-26 14:56:59,258 P5808 INFO Epoch 6/10, train generator loss: 0.10851
2026-09-26 14:57:09,471 P5808 INFO Epoch 6/10, train discriminator loss: 2.92092
2026-09-26 14:57:10,656 P5808 INFO Epoch 6/10, val score: 0.09987. [19.92s]
2026-09-26 14:57:20,512 P5808 INFO Epoch 7/10, train generator loss: 0.08383
2026-09-26 14:57:30,774 P5808 INFO Epoch 7/10, train discriminator loss: 2.68690
2026-09-26 14:57:31,961 P5808 INFO Epoch 7/10, val score: 0.09468. [20.08s]
2026-09-26 14:57:42,411 P5808 INFO Epoch 8/10, train generator loss: 0.07588
2026-09-26 14:57:53,409 P5808 INFO Epoch 8/10, train discriminator loss: 2.48236
2026-09-26 14:57:54,714 P5808 INFO Epoch 8/10, val score: 0.08869. [21.42s]
2026-09-26 14:58:05,324 P5808 INFO Epoch 9/10, train generator loss: 0.06765
2026-09-26 14:58:16,668 P5808 INFO Epoch 9/10, train discriminator loss: 2.49511
2026-09-26 14:58:18,179 P5808 INFO Epoch 9/10, val score: 0.08553. [21.92s]
2026-09-26 14:58:19,855 P5808 INFO Threshold (p=95.0, src=val, n=7475): 0.353543
2026-09-26 14:58:23,240 P5808 INFO Saved trace_scores.npz -> D:/ClaudeWork/e2/res_A_F13_s1\a738b6f5\trace_scores.npz
2026-09-26 14:58:27,473 P5808 INFO *** Oracle F1 0.5081 (test-swept threshold, point_adjust)
2026-09-26 14:58:31,010 P5808 INFO Dumped score components -> D:/ClaudeWork/e2/comp_A_F13_s1.npz
2026-09-26 14:58:31,010 P5808 INFO *** (reference) raw fusion_loss sum: F1 0.2635 P 0.3986 R 0.1967 AUROC 0.7313 AUPRC 0.3788
2026-09-26 14:58:34,626 P5808 INFO *** Test F1 0.7767 P 0.7182 R 0.8454 AUROC 0.9793 AUPRC 0.8419 (norm_sum, val threshold; terms=['log_kpi_loss', 'trace_dis'], val-median={'log_kpi_loss': 0.0243, 'trace_dis': 0.9261}, val-p95.0-minus-median={'log_kpi_loss': 0.3193, 'trace_dis': 0.0124})
2026-09-26 14:58:34,664 P5808 INFO Current hash id a738b6f5
