2026-09-17 14:54:13,790 P28456 INFO ^^^^^^^^^^ Current Model:hades, e23bd7ed ^^^^^^^^^^
2026-09-17 14:54:13,790 P28456 INFO Load from D:\UAM-AD\data\sn
2026-09-17 14:54:13,995 P28456 INFO 375 unique log templates found.
2026-09-17 14:54:13,995 P28456 INFO Transforming unlabel train data.
2026-09-17 14:54:14,019 P28456 INFO Transforming test data.
2026-09-17 14:54:14,053 P28456 INFO 406 new templates show.
2026-09-17 14:54:14,075 P28456 INFO Transforming val data.
2026-09-17 14:54:14,085 P28456 INFO 77 new templates show.
2026-09-17 14:54:14,087 P28456 INFO Data loaded done!
2026-09-17 14:54:14,118 P28456 INFO Known word number: 375
2026-09-17 14:54:14,315 P28456 INFO Epoch 0/50, train generator loss: 1.50250
2026-09-17 14:54:14,418 P28456 INFO Epoch 0/50, train discriminator loss: 5.34293
2026-09-17 14:54:14,566 P28456 INFO *** Test time is 0.14883017539978027
2026-09-17 14:54:14,566 P28456 INFO Epoch 0/50, test f1: 0.94118 rc: 0.88889 pc: 1.00000. [0.25s]
2026-09-17 14:54:14,715 P28456 INFO Epoch 1/50, train generator loss: 1.39919
2026-09-17 14:54:14,818 P28456 INFO Epoch 1/50, train discriminator loss: 4.80861
2026-09-17 14:54:15,028 P28456 INFO *** Test time is 0.20977187156677246
2026-09-17 14:54:15,028 P28456 INFO Epoch 1/50, test f1: 0.94118 rc: 0.88889 pc: 1.00000. [0.24s]
2026-09-17 14:54:15,028 P28456 INFO early stopping epoch 1/15
2026-09-17 14:54:15,218 P28456 INFO Epoch 2/50, train generator loss: 1.28811
2026-09-17 14:54:15,392 P28456 INFO Epoch 2/50, train discriminator loss: 4.85286
2026-09-17 14:54:15,610 P28456 INFO *** Test time is 0.21834039688110352
2026-09-17 14:54:15,610 P28456 INFO Epoch 2/50, test f1: 0.94118 rc: 0.88889 pc: 1.00000. [0.36s]
2026-09-17 14:54:15,610 P28456 INFO early stopping epoch 2/15
2026-09-17 14:54:15,795 P28456 INFO Epoch 3/50, train generator loss: 1.18140
2026-09-17 14:54:15,950 P28456 INFO Epoch 3/50, train discriminator loss: 5.52342
2026-09-17 14:54:16,149 P28456 INFO *** Test time is 0.19843029975891113
2026-09-17 14:54:16,149 P28456 INFO Epoch 3/50, test f1: 0.94118 rc: 0.88889 pc: 1.00000. [0.34s]
2026-09-17 14:54:16,149 P28456 INFO early stopping epoch 3/15
2026-09-17 14:54:16,339 P28456 INFO Epoch 4/50, train generator loss: 1.05529
2026-09-17 14:54:16,499 P28456 INFO Epoch 4/50, train discriminator loss: 6.69332
2026-09-17 14:54:16,703 P28456 INFO *** Test time is 0.2032163143157959
2026-09-17 14:54:16,703 P28456 INFO Epoch 4/50, test f1: 0.94118 rc: 0.88889 pc: 1.00000. [0.35s]
2026-09-17 14:54:16,703 P28456 INFO early stopping epoch 4/15
2026-09-17 14:54:16,907 P28456 INFO Epoch 5/50, train generator loss: 0.88897
2026-09-17 14:54:17,078 P28456 INFO Epoch 5/50, train discriminator loss: 7.90064
2026-09-17 14:54:17,283 P28456 INFO *** Test time is 0.20479488372802734
2026-09-17 14:54:17,283 P28456 INFO Epoch 5/50, test f1: 0.94118 rc: 0.88889 pc: 1.00000. [0.38s]
2026-09-17 14:54:17,283 P28456 INFO early stopping epoch 5/15
2026-09-17 14:54:17,448 P28456 INFO Epoch 6/50, train generator loss: 0.67036
2026-09-17 14:54:17,573 P28456 INFO Epoch 6/50, train discriminator loss: 8.69178
2026-09-17 14:54:17,731 P28456 INFO *** Test time is 0.15781497955322266
2026-09-17 14:54:17,731 P28456 INFO Epoch 6/50, test f1: 0.94118 rc: 0.88889 pc: 1.00000. [0.29s]
2026-09-17 14:54:17,731 P28456 INFO early stopping epoch 6/15
2026-09-17 14:54:17,846 P28456 INFO Epoch 7/50, train generator loss: 0.62399
2026-09-17 14:54:17,971 P28456 INFO Epoch 7/50, train discriminator loss: 7.90108
2026-09-17 14:54:18,126 P28456 INFO *** Test time is 0.1533665657043457
2026-09-17 14:54:18,126 P28456 INFO Epoch 7/50, test f1: 0.94118 rc: 0.88889 pc: 1.00000. [0.24s]
2026-09-17 14:54:18,126 P28456 INFO early stopping epoch 7/15
2026-09-17 14:54:18,242 P28456 INFO Epoch 8/50, train generator loss: 0.63821
2026-09-17 14:54:18,364 P28456 INFO Epoch 8/50, train discriminator loss: 6.64594
2026-09-17 14:54:18,513 P28456 INFO *** Test time is 0.14892077445983887
2026-09-17 14:54:18,513 P28456 INFO Epoch 8/50, test f1: 0.94118 rc: 0.88889 pc: 1.00000. [0.24s]
2026-09-17 14:54:18,513 P28456 INFO early stopping epoch 8/15
2026-09-17 14:54:18,610 P28456 INFO Epoch 9/50, train generator loss: 0.55183
2026-09-17 14:54:18,726 P28456 INFO Epoch 9/50, train discriminator loss: 5.78969
2026-09-17 14:54:18,863 P28456 INFO *** Test time is 0.1365959644317627
2026-09-17 14:54:18,863 P28456 INFO Epoch 9/50, test f1: 0.94118 rc: 0.88889 pc: 1.00000. [0.21s]
2026-09-17 14:54:18,863 P28456 INFO early stopping epoch 9/15
2026-09-17 14:54:18,970 P28456 INFO Epoch 10/50, train generator loss: 0.47667
2026-09-17 14:54:19,085 P28456 INFO Epoch 10/50, train discriminator loss: 5.48163
2026-09-17 14:54:19,245 P28456 INFO *** Test time is 0.16006994247436523
2026-09-17 14:54:19,245 P28456 INFO Epoch 10/50, test f1: 0.94118 rc: 0.88889 pc: 1.00000. [0.22s]
2026-09-17 14:54:19,245 P28456 INFO early stopping epoch 10/15
2026-09-17 14:54:19,385 P28456 INFO Epoch 11/50, train generator loss: 0.50869
2026-09-17 14:54:19,496 P28456 INFO Epoch 11/50, train discriminator loss: 5.45337
2026-09-17 14:54:19,656 P28456 INFO *** Test time is 0.15938234329223633
2026-09-17 14:54:19,656 P28456 INFO Epoch 11/50, test f1: 0.94118 rc: 0.88889 pc: 1.00000. [0.25s]
2026-09-17 14:54:19,656 P28456 INFO early stopping epoch 11/15
2026-09-17 14:54:19,801 P28456 INFO Epoch 12/50, train generator loss: 0.49458
2026-09-17 14:54:19,910 P28456 INFO Epoch 12/50, train discriminator loss: 5.48926
2026-09-17 14:54:20,069 P28456 INFO *** Test time is 0.1587824821472168
2026-09-17 14:54:20,069 P28456 INFO Epoch 12/50, test f1: 0.94118 rc: 0.88889 pc: 1.00000. [0.25s]
2026-09-17 14:54:20,069 P28456 INFO early stopping epoch 12/15
2026-09-17 14:54:20,184 P28456 INFO Epoch 13/50, train generator loss: 0.46008
2026-09-17 14:54:20,271 P28456 INFO Epoch 13/50, train discriminator loss: 5.52730
2026-09-17 14:54:20,415 P28456 INFO *** Test time is 0.1315321922302246
2026-09-17 14:54:20,415 P28456 INFO Epoch 13/50, test f1: 0.94118 rc: 0.88889 pc: 1.00000. [0.21s]
2026-09-17 14:54:20,415 P28456 INFO early stopping epoch 13/15
2026-09-17 14:54:20,517 P28456 INFO Epoch 14/50, train generator loss: 0.45557
2026-09-17 14:54:20,633 P28456 INFO Epoch 14/50, train discriminator loss: 5.56506
2026-09-17 14:54:20,779 P28456 INFO *** Test time is 0.14602375030517578
2026-09-17 14:54:20,779 P28456 INFO Epoch 14/50, test f1: 0.94118 rc: 0.88889 pc: 1.00000. [0.22s]
2026-09-17 14:54:20,779 P28456 INFO early stopping epoch 14/15
2026-09-17 14:54:20,888 P28456 INFO Epoch 15/50, train generator loss: 0.45712
2026-09-17 14:54:20,988 P28456 INFO Epoch 15/50, train discriminator loss: 5.60567
2026-09-17 14:54:21,143 P28456 INFO *** Test time is 0.15491104125976562
2026-09-17 14:54:21,143 P28456 INFO Epoch 15/50, test f1: 0.94118 rc: 0.88889 pc: 1.00000. [0.21s]
2026-09-17 14:54:21,143 P28456 INFO early stopping epoch 15/15
2026-09-17 14:54:21,143 P28456 INFO Early stopping
2026-09-17 14:54:21,238 P28456 INFO Threshold (p=95.0, src=val): 1.706971
2026-09-17 14:54:21,283 P28456 INFO *** Test F1 0.8085  of unsupervised traning
2026-09-17 14:54:21,285 P28456 INFO *** Best F1 {'f1': 0.9411764705882353, 'rc': 0.8888888888888888, 'pc': 1.0, 'threshold': np.float64(5.7856555366516105)}  of unsupervised traning
2026-09-17 14:54:21,285 P28456 INFO Current hash id e23bd7ed
