2026-09-17 11:40:54,031 P4504 INFO ^^^^^^^^^^ Current Model:hades, 74190230 ^^^^^^^^^^
2026-09-17 11:40:54,031 P4504 INFO Load from D:\UAM-AD\data\sn
2026-09-17 11:40:54,239 P4504 INFO 375 unique log templates found.
2026-09-17 11:40:54,246 P4504 INFO Transforming unlabel train data.
2026-09-17 11:40:54,273 P4504 INFO Transforming test data.
2026-09-17 11:40:54,302 P4504 INFO 738 new templates show.
2026-09-17 11:40:54,339 P4504 INFO Transforming val data.
2026-09-17 11:40:54,339 P4504 INFO 77 new templates show.
2026-09-17 11:40:54,343 P4504 INFO Data loaded done!
2026-09-17 11:40:54,374 P4504 INFO Known word number: 375
2026-09-17 11:40:54,544 P4504 INFO Epoch 0/10, train generator loss: 1.30951
2026-09-17 11:40:54,624 P4504 INFO Epoch 0/10, train discriminator loss: 2.87134
2026-09-17 11:40:54,783 P4504 INFO *** Test time is 0.1588916778564453
2026-09-17 11:40:54,783 P4504 INFO Epoch 0/10, test f1: 0.86111 rc: 0.75610 pc: 1.00000. [0.21s]
2026-09-17 11:40:54,917 P4504 INFO Epoch 1/10, train generator loss: 1.21426
2026-09-17 11:40:55,036 P4504 INFO Epoch 1/10, train discriminator loss: 2.20703
2026-09-17 11:40:55,201 P4504 INFO *** Test time is 0.1650538444519043
2026-09-17 11:40:55,201 P4504 INFO Epoch 1/10, test f1: 0.81159 rc: 0.68293 pc: 1.00000. [0.24s]
2026-09-17 11:40:55,201 P4504 INFO early stopping epoch 1/5
2026-09-17 11:40:55,315 P4504 INFO Epoch 2/10, train generator loss: 1.20731
2026-09-17 11:40:55,406 P4504 INFO Epoch 2/10, train discriminator loss: 1.80201
2026-09-17 11:40:55,576 P4504 INFO *** Test time is 0.17039942741394043
2026-09-17 11:40:55,576 P4504 INFO Epoch 2/10, test f1: 0.82857 rc: 0.70732 pc: 1.00000. [0.20s]
2026-09-17 11:40:55,576 P4504 INFO early stopping epoch 2/5
2026-09-17 11:40:55,675 P4504 INFO Epoch 3/10, train generator loss: 1.23769
2026-09-17 11:40:55,781 P4504 INFO Epoch 3/10, train discriminator loss: 1.52263
2026-09-17 11:40:55,946 P4504 INFO *** Test time is 0.16441679000854492
2026-09-17 11:40:55,946 P4504 INFO Epoch 3/10, test f1: 0.82857 rc: 0.70732 pc: 1.00000. [0.20s]
2026-09-17 11:40:55,946 P4504 INFO early stopping epoch 3/5
2026-09-17 11:40:56,062 P4504 INFO Epoch 4/10, train generator loss: 1.29073
2026-09-17 11:40:56,148 P4504 INFO Epoch 4/10, train discriminator loss: 1.33521
2026-09-17 11:40:56,384 P4504 INFO *** Test time is 0.23520779609680176
2026-09-17 11:40:56,386 P4504 INFO Epoch 4/10, test f1: 0.82857 rc: 0.70732 pc: 1.00000. [0.20s]
2026-09-17 11:40:56,386 P4504 INFO early stopping epoch 4/5
2026-09-17 11:40:56,563 P4504 INFO Epoch 5/10, train generator loss: 1.34648
2026-09-17 11:40:56,707 P4504 INFO Epoch 5/10, train discriminator loss: 1.20956
2026-09-17 11:40:56,910 P4504 INFO *** Test time is 0.20264554023742676
2026-09-17 11:40:56,910 P4504 INFO Epoch 5/10, test f1: 0.82857 rc: 0.70732 pc: 1.00000. [0.32s]
2026-09-17 11:40:56,910 P4504 INFO early stopping epoch 5/5
2026-09-17 11:40:56,910 P4504 INFO Early stopping
2026-09-17 11:40:57,067 P4504 INFO Threshold (p=95.0, src=val): 1.321844
2026-09-17 11:40:57,130 P4504 INFO *** Test F1 0.8372  of unsupervised traning
2026-09-17 11:40:57,130 P4504 INFO *** Best F1 {'f1': 0.8611111111111112, 'rc': 0.7560975609756098, 'pc': 1.0, 'threshold': np.float64(1.7418309783935546)}  of unsupervised traning
2026-09-17 11:40:57,130 P4504 INFO Current hash id 74190230
