2026-09-17 14:56:41,445 P6416 INFO ^^^^^^^^^^ Current Model:hades, 8207cb26 ^^^^^^^^^^
2026-09-17 14:56:41,445 P6416 INFO Load from D:\UAM-AD\data\sn
2026-09-17 14:56:41,772 P6416 INFO 375 unique log templates found.
2026-09-17 14:56:41,772 P6416 INFO Transforming unlabel train data.
2026-09-17 14:56:41,806 P6416 INFO Transforming test data.
2026-09-17 14:56:41,851 P6416 INFO 729 new templates show.
2026-09-17 14:56:41,900 P6416 INFO Transforming val data.
2026-09-17 14:56:41,900 P6416 INFO 77 new templates show.
2026-09-17 14:56:41,900 P6416 INFO Data loaded done!
2026-09-17 14:56:41,965 P6416 INFO Known word number: 375
2026-09-17 14:56:42,216 P6416 INFO Epoch 0/50, train generator loss: 1.48766
2026-09-17 14:56:42,384 P6416 INFO Epoch 0/50, train discriminator loss: 5.56285
2026-09-17 14:56:42,548 P6416 INFO *** Test time is 0.15796971321105957
2026-09-17 14:56:42,548 P6416 INFO Epoch 0/50, test f1: 0.69767 rc: 0.55556 pc: 0.93750. [0.35s]
2026-09-17 14:56:42,694 P6416 INFO Epoch 1/50, train generator loss: 1.39213
2026-09-17 14:56:42,800 P6416 INFO Epoch 1/50, train discriminator loss: 4.99326
2026-09-17 14:56:42,959 P6416 INFO *** Test time is 0.15878891944885254
2026-09-17 14:56:42,959 P6416 INFO Epoch 1/50, test f1: 0.69767 rc: 0.55556 pc: 0.93750. [0.24s]
2026-09-17 14:56:42,959 P6416 INFO early stopping epoch 1/15
2026-09-17 14:56:43,075 P6416 INFO Epoch 2/50, train generator loss: 1.27329
2026-09-17 14:56:43,183 P6416 INFO Epoch 2/50, train discriminator loss: 4.92961
2026-09-17 14:56:43,338 P6416 INFO *** Test time is 0.15506649017333984
2026-09-17 14:56:43,338 P6416 INFO Epoch 2/50, test f1: 0.69767 rc: 0.55556 pc: 0.93750. [0.22s]
2026-09-17 14:56:43,338 P6416 INFO early stopping epoch 2/15
2026-09-17 14:56:43,482 P6416 INFO Epoch 3/50, train generator loss: 1.16787
2026-09-17 14:56:43,599 P6416 INFO Epoch 3/50, train discriminator loss: 5.48211
2026-09-17 14:56:43,748 P6416 INFO *** Test time is 0.14955973625183105
2026-09-17 14:56:43,748 P6416 INFO Epoch 3/50, test f1: 0.71111 rc: 0.59259 pc: 0.88889. [0.26s]
2026-09-17 14:56:43,878 P6416 INFO Epoch 4/50, train generator loss: 1.02810
2026-09-17 14:56:43,975 P6416 INFO Epoch 4/50, train discriminator loss: 6.58634
2026-09-17 14:56:44,112 P6416 INFO *** Test time is 0.13712501525878906
2026-09-17 14:56:44,112 P6416 INFO Epoch 4/50, test f1: 0.62222 rc: 0.51852 pc: 0.77778. [0.21s]
2026-09-17 14:56:44,112 P6416 INFO early stopping epoch 1/15
2026-09-17 14:56:44,259 P6416 INFO Epoch 5/50, train generator loss: 0.85460
2026-09-17 14:56:44,352 P6416 INFO Epoch 5/50, train discriminator loss: 7.70624
2026-09-17 14:56:44,509 P6416 INFO *** Test time is 0.15700888633728027
2026-09-17 14:56:44,509 P6416 INFO Epoch 5/50, test f1: 0.47619 rc: 0.37037 pc: 0.66667. [0.24s]
2026-09-17 14:56:44,509 P6416 INFO early stopping epoch 2/15
2026-09-17 14:56:44,647 P6416 INFO Epoch 6/50, train generator loss: 0.63886
2026-09-17 14:56:44,748 P6416 INFO Epoch 6/50, train discriminator loss: 8.37705
2026-09-17 14:56:44,915 P6416 INFO *** Test time is 0.16710138320922852
2026-09-17 14:56:44,915 P6416 INFO Epoch 6/50, test f1: 0.33333 rc: 0.25926 pc: 0.46667. [0.24s]
2026-09-17 14:56:44,915 P6416 INFO early stopping epoch 3/15
2026-09-17 14:56:45,028 P6416 INFO Epoch 7/50, train generator loss: 0.63617
2026-09-17 14:56:45,131 P6416 INFO Epoch 7/50, train discriminator loss: 7.52158
2026-09-17 14:56:45,290 P6416 INFO *** Test time is 0.15910696983337402
2026-09-17 14:56:45,290 P6416 INFO Epoch 7/50, test f1: 0.33333 rc: 0.25926 pc: 0.46667. [0.22s]
2026-09-17 14:56:45,290 P6416 INFO early stopping epoch 4/15
2026-09-17 14:56:45,415 P6416 INFO Epoch 8/50, train generator loss: 0.64250
2026-09-17 14:56:45,511 P6416 INFO Epoch 8/50, train discriminator loss: 6.33391
2026-09-17 14:56:45,653 P6416 INFO *** Test time is 0.14222073554992676
2026-09-17 14:56:45,653 P6416 INFO Epoch 8/50, test f1: 0.33333 rc: 0.25926 pc: 0.46667. [0.22s]
2026-09-17 14:56:45,653 P6416 INFO early stopping epoch 5/15
2026-09-17 14:56:45,783 P6416 INFO Epoch 9/50, train generator loss: 0.53086
2026-09-17 14:56:45,897 P6416 INFO Epoch 9/50, train discriminator loss: 5.59981
2026-09-17 14:56:46,050 P6416 INFO *** Test time is 0.152937650680542
2026-09-17 14:56:46,050 P6416 INFO Epoch 9/50, test f1: 0.34146 rc: 0.25926 pc: 0.50000. [0.24s]
2026-09-17 14:56:46,050 P6416 INFO early stopping epoch 6/15
2026-09-17 14:56:46,152 P6416 INFO Epoch 10/50, train generator loss: 0.44861
2026-09-17 14:56:46,255 P6416 INFO Epoch 10/50, train discriminator loss: 5.41362
2026-09-17 14:56:46,414 P6416 INFO *** Test time is 0.1595151424407959
2026-09-17 14:56:46,414 P6416 INFO Epoch 10/50, test f1: 0.45455 rc: 0.37037 pc: 0.58824. [0.20s]
2026-09-17 14:56:46,414 P6416 INFO early stopping epoch 7/15
2026-09-17 14:56:46,564 P6416 INFO Epoch 11/50, train generator loss: 0.51118
2026-09-17 14:56:46,722 P6416 INFO Epoch 11/50, train discriminator loss: 5.46901
2026-09-17 14:56:46,924 P6416 INFO *** Test time is 0.20188093185424805
2026-09-17 14:56:46,924 P6416 INFO Epoch 11/50, test f1: 0.45455 rc: 0.37037 pc: 0.58824. [0.31s]
2026-09-17 14:56:46,924 P6416 INFO early stopping epoch 8/15
2026-09-17 14:56:47,108 P6416 INFO Epoch 12/50, train generator loss: 0.51057
2026-09-17 14:56:47,250 P6416 INFO Epoch 12/50, train discriminator loss: 5.55644
2026-09-17 14:56:47,462 P6416 INFO *** Test time is 0.21151256561279297
2026-09-17 14:56:47,462 P6416 INFO Epoch 12/50, test f1: 0.35000 rc: 0.25926 pc: 0.53846. [0.33s]
2026-09-17 14:56:47,462 P6416 INFO early stopping epoch 9/15
2026-09-17 14:56:47,605 P6416 INFO Epoch 13/50, train generator loss: 0.45203
2026-09-17 14:56:47,771 P6416 INFO Epoch 13/50, train discriminator loss: 5.61385
2026-09-17 14:56:48,005 P6416 INFO *** Test time is 0.2331550121307373
2026-09-17 14:56:48,005 P6416 INFO Epoch 13/50, test f1: 0.34146 rc: 0.25926 pc: 0.50000. [0.31s]
2026-09-17 14:56:48,005 P6416 INFO early stopping epoch 10/15
2026-09-17 14:56:48,158 P6416 INFO Epoch 14/50, train generator loss: 0.42586
2026-09-17 14:56:48,309 P6416 INFO Epoch 14/50, train discriminator loss: 5.62879
2026-09-17 14:56:48,511 P6416 INFO *** Test time is 0.20243287086486816
2026-09-17 14:56:48,511 P6416 INFO Epoch 14/50, test f1: 0.33333 rc: 0.25926 pc: 0.46667. [0.30s]
2026-09-17 14:56:48,511 P6416 INFO early stopping epoch 11/15
2026-09-17 14:56:48,663 P6416 INFO Epoch 15/50, train generator loss: 0.42823
2026-09-17 14:56:48,815 P6416 INFO Epoch 15/50, train discriminator loss: 5.62355
2026-09-17 14:56:49,024 P6416 INFO *** Test time is 0.2094860076904297
2026-09-17 14:56:49,024 P6416 INFO Epoch 15/50, test f1: 0.33333 rc: 0.25926 pc: 0.46667. [0.30s]
2026-09-17 14:56:49,024 P6416 INFO early stopping epoch 12/15
2026-09-17 14:56:49,181 P6416 INFO Epoch 16/50, train generator loss: 0.41390
2026-09-17 14:56:49,265 P6416 INFO Epoch 16/50, train discriminator loss: 5.60787
2026-09-17 14:56:49,412 P6416 INFO *** Test time is 0.14634442329406738
2026-09-17 14:56:49,412 P6416 INFO Epoch 16/50, test f1: 0.33333 rc: 0.25926 pc: 0.46667. [0.24s]
2026-09-17 14:56:49,412 P6416 INFO early stopping epoch 13/15
2026-09-17 14:56:49,505 P6416 INFO Epoch 17/50, train generator loss: 0.38932
2026-09-17 14:56:49,641 P6416 INFO Epoch 17/50, train discriminator loss: 5.56762
2026-09-17 14:56:49,781 P6416 INFO *** Test time is 0.13856792449951172
2026-09-17 14:56:49,781 P6416 INFO Epoch 17/50, test f1: 0.34146 rc: 0.25926 pc: 0.50000. [0.23s]
2026-09-17 14:56:49,781 P6416 INFO early stopping epoch 14/15
2026-09-17 14:56:49,898 P6416 INFO Epoch 18/50, train generator loss: 0.37458
2026-09-17 14:56:49,998 P6416 INFO Epoch 18/50, train discriminator loss: 5.50829
2026-09-17 14:56:50,151 P6416 INFO *** Test time is 0.1529240608215332
2026-09-17 14:56:50,151 P6416 INFO Epoch 18/50, test f1: 0.34146 rc: 0.25926 pc: 0.50000. [0.22s]
2026-09-17 14:56:50,151 P6416 INFO early stopping epoch 15/15
2026-09-17 14:56:50,151 P6416 INFO Early stopping
2026-09-17 14:56:50,253 P6416 INFO Threshold (p=95.0, src=val): 1.229421
2026-09-17 14:56:50,286 P6416 INFO *** Test F1 0.9153  of unsupervised traning
2026-09-17 14:56:50,286 P6416 INFO *** Best F1 {'f1': 0.7111111111111111, 'rc': 0.5925925925925926, 'pc': 0.8888888888888888, 'threshold': np.float64(1.3977525568008424)}  of unsupervised traning
2026-09-17 14:56:50,293 P6416 INFO Current hash id 8207cb26
