2026-09-17 14:59:01,112 P2384 INFO ^^^^^^^^^^ Current Model:hades, b8c46135 ^^^^^^^^^^
2026-09-17 14:59:01,112 P2384 INFO Load from D:\UAM-AD\data\sn
2026-09-17 14:59:01,411 P2384 INFO 375 unique log templates found.
2026-09-17 14:59:01,418 P2384 INFO Transforming unlabel train data.
2026-09-17 14:59:01,444 P2384 INFO Transforming test data.
2026-09-17 14:59:01,476 P2384 INFO 729 new templates show.
2026-09-17 14:59:01,509 P2384 INFO Transforming val data.
2026-09-17 14:59:01,509 P2384 INFO 77 new templates show.
2026-09-17 14:59:01,509 P2384 INFO Data loaded done!
2026-09-17 14:59:01,545 P2384 INFO Known word number: 375
2026-09-17 14:59:01,846 P2384 INFO Epoch 0/50, train generator loss: 1.56897
2026-09-17 14:59:02,033 P2384 INFO Epoch 0/50, train discriminator loss: 5.65881
2026-09-17 14:59:02,242 P2384 INFO *** Test time is 0.2089557647705078
2026-09-17 14:59:02,242 P2384 INFO Epoch 0/50, test f1: 0.69565 rc: 0.59259 pc: 0.84211. [0.42s]
2026-09-17 14:59:02,476 P2384 INFO Epoch 1/50, train generator loss: 1.37927
2026-09-17 14:59:02,667 P2384 INFO Epoch 1/50, train discriminator loss: 5.11732
2026-09-17 14:59:02,874 P2384 INFO *** Test time is 0.20725369453430176
2026-09-17 14:59:02,874 P2384 INFO Epoch 1/50, test f1: 0.69565 rc: 0.59259 pc: 0.84211. [0.40s]
2026-09-17 14:59:02,874 P2384 INFO early stopping epoch 1/15
2026-09-17 14:59:03,111 P2384 INFO Epoch 2/50, train generator loss: 1.30915
2026-09-17 14:59:03,307 P2384 INFO Epoch 2/50, train discriminator loss: 5.01507
2026-09-17 14:59:03,510 P2384 INFO *** Test time is 0.2036750316619873
2026-09-17 14:59:03,510 P2384 INFO Epoch 2/50, test f1: 0.69565 rc: 0.59259 pc: 0.84211. [0.43s]
2026-09-17 14:59:03,510 P2384 INFO early stopping epoch 2/15
2026-09-17 14:59:03,725 P2384 INFO Epoch 3/50, train generator loss: 1.19809
2026-09-17 14:59:03,900 P2384 INFO Epoch 3/50, train discriminator loss: 5.53001
2026-09-17 14:59:04,121 P2384 INFO *** Test time is 0.22085046768188477
2026-09-17 14:59:04,121 P2384 INFO Epoch 3/50, test f1: 0.72340 rc: 0.62963 pc: 0.85000. [0.39s]
2026-09-17 14:59:04,300 P2384 INFO Epoch 4/50, train generator loss: 1.04781
2026-09-17 14:59:04,405 P2384 INFO Epoch 4/50, train discriminator loss: 6.76990
2026-09-17 14:59:04,595 P2384 INFO *** Test time is 0.18987154960632324
2026-09-17 14:59:04,595 P2384 INFO Epoch 4/50, test f1: 0.57778 rc: 0.48148 pc: 0.72222. [0.27s]
2026-09-17 14:59:04,595 P2384 INFO early stopping epoch 1/15
2026-09-17 14:59:04,825 P2384 INFO Epoch 5/50, train generator loss: 0.85233
2026-09-17 14:59:05,032 P2384 INFO Epoch 5/50, train discriminator loss: 8.03895
2026-09-17 14:59:05,209 P2384 INFO *** Test time is 0.17778468132019043
2026-09-17 14:59:05,209 P2384 INFO Epoch 5/50, test f1: 0.28571 rc: 0.18519 pc: 0.62500. [0.44s]
2026-09-17 14:59:05,210 P2384 INFO early stopping epoch 2/15
2026-09-17 14:59:05,378 P2384 INFO Epoch 6/50, train generator loss: 0.67251
2026-09-17 14:59:05,521 P2384 INFO Epoch 6/50, train discriminator loss: 8.68249
2026-09-17 14:59:05,674 P2384 INFO *** Test time is 0.1535167694091797
2026-09-17 14:59:05,674 P2384 INFO Epoch 6/50, test f1: 0.27778 rc: 0.18519 pc: 0.55556. [0.31s]
2026-09-17 14:59:05,674 P2384 INFO early stopping epoch 3/15
2026-09-17 14:59:05,786 P2384 INFO Epoch 7/50, train generator loss: 0.67688
2026-09-17 14:59:05,915 P2384 INFO Epoch 7/50, train discriminator loss: 7.65403
2026-09-17 14:59:06,060 P2384 INFO *** Test time is 0.1454317569732666
2026-09-17 14:59:06,060 P2384 INFO Epoch 7/50, test f1: 0.25641 rc: 0.18519 pc: 0.41667. [0.24s]
2026-09-17 14:59:06,060 P2384 INFO early stopping epoch 4/15
2026-09-17 14:59:06,189 P2384 INFO Epoch 8/50, train generator loss: 0.64815
2026-09-17 14:59:06,312 P2384 INFO Epoch 8/50, train discriminator loss: 6.38711
2026-09-17 14:59:06,471 P2384 INFO *** Test time is 0.15704655647277832
2026-09-17 14:59:06,471 P2384 INFO Epoch 8/50, test f1: 0.25641 rc: 0.18519 pc: 0.41667. [0.25s]
2026-09-17 14:59:06,471 P2384 INFO early stopping epoch 5/15
2026-09-17 14:59:06,601 P2384 INFO Epoch 9/50, train generator loss: 0.54378
2026-09-17 14:59:06,726 P2384 INFO Epoch 9/50, train discriminator loss: 5.63516
2026-09-17 14:59:06,880 P2384 INFO *** Test time is 0.15365266799926758
2026-09-17 14:59:06,880 P2384 INFO Epoch 9/50, test f1: 0.27027 rc: 0.18519 pc: 0.50000. [0.26s]
2026-09-17 14:59:06,880 P2384 INFO early stopping epoch 6/15
2026-09-17 14:59:07,008 P2384 INFO Epoch 10/50, train generator loss: 0.48808
2026-09-17 14:59:07,133 P2384 INFO Epoch 10/50, train discriminator loss: 5.43223
2026-09-17 14:59:07,290 P2384 INFO *** Test time is 0.15717220306396484
2026-09-17 14:59:07,290 P2384 INFO Epoch 10/50, test f1: 0.28571 rc: 0.18519 pc: 0.62500. [0.25s]
2026-09-17 14:59:07,290 P2384 INFO early stopping epoch 7/15
2026-09-17 14:59:07,450 P2384 INFO Epoch 11/50, train generator loss: 0.51263
2026-09-17 14:59:07,573 P2384 INFO Epoch 11/50, train discriminator loss: 5.46616
2026-09-17 14:59:07,737 P2384 INFO *** Test time is 0.16382908821105957
2026-09-17 14:59:07,737 P2384 INFO Epoch 11/50, test f1: 0.27778 rc: 0.18519 pc: 0.55556. [0.28s]
2026-09-17 14:59:07,737 P2384 INFO early stopping epoch 8/15
2026-09-17 14:59:07,901 P2384 INFO Epoch 12/50, train generator loss: 0.50418
2026-09-17 14:59:08,032 P2384 INFO Epoch 12/50, train discriminator loss: 5.53787
2026-09-17 14:59:08,185 P2384 INFO *** Test time is 0.15339040756225586
2026-09-17 14:59:08,185 P2384 INFO Epoch 12/50, test f1: 0.27027 rc: 0.18519 pc: 0.50000. [0.29s]
2026-09-17 14:59:08,185 P2384 INFO early stopping epoch 9/15
2026-09-17 14:59:08,358 P2384 INFO Epoch 13/50, train generator loss: 0.49017
2026-09-17 14:59:08,520 P2384 INFO Epoch 13/50, train discriminator loss: 5.57990
2026-09-17 14:59:08,755 P2384 INFO *** Test time is 0.23484373092651367
2026-09-17 14:59:08,755 P2384 INFO Epoch 13/50, test f1: 0.25641 rc: 0.18519 pc: 0.41667. [0.33s]
2026-09-17 14:59:08,755 P2384 INFO early stopping epoch 10/15
2026-09-17 14:59:08,930 P2384 INFO Epoch 14/50, train generator loss: 0.49011
2026-09-17 14:59:09,090 P2384 INFO Epoch 14/50, train discriminator loss: 5.61272
2026-09-17 14:59:09,306 P2384 INFO *** Test time is 0.2167961597442627
2026-09-17 14:59:09,306 P2384 INFO Epoch 14/50, test f1: 0.25641 rc: 0.18519 pc: 0.41667. [0.33s]
2026-09-17 14:59:09,306 P2384 INFO early stopping epoch 11/15
2026-09-17 14:59:09,479 P2384 INFO Epoch 15/50, train generator loss: 0.47376
2026-09-17 14:59:09,643 P2384 INFO Epoch 15/50, train discriminator loss: 5.64011
2026-09-17 14:59:09,867 P2384 INFO *** Test time is 0.22437024116516113
2026-09-17 14:59:09,867 P2384 INFO Epoch 15/50, test f1: 0.26316 rc: 0.18519 pc: 0.45455. [0.33s]
2026-09-17 14:59:09,867 P2384 INFO early stopping epoch 12/15
2026-09-17 14:59:10,057 P2384 INFO Epoch 16/50, train generator loss: 0.44521
2026-09-17 14:59:10,242 P2384 INFO Epoch 16/50, train discriminator loss: 5.65617
2026-09-17 14:59:10,451 P2384 INFO *** Test time is 0.20896458625793457
2026-09-17 14:59:10,451 P2384 INFO Epoch 16/50, test f1: 0.27027 rc: 0.18519 pc: 0.50000. [0.38s]
2026-09-17 14:59:10,451 P2384 INFO early stopping epoch 13/15
2026-09-17 14:59:10,623 P2384 INFO Epoch 17/50, train generator loss: 0.41929
2026-09-17 14:59:10,787 P2384 INFO Epoch 17/50, train discriminator loss: 5.63636
2026-09-17 14:59:10,957 P2384 INFO *** Test time is 0.17030024528503418
2026-09-17 14:59:10,957 P2384 INFO Epoch 17/50, test f1: 0.27778 rc: 0.18519 pc: 0.55556. [0.34s]
2026-09-17 14:59:10,957 P2384 INFO early stopping epoch 14/15
2026-09-17 14:59:11,059 P2384 INFO Epoch 18/50, train generator loss: 0.41580
2026-09-17 14:59:11,161 P2384 INFO Epoch 18/50, train discriminator loss: 5.58225
2026-09-17 14:59:11,333 P2384 INFO *** Test time is 0.17184710502624512
2026-09-17 14:59:11,333 P2384 INFO Epoch 18/50, test f1: 0.27778 rc: 0.18519 pc: 0.55556. [0.20s]
2026-09-17 14:59:11,333 P2384 INFO early stopping epoch 15/15
2026-09-17 14:59:11,333 P2384 INFO Early stopping
2026-09-17 14:59:11,430 P2384 INFO Threshold (p=95.0, src=val): 1.261487
2026-09-17 14:59:11,474 P2384 INFO *** Test F1 0.5581  of unsupervised traning
2026-09-17 14:59:11,474 P2384 INFO *** Best F1 {'f1': 0.723404255319149, 'rc': 0.6296296296296297, 'pc': 0.85, 'threshold': np.float64(1.274904203414917)}  of unsupervised traning
2026-09-17 14:59:11,477 P2384 INFO Current hash id b8c46135
