2026-09-17 11:45:19,952 P28716 INFO ^^^^^^^^^^ Current Model:hades, 60a16768 ^^^^^^^^^^
2026-09-17 11:45:19,952 P28716 INFO Load from D:\UAM-AD\data\sn
2026-09-17 11:45:20,166 P28716 INFO 375 unique log templates found.
2026-09-17 11:45:20,182 P28716 INFO Transforming unlabel train data.
2026-09-17 11:45:20,198 P28716 INFO Transforming test data.
2026-09-17 11:45:20,230 P28716 INFO 713 new templates show.
2026-09-17 11:45:20,261 P28716 INFO Transforming val data.
2026-09-17 11:45:20,261 P28716 INFO 77 new templates show.
2026-09-17 11:45:20,261 P28716 INFO Data loaded done!
2026-09-17 11:45:20,293 P28716 INFO Known word number: 375
2026-09-17 11:45:20,455 P28716 INFO Epoch 0/10, train generator loss: 1.25964
2026-09-17 11:45:20,552 P28716 INFO Epoch 0/10, train discriminator loss: 2.71811
2026-09-17 11:45:20,717 P28716 INFO *** Test time is 0.16423940658569336
2026-09-17 11:45:20,717 P28716 INFO Epoch 0/10, test f1: 0.81818 rc: 0.69231 pc: 1.00000. [0.21s]
2026-09-17 11:45:20,834 P28716 INFO Epoch 1/10, train generator loss: 1.26639
2026-09-17 11:45:20,907 P28716 INFO Epoch 1/10, train discriminator loss: 2.11557
2026-09-17 11:45:21,081 P28716 INFO *** Test time is 0.1731739044189453
2026-09-17 11:45:21,081 P28716 INFO Epoch 1/10, test f1: 0.79070 rc: 0.65385 pc: 1.00000. [0.19s]
2026-09-17 11:45:21,081 P28716 INFO early stopping epoch 1/5
2026-09-17 11:45:21,188 P28716 INFO Epoch 2/10, train generator loss: 1.20939
2026-09-17 11:45:21,274 P28716 INFO Epoch 2/10, train discriminator loss: 1.77844
2026-09-17 11:45:21,419 P28716 INFO *** Test time is 0.1449568271636963
2026-09-17 11:45:21,419 P28716 INFO Epoch 2/10, test f1: 0.79070 rc: 0.65385 pc: 1.00000. [0.19s]
2026-09-17 11:45:21,419 P28716 INFO early stopping epoch 2/5
2026-09-17 11:45:21,527 P28716 INFO Epoch 3/10, train generator loss: 1.19946
2026-09-17 11:45:21,632 P28716 INFO Epoch 3/10, train discriminator loss: 1.61455
2026-09-17 11:45:21,775 P28716 INFO *** Test time is 0.1430683135986328
2026-09-17 11:45:21,775 P28716 INFO Epoch 3/10, test f1: 0.79070 rc: 0.65385 pc: 1.00000. [0.21s]
2026-09-17 11:45:21,775 P28716 INFO early stopping epoch 3/5
2026-09-17 11:45:21,865 P28716 INFO Epoch 4/10, train generator loss: 1.20580
2026-09-17 11:45:21,969 P28716 INFO Epoch 4/10, train discriminator loss: 1.48284
2026-09-17 11:45:22,126 P28716 INFO *** Test time is 0.15622258186340332
2026-09-17 11:45:22,126 P28716 INFO Epoch 4/10, test f1: 0.79070 rc: 0.65385 pc: 1.00000. [0.19s]
2026-09-17 11:45:22,126 P28716 INFO early stopping epoch 4/5
2026-09-17 11:45:22,238 P28716 INFO Epoch 5/10, train generator loss: 1.23117
2026-09-17 11:45:22,310 P28716 INFO Epoch 5/10, train discriminator loss: 1.36723
2026-09-17 11:45:22,468 P28716 INFO *** Test time is 0.15874338150024414
2026-09-17 11:45:22,468 P28716 INFO Epoch 5/10, test f1: 0.79070 rc: 0.65385 pc: 1.00000. [0.18s]
2026-09-17 11:45:22,468 P28716 INFO early stopping epoch 5/5
2026-09-17 11:45:22,468 P28716 INFO Early stopping
2026-09-17 11:45:22,546 P28716 INFO Threshold (p=95.0, src=val): 1.404950
2026-09-17 11:45:22,573 P28716 INFO *** Test F1 0.8125  of unsupervised traning
2026-09-17 11:45:22,573 P28716 INFO *** Best F1 {'f1': 0.8181818181818182, 'rc': 0.6923076923076923, 'pc': 1.0, 'threshold': np.float64(1.5423571348190308)}  of unsupervised traning
2026-09-17 11:45:22,575 P28716 INFO Current hash id 60a16768
