2026-09-17 11:41:41,486 P11364 INFO ^^^^^^^^^^ Current Model:hades, d3170e13 ^^^^^^^^^^
2026-09-17 11:41:41,486 P11364 INFO Load from D:\UAM-AD\data\sn
2026-09-17 11:41:41,819 P11364 INFO 375 unique log templates found.
2026-09-17 11:41:41,825 P11364 INFO Transforming unlabel train data.
2026-09-17 11:41:41,857 P11364 INFO Transforming test data.
2026-09-17 11:41:41,878 P11364 INFO 734 new templates show.
2026-09-17 11:41:41,910 P11364 INFO Transforming val data.
2026-09-17 11:41:41,910 P11364 INFO 77 new templates show.
2026-09-17 11:41:41,910 P11364 INFO Data loaded done!
2026-09-17 11:41:41,942 P11364 INFO Known word number: 375
2026-09-17 11:41:42,078 P11364 INFO Epoch 0/10, train generator loss: 1.34305
2026-09-17 11:41:42,157 P11364 INFO Epoch 0/10, train discriminator loss: 2.98268
2026-09-17 11:41:42,327 P11364 INFO *** Test time is 0.1699845790863037
2026-09-17 11:41:42,327 P11364 INFO Epoch 0/10, test f1: 0.81633 rc: 0.71429 pc: 0.95238. [0.18s]
2026-09-17 11:41:42,460 P11364 INFO Epoch 1/10, train generator loss: 1.27769
2026-09-17 11:41:42,555 P11364 INFO Epoch 1/10, train discriminator loss: 2.27707
2026-09-17 11:41:42,706 P11364 INFO *** Test time is 0.14920926094055176
2026-09-17 11:41:42,706 P11364 INFO Epoch 1/10, test f1: 0.81633 rc: 0.71429 pc: 0.95238. [0.23s]
2026-09-17 11:41:42,706 P11364 INFO early stopping epoch 1/5
2026-09-17 11:41:42,813 P11364 INFO Epoch 2/10, train generator loss: 1.24693
2026-09-17 11:41:42,898 P11364 INFO Epoch 2/10, train discriminator loss: 1.90875
2026-09-17 11:41:43,048 P11364 INFO *** Test time is 0.15016388893127441
2026-09-17 11:41:43,049 P11364 INFO Epoch 2/10, test f1: 0.81633 rc: 0.71429 pc: 0.95238. [0.19s]
2026-09-17 11:41:43,049 P11364 INFO early stopping epoch 2/5
2026-09-17 11:41:43,154 P11364 INFO Epoch 3/10, train generator loss: 1.26881
2026-09-17 11:41:43,257 P11364 INFO Epoch 3/10, train discriminator loss: 1.59120
2026-09-17 11:41:43,416 P11364 INFO *** Test time is 0.15880131721496582
2026-09-17 11:41:43,416 P11364 INFO Epoch 3/10, test f1: 0.83333 rc: 0.71429 pc: 1.00000. [0.21s]
2026-09-17 11:41:43,521 P11364 INFO Epoch 4/10, train generator loss: 1.31661
2026-09-17 11:41:43,624 P11364 INFO Epoch 4/10, train discriminator loss: 1.35317
2026-09-17 11:41:43,772 P11364 INFO *** Test time is 0.14795184135437012
2026-09-17 11:41:43,772 P11364 INFO Epoch 4/10, test f1: 0.83333 rc: 0.71429 pc: 1.00000. [0.19s]
2026-09-17 11:41:43,772 P11364 INFO early stopping epoch 1/5
2026-09-17 11:41:43,877 P11364 INFO Epoch 5/10, train generator loss: 1.37292
2026-09-17 11:41:43,965 P11364 INFO Epoch 5/10, train discriminator loss: 1.19467
2026-09-17 11:41:44,110 P11364 INFO *** Test time is 0.14589405059814453
2026-09-17 11:41:44,110 P11364 INFO Epoch 5/10, test f1: 0.83333 rc: 0.71429 pc: 1.00000. [0.19s]
2026-09-17 11:41:44,110 P11364 INFO early stopping epoch 2/5
2026-09-17 11:41:44,213 P11364 INFO Epoch 6/10, train generator loss: 1.42976
2026-09-17 11:41:44,287 P11364 INFO Epoch 6/10, train discriminator loss: 1.08221
2026-09-17 11:41:44,450 P11364 INFO *** Test time is 0.16291475296020508
2026-09-17 11:41:44,450 P11364 INFO Epoch 6/10, test f1: 0.83333 rc: 0.71429 pc: 1.00000. [0.18s]
2026-09-17 11:41:44,450 P11364 INFO early stopping epoch 3/5
2026-09-17 11:41:44,545 P11364 INFO Epoch 7/10, train generator loss: 1.48786
2026-09-17 11:41:44,626 P11364 INFO Epoch 7/10, train discriminator loss: 0.98478
2026-09-17 11:41:44,769 P11364 INFO *** Test time is 0.14296483993530273
2026-09-17 11:41:44,769 P11364 INFO Epoch 7/10, test f1: 0.83333 rc: 0.71429 pc: 1.00000. [0.18s]
2026-09-17 11:41:44,769 P11364 INFO early stopping epoch 4/5
2026-09-17 11:41:44,878 P11364 INFO Epoch 8/10, train generator loss: 1.54653
2026-09-17 11:41:44,951 P11364 INFO Epoch 8/10, train discriminator loss: 0.91290
2026-09-17 11:41:45,097 P11364 INFO *** Test time is 0.14575934410095215
2026-09-17 11:41:45,097 P11364 INFO Epoch 8/10, test f1: 0.81633 rc: 0.71429 pc: 0.95238. [0.18s]
2026-09-17 11:41:45,099 P11364 INFO early stopping epoch 5/5
2026-09-17 11:41:45,099 P11364 INFO Early stopping
2026-09-17 11:41:45,230 P11364 INFO Threshold (p=95.0, src=val): 1.350234
2026-09-17 11:41:45,258 P11364 INFO *** Test F1 0.9032  of unsupervised traning
2026-09-17 11:41:45,258 P11364 INFO *** Best F1 {'f1': 0.8333333333333334, 'rc': 0.7142857142857143, 'pc': 1.0, 'threshold': np.float64(1.4554673910140992)}  of unsupervised traning
2026-09-17 11:41:45,260 P11364 INFO Current hash id d3170e13
