2026-09-17 14:57:10,967 P29060 INFO ^^^^^^^^^^ Current Model:hades, 9ad77a56 ^^^^^^^^^^
2026-09-17 14:57:10,967 P29060 INFO Load from D:\UAM-AD\data\sn
2026-09-17 14:57:11,334 P29060 INFO 375 unique log templates found.
2026-09-17 14:57:11,350 P29060 INFO Transforming unlabel train data.
2026-09-17 14:57:11,381 P29060 INFO Transforming test data.
2026-09-17 14:57:11,413 P29060 INFO 729 new templates show.
2026-09-17 14:57:11,445 P29060 INFO Transforming val data.
2026-09-17 14:57:11,446 P29060 INFO 77 new templates show.
2026-09-17 14:57:11,448 P29060 INFO Data loaded done!
2026-09-17 14:57:11,477 P29060 INFO Known word number: 375
2026-09-17 14:57:13,998 P29060 INFO Epoch 0/50, train generator loss: 1.51594
2026-09-17 14:57:14,128 P29060 INFO Epoch 0/50, train discriminator loss: 5.70331
2026-09-17 14:57:14,267 P29060 INFO *** Test time is 0.13872146606445312
2026-09-17 14:57:14,267 P29060 INFO Epoch 0/50, test f1: 0.78261 rc: 0.64286 pc: 1.00000. [0.67s]
2026-09-17 14:57:14,424 P29060 INFO Epoch 1/50, train generator loss: 1.40326
2026-09-17 14:57:14,551 P29060 INFO Epoch 1/50, train discriminator loss: 5.08185
2026-09-17 14:57:14,724 P29060 INFO *** Test time is 0.17368721961975098
2026-09-17 14:57:14,724 P29060 INFO Epoch 1/50, test f1: 0.80851 rc: 0.67857 pc: 1.00000. [0.26s]
2026-09-17 14:57:14,877 P29060 INFO Epoch 2/50, train generator loss: 1.30691
2026-09-17 14:57:14,982 P29060 INFO Epoch 2/50, train discriminator loss: 4.97037
2026-09-17 14:57:15,139 P29060 INFO *** Test time is 0.15517807006835938
2026-09-17 14:57:15,141 P29060 INFO Epoch 2/50, test f1: 0.80851 rc: 0.67857 pc: 1.00000. [0.24s]
2026-09-17 14:57:15,141 P29060 INFO early stopping epoch 1/15
2026-09-17 14:57:15,261 P29060 INFO Epoch 3/50, train generator loss: 1.20036
2026-09-17 14:57:15,372 P29060 INFO Epoch 3/50, train discriminator loss: 5.49967
2026-09-17 14:57:15,515 P29060 INFO *** Test time is 0.1430675983428955
2026-09-17 14:57:15,515 P29060 INFO Epoch 3/50, test f1: 0.80851 rc: 0.67857 pc: 1.00000. [0.23s]
2026-09-17 14:57:15,515 P29060 INFO early stopping epoch 2/15
2026-09-17 14:57:15,642 P29060 INFO Epoch 4/50, train generator loss: 1.06339
2026-09-17 14:57:15,736 P29060 INFO Epoch 4/50, train discriminator loss: 6.62776
2026-09-17 14:57:15,879 P29060 INFO *** Test time is 0.14312005043029785
2026-09-17 14:57:15,879 P29060 INFO Epoch 4/50, test f1: 0.79167 rc: 0.67857 pc: 0.95000. [0.22s]
2026-09-17 14:57:15,879 P29060 INFO early stopping epoch 3/15
2026-09-17 14:57:15,999 P29060 INFO Epoch 5/50, train generator loss: 0.89179
2026-09-17 14:57:16,102 P29060 INFO Epoch 5/50, train discriminator loss: 7.81050
2026-09-17 14:57:16,236 P29060 INFO *** Test time is 0.13435053825378418
2026-09-17 14:57:16,236 P29060 INFO Epoch 5/50, test f1: 0.52174 rc: 0.42857 pc: 0.66667. [0.22s]
2026-09-17 14:57:16,236 P29060 INFO early stopping epoch 4/15
2026-09-17 14:57:16,360 P29060 INFO Epoch 6/50, train generator loss: 0.70712
2026-09-17 14:57:16,477 P29060 INFO Epoch 6/50, train discriminator loss: 8.42748
2026-09-17 14:57:16,649 P29060 INFO *** Test time is 0.17233943939208984
2026-09-17 14:57:16,650 P29060 INFO Epoch 6/50, test f1: 0.27273 rc: 0.21429 pc: 0.37500. [0.24s]
2026-09-17 14:57:16,650 P29060 INFO early stopping epoch 5/15
2026-09-17 14:57:16,793 P29060 INFO Epoch 7/50, train generator loss: 0.66061
2026-09-17 14:57:16,897 P29060 INFO Epoch 7/50, train discriminator loss: 7.68641
2026-09-17 14:57:17,058 P29060 INFO *** Test time is 0.16086196899414062
2026-09-17 14:57:17,058 P29060 INFO Epoch 7/50, test f1: 0.27273 rc: 0.21429 pc: 0.37500. [0.25s]
2026-09-17 14:57:17,058 P29060 INFO early stopping epoch 6/15
2026-09-17 14:57:17,175 P29060 INFO Epoch 8/50, train generator loss: 0.64281
2026-09-17 14:57:17,323 P29060 INFO Epoch 8/50, train discriminator loss: 6.57697
2026-09-17 14:57:17,544 P29060 INFO *** Test time is 0.22102856636047363
2026-09-17 14:57:17,544 P29060 INFO Epoch 8/50, test f1: 0.27273 rc: 0.21429 pc: 0.37500. [0.26s]
2026-09-17 14:57:17,544 P29060 INFO early stopping epoch 7/15
2026-09-17 14:57:17,741 P29060 INFO Epoch 9/50, train generator loss: 0.55519
2026-09-17 14:57:17,886 P29060 INFO Epoch 9/50, train discriminator loss: 5.83432
2026-09-17 14:57:18,085 P29060 INFO *** Test time is 0.19929218292236328
2026-09-17 14:57:18,085 P29060 INFO Epoch 9/50, test f1: 0.35556 rc: 0.28571 pc: 0.47059. [0.34s]
2026-09-17 14:57:18,085 P29060 INFO early stopping epoch 8/15
2026-09-17 14:57:18,271 P29060 INFO Epoch 10/50, train generator loss: 0.54071
2026-09-17 14:57:18,438 P29060 INFO Epoch 10/50, train discriminator loss: 5.59243
2026-09-17 14:57:18,642 P29060 INFO *** Test time is 0.20356106758117676
2026-09-17 14:57:18,642 P29060 INFO Epoch 10/50, test f1: 0.40000 rc: 0.32143 pc: 0.52941. [0.35s]
2026-09-17 14:57:18,642 P29060 INFO early stopping epoch 9/15
2026-09-17 14:57:18,851 P29060 INFO Epoch 11/50, train generator loss: 0.57896
2026-09-17 14:57:19,010 P29060 INFO Epoch 11/50, train discriminator loss: 5.55343
2026-09-17 14:57:19,206 P29060 INFO *** Test time is 0.19631648063659668
2026-09-17 14:57:19,206 P29060 INFO Epoch 11/50, test f1: 0.40000 rc: 0.32143 pc: 0.52941. [0.37s]
2026-09-17 14:57:19,206 P29060 INFO early stopping epoch 10/15
2026-09-17 14:57:19,395 P29060 INFO Epoch 12/50, train generator loss: 0.55319
2026-09-17 14:57:19,534 P29060 INFO Epoch 12/50, train discriminator loss: 5.54419
2026-09-17 14:57:19,776 P29060 INFO *** Test time is 0.24291610717773438
2026-09-17 14:57:19,776 P29060 INFO Epoch 12/50, test f1: 0.31111 rc: 0.25000 pc: 0.41176. [0.33s]
2026-09-17 14:57:19,776 P29060 INFO early stopping epoch 11/15
2026-09-17 14:57:19,958 P29060 INFO Epoch 13/50, train generator loss: 0.53035
2026-09-17 14:57:20,072 P29060 INFO Epoch 13/50, train discriminator loss: 5.52583
2026-09-17 14:57:20,220 P29060 INFO *** Test time is 0.147475004196167
2026-09-17 14:57:20,220 P29060 INFO Epoch 13/50, test f1: 0.27273 rc: 0.21429 pc: 0.37500. [0.30s]
2026-09-17 14:57:20,220 P29060 INFO early stopping epoch 12/15
2026-09-17 14:57:20,350 P29060 INFO Epoch 14/50, train generator loss: 0.52600
2026-09-17 14:57:20,444 P29060 INFO Epoch 14/50, train discriminator loss: 5.52401
2026-09-17 14:57:20,593 P29060 INFO *** Test time is 0.14907026290893555
2026-09-17 14:57:20,593 P29060 INFO Epoch 14/50, test f1: 0.27273 rc: 0.21429 pc: 0.37500. [0.22s]
2026-09-17 14:57:20,593 P29060 INFO early stopping epoch 13/15
2026-09-17 14:57:20,735 P29060 INFO Epoch 15/50, train generator loss: 0.51220
2026-09-17 14:57:20,834 P29060 INFO Epoch 15/50, train discriminator loss: 5.55723
2026-09-17 14:57:20,998 P29060 INFO *** Test time is 0.15731096267700195
2026-09-17 14:57:20,998 P29060 INFO Epoch 15/50, test f1: 0.27273 rc: 0.21429 pc: 0.37500. [0.25s]
2026-09-17 14:57:20,998 P29060 INFO early stopping epoch 14/15
2026-09-17 14:57:21,152 P29060 INFO Epoch 16/50, train generator loss: 0.46520
2026-09-17 14:57:21,263 P29060 INFO Epoch 16/50, train discriminator loss: 5.58981
2026-09-17 14:57:21,419 P29060 INFO *** Test time is 0.1552867889404297
2026-09-17 14:57:21,419 P29060 INFO Epoch 16/50, test f1: 0.27273 rc: 0.21429 pc: 0.37500. [0.27s]
2026-09-17 14:57:21,419 P29060 INFO early stopping epoch 15/15
2026-09-17 14:57:21,419 P29060 INFO Early stopping
2026-09-17 14:57:21,558 P29060 INFO Threshold (p=95.0, src=val): 1.667471
2026-09-17 14:57:21,589 P29060 INFO *** Test F1 0.9153  of unsupervised traning
2026-09-17 14:57:21,589 P29060 INFO *** Best F1 {'f1': 0.8085106382978723, 'rc': 0.6785714285714286, 'pc': 1.0, 'threshold': np.float64(1.7625797033309936)}  of unsupervised traning
2026-09-17 14:57:21,589 P29060 INFO Current hash id 9ad77a56
