2026-09-17 11:43:35,942 P23128 INFO ^^^^^^^^^^ Current Model:hades, e87fe099 ^^^^^^^^^^
2026-09-17 11:43:35,943 P23128 INFO Load from D:\UAM-AD\data\sn
2026-09-17 11:43:36,327 P23128 INFO 375 unique log templates found.
2026-09-17 11:43:36,343 P23128 INFO Transforming unlabel train data.
2026-09-17 11:43:36,385 P23128 INFO Transforming test data.
2026-09-17 11:43:36,432 P23128 INFO 729 new templates show.
2026-09-17 11:43:36,485 P23128 INFO Transforming val data.
2026-09-17 11:43:36,485 P23128 INFO 77 new templates show.
2026-09-17 11:43:36,485 P23128 INFO Data loaded done!
2026-09-17 11:43:36,559 P23128 INFO Known word number: 375
2026-09-17 11:43:36,757 P23128 INFO Epoch 0/10, train generator loss: 1.33637
2026-09-17 11:43:36,889 P23128 INFO Epoch 0/10, train discriminator loss: 2.86252
2026-09-17 11:43:37,092 P23128 INFO *** Test time is 0.20333003997802734
2026-09-17 11:43:37,092 P23128 INFO Epoch 0/10, test f1: 0.83333 rc: 0.74074 pc: 0.95238. [0.29s]
2026-09-17 11:43:37,239 P23128 INFO Epoch 1/10, train generator loss: 1.26502
2026-09-17 11:43:37,292 P23128 INFO Epoch 1/10, train discriminator loss: 2.22146
2026-09-17 11:43:37,455 P23128 INFO *** Test time is 0.16350269317626953
2026-09-17 11:43:37,455 P23128 INFO Epoch 1/10, test f1: 0.83333 rc: 0.74074 pc: 0.95238. [0.19s]
2026-09-17 11:43:37,455 P23128 INFO early stopping epoch 1/5
2026-09-17 11:43:37,572 P23128 INFO Epoch 2/10, train generator loss: 1.25399
2026-09-17 11:43:37,661 P23128 INFO Epoch 2/10, train discriminator loss: 1.86065
2026-09-17 11:43:37,806 P23128 INFO *** Test time is 0.14524292945861816
2026-09-17 11:43:37,806 P23128 INFO Epoch 2/10, test f1: 0.83333 rc: 0.74074 pc: 0.95238. [0.21s]
2026-09-17 11:43:37,806 P23128 INFO early stopping epoch 2/5
2026-09-17 11:43:37,900 P23128 INFO Epoch 3/10, train generator loss: 1.28159
2026-09-17 11:43:37,972 P23128 INFO Epoch 3/10, train discriminator loss: 1.55710
2026-09-17 11:43:38,149 P23128 INFO *** Test time is 0.17634201049804688
2026-09-17 11:43:38,149 P23128 INFO Epoch 3/10, test f1: 0.83333 rc: 0.74074 pc: 0.95238. [0.17s]
2026-09-17 11:43:38,149 P23128 INFO early stopping epoch 3/5
2026-09-17 11:43:38,245 P23128 INFO Epoch 4/10, train generator loss: 1.33369
2026-09-17 11:43:38,321 P23128 INFO Epoch 4/10, train discriminator loss: 1.31950
2026-09-17 11:43:38,460 P23128 INFO *** Test time is 0.13859772682189941
2026-09-17 11:43:38,460 P23128 INFO Epoch 4/10, test f1: 0.79167 rc: 0.70370 pc: 0.90476. [0.17s]
2026-09-17 11:43:38,460 P23128 INFO early stopping epoch 4/5
2026-09-17 11:43:38,575 P23128 INFO Epoch 5/10, train generator loss: 1.39646
2026-09-17 11:43:38,650 P23128 INFO Epoch 5/10, train discriminator loss: 1.13803
2026-09-17 11:43:38,794 P23128 INFO *** Test time is 0.14413785934448242
2026-09-17 11:43:38,796 P23128 INFO Epoch 5/10, test f1: 0.79167 rc: 0.70370 pc: 0.90476. [0.19s]
2026-09-17 11:43:38,796 P23128 INFO early stopping epoch 5/5
2026-09-17 11:43:38,796 P23128 INFO Early stopping
2026-09-17 11:43:38,873 P23128 INFO Threshold (p=95.0, src=val): 1.369144
2026-09-17 11:43:38,904 P23128 INFO *** Test F1 0.8667  of unsupervised traning
2026-09-17 11:43:38,904 P23128 INFO *** Best F1 {'f1': 0.8333333333333334, 'rc': 0.7407407407407407, 'pc': 0.9523809523809523, 'threshold': np.float64(1.4373895025253296)}  of unsupervised traning
2026-09-17 11:43:38,904 P23128 INFO Current hash id e87fe099
