2026-09-17 11:43:14,054 P29388 INFO ^^^^^^^^^^ Current Model:hades, 2c36673d ^^^^^^^^^^
2026-09-17 11:43:14,054 P29388 INFO Load from D:\UAM-AD\data\sn
2026-09-17 11:43:14,339 P29388 INFO 375 unique log templates found.
2026-09-17 11:43:14,339 P29388 INFO Transforming unlabel train data.
2026-09-17 11:43:14,371 P29388 INFO Transforming test data.
2026-09-17 11:43:14,403 P29388 INFO 733 new templates show.
2026-09-17 11:43:14,435 P29388 INFO Transforming val data.
2026-09-17 11:43:14,435 P29388 INFO 77 new templates show.
2026-09-17 11:43:14,435 P29388 INFO Data loaded done!
2026-09-17 11:43:14,467 P29388 INFO Known word number: 375
2026-09-17 11:43:14,614 P29388 INFO Epoch 0/10, train generator loss: 1.36650
2026-09-17 11:43:14,691 P29388 INFO Epoch 0/10, train discriminator loss: 2.88494
2026-09-17 11:43:14,847 P29388 INFO *** Test time is 0.15617060661315918
2026-09-17 11:43:14,847 P29388 INFO Epoch 0/10, test f1: 0.76596 rc: 0.62069 pc: 1.00000. [0.19s]
2026-09-17 11:43:14,953 P29388 INFO Epoch 1/10, train generator loss: 1.25978
2026-09-17 11:43:15,034 P29388 INFO Epoch 1/10, train discriminator loss: 2.24774
2026-09-17 11:43:15,181 P29388 INFO *** Test time is 0.14704275131225586
2026-09-17 11:43:15,181 P29388 INFO Epoch 1/10, test f1: 0.76596 rc: 0.62069 pc: 1.00000. [0.17s]
2026-09-17 11:43:15,181 P29388 INFO early stopping epoch 1/5
2026-09-17 11:43:15,276 P29388 INFO Epoch 2/10, train generator loss: 1.25729
2026-09-17 11:43:15,367 P29388 INFO Epoch 2/10, train discriminator loss: 1.89197
2026-09-17 11:43:15,528 P29388 INFO *** Test time is 0.1612076759338379
2026-09-17 11:43:15,528 P29388 INFO Epoch 2/10, test f1: 0.76596 rc: 0.62069 pc: 1.00000. [0.19s]
2026-09-17 11:43:15,528 P29388 INFO early stopping epoch 2/5
2026-09-17 11:43:15,628 P29388 INFO Epoch 3/10, train generator loss: 1.29069
2026-09-17 11:43:15,715 P29388 INFO Epoch 3/10, train discriminator loss: 1.57523
2026-09-17 11:43:15,865 P29388 INFO *** Test time is 0.1499640941619873
2026-09-17 11:43:15,865 P29388 INFO Epoch 3/10, test f1: 0.76596 rc: 0.62069 pc: 1.00000. [0.18s]
2026-09-17 11:43:15,865 P29388 INFO early stopping epoch 3/5
2026-09-17 11:43:15,966 P29388 INFO Epoch 4/10, train generator loss: 1.33354
2026-09-17 11:43:16,056 P29388 INFO Epoch 4/10, train discriminator loss: 1.36872
2026-09-17 11:43:16,224 P29388 INFO *** Test time is 0.16771173477172852
2026-09-17 11:43:16,224 P29388 INFO Epoch 4/10, test f1: 0.76596 rc: 0.62069 pc: 1.00000. [0.19s]
2026-09-17 11:43:16,224 P29388 INFO early stopping epoch 4/5
2026-09-17 11:43:16,324 P29388 INFO Epoch 5/10, train generator loss: 1.38730
2026-09-17 11:43:16,394 P29388 INFO Epoch 5/10, train discriminator loss: 1.22719
2026-09-17 11:43:16,546 P29388 INFO *** Test time is 0.15169191360473633
2026-09-17 11:43:16,546 P29388 INFO Epoch 5/10, test f1: 0.76596 rc: 0.62069 pc: 1.00000. [0.17s]
2026-09-17 11:43:16,546 P29388 INFO early stopping epoch 5/5
2026-09-17 11:43:16,546 P29388 INFO Early stopping
2026-09-17 11:43:16,656 P29388 INFO Threshold (p=95.0, src=val): 1.372024
2026-09-17 11:43:16,681 P29388 INFO *** Test F1 0.7458  of unsupervised traning
2026-09-17 11:43:16,683 P29388 INFO *** Best F1 {'f1': 0.7659574468085106, 'rc': 0.6206896551724138, 'pc': 1.0, 'threshold': np.float64(1.7184099197387692)}  of unsupervised traning
2026-09-17 11:43:16,686 P29388 INFO Current hash id 2c36673d
