2026-09-17 15:01:24,561 P14664 INFO ^^^^^^^^^^ Current Model:hades, 7e4f28db ^^^^^^^^^^
2026-09-17 15:01:24,561 P14664 INFO Load from D:\UAM-AD\data\sn
2026-09-17 15:01:24,934 P14664 INFO 375 unique log templates found.
2026-09-17 15:01:24,942 P14664 INFO Transforming unlabel train data.
2026-09-17 15:01:24,966 P14664 INFO Transforming test data.
2026-09-17 15:01:24,997 P14664 INFO 733 new templates show.
2026-09-17 15:01:25,030 P14664 INFO Transforming val data.
2026-09-17 15:01:25,030 P14664 INFO 77 new templates show.
2026-09-17 15:01:25,030 P14664 INFO Data loaded done!
2026-09-17 15:01:25,061 P14664 INFO Known word number: 375
2026-09-17 15:01:27,062 P14664 INFO Epoch 0/50, train generator loss: 1.50219
2026-09-17 15:01:27,254 P14664 INFO Epoch 0/50, train discriminator loss: 5.70807
2026-09-17 15:01:27,396 P14664 INFO *** Test time is 0.14185857772827148
2026-09-17 15:01:27,396 P14664 INFO Epoch 0/50, test f1: 0.83333 rc: 0.71429 pc: 1.00000. [0.76s]
2026-09-17 15:01:27,569 P14664 INFO Epoch 1/50, train generator loss: 1.41186
2026-09-17 15:01:27,671 P14664 INFO Epoch 1/50, train discriminator loss: 5.09424
2026-09-17 15:01:27,855 P14664 INFO *** Test time is 0.18402433395385742
2026-09-17 15:01:27,855 P14664 INFO Epoch 1/50, test f1: 0.83333 rc: 0.71429 pc: 1.00000. [0.25s]
2026-09-17 15:01:27,855 P14664 INFO early stopping epoch 1/15
2026-09-17 15:01:28,007 P14664 INFO Epoch 2/50, train generator loss: 1.31673
2026-09-17 15:01:28,096 P14664 INFO Epoch 2/50, train discriminator loss: 4.87775
2026-09-17 15:01:28,250 P14664 INFO *** Test time is 0.15416622161865234
2026-09-17 15:01:28,250 P14664 INFO Epoch 2/50, test f1: 0.80851 rc: 0.67857 pc: 1.00000. [0.24s]
2026-09-17 15:01:28,250 P14664 INFO early stopping epoch 2/15
2026-09-17 15:01:28,370 P14664 INFO Epoch 3/50, train generator loss: 1.22446
2026-09-17 15:01:28,487 P14664 INFO Epoch 3/50, train discriminator loss: 5.25851
2026-09-17 15:01:28,629 P14664 INFO *** Test time is 0.1425492763519287
2026-09-17 15:01:28,629 P14664 INFO Epoch 3/50, test f1: 0.80851 rc: 0.67857 pc: 1.00000. [0.24s]
2026-09-17 15:01:28,629 P14664 INFO early stopping epoch 3/15
2026-09-17 15:01:28,796 P14664 INFO Epoch 4/50, train generator loss: 1.10320
2026-09-17 15:01:28,986 P14664 INFO Epoch 4/50, train discriminator loss: 6.34272
2026-09-17 15:01:29,182 P14664 INFO *** Test time is 0.1952965259552002
2026-09-17 15:01:29,182 P14664 INFO Epoch 4/50, test f1: 0.76596 rc: 0.64286 pc: 0.94737. [0.36s]
2026-09-17 15:01:29,182 P14664 INFO early stopping epoch 4/15
2026-09-17 15:01:29,376 P14664 INFO Epoch 5/50, train generator loss: 0.93869
2026-09-17 15:01:29,524 P14664 INFO Epoch 5/50, train discriminator loss: 7.62280
2026-09-17 15:01:29,732 P14664 INFO *** Test time is 0.20625519752502441
2026-09-17 15:01:29,732 P14664 INFO Epoch 5/50, test f1: 0.55319 rc: 0.46429 pc: 0.68421. [0.34s]
2026-09-17 15:01:29,732 P14664 INFO early stopping epoch 5/15
2026-09-17 15:01:29,923 P14664 INFO Epoch 6/50, train generator loss: 0.75146
2026-09-17 15:01:30,084 P14664 INFO Epoch 6/50, train discriminator loss: 8.49152
2026-09-17 15:01:30,289 P14664 INFO *** Test time is 0.20465707778930664
2026-09-17 15:01:30,289 P14664 INFO Epoch 6/50, test f1: 0.47826 rc: 0.39286 pc: 0.61111. [0.35s]
2026-09-17 15:01:30,289 P14664 INFO early stopping epoch 6/15
2026-09-17 15:01:30,473 P14664 INFO Epoch 7/50, train generator loss: 0.66654
2026-09-17 15:01:30,608 P14664 INFO Epoch 7/50, train discriminator loss: 8.09005
2026-09-17 15:01:30,810 P14664 INFO *** Test time is 0.19976019859313965
2026-09-17 15:01:30,810 P14664 INFO Epoch 7/50, test f1: 0.47826 rc: 0.39286 pc: 0.61111. [0.32s]
2026-09-17 15:01:30,810 P14664 INFO early stopping epoch 7/15
2026-09-17 15:01:30,996 P14664 INFO Epoch 8/50, train generator loss: 0.66749
2026-09-17 15:01:31,161 P14664 INFO Epoch 8/50, train discriminator loss: 6.97337
2026-09-17 15:01:31,363 P14664 INFO *** Test time is 0.2014782428741455
2026-09-17 15:01:31,363 P14664 INFO Epoch 8/50, test f1: 0.47826 rc: 0.39286 pc: 0.61111. [0.35s]
2026-09-17 15:01:31,363 P14664 INFO early stopping epoch 8/15
2026-09-17 15:01:31,489 P14664 INFO Epoch 9/50, train generator loss: 0.59637
2026-09-17 15:01:31,571 P14664 INFO Epoch 9/50, train discriminator loss: 6.05360
2026-09-17 15:01:31,763 P14664 INFO *** Test time is 0.19188594818115234
2026-09-17 15:01:31,763 P14664 INFO Epoch 9/50, test f1: 0.47826 rc: 0.39286 pc: 0.61111. [0.21s]
2026-09-17 15:01:31,763 P14664 INFO early stopping epoch 9/15
2026-09-17 15:01:31,874 P14664 INFO Epoch 10/50, train generator loss: 0.52154
2026-09-17 15:01:31,973 P14664 INFO Epoch 10/50, train discriminator loss: 5.66291
2026-09-17 15:01:32,127 P14664 INFO *** Test time is 0.15407228469848633
2026-09-17 15:01:32,127 P14664 INFO Epoch 10/50, test f1: 0.47826 rc: 0.39286 pc: 0.61111. [0.21s]
2026-09-17 15:01:32,127 P14664 INFO early stopping epoch 10/15
2026-09-17 15:01:32,254 P14664 INFO Epoch 11/50, train generator loss: 0.54106
2026-09-17 15:01:32,373 P14664 INFO Epoch 11/50, train discriminator loss: 5.60477
2026-09-17 15:01:32,537 P14664 INFO *** Test time is 0.1641855239868164
2026-09-17 15:01:32,537 P14664 INFO Epoch 11/50, test f1: 0.51064 rc: 0.42857 pc: 0.63158. [0.25s]
2026-09-17 15:01:32,537 P14664 INFO early stopping epoch 11/15
2026-09-17 15:01:32,657 P14664 INFO Epoch 12/50, train generator loss: 0.54172
2026-09-17 15:01:32,760 P14664 INFO Epoch 12/50, train discriminator loss: 5.62928
2026-09-17 15:01:32,916 P14664 INFO *** Test time is 0.15607118606567383
2026-09-17 15:01:32,916 P14664 INFO Epoch 12/50, test f1: 0.47826 rc: 0.39286 pc: 0.61111. [0.22s]
2026-09-17 15:01:32,916 P14664 INFO early stopping epoch 12/15
2026-09-17 15:01:33,032 P14664 INFO Epoch 13/50, train generator loss: 0.52971
2026-09-17 15:01:33,155 P14664 INFO Epoch 13/50, train discriminator loss: 5.61934
2026-09-17 15:01:33,312 P14664 INFO *** Test time is 0.1575467586517334
2026-09-17 15:01:33,312 P14664 INFO Epoch 13/50, test f1: 0.47826 rc: 0.39286 pc: 0.61111. [0.24s]
2026-09-17 15:01:33,312 P14664 INFO early stopping epoch 13/15
2026-09-17 15:01:33,456 P14664 INFO Epoch 14/50, train generator loss: 0.51887
2026-09-17 15:01:33,564 P14664 INFO Epoch 14/50, train discriminator loss: 5.57151
2026-09-17 15:01:33,724 P14664 INFO *** Test time is 0.15957355499267578
2026-09-17 15:01:33,724 P14664 INFO Epoch 14/50, test f1: 0.47826 rc: 0.39286 pc: 0.61111. [0.25s]
2026-09-17 15:01:33,724 P14664 INFO early stopping epoch 14/15
2026-09-17 15:01:33,857 P14664 INFO Epoch 15/50, train generator loss: 0.50799
2026-09-17 15:01:33,958 P14664 INFO Epoch 15/50, train discriminator loss: 5.54249
2026-09-17 15:01:34,108 P14664 INFO *** Test time is 0.1504051685333252
2026-09-17 15:01:34,108 P14664 INFO Epoch 15/50, test f1: 0.47826 rc: 0.39286 pc: 0.61111. [0.23s]
2026-09-17 15:01:34,108 P14664 INFO early stopping epoch 15/15
2026-09-17 15:01:34,108 P14664 INFO Early stopping
2026-09-17 15:01:34,205 P14664 INFO Threshold (p=95.0, src=val): 1.819097
2026-09-17 15:01:34,245 P14664 INFO *** Test F1 0.7111  of unsupervised traning
2026-09-17 15:01:34,245 P14664 INFO *** Best F1 {'f1': 0.8333333333333334, 'rc': 0.7142857142857143, 'pc': 1.0, 'threshold': np.float64(1.8897974157333375)}  of unsupervised traning
2026-09-17 15:01:34,248 P14664 INFO Current hash id 7e4f28db
