2026-09-17 15:00:12,530 P8488 INFO ^^^^^^^^^^ Current Model:hades, 76967bbd ^^^^^^^^^^
2026-09-17 15:00:12,530 P8488 INFO Load from D:\UAM-AD\data\sn
2026-09-17 15:00:12,875 P8488 INFO 375 unique log templates found.
2026-09-17 15:00:12,880 P8488 INFO Transforming unlabel train data.
2026-09-17 15:00:12,918 P8488 INFO Transforming test data.
2026-09-17 15:00:12,959 P8488 INFO 721 new templates show.
2026-09-17 15:00:13,007 P8488 INFO Transforming val data.
2026-09-17 15:00:13,007 P8488 INFO 77 new templates show.
2026-09-17 15:00:13,007 P8488 INFO Data loaded done!
2026-09-17 15:00:13,056 P8488 INFO Known word number: 375
2026-09-17 15:00:13,321 P8488 INFO Epoch 0/50, train generator loss: 1.60270
2026-09-17 15:00:13,474 P8488 INFO Epoch 0/50, train discriminator loss: 5.26335
2026-09-17 15:00:13,694 P8488 INFO *** Test time is 0.2201099395751953
2026-09-17 15:00:13,694 P8488 INFO Epoch 0/50, test f1: 0.78261 rc: 0.69231 pc: 0.90000. [0.34s]
2026-09-17 15:00:13,917 P8488 INFO Epoch 1/50, train generator loss: 1.41121
2026-09-17 15:00:14,066 P8488 INFO Epoch 1/50, train discriminator loss: 4.77896
2026-09-17 15:00:14,275 P8488 INFO *** Test time is 0.20052289962768555
2026-09-17 15:00:14,275 P8488 INFO Epoch 1/50, test f1: 0.76596 rc: 0.69231 pc: 0.85714. [0.35s]
2026-09-17 15:00:14,275 P8488 INFO early stopping epoch 1/15
2026-09-17 15:00:14,446 P8488 INFO Epoch 2/50, train generator loss: 1.33079
2026-09-17 15:00:14,602 P8488 INFO Epoch 2/50, train discriminator loss: 4.69902
2026-09-17 15:00:14,810 P8488 INFO *** Test time is 0.20725250244140625
2026-09-17 15:00:14,810 P8488 INFO Epoch 2/50, test f1: 0.76596 rc: 0.69231 pc: 0.85714. [0.33s]
2026-09-17 15:00:14,810 P8488 INFO early stopping epoch 2/15
2026-09-17 15:00:14,998 P8488 INFO Epoch 3/50, train generator loss: 1.23552
2026-09-17 15:00:15,174 P8488 INFO Epoch 3/50, train discriminator loss: 5.22214
2026-09-17 15:00:15,298 P8488 INFO *** Test time is 0.12416815757751465
2026-09-17 15:00:15,298 P8488 INFO Epoch 3/50, test f1: 0.78261 rc: 0.69231 pc: 0.90000. [0.36s]
2026-09-17 15:00:15,298 P8488 INFO early stopping epoch 3/15
2026-09-17 15:00:15,442 P8488 INFO Epoch 4/50, train generator loss: 1.12469
2026-09-17 15:00:15,550 P8488 INFO Epoch 4/50, train discriminator loss: 6.48240
2026-09-17 15:00:15,692 P8488 INFO *** Test time is 0.14163851737976074
2026-09-17 15:00:15,692 P8488 INFO Epoch 4/50, test f1: 0.80851 rc: 0.73077 pc: 0.90476. [0.25s]
2026-09-17 15:00:15,848 P8488 INFO Epoch 5/50, train generator loss: 0.98593
2026-09-17 15:00:15,951 P8488 INFO Epoch 5/50, train discriminator loss: 7.93786
2026-09-17 15:00:16,125 P8488 INFO *** Test time is 0.1733558177947998
2026-09-17 15:00:16,125 P8488 INFO Epoch 5/50, test f1: 0.50000 rc: 0.42308 pc: 0.61111. [0.23s]
2026-09-17 15:00:16,125 P8488 INFO early stopping epoch 1/15
2026-09-17 15:00:16,262 P8488 INFO Epoch 6/50, train generator loss: 0.82759
2026-09-17 15:00:16,361 P8488 INFO Epoch 6/50, train discriminator loss: 8.81969
2026-09-17 15:00:16,495 P8488 INFO *** Test time is 0.13427495956420898
2026-09-17 15:00:16,495 P8488 INFO Epoch 6/50, test f1: 0.33333 rc: 0.23077 pc: 0.60000. [0.24s]
2026-09-17 15:00:16,495 P8488 INFO early stopping epoch 2/15
2026-09-17 15:00:16,606 P8488 INFO Epoch 7/50, train generator loss: 0.65343
2026-09-17 15:00:16,739 P8488 INFO Epoch 7/50, train discriminator loss: 8.81482
2026-09-17 15:00:16,905 P8488 INFO *** Test time is 0.16688871383666992
2026-09-17 15:00:16,905 P8488 INFO Epoch 7/50, test f1: 0.30000 rc: 0.23077 pc: 0.42857. [0.24s]
2026-09-17 15:00:16,905 P8488 INFO early stopping epoch 3/15
2026-09-17 15:00:17,002 P8488 INFO Epoch 8/50, train generator loss: 0.67136
2026-09-17 15:00:17,104 P8488 INFO Epoch 8/50, train discriminator loss: 7.40538
2026-09-17 15:00:17,236 P8488 INFO *** Test time is 0.13236069679260254
2026-09-17 15:00:17,236 P8488 INFO Epoch 8/50, test f1: 0.30000 rc: 0.23077 pc: 0.42857. [0.20s]
2026-09-17 15:00:17,236 P8488 INFO early stopping epoch 4/15
2026-09-17 15:00:17,340 P8488 INFO Epoch 9/50, train generator loss: 0.61510
2026-09-17 15:00:17,450 P8488 INFO Epoch 9/50, train discriminator loss: 6.15638
2026-09-17 15:00:17,608 P8488 INFO *** Test time is 0.15796113014221191
2026-09-17 15:00:17,608 P8488 INFO Epoch 9/50, test f1: 0.30000 rc: 0.23077 pc: 0.42857. [0.21s]
2026-09-17 15:00:17,608 P8488 INFO early stopping epoch 5/15
2026-09-17 15:00:17,706 P8488 INFO Epoch 10/50, train generator loss: 0.50154
2026-09-17 15:00:17,808 P8488 INFO Epoch 10/50, train discriminator loss: 5.55187
2026-09-17 15:00:17,978 P8488 INFO *** Test time is 0.16979193687438965
2026-09-17 15:00:17,978 P8488 INFO Epoch 10/50, test f1: 0.31579 rc: 0.23077 pc: 0.50000. [0.20s]
2026-09-17 15:00:17,978 P8488 INFO early stopping epoch 6/15
2026-09-17 15:00:18,121 P8488 INFO Epoch 11/50, train generator loss: 0.49189
2026-09-17 15:00:18,233 P8488 INFO Epoch 11/50, train discriminator loss: 5.44548
2026-09-17 15:00:18,379 P8488 INFO *** Test time is 0.14454936981201172
2026-09-17 15:00:18,379 P8488 INFO Epoch 11/50, test f1: 0.33333 rc: 0.23077 pc: 0.60000. [0.26s]
2026-09-17 15:00:18,379 P8488 INFO early stopping epoch 7/15
2026-09-17 15:00:18,520 P8488 INFO Epoch 12/50, train generator loss: 0.52825
2026-09-17 15:00:18,642 P8488 INFO Epoch 12/50, train discriminator loss: 5.50646
2026-09-17 15:00:18,786 P8488 INFO *** Test time is 0.1442866325378418
2026-09-17 15:00:18,786 P8488 INFO Epoch 12/50, test f1: 0.31579 rc: 0.23077 pc: 0.50000. [0.26s]
2026-09-17 15:00:18,786 P8488 INFO early stopping epoch 8/15
2026-09-17 15:00:18,916 P8488 INFO Epoch 13/50, train generator loss: 0.50364
2026-09-17 15:00:19,020 P8488 INFO Epoch 13/50, train discriminator loss: 5.59016
2026-09-17 15:00:19,208 P8488 INFO *** Test time is 0.1884627342224121
2026-09-17 15:00:19,208 P8488 INFO Epoch 13/50, test f1: 0.30769 rc: 0.23077 pc: 0.46154. [0.23s]
2026-09-17 15:00:19,208 P8488 INFO early stopping epoch 9/15
2026-09-17 15:00:19,350 P8488 INFO Epoch 14/50, train generator loss: 0.48091
2026-09-17 15:00:19,503 P8488 INFO Epoch 14/50, train discriminator loss: 5.63342
2026-09-17 15:00:19,717 P8488 INFO *** Test time is 0.21332859992980957
2026-09-17 15:00:19,717 P8488 INFO Epoch 14/50, test f1: 0.30769 rc: 0.23077 pc: 0.46154. [0.30s]
2026-09-17 15:00:19,717 P8488 INFO early stopping epoch 10/15
2026-09-17 15:00:19,875 P8488 INFO Epoch 15/50, train generator loss: 0.48980
2026-09-17 15:00:20,036 P8488 INFO Epoch 15/50, train discriminator loss: 5.64745
2026-09-17 15:00:20,256 P8488 INFO *** Test time is 0.21787261962890625
2026-09-17 15:00:20,256 P8488 INFO Epoch 15/50, test f1: 0.30000 rc: 0.23077 pc: 0.42857. [0.32s]
2026-09-17 15:00:20,256 P8488 INFO early stopping epoch 11/15
2026-09-17 15:00:20,433 P8488 INFO Epoch 16/50, train generator loss: 0.47231
2026-09-17 15:00:20,607 P8488 INFO Epoch 16/50, train discriminator loss: 5.66116
2026-09-17 15:00:20,855 P8488 INFO *** Test time is 0.2481982707977295
2026-09-17 15:00:20,855 P8488 INFO Epoch 16/50, test f1: 0.30769 rc: 0.23077 pc: 0.46154. [0.35s]
2026-09-17 15:00:20,855 P8488 INFO early stopping epoch 12/15
2026-09-17 15:00:21,004 P8488 INFO Epoch 17/50, train generator loss: 0.42841
2026-09-17 15:00:21,171 P8488 INFO Epoch 17/50, train discriminator loss: 5.66565
2026-09-17 15:00:21,381 P8488 INFO *** Test time is 0.20969438552856445
2026-09-17 15:00:21,381 P8488 INFO Epoch 17/50, test f1: 0.31579 rc: 0.23077 pc: 0.50000. [0.32s]
2026-09-17 15:00:21,381 P8488 INFO early stopping epoch 13/15
2026-09-17 15:00:21,555 P8488 INFO Epoch 18/50, train generator loss: 0.41479
2026-09-17 15:00:21,694 P8488 INFO Epoch 18/50, train discriminator loss: 5.62750
2026-09-17 15:00:21,852 P8488 INFO *** Test time is 0.1582186222076416
2026-09-17 15:00:21,852 P8488 INFO Epoch 18/50, test f1: 0.31579 rc: 0.23077 pc: 0.50000. [0.31s]
2026-09-17 15:00:21,852 P8488 INFO early stopping epoch 14/15
2026-09-17 15:00:21,979 P8488 INFO Epoch 19/50, train generator loss: 0.41263
2026-09-17 15:00:22,088 P8488 INFO Epoch 19/50, train discriminator loss: 5.55340
2026-09-17 15:00:22,239 P8488 INFO *** Test time is 0.15082359313964844
2026-09-17 15:00:22,247 P8488 INFO Epoch 19/50, test f1: 0.30769 rc: 0.23077 pc: 0.46154. [0.24s]
2026-09-17 15:00:22,247 P8488 INFO early stopping epoch 15/15
2026-09-17 15:00:22,247 P8488 INFO Early stopping
2026-09-17 15:00:22,337 P8488 INFO Threshold (p=95.0, src=val): 1.113917
2026-09-17 15:00:22,366 P8488 INFO *** Test F1 0.5641  of unsupervised traning
2026-09-17 15:00:22,373 P8488 INFO *** Best F1 {'f1': 0.8085106382978723, 'rc': 0.7307692307692307, 'pc': 0.9047619047619048, 'threshold': np.float64(1.1138348197937011)}  of unsupervised traning
2026-09-17 15:00:22,373 P8488 INFO Current hash id 76967bbd
