2026-09-17 11:42:04,808 P26260 INFO ^^^^^^^^^^ Current Model:hades, b40af17d ^^^^^^^^^^
2026-09-17 11:42:04,808 P26260 INFO Load from D:\UAM-AD\data\sn
2026-09-17 11:42:05,054 P26260 INFO 375 unique log templates found.
2026-09-17 11:42:05,058 P26260 INFO Transforming unlabel train data.
2026-09-17 11:42:05,086 P26260 INFO Transforming test data.
2026-09-17 11:42:05,109 P26260 INFO 721 new templates show.
2026-09-17 11:42:05,141 P26260 INFO Transforming val data.
2026-09-17 11:42:05,141 P26260 INFO 77 new templates show.
2026-09-17 11:42:05,157 P26260 INFO Data loaded done!
2026-09-17 11:42:05,192 P26260 INFO Known word number: 375
2026-09-17 11:42:05,332 P26260 INFO Epoch 0/10, train generator loss: 1.37025
2026-09-17 11:42:05,412 P26260 INFO Epoch 0/10, train discriminator loss: 2.91605
2026-09-17 11:42:05,554 P26260 INFO *** Test time is 0.1426255702972412
2026-09-17 11:42:05,554 P26260 INFO Epoch 0/10, test f1: 0.84615 rc: 0.73333 pc: 1.00000. [0.20s]
2026-09-17 11:42:05,691 P26260 INFO Epoch 1/10, train generator loss: 1.30391
2026-09-17 11:42:05,777 P26260 INFO Epoch 1/10, train discriminator loss: 2.23751
2026-09-17 11:42:05,923 P26260 INFO *** Test time is 0.14630341529846191
2026-09-17 11:42:05,923 P26260 INFO Epoch 1/10, test f1: 0.84615 rc: 0.73333 pc: 1.00000. [0.21s]
2026-09-17 11:42:05,923 P26260 INFO early stopping epoch 1/5
2026-09-17 11:42:06,034 P26260 INFO Epoch 2/10, train generator loss: 1.26834
2026-09-17 11:42:06,121 P26260 INFO Epoch 2/10, train discriminator loss: 1.89809
2026-09-17 11:42:06,281 P26260 INFO *** Test time is 0.1596522331237793
2026-09-17 11:42:06,281 P26260 INFO Epoch 2/10, test f1: 0.84615 rc: 0.73333 pc: 1.00000. [0.20s]
2026-09-17 11:42:06,281 P26260 INFO early stopping epoch 2/5
2026-09-17 11:42:06,368 P26260 INFO Epoch 3/10, train generator loss: 1.27430
2026-09-17 11:42:06,442 P26260 INFO Epoch 3/10, train discriminator loss: 1.62522
2026-09-17 11:42:06,596 P26260 INFO *** Test time is 0.15412306785583496
2026-09-17 11:42:06,596 P26260 INFO Epoch 3/10, test f1: 0.84615 rc: 0.73333 pc: 1.00000. [0.16s]
2026-09-17 11:42:06,596 P26260 INFO early stopping epoch 3/5
2026-09-17 11:42:06,696 P26260 INFO Epoch 4/10, train generator loss: 1.31756
2026-09-17 11:42:06,777 P26260 INFO Epoch 4/10, train discriminator loss: 1.40463
2026-09-17 11:42:06,928 P26260 INFO *** Test time is 0.1508314609527588
2026-09-17 11:42:06,928 P26260 INFO Epoch 4/10, test f1: 0.84615 rc: 0.73333 pc: 1.00000. [0.18s]
2026-09-17 11:42:06,928 P26260 INFO early stopping epoch 4/5
2026-09-17 11:42:07,041 P26260 INFO Epoch 5/10, train generator loss: 1.37699
2026-09-17 11:42:07,110 P26260 INFO Epoch 5/10, train discriminator loss: 1.25238
2026-09-17 11:42:07,278 P26260 INFO *** Test time is 0.16835689544677734
2026-09-17 11:42:07,278 P26260 INFO Epoch 5/10, test f1: 0.84615 rc: 0.73333 pc: 1.00000. [0.18s]
2026-09-17 11:42:07,278 P26260 INFO early stopping epoch 5/5
2026-09-17 11:42:07,278 P26260 INFO Early stopping
2026-09-17 11:42:07,353 P26260 INFO Threshold (p=95.0, src=val): 1.432634
2026-09-17 11:42:07,379 P26260 INFO *** Test F1 0.8219  of unsupervised traning
2026-09-17 11:42:07,379 P26260 INFO *** Best F1 {'f1': 0.8461538461538461, 'rc': 0.7333333333333333, 'pc': 1.0, 'threshold': np.float64(1.655849585533142)}  of unsupervised traning
2026-09-17 11:42:07,383 P26260 INFO Current hash id b40af17d
