2026-09-17 14:55:00,783 P23216 INFO ^^^^^^^^^^ Current Model:hades, 579157dd ^^^^^^^^^^
2026-09-17 14:55:00,783 P23216 INFO Load from D:\UAM-AD\data\sn
2026-09-17 14:55:00,989 P23216 INFO 375 unique log templates found.
2026-09-17 14:55:01,007 P23216 INFO Transforming unlabel train data.
2026-09-17 14:55:01,021 P23216 INFO Transforming test data.
2026-09-17 14:55:01,053 P23216 INFO 734 new templates show.
2026-09-17 14:55:01,084 P23216 INFO Transforming val data.
2026-09-17 14:55:01,084 P23216 INFO 77 new templates show.
2026-09-17 14:55:01,084 P23216 INFO Data loaded done!
2026-09-17 14:55:01,116 P23216 INFO Known word number: 375
2026-09-17 14:55:01,322 P23216 INFO Epoch 0/50, train generator loss: 1.54194
2026-09-17 14:55:01,430 P23216 INFO Epoch 0/50, train discriminator loss: 5.40946
2026-09-17 14:55:01,577 P23216 INFO *** Test time is 0.14731049537658691
2026-09-17 14:55:01,577 P23216 INFO Epoch 0/50, test f1: 0.96296 rc: 0.92857 pc: 1.00000. [0.25s]
2026-09-17 14:55:01,706 P23216 INFO Epoch 1/50, train generator loss: 1.39802
2026-09-17 14:55:01,814 P23216 INFO Epoch 1/50, train discriminator loss: 4.88091
2026-09-17 14:55:01,971 P23216 INFO *** Test time is 0.15631604194641113
2026-09-17 14:55:01,971 P23216 INFO Epoch 1/50, test f1: 0.96296 rc: 0.92857 pc: 1.00000. [0.22s]
2026-09-17 14:55:01,971 P23216 INFO early stopping epoch 1/15
2026-09-17 14:55:02,105 P23216 INFO Epoch 2/50, train generator loss: 1.28812
2026-09-17 14:55:02,191 P23216 INFO Epoch 2/50, train discriminator loss: 4.91315
2026-09-17 14:55:02,334 P23216 INFO *** Test time is 0.14221549034118652
2026-09-17 14:55:02,334 P23216 INFO Epoch 2/50, test f1: 0.96296 rc: 0.92857 pc: 1.00000. [0.22s]
2026-09-17 14:55:02,334 P23216 INFO early stopping epoch 2/15
2026-09-17 14:55:02,457 P23216 INFO Epoch 3/50, train generator loss: 1.17779
2026-09-17 14:55:02,558 P23216 INFO Epoch 3/50, train discriminator loss: 5.70293
2026-09-17 14:55:02,716 P23216 INFO *** Test time is 0.15876984596252441
2026-09-17 14:55:02,716 P23216 INFO Epoch 3/50, test f1: 0.96296 rc: 0.92857 pc: 1.00000. [0.22s]
2026-09-17 14:55:02,716 P23216 INFO early stopping epoch 3/15
2026-09-17 14:55:02,852 P23216 INFO Epoch 4/50, train generator loss: 1.04034
2026-09-17 14:55:02,979 P23216 INFO Epoch 4/50, train discriminator loss: 6.96740
2026-09-17 14:55:03,112 P23216 INFO *** Test time is 0.13286328315734863
2026-09-17 14:55:03,127 P23216 INFO Epoch 4/50, test f1: 0.96296 rc: 0.92857 pc: 1.00000. [0.26s]
2026-09-17 14:55:03,127 P23216 INFO early stopping epoch 4/15
2026-09-17 14:55:03,256 P23216 INFO Epoch 5/50, train generator loss: 0.84950
2026-09-17 14:55:03,378 P23216 INFO Epoch 5/50, train discriminator loss: 8.10964
2026-09-17 14:55:03,523 P23216 INFO *** Test time is 0.14539837837219238
2026-09-17 14:55:03,523 P23216 INFO Epoch 5/50, test f1: 0.96296 rc: 0.92857 pc: 1.00000. [0.25s]
2026-09-17 14:55:03,523 P23216 INFO early stopping epoch 5/15
2026-09-17 14:55:03,666 P23216 INFO Epoch 6/50, train generator loss: 0.62934
2026-09-17 14:55:03,831 P23216 INFO Epoch 6/50, train discriminator loss: 8.64448
2026-09-17 14:55:04,138 P23216 INFO *** Test time is 0.306976318359375
2026-09-17 14:55:04,138 P23216 INFO Epoch 6/50, test f1: 0.96296 rc: 0.92857 pc: 1.00000. [0.31s]
2026-09-17 14:55:04,138 P23216 INFO early stopping epoch 6/15
2026-09-17 14:55:04,296 P23216 INFO Epoch 7/50, train generator loss: 0.68204
2026-09-17 14:55:04,453 P23216 INFO Epoch 7/50, train discriminator loss: 7.47544
2026-09-17 14:55:04,673 P23216 INFO *** Test time is 0.21848058700561523
2026-09-17 14:55:04,673 P23216 INFO Epoch 7/50, test f1: 0.96296 rc: 0.92857 pc: 1.00000. [0.32s]
2026-09-17 14:55:04,673 P23216 INFO early stopping epoch 7/15
2026-09-17 14:55:04,825 P23216 INFO Epoch 8/50, train generator loss: 0.67681
2026-09-17 14:55:04,976 P23216 INFO Epoch 8/50, train discriminator loss: 6.23053
2026-09-17 14:55:05,181 P23216 INFO *** Test time is 0.20231223106384277
2026-09-17 14:55:05,182 P23216 INFO Epoch 8/50, test f1: 0.96296 rc: 0.92857 pc: 1.00000. [0.31s]
2026-09-17 14:55:05,182 P23216 INFO early stopping epoch 8/15
2026-09-17 14:55:05,325 P23216 INFO Epoch 9/50, train generator loss: 0.57173
2026-09-17 14:55:05,470 P23216 INFO Epoch 9/50, train discriminator loss: 5.55232
2026-09-17 14:55:05,687 P23216 INFO *** Test time is 0.21737933158874512
2026-09-17 14:55:05,687 P23216 INFO Epoch 9/50, test f1: 0.96296 rc: 0.92857 pc: 1.00000. [0.29s]
2026-09-17 14:55:05,687 P23216 INFO early stopping epoch 9/15
2026-09-17 14:55:05,843 P23216 INFO Epoch 10/50, train generator loss: 0.49053
2026-09-17 14:55:05,990 P23216 INFO Epoch 10/50, train discriminator loss: 5.39361
2026-09-17 14:55:06,225 P23216 INFO *** Test time is 0.23502063751220703
2026-09-17 14:55:06,225 P23216 INFO Epoch 10/50, test f1: 0.96296 rc: 0.92857 pc: 1.00000. [0.30s]
2026-09-17 14:55:06,225 P23216 INFO early stopping epoch 10/15
2026-09-17 14:55:06,381 P23216 INFO Epoch 11/50, train generator loss: 0.50917
2026-09-17 14:55:06,484 P23216 INFO Epoch 11/50, train discriminator loss: 5.48893
2026-09-17 14:55:06,653 P23216 INFO *** Test time is 0.16923761367797852
2026-09-17 14:55:06,653 P23216 INFO Epoch 11/50, test f1: 0.96296 rc: 0.92857 pc: 1.00000. [0.26s]
2026-09-17 14:55:06,653 P23216 INFO early stopping epoch 11/15
2026-09-17 14:55:06,774 P23216 INFO Epoch 12/50, train generator loss: 0.52178
2026-09-17 14:55:06,878 P23216 INFO Epoch 12/50, train discriminator loss: 5.61569
2026-09-17 14:55:07,017 P23216 INFO *** Test time is 0.13917016983032227
2026-09-17 14:55:07,017 P23216 INFO Epoch 12/50, test f1: 0.96296 rc: 0.92857 pc: 1.00000. [0.22s]
2026-09-17 14:55:07,017 P23216 INFO early stopping epoch 12/15
2026-09-17 14:55:07,123 P23216 INFO Epoch 13/50, train generator loss: 0.49164
2026-09-17 14:55:07,233 P23216 INFO Epoch 13/50, train discriminator loss: 5.69665
2026-09-17 14:55:07,398 P23216 INFO *** Test time is 0.1650094985961914
2026-09-17 14:55:07,398 P23216 INFO Epoch 13/50, test f1: 0.96296 rc: 0.92857 pc: 1.00000. [0.22s]
2026-09-17 14:55:07,398 P23216 INFO early stopping epoch 13/15
2026-09-17 14:55:07,502 P23216 INFO Epoch 14/50, train generator loss: 0.47460
2026-09-17 14:55:07,612 P23216 INFO Epoch 14/50, train discriminator loss: 5.70955
2026-09-17 14:55:07,761 P23216 INFO *** Test time is 0.14993786811828613
2026-09-17 14:55:07,761 P23216 INFO Epoch 14/50, test f1: 0.96296 rc: 0.92857 pc: 1.00000. [0.21s]
2026-09-17 14:55:07,761 P23216 INFO early stopping epoch 14/15
2026-09-17 14:55:07,858 P23216 INFO Epoch 15/50, train generator loss: 0.45926
2026-09-17 14:55:07,969 P23216 INFO Epoch 15/50, train discriminator loss: 5.67772
2026-09-17 14:55:08,122 P23216 INFO *** Test time is 0.15203642845153809
2026-09-17 14:55:08,124 P23216 INFO Epoch 15/50, test f1: 0.96296 rc: 0.92857 pc: 1.00000. [0.21s]
2026-09-17 14:55:08,124 P23216 INFO early stopping epoch 15/15
2026-09-17 14:55:08,124 P23216 INFO Early stopping
2026-09-17 14:55:08,243 P23216 INFO Threshold (p=95.0, src=val): 1.688998
2026-09-17 14:55:08,276 P23216 INFO *** Test F1 0.9655  of unsupervised traning
2026-09-17 14:55:08,276 P23216 INFO *** Best F1 {'f1': 0.9629629629629629, 'rc': 0.9285714285714286, 'pc': 1.0, 'threshold': np.float64(6.394352703094488)}  of unsupervised traning
2026-09-17 14:55:08,285 P23216 INFO Current hash id 579157dd
