2026-09-17 14:53:22,204 P10552 INFO ^^^^^^^^^^ Current Model:hades, 0e7563d7 ^^^^^^^^^^
2026-09-17 14:53:22,204 P10552 INFO Load from D:\UAM-AD\data\sn
2026-09-17 14:53:22,467 P10552 INFO 375 unique log templates found.
2026-09-17 14:53:22,467 P10552 INFO Transforming unlabel train data.
2026-09-17 14:53:22,499 P10552 INFO Transforming test data.
2026-09-17 14:53:22,528 P10552 INFO 738 new templates show.
2026-09-17 14:53:22,561 P10552 INFO Transforming val data.
2026-09-17 14:53:22,561 P10552 INFO 77 new templates show.
2026-09-17 14:53:22,561 P10552 INFO Data loaded done!
2026-09-17 14:53:22,592 P10552 INFO Known word number: 375
2026-09-17 14:53:22,819 P10552 INFO Epoch 0/50, train generator loss: 1.60024
2026-09-17 14:53:22,935 P10552 INFO Epoch 0/50, train discriminator loss: 5.28621
2026-09-17 14:53:23,090 P10552 INFO *** Test time is 0.15520071983337402
2026-09-17 14:53:23,090 P10552 INFO Epoch 0/50, test f1: 0.75758 rc: 0.60976 pc: 1.00000. [0.28s]
2026-09-17 14:53:23,256 P10552 INFO Epoch 1/50, train generator loss: 1.42436
2026-09-17 14:53:23,371 P10552 INFO Epoch 1/50, train discriminator loss: 4.83345
2026-09-17 14:53:23,532 P10552 INFO *** Test time is 0.16075468063354492
2026-09-17 14:53:23,532 P10552 INFO Epoch 1/50, test f1: 0.75758 rc: 0.60976 pc: 1.00000. [0.27s]
2026-09-17 14:53:23,532 P10552 INFO early stopping epoch 1/15
2026-09-17 14:53:23,668 P10552 INFO Epoch 2/50, train generator loss: 1.33202
2026-09-17 14:53:23,793 P10552 INFO Epoch 2/50, train discriminator loss: 4.76618
2026-09-17 14:53:23,933 P10552 INFO *** Test time is 0.14008617401123047
2026-09-17 14:53:23,933 P10552 INFO Epoch 2/50, test f1: 0.75758 rc: 0.60976 pc: 1.00000. [0.26s]
2026-09-17 14:53:23,933 P10552 INFO early stopping epoch 2/15
2026-09-17 14:53:24,090 P10552 INFO Epoch 3/50, train generator loss: 1.22314
2026-09-17 14:53:24,215 P10552 INFO Epoch 3/50, train discriminator loss: 5.44115
2026-09-17 14:53:24,368 P10552 INFO *** Test time is 0.15318894386291504
2026-09-17 14:53:24,368 P10552 INFO Epoch 3/50, test f1: 0.75758 rc: 0.60976 pc: 1.00000. [0.28s]
2026-09-17 14:53:24,368 P10552 INFO early stopping epoch 3/15
2026-09-17 14:53:24,513 P10552 INFO Epoch 4/50, train generator loss: 1.10514
2026-09-17 14:53:24,645 P10552 INFO Epoch 4/50, train discriminator loss: 6.82306
2026-09-17 14:53:24,799 P10552 INFO *** Test time is 0.15383315086364746
2026-09-17 14:53:24,799 P10552 INFO Epoch 4/50, test f1: 0.75758 rc: 0.60976 pc: 1.00000. [0.28s]
2026-09-17 14:53:24,799 P10552 INFO early stopping epoch 4/15
2026-09-17 14:53:24,929 P10552 INFO Epoch 5/50, train generator loss: 0.96376
2026-09-17 14:53:25,036 P10552 INFO Epoch 5/50, train discriminator loss: 8.08281
2026-09-17 14:53:25,201 P10552 INFO *** Test time is 0.15484118461608887
2026-09-17 14:53:25,201 P10552 INFO Epoch 5/50, test f1: 0.75758 rc: 0.60976 pc: 1.00000. [0.25s]
2026-09-17 14:53:25,201 P10552 INFO early stopping epoch 5/15
2026-09-17 14:53:25,353 P10552 INFO Epoch 6/50, train generator loss: 0.79589
2026-09-17 14:53:25,464 P10552 INFO Epoch 6/50, train discriminator loss: 8.67714
2026-09-17 14:53:25,636 P10552 INFO *** Test time is 0.17122602462768555
2026-09-17 14:53:25,636 P10552 INFO Epoch 6/50, test f1: 0.73529 rc: 0.60976 pc: 0.92593. [0.26s]
2026-09-17 14:53:25,638 P10552 INFO early stopping epoch 6/15
2026-09-17 14:53:25,768 P10552 INFO Epoch 7/50, train generator loss: 0.63976
2026-09-17 14:53:25,877 P10552 INFO Epoch 7/50, train discriminator loss: 8.28782
2026-09-17 14:53:26,034 P10552 INFO *** Test time is 0.1571028232574463
2026-09-17 14:53:26,034 P10552 INFO Epoch 7/50, test f1: 0.77143 rc: 0.65854 pc: 0.93103. [0.24s]
2026-09-17 14:53:26,165 P10552 INFO Epoch 8/50, train generator loss: 0.66513
2026-09-17 14:53:26,351 P10552 INFO Epoch 8/50, train discriminator loss: 6.93262
2026-09-17 14:53:26,553 P10552 INFO *** Test time is 0.2021620273590088
2026-09-17 14:53:26,567 P10552 INFO Epoch 8/50, test f1: 0.77143 rc: 0.65854 pc: 0.93103. [0.30s]
2026-09-17 14:53:26,567 P10552 INFO early stopping epoch 1/15
2026-09-17 14:53:26,744 P10552 INFO Epoch 9/50, train generator loss: 0.58340
2026-09-17 14:53:26,924 P10552 INFO Epoch 9/50, train discriminator loss: 5.91854
2026-09-17 14:53:27,170 P10552 INFO *** Test time is 0.24457216262817383
2026-09-17 14:53:27,170 P10552 INFO Epoch 9/50, test f1: 0.77143 rc: 0.65854 pc: 0.93103. [0.36s]
2026-09-17 14:53:27,170 P10552 INFO early stopping epoch 2/15
2026-09-17 14:53:27,347 P10552 INFO Epoch 10/50, train generator loss: 0.47860
2026-09-17 14:53:27,513 P10552 INFO Epoch 10/50, train discriminator loss: 5.50512
2026-09-17 14:53:27,651 P10552 INFO *** Test time is 0.13806700706481934
2026-09-17 14:53:27,651 P10552 INFO Epoch 10/50, test f1: 0.73529 rc: 0.60976 pc: 0.92593. [0.34s]
2026-09-17 14:53:27,651 P10552 INFO early stopping epoch 3/15
2026-09-17 14:53:27,799 P10552 INFO Epoch 11/50, train generator loss: 0.52336
2026-09-17 14:53:27,929 P10552 INFO Epoch 11/50, train discriminator loss: 5.48704
2026-09-17 14:53:28,072 P10552 INFO *** Test time is 0.14146685600280762
2026-09-17 14:53:28,072 P10552 INFO Epoch 11/50, test f1: 0.75362 rc: 0.63415 pc: 0.92857. [0.28s]
2026-09-17 14:53:28,072 P10552 INFO early stopping epoch 4/15
2026-09-17 14:53:28,224 P10552 INFO Epoch 12/50, train generator loss: 0.54534
2026-09-17 14:53:28,345 P10552 INFO Epoch 12/50, train discriminator loss: 5.57922
2026-09-17 14:53:28,505 P10552 INFO *** Test time is 0.15919828414916992
2026-09-17 14:53:28,507 P10552 INFO Epoch 12/50, test f1: 0.73529 rc: 0.60976 pc: 0.92593. [0.27s]
2026-09-17 14:53:28,507 P10552 INFO early stopping epoch 5/15
2026-09-17 14:53:28,641 P10552 INFO Epoch 13/50, train generator loss: 0.50968
2026-09-17 14:53:28,769 P10552 INFO Epoch 13/50, train discriminator loss: 5.65979
2026-09-17 14:53:28,925 P10552 INFO *** Test time is 0.155928373336792
2026-09-17 14:53:28,925 P10552 INFO Epoch 13/50, test f1: 0.77143 rc: 0.65854 pc: 0.93103. [0.26s]
2026-09-17 14:53:28,925 P10552 INFO early stopping epoch 6/15
2026-09-17 14:53:29,048 P10552 INFO Epoch 14/50, train generator loss: 0.49478
2026-09-17 14:53:29,178 P10552 INFO Epoch 14/50, train discriminator loss: 5.67272
2026-09-17 14:53:29,336 P10552 INFO *** Test time is 0.15798425674438477
2026-09-17 14:53:29,336 P10552 INFO Epoch 14/50, test f1: 0.77143 rc: 0.65854 pc: 0.93103. [0.25s]
2026-09-17 14:53:29,336 P10552 INFO early stopping epoch 7/15
2026-09-17 14:53:29,457 P10552 INFO Epoch 15/50, train generator loss: 0.49656
2026-09-17 14:53:29,583 P10552 INFO Epoch 15/50, train discriminator loss: 5.65914
2026-09-17 14:53:29,752 P10552 INFO *** Test time is 0.1694035530090332
2026-09-17 14:53:29,752 P10552 INFO Epoch 15/50, test f1: 0.78873 rc: 0.68293 pc: 0.93333. [0.25s]
2026-09-17 14:53:29,874 P10552 INFO Epoch 16/50, train generator loss: 0.46486
2026-09-17 14:53:29,996 P10552 INFO Epoch 16/50, train discriminator loss: 5.65254
2026-09-17 14:53:30,154 P10552 INFO *** Test time is 0.15814208984375
2026-09-17 14:53:30,154 P10552 INFO Epoch 16/50, test f1: 0.71642 rc: 0.58537 pc: 0.92308. [0.23s]
2026-09-17 14:53:30,154 P10552 INFO early stopping epoch 1/15
2026-09-17 14:53:30,268 P10552 INFO Epoch 17/50, train generator loss: 0.41759
2026-09-17 14:53:30,385 P10552 INFO Epoch 17/50, train discriminator loss: 5.63553
2026-09-17 14:53:30,539 P10552 INFO *** Test time is 0.15408849716186523
2026-09-17 14:53:30,539 P10552 INFO Epoch 17/50, test f1: 0.71642 rc: 0.58537 pc: 0.92308. [0.23s]
2026-09-17 14:53:30,539 P10552 INFO early stopping epoch 2/15
2026-09-17 14:53:30,696 P10552 INFO Epoch 18/50, train generator loss: 0.42116
2026-09-17 14:53:30,828 P10552 INFO Epoch 18/50, train discriminator loss: 5.58389
2026-09-17 14:53:30,981 P10552 INFO *** Test time is 0.15346789360046387
2026-09-17 14:53:30,981 P10552 INFO Epoch 18/50, test f1: 0.71642 rc: 0.58537 pc: 0.92308. [0.29s]
2026-09-17 14:53:30,981 P10552 INFO early stopping epoch 3/15
2026-09-17 14:53:31,130 P10552 INFO Epoch 19/50, train generator loss: 0.41763
2026-09-17 14:53:31,260 P10552 INFO Epoch 19/50, train discriminator loss: 5.50418
2026-09-17 14:53:31,474 P10552 INFO *** Test time is 0.21339678764343262
2026-09-17 14:53:31,474 P10552 INFO Epoch 19/50, test f1: 0.78873 rc: 0.68293 pc: 0.93333. [0.28s]
2026-09-17 14:53:31,474 P10552 INFO early stopping epoch 4/15
2026-09-17 14:53:31,646 P10552 INFO Epoch 20/50, train generator loss: 0.39289
2026-09-17 14:53:31,821 P10552 INFO Epoch 20/50, train discriminator loss: 5.42907
2026-09-17 14:53:32,034 P10552 INFO *** Test time is 0.21267008781433105
2026-09-17 14:53:32,034 P10552 INFO Epoch 20/50, test f1: 0.78873 rc: 0.68293 pc: 0.93333. [0.35s]
2026-09-17 14:53:32,036 P10552 INFO early stopping epoch 5/15
2026-09-17 14:53:32,209 P10552 INFO Epoch 21/50, train generator loss: 0.39951
2026-09-17 14:53:32,389 P10552 INFO Epoch 21/50, train discriminator loss: 5.37941
2026-09-17 14:53:32,590 P10552 INFO *** Test time is 0.2016749382019043
2026-09-17 14:53:32,590 P10552 INFO Epoch 21/50, test f1: 0.78873 rc: 0.68293 pc: 0.93333. [0.35s]
2026-09-17 14:53:32,590 P10552 INFO early stopping epoch 6/15
2026-09-17 14:53:32,708 P10552 INFO Epoch 22/50, train generator loss: 0.39735
2026-09-17 14:53:32,826 P10552 INFO Epoch 22/50, train discriminator loss: 5.34892
2026-09-17 14:53:32,980 P10552 INFO *** Test time is 0.1538228988647461
2026-09-17 14:53:32,980 P10552 INFO Epoch 22/50, test f1: 0.77143 rc: 0.65854 pc: 0.93103. [0.24s]
2026-09-17 14:53:32,980 P10552 INFO early stopping epoch 7/15
2026-09-17 14:53:33,102 P10552 INFO Epoch 23/50, train generator loss: 0.37973
2026-09-17 14:53:33,225 P10552 INFO Epoch 23/50, train discriminator loss: 5.32410
2026-09-17 14:53:33,395 P10552 INFO *** Test time is 0.17009329795837402
2026-09-17 14:53:33,395 P10552 INFO Epoch 23/50, test f1: 0.71642 rc: 0.58537 pc: 0.92308. [0.25s]
2026-09-17 14:53:33,395 P10552 INFO early stopping epoch 8/15
2026-09-17 14:53:33,559 P10552 INFO Epoch 24/50, train generator loss: 0.37276
2026-09-17 14:53:33,672 P10552 INFO Epoch 24/50, train discriminator loss: 5.29683
2026-09-17 14:53:33,873 P10552 INFO *** Test time is 0.20124030113220215
2026-09-17 14:53:33,873 P10552 INFO Epoch 24/50, test f1: 0.71642 rc: 0.58537 pc: 0.92308. [0.28s]
2026-09-17 14:53:33,873 P10552 INFO early stopping epoch 9/15
2026-09-17 14:53:34,028 P10552 INFO Epoch 25/50, train generator loss: 0.36857
2026-09-17 14:53:34,139 P10552 INFO Epoch 25/50, train discriminator loss: 5.27923
2026-09-17 14:53:34,301 P10552 INFO *** Test time is 0.1617414951324463
2026-09-17 14:53:34,301 P10552 INFO Epoch 25/50, test f1: 0.71642 rc: 0.58537 pc: 0.92308. [0.27s]
2026-09-17 14:53:34,301 P10552 INFO early stopping epoch 10/15
2026-09-17 14:53:34,414 P10552 INFO Epoch 26/50, train generator loss: 0.36401
2026-09-17 14:53:34,544 P10552 INFO Epoch 26/50, train discriminator loss: 5.27321
2026-09-17 14:53:34,693 P10552 INFO *** Test time is 0.1488194465637207
2026-09-17 14:53:34,693 P10552 INFO Epoch 26/50, test f1: 0.71642 rc: 0.58537 pc: 0.92308. [0.24s]
2026-09-17 14:53:34,693 P10552 INFO early stopping epoch 11/15
2026-09-17 14:53:34,817 P10552 INFO Epoch 27/50, train generator loss: 0.36731
2026-09-17 14:53:34,933 P10552 INFO Epoch 27/50, train discriminator loss: 5.25971
2026-09-17 14:53:35,093 P10552 INFO *** Test time is 0.16055655479431152
2026-09-17 14:53:35,093 P10552 INFO Epoch 27/50, test f1: 0.71642 rc: 0.58537 pc: 0.92308. [0.24s]
2026-09-17 14:53:35,093 P10552 INFO early stopping epoch 12/15
2026-09-17 14:53:35,217 P10552 INFO Epoch 28/50, train generator loss: 0.36157
2026-09-17 14:53:35,333 P10552 INFO Epoch 28/50, train discriminator loss: 5.24112
2026-09-17 14:53:35,487 P10552 INFO *** Test time is 0.15394878387451172
2026-09-17 14:53:35,487 P10552 INFO Epoch 28/50, test f1: 0.75362 rc: 0.63415 pc: 0.92857. [0.24s]
2026-09-17 14:53:35,487 P10552 INFO early stopping epoch 13/15
2026-09-17 14:53:35,623 P10552 INFO Epoch 29/50, train generator loss: 0.35095
2026-09-17 14:53:35,750 P10552 INFO Epoch 29/50, train discriminator loss: 5.22209
2026-09-17 14:53:35,894 P10552 INFO *** Test time is 0.14428353309631348
2026-09-17 14:53:35,894 P10552 INFO Epoch 29/50, test f1: 0.75362 rc: 0.63415 pc: 0.92857. [0.26s]
2026-09-17 14:53:35,894 P10552 INFO early stopping epoch 14/15
2026-09-17 14:53:36,025 P10552 INFO Epoch 30/50, train generator loss: 0.35191
2026-09-17 14:53:36,147 P10552 INFO Epoch 30/50, train discriminator loss: 5.21594
2026-09-17 14:53:36,308 P10552 INFO *** Test time is 0.16064786911010742
2026-09-17 14:53:36,308 P10552 INFO Epoch 30/50, test f1: 0.75362 rc: 0.63415 pc: 0.92857. [0.25s]
2026-09-17 14:53:36,308 P10552 INFO early stopping epoch 15/15
2026-09-17 14:53:36,308 P10552 INFO Early stopping
2026-09-17 14:53:36,386 P10552 INFO Threshold (p=95.0, src=val): 0.362292
2026-09-17 14:53:36,449 P10552 INFO *** Test F1 0.8632  of unsupervised traning
2026-09-17 14:53:36,449 P10552 INFO *** Best F1 {'f1': 0.7887323943661971, 'rc': 0.6829268292682927, 'pc': 0.9333333333333333, 'threshold': np.float64(1.739896949529648)}  of unsupervised traning
2026-09-17 14:53:36,449 P10552 INFO Current hash id 0e7563d7
