2026-09-17 11:43:09,109 P29388 INFO ^^^^^^^^^^ Current Model:hades, 5a90a5d4 ^^^^^^^^^^
2026-09-17 11:43:09,109 P29388 INFO Load from D:\UAM-AD\data\sn
2026-09-17 11:43:09,428 P29388 INFO 375 unique log templates found.
2026-09-17 11:43:09,434 P29388 INFO Transforming unlabel train data.
2026-09-17 11:43:09,472 P29388 INFO Transforming test data.
2026-09-17 11:43:09,512 P29388 INFO 733 new templates show.
2026-09-17 11:43:09,545 P29388 INFO Transforming val data.
2026-09-17 11:43:09,545 P29388 INFO 77 new templates show.
2026-09-17 11:43:09,545 P29388 INFO Data loaded done!
2026-09-17 11:43:09,577 P29388 INFO Known word number: 375
2026-09-17 11:43:11,534 P29388 INFO Epoch 0/10, train generator loss: 1.27433
2026-09-17 11:43:11,618 P29388 INFO Epoch 0/10, train discriminator loss: 2.66420
2026-09-17 11:43:11,792 P29388 INFO *** Test time is 0.17421221733093262
2026-09-17 11:43:11,792 P29388 INFO Epoch 0/10, test f1: 0.76596 rc: 0.62069 pc: 1.00000. [0.61s]
2026-09-17 11:43:11,934 P29388 INFO Epoch 1/10, train generator loss: 1.23905
2026-09-17 11:43:12,035 P29388 INFO Epoch 1/10, train discriminator loss: 2.16646
2026-09-17 11:43:12,241 P29388 INFO *** Test time is 0.20562982559204102
2026-09-17 11:43:12,241 P29388 INFO Epoch 1/10, test f1: 0.76596 rc: 0.62069 pc: 1.00000. [0.23s]
2026-09-17 11:43:12,241 P29388 INFO early stopping epoch 1/5
2026-09-17 11:43:12,427 P29388 INFO Epoch 2/10, train generator loss: 1.24136
2026-09-17 11:43:12,557 P29388 INFO Epoch 2/10, train discriminator loss: 1.80749
2026-09-17 11:43:12,774 P29388 INFO *** Test time is 0.2135162353515625
2026-09-17 11:43:12,776 P29388 INFO Epoch 2/10, test f1: 0.76596 rc: 0.62069 pc: 1.00000. [0.32s]
2026-09-17 11:43:12,776 P29388 INFO early stopping epoch 2/5
2026-09-17 11:43:12,914 P29388 INFO Epoch 3/10, train generator loss: 1.29760
2026-09-17 11:43:13,032 P29388 INFO Epoch 3/10, train discriminator loss: 1.54414
2026-09-17 11:43:13,235 P29388 INFO *** Test time is 0.2027759552001953
2026-09-17 11:43:13,235 P29388 INFO Epoch 3/10, test f1: 0.76596 rc: 0.62069 pc: 1.00000. [0.26s]
2026-09-17 11:43:13,235 P29388 INFO early stopping epoch 3/5
2026-09-17 11:43:13,363 P29388 INFO Epoch 4/10, train generator loss: 1.36830
2026-09-17 11:43:13,427 P29388 INFO Epoch 4/10, train discriminator loss: 1.37546
2026-09-17 11:43:13,585 P29388 INFO *** Test time is 0.15841293334960938
2026-09-17 11:43:13,585 P29388 INFO Epoch 4/10, test f1: 0.76596 rc: 0.62069 pc: 1.00000. [0.19s]
2026-09-17 11:43:13,585 P29388 INFO early stopping epoch 4/5
2026-09-17 11:43:13,687 P29388 INFO Epoch 5/10, train generator loss: 1.44101
2026-09-17 11:43:13,758 P29388 INFO Epoch 5/10, train discriminator loss: 1.28620
2026-09-17 11:43:13,928 P29388 INFO *** Test time is 0.1673884391784668
2026-09-17 11:43:13,928 P29388 INFO Epoch 5/10, test f1: 0.76596 rc: 0.62069 pc: 1.00000. [0.18s]
2026-09-17 11:43:13,928 P29388 INFO early stopping epoch 5/5
2026-09-17 11:43:13,928 P29388 INFO Early stopping
2026-09-17 11:43:14,006 P29388 INFO Threshold (p=95.0, src=val): 1.439574
2026-09-17 11:43:14,036 P29388 INFO *** Test F1 0.7719  of unsupervised traning
2026-09-17 11:43:14,036 P29388 INFO *** Best F1 {'f1': 0.7659574468085106, 'rc': 0.6206896551724138, 'pc': 1.0, 'threshold': np.float64(1.7948428153991698)}  of unsupervised traning
2026-09-17 11:43:14,038 P29388 INFO Current hash id 5a90a5d4
