2026-09-17 14:59:31,009 P2384 INFO ^^^^^^^^^^ Current Model:hades, 0b1b0797 ^^^^^^^^^^
2026-09-17 14:59:31,009 P2384 INFO Load from D:\UAM-AD\data\sn
2026-09-17 14:59:31,224 P2384 INFO 375 unique log templates found.
2026-09-17 14:59:31,224 P2384 INFO Transforming unlabel train data.
2026-09-17 14:59:31,256 P2384 INFO Transforming test data.
2026-09-17 14:59:31,290 P2384 INFO 729 new templates show.
2026-09-17 14:59:31,323 P2384 INFO Transforming val data.
2026-09-17 14:59:31,323 P2384 INFO 77 new templates show.
2026-09-17 14:59:31,327 P2384 INFO Data loaded done!
2026-09-17 14:59:31,361 P2384 INFO Known word number: 375
2026-09-17 14:59:31,568 P2384 INFO Epoch 0/50, train generator loss: 1.47772
2026-09-17 14:59:31,690 P2384 INFO Epoch 0/50, train discriminator loss: 5.49380
2026-09-17 14:59:31,863 P2384 INFO *** Test time is 0.17315173149108887
2026-09-17 14:59:31,863 P2384 INFO Epoch 0/50, test f1: 0.68085 rc: 0.59259 pc: 0.80000. [0.28s]
2026-09-17 14:59:32,032 P2384 INFO Epoch 1/50, train generator loss: 1.37985
2026-09-17 14:59:32,150 P2384 INFO Epoch 1/50, train discriminator loss: 4.90679
2026-09-17 14:59:32,310 P2384 INFO *** Test time is 0.16026592254638672
2026-09-17 14:59:32,310 P2384 INFO Epoch 1/50, test f1: 0.68085 rc: 0.59259 pc: 0.80000. [0.29s]
2026-09-17 14:59:32,310 P2384 INFO early stopping epoch 1/15
2026-09-17 14:59:32,473 P2384 INFO Epoch 2/50, train generator loss: 1.26739
2026-09-17 14:59:32,597 P2384 INFO Epoch 2/50, train discriminator loss: 4.82440
2026-09-17 14:59:32,769 P2384 INFO *** Test time is 0.17249512672424316
2026-09-17 14:59:32,769 P2384 INFO Epoch 2/50, test f1: 0.69565 rc: 0.59259 pc: 0.84211. [0.29s]
2026-09-17 14:59:32,935 P2384 INFO Epoch 3/50, train generator loss: 1.17636
2026-09-17 14:59:33,049 P2384 INFO Epoch 3/50, train discriminator loss: 5.16913
2026-09-17 14:59:33,223 P2384 INFO *** Test time is 0.17403507232666016
2026-09-17 14:59:33,223 P2384 INFO Epoch 3/50, test f1: 0.69565 rc: 0.59259 pc: 0.84211. [0.27s]
2026-09-17 14:59:33,223 P2384 INFO early stopping epoch 1/15
2026-09-17 14:59:33,380 P2384 INFO Epoch 4/50, train generator loss: 1.02358
2026-09-17 14:59:33,506 P2384 INFO Epoch 4/50, train discriminator loss: 6.13776
2026-09-17 14:59:33,663 P2384 INFO *** Test time is 0.15732073783874512
2026-09-17 14:59:33,663 P2384 INFO Epoch 4/50, test f1: 0.56522 rc: 0.48148 pc: 0.68421. [0.28s]
2026-09-17 14:59:33,663 P2384 INFO early stopping epoch 2/15
2026-09-17 14:59:33,817 P2384 INFO Epoch 5/50, train generator loss: 0.84960
2026-09-17 14:59:33,945 P2384 INFO Epoch 5/50, train discriminator loss: 7.59376
2026-09-17 14:59:34,108 P2384 INFO *** Test time is 0.16190338134765625
2026-09-17 14:59:34,108 P2384 INFO Epoch 5/50, test f1: 0.30303 rc: 0.18519 pc: 0.83333. [0.28s]
2026-09-17 14:59:34,108 P2384 INFO early stopping epoch 3/15
2026-09-17 14:59:34,249 P2384 INFO Epoch 6/50, train generator loss: 0.69662
2026-09-17 14:59:34,362 P2384 INFO Epoch 6/50, train discriminator loss: 8.58650
2026-09-17 14:59:34,536 P2384 INFO *** Test time is 0.17383623123168945
2026-09-17 14:59:34,536 P2384 INFO Epoch 6/50, test f1: 0.27778 rc: 0.18519 pc: 0.55556. [0.25s]
2026-09-17 14:59:34,536 P2384 INFO early stopping epoch 4/15
2026-09-17 14:59:34,702 P2384 INFO Epoch 7/50, train generator loss: 0.62849
2026-09-17 14:59:34,820 P2384 INFO Epoch 7/50, train discriminator loss: 8.00221
2026-09-17 14:59:35,008 P2384 INFO *** Test time is 0.1878211498260498
2026-09-17 14:59:35,009 P2384 INFO Epoch 7/50, test f1: 0.25641 rc: 0.18519 pc: 0.41667. [0.28s]
2026-09-17 14:59:35,009 P2384 INFO early stopping epoch 5/15
2026-09-17 14:59:35,186 P2384 INFO Epoch 8/50, train generator loss: 0.60466
2026-09-17 14:59:35,359 P2384 INFO Epoch 8/50, train discriminator loss: 6.52994
2026-09-17 14:59:35,589 P2384 INFO *** Test time is 0.22956204414367676
2026-09-17 14:59:35,589 P2384 INFO Epoch 8/50, test f1: 0.27027 rc: 0.18519 pc: 0.50000. [0.35s]
2026-09-17 14:59:35,589 P2384 INFO early stopping epoch 6/15
2026-09-17 14:59:35,765 P2384 INFO Epoch 9/50, train generator loss: 0.48413
2026-09-17 14:59:35,947 P2384 INFO Epoch 9/50, train discriminator loss: 5.56174
2026-09-17 14:59:36,176 P2384 INFO *** Test time is 0.22914385795593262
2026-09-17 14:59:36,177 P2384 INFO Epoch 9/50, test f1: 0.33333 rc: 0.25926 pc: 0.46667. [0.36s]
2026-09-17 14:59:36,177 P2384 INFO early stopping epoch 7/15
2026-09-17 14:59:36,341 P2384 INFO Epoch 10/50, train generator loss: 0.50217
2026-09-17 14:59:36,525 P2384 INFO Epoch 10/50, train discriminator loss: 5.32741
2026-09-17 14:59:36,732 P2384 INFO *** Test time is 0.2063300609588623
2026-09-17 14:59:36,732 P2384 INFO Epoch 10/50, test f1: 0.28571 rc: 0.18519 pc: 0.62500. [0.35s]
2026-09-17 14:59:36,732 P2384 INFO early stopping epoch 8/15
2026-09-17 14:59:36,901 P2384 INFO Epoch 11/50, train generator loss: 0.45450
2026-09-17 14:59:37,078 P2384 INFO Epoch 11/50, train discriminator loss: 5.29127
2026-09-17 14:59:37,290 P2384 INFO *** Test time is 0.21206903457641602
2026-09-17 14:59:37,292 P2384 INFO Epoch 11/50, test f1: 0.25641 rc: 0.18519 pc: 0.41667. [0.35s]
2026-09-17 14:59:37,292 P2384 INFO early stopping epoch 9/15
2026-09-17 14:59:37,459 P2384 INFO Epoch 12/50, train generator loss: 0.48930
2026-09-17 14:59:37,655 P2384 INFO Epoch 12/50, train discriminator loss: 5.32646
2026-09-17 14:59:37,785 P2384 INFO *** Test time is 0.12985873222351074
2026-09-17 14:59:37,785 P2384 INFO Epoch 12/50, test f1: 0.25641 rc: 0.18519 pc: 0.41667. [0.36s]
2026-09-17 14:59:37,785 P2384 INFO early stopping epoch 10/15
2026-09-17 14:59:37,903 P2384 INFO Epoch 13/50, train generator loss: 0.49081
2026-09-17 14:59:38,026 P2384 INFO Epoch 13/50, train discriminator loss: 5.41640
2026-09-17 14:59:38,180 P2384 INFO *** Test time is 0.1533830165863037
2026-09-17 14:59:38,180 P2384 INFO Epoch 13/50, test f1: 0.27027 rc: 0.18519 pc: 0.50000. [0.24s]
2026-09-17 14:59:38,180 P2384 INFO early stopping epoch 11/15
2026-09-17 14:59:38,302 P2384 INFO Epoch 14/50, train generator loss: 0.45041
2026-09-17 14:59:38,465 P2384 INFO Epoch 14/50, train discriminator loss: 5.51633
2026-09-17 14:59:38,643 P2384 INFO *** Test time is 0.1773061752319336
2026-09-17 14:59:38,643 P2384 INFO Epoch 14/50, test f1: 0.28571 rc: 0.18519 pc: 0.62500. [0.29s]
2026-09-17 14:59:38,643 P2384 INFO early stopping epoch 12/15
2026-09-17 14:59:38,768 P2384 INFO Epoch 15/50, train generator loss: 0.44052
2026-09-17 14:59:38,886 P2384 INFO Epoch 15/50, train discriminator loss: 5.58010
2026-09-17 14:59:39,067 P2384 INFO *** Test time is 0.18122100830078125
2026-09-17 14:59:39,067 P2384 INFO Epoch 15/50, test f1: 0.29412 rc: 0.18519 pc: 0.71429. [0.24s]
2026-09-17 14:59:39,067 P2384 INFO early stopping epoch 13/15
2026-09-17 14:59:39,185 P2384 INFO Epoch 16/50, train generator loss: 0.43139
2026-09-17 14:59:39,308 P2384 INFO Epoch 16/50, train discriminator loss: 5.58438
2026-09-17 14:59:39,465 P2384 INFO *** Test time is 0.15703439712524414
2026-09-17 14:59:39,465 P2384 INFO Epoch 16/50, test f1: 0.27778 rc: 0.18519 pc: 0.55556. [0.24s]
2026-09-17 14:59:39,465 P2384 INFO early stopping epoch 14/15
2026-09-17 14:59:39,581 P2384 INFO Epoch 17/50, train generator loss: 0.39363
2026-09-17 14:59:39,708 P2384 INFO Epoch 17/50, train discriminator loss: 5.54716
2026-09-17 14:59:39,864 P2384 INFO *** Test time is 0.15599584579467773
2026-09-17 14:59:39,864 P2384 INFO Epoch 17/50, test f1: 0.25641 rc: 0.18519 pc: 0.41667. [0.24s]
2026-09-17 14:59:39,864 P2384 INFO early stopping epoch 15/15
2026-09-17 14:59:39,864 P2384 INFO Early stopping
2026-09-17 14:59:39,959 P2384 INFO Threshold (p=95.0, src=val): 1.471276
2026-09-17 14:59:40,001 P2384 INFO *** Test F1 0.4500  of unsupervised traning
2026-09-17 14:59:40,001 P2384 INFO *** Best F1 {'f1': 0.6956521739130435, 'rc': 0.5925925925925926, 'pc': 0.8421052631578947, 'threshold': np.float64(1.4842350149154664)}  of unsupervised traning
2026-09-17 14:59:40,007 P2384 INFO Current hash id 0b1b0797
