2026-09-17 14:58:20,331 P26596 INFO ^^^^^^^^^^ Current Model:hades, 52bacbc4 ^^^^^^^^^^
2026-09-17 14:58:20,331 P26596 INFO Load from D:\UAM-AD\data\sn
2026-09-17 14:58:20,540 P26596 INFO 375 unique log templates found.
2026-09-17 14:58:20,549 P26596 INFO Transforming unlabel train data.
2026-09-17 14:58:20,570 P26596 INFO Transforming test data.
2026-09-17 14:58:20,605 P26596 INFO 733 new templates show.
2026-09-17 14:58:20,635 P26596 INFO Transforming val data.
2026-09-17 14:58:20,635 P26596 INFO 77 new templates show.
2026-09-17 14:58:20,635 P26596 INFO Data loaded done!
2026-09-17 14:58:20,666 P26596 INFO Known word number: 375
2026-09-17 14:58:20,870 P26596 INFO Epoch 0/50, train generator loss: 1.47682
2026-09-17 14:58:21,000 P26596 INFO Epoch 0/50, train discriminator loss: 5.44053
2026-09-17 14:58:21,150 P26596 INFO *** Test time is 0.15025949478149414
2026-09-17 14:58:21,150 P26596 INFO Epoch 0/50, test f1: 0.77551 rc: 0.65517 pc: 0.95000. [0.26s]
2026-09-17 14:58:21,278 P26596 INFO Epoch 1/50, train generator loss: 1.41188
2026-09-17 14:58:21,382 P26596 INFO Epoch 1/50, train discriminator loss: 4.89214
2026-09-17 14:58:21,540 P26596 INFO *** Test time is 0.1582016944885254
2026-09-17 14:58:21,540 P26596 INFO Epoch 1/50, test f1: 0.77551 rc: 0.65517 pc: 0.95000. [0.23s]
2026-09-17 14:58:21,540 P26596 INFO early stopping epoch 1/15
2026-09-17 14:58:21,656 P26596 INFO Epoch 2/50, train generator loss: 1.29840
2026-09-17 14:58:21,759 P26596 INFO Epoch 2/50, train discriminator loss: 4.82345
2026-09-17 14:58:21,915 P26596 INFO *** Test time is 0.1553962230682373
2026-09-17 14:58:21,915 P26596 INFO Epoch 2/50, test f1: 0.77551 rc: 0.65517 pc: 0.95000. [0.22s]
2026-09-17 14:58:21,915 P26596 INFO early stopping epoch 2/15
2026-09-17 14:58:22,053 P26596 INFO Epoch 3/50, train generator loss: 1.18484
2026-09-17 14:58:22,144 P26596 INFO Epoch 3/50, train discriminator loss: 5.43968
2026-09-17 14:58:22,309 P26596 INFO *** Test time is 0.16482019424438477
2026-09-17 14:58:22,309 P26596 INFO Epoch 3/50, test f1: 0.77551 rc: 0.65517 pc: 0.95000. [0.23s]
2026-09-17 14:58:22,309 P26596 INFO early stopping epoch 3/15
2026-09-17 14:58:22,441 P26596 INFO Epoch 4/50, train generator loss: 1.05800
2026-09-17 14:58:22,555 P26596 INFO Epoch 4/50, train discriminator loss: 6.64594
2026-09-17 14:58:22,704 P26596 INFO *** Test time is 0.14886236190795898
2026-09-17 14:58:22,704 P26596 INFO Epoch 4/50, test f1: 0.77551 rc: 0.65517 pc: 0.95000. [0.25s]
2026-09-17 14:58:22,704 P26596 INFO early stopping epoch 4/15
2026-09-17 14:58:22,870 P26596 INFO Epoch 5/50, train generator loss: 0.88892
2026-09-17 14:58:23,047 P26596 INFO Epoch 5/50, train discriminator loss: 7.89445
2026-09-17 14:58:23,251 P26596 INFO *** Test time is 0.20421075820922852
2026-09-17 14:58:23,251 P26596 INFO Epoch 5/50, test f1: 0.66667 rc: 0.58621 pc: 0.77273. [0.34s]
2026-09-17 14:58:23,251 P26596 INFO early stopping epoch 5/15
2026-09-17 14:58:23,431 P26596 INFO Epoch 6/50, train generator loss: 0.67347
2026-09-17 14:58:23,581 P26596 INFO Epoch 6/50, train discriminator loss: 8.64230
2026-09-17 14:58:23,793 P26596 INFO *** Test time is 0.21276140213012695
2026-09-17 14:58:23,793 P26596 INFO Epoch 6/50, test f1: 0.39130 rc: 0.31034 pc: 0.52941. [0.33s]
2026-09-17 14:58:23,793 P26596 INFO early stopping epoch 6/15
2026-09-17 14:58:23,942 P26596 INFO Epoch 7/50, train generator loss: 0.63097
2026-09-17 14:58:24,084 P26596 INFO Epoch 7/50, train discriminator loss: 7.77614
2026-09-17 14:58:24,295 P26596 INFO *** Test time is 0.21088862419128418
2026-09-17 14:58:24,295 P26596 INFO Epoch 7/50, test f1: 0.39130 rc: 0.31034 pc: 0.52941. [0.29s]
2026-09-17 14:58:24,295 P26596 INFO early stopping epoch 7/15
2026-09-17 14:58:24,441 P26596 INFO Epoch 8/50, train generator loss: 0.64254
2026-09-17 14:58:24,579 P26596 INFO Epoch 8/50, train discriminator loss: 6.45206
2026-09-17 14:58:24,798 P26596 INFO *** Test time is 0.21195435523986816
2026-09-17 14:58:24,798 P26596 INFO Epoch 8/50, test f1: 0.39130 rc: 0.31034 pc: 0.52941. [0.29s]
2026-09-17 14:58:24,798 P26596 INFO early stopping epoch 8/15
2026-09-17 14:58:24,955 P26596 INFO Epoch 9/50, train generator loss: 0.54927
2026-09-17 14:58:25,123 P26596 INFO Epoch 9/50, train discriminator loss: 5.59728
2026-09-17 14:58:25,350 P26596 INFO *** Test time is 0.226806640625
2026-09-17 14:58:25,351 P26596 INFO Epoch 9/50, test f1: 0.39130 rc: 0.31034 pc: 0.52941. [0.33s]
2026-09-17 14:58:25,351 P26596 INFO early stopping epoch 9/15
2026-09-17 14:58:25,482 P26596 INFO Epoch 10/50, train generator loss: 0.46347
2026-09-17 14:58:25,570 P26596 INFO Epoch 10/50, train discriminator loss: 5.33971
2026-09-17 14:58:25,722 P26596 INFO *** Test time is 0.15220284461975098
2026-09-17 14:58:25,722 P26596 INFO Epoch 10/50, test f1: 0.46809 rc: 0.37931 pc: 0.61111. [0.22s]
2026-09-17 14:58:25,722 P26596 INFO early stopping epoch 10/15
2026-09-17 14:58:25,859 P26596 INFO Epoch 11/50, train generator loss: 0.49174
2026-09-17 14:58:25,965 P26596 INFO Epoch 11/50, train discriminator loss: 5.38426
2026-09-17 14:58:26,123 P26596 INFO *** Test time is 0.1579735279083252
2026-09-17 14:58:26,123 P26596 INFO Epoch 11/50, test f1: 0.51064 rc: 0.41379 pc: 0.66667. [0.24s]
2026-09-17 14:58:26,123 P26596 INFO early stopping epoch 11/15
2026-09-17 14:58:26,260 P26596 INFO Epoch 12/50, train generator loss: 0.50416
2026-09-17 14:58:26,376 P26596 INFO Epoch 12/50, train discriminator loss: 5.48686
2026-09-17 14:58:26,518 P26596 INFO *** Test time is 0.1391315460205078
2026-09-17 14:58:26,518 P26596 INFO Epoch 12/50, test f1: 0.39130 rc: 0.31034 pc: 0.52941. [0.26s]
2026-09-17 14:58:26,518 P26596 INFO early stopping epoch 12/15
2026-09-17 14:58:26,639 P26596 INFO Epoch 13/50, train generator loss: 0.45983
2026-09-17 14:58:26,755 P26596 INFO Epoch 13/50, train discriminator loss: 5.57025
2026-09-17 14:58:26,904 P26596 INFO *** Test time is 0.14924168586730957
2026-09-17 14:58:26,904 P26596 INFO Epoch 13/50, test f1: 0.39130 rc: 0.31034 pc: 0.52941. [0.24s]
2026-09-17 14:58:26,904 P26596 INFO early stopping epoch 13/15
2026-09-17 14:58:26,992 P26596 INFO Epoch 14/50, train generator loss: 0.43973
2026-09-17 14:58:27,104 P26596 INFO Epoch 14/50, train discriminator loss: 5.61571
2026-09-17 14:58:27,255 P26596 INFO *** Test time is 0.15055227279663086
2026-09-17 14:58:27,257 P26596 INFO Epoch 14/50, test f1: 0.39130 rc: 0.31034 pc: 0.52941. [0.20s]
2026-09-17 14:58:27,257 P26596 INFO early stopping epoch 14/15
2026-09-17 14:58:27,342 P26596 INFO Epoch 15/50, train generator loss: 0.42852
2026-09-17 14:58:27,438 P26596 INFO Epoch 15/50, train discriminator loss: 5.63641
2026-09-17 14:58:27,602 P26596 INFO *** Test time is 0.1633930206298828
2026-09-17 14:58:27,602 P26596 INFO Epoch 15/50, test f1: 0.39130 rc: 0.31034 pc: 0.52941. [0.18s]
2026-09-17 14:58:27,602 P26596 INFO early stopping epoch 15/15
2026-09-17 14:58:27,602 P26596 INFO Early stopping
2026-09-17 14:58:27,735 P26596 INFO Threshold (p=95.0, src=val): 1.732965
2026-09-17 14:58:27,776 P26596 INFO *** Test F1 0.6047  of unsupervised traning
2026-09-17 14:58:27,776 P26596 INFO *** Best F1 {'f1': 0.7755102040816326, 'rc': 0.6551724137931034, 'pc': 0.95, 'threshold': np.float64(1.9952398681640624)}  of unsupervised traning
2026-09-17 14:58:27,777 P26596 INFO Current hash id 52bacbc4
