2026-05-01 19:09:30,413 P22420 INFO ^^^^^^^^^^ Current Model:hades, 40d647b0 ^^^^^^^^^^
2026-05-01 19:09:30,413 P22420 INFO Load from D:\UAM-AD\data\rcaeval_re3_ob
2026-05-01 19:09:31,565 P22420 INFO 301 unique log templates found.
2026-05-01 19:09:31,581 P22420 INFO Transforming unlabel train data.
2026-05-01 19:09:32,089 P22420 INFO Transforming test data.
2026-05-01 19:09:32,184 P22420 INFO 49 new templates show.
2026-05-01 19:09:33,224 P22420 INFO Data loaded done!
2026-05-01 19:10:18,841 P22420 INFO Known word number: 301
2026-05-01 19:11:31,951 P22420 INFO Epoch 0/5, train generator loss: 0.26065
2026-05-01 19:12:44,744 P22420 INFO Epoch 0/5, train discriminator loss: 1.84781
2026-05-01 19:12:48,029 P22420 INFO *** Test time is 3.2815661430358887
2026-05-01 19:12:48,046 P22420 INFO Epoch 0/5, test f1: 0.35245 rc: 0.35909 pc: 0.34604. [141.25s]
2026-05-01 19:14:12,541 P22420 INFO Epoch 1/5, train generator loss: 0.15756
2026-05-01 19:15:29,440 P22420 INFO Epoch 1/5, train discriminator loss: 1.01117
2026-05-01 19:15:32,934 P22420 INFO *** Test time is 3.493603467941284
2026-05-01 19:15:32,934 P22420 INFO Epoch 1/5, test f1: 0.36981 rc: 0.37691 pc: 0.36297. [161.36s]
2026-05-01 19:16:57,569 P22420 INFO Epoch 2/5, train generator loss: 0.14948
2026-05-01 19:18:14,395 P22420 INFO Epoch 2/5, train discriminator loss: 0.55161
2026-05-01 19:18:18,058 P22420 INFO *** Test time is 3.6623668670654297
2026-05-01 19:18:18,058 P22420 INFO Epoch 2/5, test f1: 0.33974 rc: 0.34544 pc: 0.33423. [161.41s]
2026-05-01 19:18:18,058 P22420 INFO early stopping epoch 1/3
2026-05-01 19:19:55,268 P22420 INFO Epoch 3/5, train generator loss: 0.13988
2026-05-01 19:21:19,932 P22420 INFO Epoch 3/5, train discriminator loss: 0.59277
2026-05-01 19:21:23,324 P22420 INFO *** Test time is 3.3762528896331787
2026-05-01 19:21:23,324 P22420 INFO Epoch 3/5, test f1: 0.37523 rc: 0.38269 pc: 0.36805. [181.89s]
2026-05-01 19:22:46,899 P22420 INFO Epoch 4/5, train generator loss: 0.14775
2026-05-01 19:24:06,784 P22420 INFO Epoch 4/5, train discriminator loss: 0.76432
2026-05-01 19:24:10,190 P22420 INFO *** Test time is 3.4058895111083984
2026-05-01 19:24:10,190 P22420 INFO Epoch 4/5, test f1: 0.36161 rc: 0.36835 pc: 0.35512. [163.41s]
2026-05-01 19:24:10,190 P22420 INFO early stopping epoch 1/3
2026-05-01 19:24:54,301 P22420 INFO Threshold (p=95.0, src=unlabel(fallback)): 0.209880
2026-05-01 19:24:56,197 P22420 INFO *** Test F1 0.1466  of unsupervised traning
2026-05-01 19:24:56,197 P22420 INFO *** Best F1 {'f1': 0.37522686025408347, 'rc': 0.3826931975937066, 'pc': 0.3680462839341344}  of unsupervised traning
2026-05-01 19:24:56,560 P22420 INFO Current hash id 40d647b0
