2026-09-17 11:43:44,975 P23128 INFO ^^^^^^^^^^ Current Model:hades, 82fbc826 ^^^^^^^^^^
2026-09-17 11:43:44,975 P23128 INFO Load from D:\UAM-AD\data\sn
2026-09-17 11:43:45,174 P23128 INFO 375 unique log templates found.
2026-09-17 11:43:45,184 P23128 INFO Transforming unlabel train data.
2026-09-17 11:43:45,207 P23128 INFO Transforming test data.
2026-09-17 11:43:45,240 P23128 INFO 729 new templates show.
2026-09-17 11:43:45,279 P23128 INFO Transforming val data.
2026-09-17 11:43:45,279 P23128 INFO 77 new templates show.
2026-09-17 11:43:45,279 P23128 INFO Data loaded done!
2026-09-17 11:43:45,317 P23128 INFO Known word number: 375
2026-09-17 11:43:45,462 P23128 INFO Epoch 0/10, train generator loss: 1.27006
2026-09-17 11:43:45,551 P23128 INFO Epoch 0/10, train discriminator loss: 2.83178
2026-09-17 11:43:45,702 P23128 INFO *** Test time is 0.15063834190368652
2026-09-17 11:43:45,702 P23128 INFO Epoch 0/10, test f1: 0.87500 rc: 0.77778 pc: 1.00000. [0.21s]
2026-09-17 11:43:45,815 P23128 INFO Epoch 1/10, train generator loss: 1.27526
2026-09-17 11:43:45,881 P23128 INFO Epoch 1/10, train discriminator loss: 2.17501
2026-09-17 11:43:46,009 P23128 INFO *** Test time is 0.1282062530517578
2026-09-17 11:43:46,009 P23128 INFO Epoch 1/10, test f1: 0.83333 rc: 0.74074 pc: 0.95238. [0.17s]
2026-09-17 11:43:46,009 P23128 INFO early stopping epoch 1/5
2026-09-17 11:43:46,141 P23128 INFO Epoch 2/10, train generator loss: 1.21963
2026-09-17 11:43:46,214 P23128 INFO Epoch 2/10, train discriminator loss: 1.87090
2026-09-17 11:43:46,373 P23128 INFO *** Test time is 0.15851831436157227
2026-09-17 11:43:46,373 P23128 INFO Epoch 2/10, test f1: 0.83333 rc: 0.74074 pc: 0.95238. [0.21s]
2026-09-17 11:43:46,373 P23128 INFO early stopping epoch 2/5
2026-09-17 11:43:46,478 P23128 INFO Epoch 3/10, train generator loss: 1.21007
2026-09-17 11:43:46,564 P23128 INFO Epoch 3/10, train discriminator loss: 1.65108
2026-09-17 11:43:46,727 P23128 INFO *** Test time is 0.16321587562561035
2026-09-17 11:43:46,727 P23128 INFO Epoch 3/10, test f1: 0.83333 rc: 0.74074 pc: 0.95238. [0.19s]
2026-09-17 11:43:46,727 P23128 INFO early stopping epoch 3/5
2026-09-17 11:43:46,833 P23128 INFO Epoch 4/10, train generator loss: 1.22434
2026-09-17 11:43:46,914 P23128 INFO Epoch 4/10, train discriminator loss: 1.46222
2026-09-17 11:43:47,071 P23128 INFO *** Test time is 0.15723061561584473
2026-09-17 11:43:47,071 P23128 INFO Epoch 4/10, test f1: 0.83333 rc: 0.74074 pc: 0.95238. [0.19s]
2026-09-17 11:43:47,071 P23128 INFO early stopping epoch 4/5
2026-09-17 11:43:47,187 P23128 INFO Epoch 5/10, train generator loss: 1.26002
2026-09-17 11:43:47,261 P23128 INFO Epoch 5/10, train discriminator loss: 1.32490
2026-09-17 11:43:47,421 P23128 INFO *** Test time is 0.15994000434875488
2026-09-17 11:43:47,421 P23128 INFO Epoch 5/10, test f1: 0.83333 rc: 0.74074 pc: 0.95238. [0.19s]
2026-09-17 11:43:47,421 P23128 INFO early stopping epoch 5/5
2026-09-17 11:43:47,421 P23128 INFO Early stopping
2026-09-17 11:43:47,497 P23128 INFO Threshold (p=95.0, src=val): 1.424110
2026-09-17 11:43:47,528 P23128 INFO *** Test F1 0.8814  of unsupervised traning
2026-09-17 11:43:47,528 P23128 INFO *** Best F1 {'f1': 0.875, 'rc': 0.7777777777777778, 'pc': 1.0, 'threshold': np.float64(1.5014142560958863)}  of unsupervised traning
2026-09-17 11:43:47,530 P23128 INFO Current hash id 82fbc826
