2026-09-17 15:02:11,805 P4504 INFO ^^^^^^^^^^ Current Model:hades, fa2d66d2 ^^^^^^^^^^
2026-09-17 15:02:11,805 P4504 INFO Load from D:\UAM-AD\data\sn
2026-09-17 15:02:12,156 P4504 INFO 375 unique log templates found.
2026-09-17 15:02:12,164 P4504 INFO Transforming unlabel train data.
2026-09-17 15:02:12,185 P4504 INFO Transforming test data.
2026-09-17 15:02:12,217 P4504 INFO 713 new templates show.
2026-09-17 15:02:12,249 P4504 INFO Transforming val data.
2026-09-17 15:02:12,249 P4504 INFO 77 new templates show.
2026-09-17 15:02:12,249 P4504 INFO Data loaded done!
2026-09-17 15:02:12,281 P4504 INFO Known word number: 375
2026-09-17 15:02:14,423 P4504 INFO Epoch 0/50, train generator loss: 1.50526
2026-09-17 15:02:14,643 P4504 INFO Epoch 0/50, train discriminator loss: 5.60419
2026-09-17 15:02:14,874 P4504 INFO *** Test time is 0.2144603729248047
2026-09-17 15:02:14,874 P4504 INFO Epoch 0/50, test f1: 0.82609 rc: 0.73077 pc: 0.95000. [0.89s]
2026-09-17 15:02:15,125 P4504 INFO Epoch 1/50, train generator loss: 1.38082
2026-09-17 15:02:15,289 P4504 INFO Epoch 1/50, train discriminator loss: 5.02831
2026-09-17 15:02:15,511 P4504 INFO *** Test time is 0.22135305404663086
2026-09-17 15:02:15,511 P4504 INFO Epoch 1/50, test f1: 0.82609 rc: 0.73077 pc: 0.95000. [0.39s]
2026-09-17 15:02:15,511 P4504 INFO early stopping epoch 1/15
2026-09-17 15:02:15,630 P4504 INFO Epoch 2/50, train generator loss: 1.29501
2026-09-17 15:02:15,719 P4504 INFO Epoch 2/50, train discriminator loss: 4.92099
2026-09-17 15:02:15,873 P4504 INFO *** Test time is 0.15435123443603516
2026-09-17 15:02:15,873 P4504 INFO Epoch 2/50, test f1: 0.87500 rc: 0.80769 pc: 0.95455. [0.21s]
2026-09-17 15:02:16,032 P4504 INFO Epoch 3/50, train generator loss: 1.21340
2026-09-17 15:02:16,129 P4504 INFO Epoch 3/50, train discriminator loss: 5.21489
2026-09-17 15:02:16,290 P4504 INFO *** Test time is 0.1608734130859375
2026-09-17 15:02:16,290 P4504 INFO Epoch 3/50, test f1: 0.87500 rc: 0.80769 pc: 0.95455. [0.24s]
2026-09-17 15:02:16,290 P4504 INFO early stopping epoch 1/15
2026-09-17 15:02:16,401 P4504 INFO Epoch 4/50, train generator loss: 1.09334
2026-09-17 15:02:16,493 P4504 INFO Epoch 4/50, train discriminator loss: 6.15714
2026-09-17 15:02:16,649 P4504 INFO *** Test time is 0.1568295955657959
2026-09-17 15:02:16,649 P4504 INFO Epoch 4/50, test f1: 0.76596 rc: 0.69231 pc: 0.85714. [0.20s]
2026-09-17 15:02:16,649 P4504 INFO early stopping epoch 2/15
2026-09-17 15:02:16,760 P4504 INFO Epoch 5/50, train generator loss: 0.93718
2026-09-17 15:02:16,881 P4504 INFO Epoch 5/50, train discriminator loss: 7.42623
2026-09-17 15:02:17,029 P4504 INFO *** Test time is 0.14758658409118652
2026-09-17 15:02:17,029 P4504 INFO Epoch 5/50, test f1: 0.34146 rc: 0.26923 pc: 0.46667. [0.23s]
2026-09-17 15:02:17,029 P4504 INFO early stopping epoch 3/15
2026-09-17 15:02:17,167 P4504 INFO Epoch 6/50, train generator loss: 0.75892
2026-09-17 15:02:17,276 P4504 INFO Epoch 6/50, train discriminator loss: 8.47107
2026-09-17 15:02:17,440 P4504 INFO *** Test time is 0.16200637817382812
2026-09-17 15:02:17,440 P4504 INFO Epoch 6/50, test f1: 0.15789 rc: 0.11538 pc: 0.25000. [0.25s]
2026-09-17 15:02:17,440 P4504 INFO early stopping epoch 4/15
2026-09-17 15:02:17,583 P4504 INFO Epoch 7/50, train generator loss: 0.64915
2026-09-17 15:02:17,694 P4504 INFO Epoch 7/50, train discriminator loss: 8.25557
2026-09-17 15:02:17,837 P4504 INFO *** Test time is 0.142897367477417
2026-09-17 15:02:17,837 P4504 INFO Epoch 7/50, test f1: 0.15385 rc: 0.11538 pc: 0.23077. [0.25s]
2026-09-17 15:02:17,837 P4504 INFO early stopping epoch 5/15
2026-09-17 15:02:17,970 P4504 INFO Epoch 8/50, train generator loss: 0.66040
2026-09-17 15:02:18,088 P4504 INFO Epoch 8/50, train discriminator loss: 7.09063
2026-09-17 15:02:18,234 P4504 INFO *** Test time is 0.14633679389953613
2026-09-17 15:02:18,234 P4504 INFO Epoch 8/50, test f1: 0.15385 rc: 0.11538 pc: 0.23077. [0.25s]
2026-09-17 15:02:18,234 P4504 INFO early stopping epoch 6/15
2026-09-17 15:02:18,369 P4504 INFO Epoch 9/50, train generator loss: 0.57250
2026-09-17 15:02:18,451 P4504 INFO Epoch 9/50, train discriminator loss: 6.05048
2026-09-17 15:02:18,610 P4504 INFO *** Test time is 0.15885162353515625
2026-09-17 15:02:18,610 P4504 INFO Epoch 9/50, test f1: 0.15385 rc: 0.11538 pc: 0.23077. [0.22s]
2026-09-17 15:02:18,610 P4504 INFO early stopping epoch 7/15
2026-09-17 15:02:18,736 P4504 INFO Epoch 10/50, train generator loss: 0.50092
2026-09-17 15:02:18,831 P4504 INFO Epoch 10/50, train discriminator loss: 5.67102
2026-09-17 15:02:19,000 P4504 INFO *** Test time is 0.1693098545074463
2026-09-17 15:02:19,000 P4504 INFO Epoch 10/50, test f1: 0.15385 rc: 0.11538 pc: 0.23077. [0.22s]
2026-09-17 15:02:19,000 P4504 INFO early stopping epoch 8/15
2026-09-17 15:02:19,114 P4504 INFO Epoch 11/50, train generator loss: 0.54712
2026-09-17 15:02:19,220 P4504 INFO Epoch 11/50, train discriminator loss: 5.60939
2026-09-17 15:02:19,367 P4504 INFO *** Test time is 0.1469440460205078
2026-09-17 15:02:19,367 P4504 INFO Epoch 11/50, test f1: 0.15385 rc: 0.11538 pc: 0.23077. [0.22s]
2026-09-17 15:02:19,367 P4504 INFO early stopping epoch 9/15
2026-09-17 15:02:19,493 P4504 INFO Epoch 12/50, train generator loss: 0.53859
2026-09-17 15:02:19,622 P4504 INFO Epoch 12/50, train discriminator loss: 5.60456
2026-09-17 15:02:19,840 P4504 INFO *** Test time is 0.21808695793151855
2026-09-17 15:02:19,840 P4504 INFO Epoch 12/50, test f1: 0.15385 rc: 0.11538 pc: 0.23077. [0.26s]
2026-09-17 15:02:19,844 P4504 INFO early stopping epoch 10/15
2026-09-17 15:02:20,030 P4504 INFO Epoch 13/50, train generator loss: 0.51529
2026-09-17 15:02:20,163 P4504 INFO Epoch 13/50, train discriminator loss: 5.57176
2026-09-17 15:02:20,375 P4504 INFO *** Test time is 0.20983171463012695
2026-09-17 15:02:20,375 P4504 INFO Epoch 13/50, test f1: 0.15385 rc: 0.11538 pc: 0.23077. [0.32s]
2026-09-17 15:02:20,375 P4504 INFO early stopping epoch 11/15
2026-09-17 15:02:20,554 P4504 INFO Epoch 14/50, train generator loss: 0.51512
2026-09-17 15:02:20,692 P4504 INFO Epoch 14/50, train discriminator loss: 5.56294
2026-09-17 15:02:20,896 P4504 INFO *** Test time is 0.2045581340789795
2026-09-17 15:02:20,896 P4504 INFO Epoch 14/50, test f1: 0.15789 rc: 0.11538 pc: 0.25000. [0.32s]
2026-09-17 15:02:20,896 P4504 INFO early stopping epoch 12/15
2026-09-17 15:02:21,080 P4504 INFO Epoch 15/50, train generator loss: 0.49482
2026-09-17 15:02:21,228 P4504 INFO Epoch 15/50, train discriminator loss: 5.60161
2026-09-17 15:02:21,449 P4504 INFO *** Test time is 0.2216017246246338
2026-09-17 15:02:21,449 P4504 INFO Epoch 15/50, test f1: 0.15789 rc: 0.11538 pc: 0.25000. [0.33s]
2026-09-17 15:02:21,449 P4504 INFO early stopping epoch 13/15
2026-09-17 15:02:21,631 P4504 INFO Epoch 16/50, train generator loss: 0.45298
2026-09-17 15:02:21,789 P4504 INFO Epoch 16/50, train discriminator loss: 5.64393
2026-09-17 15:02:22,006 P4504 INFO *** Test time is 0.2165851593017578
2026-09-17 15:02:22,006 P4504 INFO Epoch 16/50, test f1: 0.15789 rc: 0.11538 pc: 0.25000. [0.34s]
2026-09-17 15:02:22,006 P4504 INFO early stopping epoch 14/15
2026-09-17 15:02:22,195 P4504 INFO Epoch 17/50, train generator loss: 0.42973
2026-09-17 15:02:22,303 P4504 INFO Epoch 17/50, train discriminator loss: 5.65267
2026-09-17 15:02:22,446 P4504 INFO *** Test time is 0.14227890968322754
2026-09-17 15:02:22,446 P4504 INFO Epoch 17/50, test f1: 0.15789 rc: 0.11538 pc: 0.25000. [0.30s]
2026-09-17 15:02:22,446 P4504 INFO early stopping epoch 15/15
2026-09-17 15:02:22,446 P4504 INFO Early stopping
2026-09-17 15:02:22,541 P4504 INFO Threshold (p=95.0, src=val): 1.556686
2026-09-17 15:02:22,572 P4504 INFO *** Test F1 0.5405  of unsupervised traning
2026-09-17 15:02:22,572 P4504 INFO *** Best F1 {'f1': 0.875, 'rc': 0.8076923076923077, 'pc': 0.9545454545454546, 'threshold': np.float64(1.548685030937195)}  of unsupervised traning
2026-09-17 15:02:22,589 P4504 INFO Current hash id fa2d66d2
