2026-09-17 11:42:44,269 P18612 INFO ^^^^^^^^^^ Current Model:hades, 73ea7291 ^^^^^^^^^^
2026-09-17 11:42:44,269 P18612 INFO Load from D:\UAM-AD\data\sn
2026-09-17 11:42:44,594 P18612 INFO 375 unique log templates found.
2026-09-17 11:42:44,600 P18612 INFO Transforming unlabel train data.
2026-09-17 11:42:44,617 P18612 INFO Transforming test data.
2026-09-17 11:42:44,649 P18612 INFO 729 new templates show.
2026-09-17 11:42:44,681 P18612 INFO Transforming val data.
2026-09-17 11:42:44,681 P18612 INFO 77 new templates show.
2026-09-17 11:42:44,681 P18612 INFO Data loaded done!
2026-09-17 11:42:44,713 P18612 INFO Known word number: 375
2026-09-17 11:42:46,708 P18612 INFO Epoch 0/10, train generator loss: 1.24053
2026-09-17 11:42:46,784 P18612 INFO Epoch 0/10, train discriminator loss: 2.85543
2026-09-17 11:42:46,930 P18612 INFO *** Test time is 0.1457054615020752
2026-09-17 11:42:46,930 P18612 INFO Epoch 0/10, test f1: 0.78261 rc: 0.64286 pc: 1.00000. [0.59s]
2026-09-17 11:42:47,064 P18612 INFO Epoch 1/10, train generator loss: 1.18216
2026-09-17 11:42:47,172 P18612 INFO Epoch 1/10, train discriminator loss: 2.32451
2026-09-17 11:42:47,416 P18612 INFO *** Test time is 0.24371933937072754
2026-09-17 11:42:47,417 P18612 INFO Epoch 1/10, test f1: 0.78261 rc: 0.64286 pc: 1.00000. [0.23s]
2026-09-17 11:42:47,417 P18612 INFO early stopping epoch 1/5
2026-09-17 11:42:47,605 P18612 INFO Epoch 2/10, train generator loss: 1.19807
2026-09-17 11:42:47,718 P18612 INFO Epoch 2/10, train discriminator loss: 1.91059
2026-09-17 11:42:47,929 P18612 INFO *** Test time is 0.210801362991333
2026-09-17 11:42:47,929 P18612 INFO Epoch 2/10, test f1: 0.78261 rc: 0.64286 pc: 1.00000. [0.30s]
2026-09-17 11:42:47,929 P18612 INFO early stopping epoch 2/5
2026-09-17 11:42:48,072 P18612 INFO Epoch 3/10, train generator loss: 1.25997
2026-09-17 11:42:48,196 P18612 INFO Epoch 3/10, train discriminator loss: 1.58708
2026-09-17 11:42:48,387 P18612 INFO *** Test time is 0.190751314163208
2026-09-17 11:42:48,387 P18612 INFO Epoch 3/10, test f1: 0.78261 rc: 0.64286 pc: 1.00000. [0.27s]
2026-09-17 11:42:48,387 P18612 INFO early stopping epoch 3/5
2026-09-17 11:42:48,488 P18612 INFO Epoch 4/10, train generator loss: 1.34094
2026-09-17 11:42:48,560 P18612 INFO Epoch 4/10, train discriminator loss: 1.34859
2026-09-17 11:42:48,723 P18612 INFO *** Test time is 0.1625509262084961
2026-09-17 11:42:48,723 P18612 INFO Epoch 4/10, test f1: 0.78261 rc: 0.64286 pc: 1.00000. [0.17s]
2026-09-17 11:42:48,723 P18612 INFO early stopping epoch 4/5
2026-09-17 11:42:48,811 P18612 INFO Epoch 5/10, train generator loss: 1.43352
2026-09-17 11:42:48,878 P18612 INFO Epoch 5/10, train discriminator loss: 1.18509
2026-09-17 11:42:49,019 P18612 INFO *** Test time is 0.14089727401733398
2026-09-17 11:42:49,019 P18612 INFO Epoch 5/10, test f1: 0.78261 rc: 0.64286 pc: 1.00000. [0.16s]
2026-09-17 11:42:49,019 P18612 INFO early stopping epoch 5/5
2026-09-17 11:42:49,019 P18612 INFO Early stopping
2026-09-17 11:42:49,109 P18612 INFO Threshold (p=95.0, src=val): 1.379452
2026-09-17 11:42:49,139 P18612 INFO *** Test F1 0.8750  of unsupervised traning
2026-09-17 11:42:49,139 P18612 INFO *** Best F1 {'f1': 0.782608695652174, 'rc': 0.6428571428571429, 'pc': 1.0, 'threshold': np.float64(1.6189093589782715)}  of unsupervised traning
2026-09-17 11:42:49,141 P18612 INFO Current hash id 73ea7291
