2026-09-17 11:41:45,287 P11364 INFO ^^^^^^^^^^ Current Model:hades, 889b9408 ^^^^^^^^^^
2026-09-17 11:41:45,287 P11364 INFO Load from D:\UAM-AD\data\sn
2026-09-17 11:41:45,531 P11364 INFO 375 unique log templates found.
2026-09-17 11:41:45,539 P11364 INFO Transforming unlabel train data.
2026-09-17 11:41:45,579 P11364 INFO Transforming test data.
2026-09-17 11:41:45,611 P11364 INFO 734 new templates show.
2026-09-17 11:41:45,669 P11364 INFO Transforming val data.
2026-09-17 11:41:45,671 P11364 INFO 77 new templates show.
2026-09-17 11:41:45,674 P11364 INFO Data loaded done!
2026-09-17 11:41:45,722 P11364 INFO Known word number: 375
2026-09-17 11:41:45,970 P11364 INFO Epoch 0/10, train generator loss: 1.29456
2026-09-17 11:41:46,102 P11364 INFO Epoch 0/10, train discriminator loss: 2.87413
2026-09-17 11:41:46,320 P11364 INFO *** Test time is 0.21765947341918945
2026-09-17 11:41:46,320 P11364 INFO Epoch 0/10, test f1: 0.78261 rc: 0.64286 pc: 1.00000. [0.30s]
2026-09-17 11:41:46,495 P11364 INFO Epoch 1/10, train generator loss: 1.21901
2026-09-17 11:41:46,611 P11364 INFO Epoch 1/10, train discriminator loss: 2.12657
2026-09-17 11:41:46,779 P11364 INFO *** Test time is 0.16783452033996582
2026-09-17 11:41:46,779 P11364 INFO Epoch 1/10, test f1: 0.83333 rc: 0.71429 pc: 1.00000. [0.28s]
2026-09-17 11:41:46,922 P11364 INFO Epoch 2/10, train generator loss: 1.18605
2026-09-17 11:41:47,000 P11364 INFO Epoch 2/10, train discriminator loss: 1.70651
2026-09-17 11:41:47,145 P11364 INFO *** Test time is 0.1450045108795166
2026-09-17 11:41:47,145 P11364 INFO Epoch 2/10, test f1: 0.81633 rc: 0.71429 pc: 0.95238. [0.20s]
2026-09-17 11:41:47,145 P11364 INFO early stopping epoch 1/5
2026-09-17 11:41:47,250 P11364 INFO Epoch 3/10, train generator loss: 1.21472
2026-09-17 11:41:47,339 P11364 INFO Epoch 3/10, train discriminator loss: 1.44351
2026-09-17 11:41:47,493 P11364 INFO *** Test time is 0.15435242652893066
2026-09-17 11:41:47,493 P11364 INFO Epoch 3/10, test f1: 0.81633 rc: 0.71429 pc: 0.95238. [0.19s]
2026-09-17 11:41:47,493 P11364 INFO early stopping epoch 2/5
2026-09-17 11:41:47,620 P11364 INFO Epoch 4/10, train generator loss: 1.26013
2026-09-17 11:41:47,701 P11364 INFO Epoch 4/10, train discriminator loss: 1.26305
2026-09-17 11:41:47,842 P11364 INFO *** Test time is 0.14095783233642578
2026-09-17 11:41:47,842 P11364 INFO Epoch 4/10, test f1: 0.81633 rc: 0.71429 pc: 0.95238. [0.21s]
2026-09-17 11:41:47,842 P11364 INFO early stopping epoch 3/5
2026-09-17 11:41:47,947 P11364 INFO Epoch 5/10, train generator loss: 1.31141
2026-09-17 11:41:48,046 P11364 INFO Epoch 5/10, train discriminator loss: 1.15581
2026-09-17 11:41:48,186 P11364 INFO *** Test time is 0.139540433883667
2026-09-17 11:41:48,186 P11364 INFO Epoch 5/10, test f1: 0.81633 rc: 0.71429 pc: 0.95238. [0.20s]
2026-09-17 11:41:48,186 P11364 INFO early stopping epoch 4/5
2026-09-17 11:41:48,282 P11364 INFO Epoch 6/10, train generator loss: 1.36695
2026-09-17 11:41:48,360 P11364 INFO Epoch 6/10, train discriminator loss: 1.07646
2026-09-17 11:41:48,504 P11364 INFO *** Test time is 0.14423227310180664
2026-09-17 11:41:48,504 P11364 INFO Epoch 6/10, test f1: 0.81633 rc: 0.71429 pc: 0.95238. [0.17s]
2026-09-17 11:41:48,504 P11364 INFO early stopping epoch 5/5
2026-09-17 11:41:48,504 P11364 INFO Early stopping
2026-09-17 11:41:48,601 P11364 INFO Threshold (p=95.0, src=val): 1.271611
2026-09-17 11:41:48,632 P11364 INFO *** Test F1 0.8485  of unsupervised traning
2026-09-17 11:41:48,632 P11364 INFO *** Best F1 {'f1': 0.8333333333333334, 'rc': 0.7142857142857143, 'pc': 1.0, 'threshold': np.float64(1.3612886333465577)}  of unsupervised traning
2026-09-17 11:41:48,648 P11364 INFO Current hash id 889b9408
