2026-09-17 15:02:22,622 P4504 INFO ^^^^^^^^^^ Current Model:hades, 2bd906dc ^^^^^^^^^^
2026-09-17 15:02:22,622 P4504 INFO Load from D:\UAM-AD\data\sn
2026-09-17 15:02:22,859 P4504 INFO 375 unique log templates found.
2026-09-17 15:02:22,861 P4504 INFO Transforming unlabel train data.
2026-09-17 15:02:22,890 P4504 INFO Transforming test data.
2026-09-17 15:02:22,906 P4504 INFO 713 new templates show.
2026-09-17 15:02:22,940 P4504 INFO Transforming val data.
2026-09-17 15:02:22,940 P4504 INFO 77 new templates show.
2026-09-17 15:02:22,955 P4504 INFO Data loaded done!
2026-09-17 15:02:22,989 P4504 INFO Known word number: 375
2026-09-17 15:02:23,169 P4504 INFO Epoch 0/50, train generator loss: 1.50495
2026-09-17 15:02:23,281 P4504 INFO Epoch 0/50, train discriminator loss: 5.75201
2026-09-17 15:02:23,426 P4504 INFO *** Test time is 0.14209580421447754
2026-09-17 15:02:23,426 P4504 INFO Epoch 0/50, test f1: 0.87500 rc: 0.80769 pc: 0.95455. [0.25s]
2026-09-17 15:02:23,562 P4504 INFO Epoch 1/50, train generator loss: 1.36395
2026-09-17 15:02:23,658 P4504 INFO Epoch 1/50, train discriminator loss: 5.19118
2026-09-17 15:02:23,812 P4504 INFO *** Test time is 0.15406250953674316
2026-09-17 15:02:23,812 P4504 INFO Epoch 1/50, test f1: 0.77273 rc: 0.65385 pc: 0.94444. [0.23s]
2026-09-17 15:02:23,812 P4504 INFO early stopping epoch 1/15
2026-09-17 15:02:23,943 P4504 INFO Epoch 2/50, train generator loss: 1.29817
2026-09-17 15:02:24,048 P4504 INFO Epoch 2/50, train discriminator loss: 5.08476
2026-09-17 15:02:24,194 P4504 INFO *** Test time is 0.1460127830505371
2026-09-17 15:02:24,194 P4504 INFO Epoch 2/50, test f1: 0.77273 rc: 0.65385 pc: 0.94444. [0.24s]
2026-09-17 15:02:24,194 P4504 INFO early stopping epoch 2/15
2026-09-17 15:02:24,350 P4504 INFO Epoch 3/50, train generator loss: 1.18989
2026-09-17 15:02:24,442 P4504 INFO Epoch 3/50, train discriminator loss: 5.64103
2026-09-17 15:02:24,604 P4504 INFO *** Test time is 0.1613006591796875
2026-09-17 15:02:24,604 P4504 INFO Epoch 3/50, test f1: 0.87500 rc: 0.80769 pc: 0.95455. [0.25s]
2026-09-17 15:02:24,604 P4504 INFO early stopping epoch 3/15
2026-09-17 15:02:24,751 P4504 INFO Epoch 4/50, train generator loss: 1.03646
2026-09-17 15:02:24,861 P4504 INFO Epoch 4/50, train discriminator loss: 6.84927
2026-09-17 15:02:25,029 P4504 INFO *** Test time is 0.16719651222229004
2026-09-17 15:02:25,029 P4504 INFO Epoch 4/50, test f1: 0.59091 rc: 0.50000 pc: 0.72222. [0.26s]
2026-09-17 15:02:25,029 P4504 INFO early stopping epoch 4/15
2026-09-17 15:02:25,139 P4504 INFO Epoch 5/50, train generator loss: 0.84530
2026-09-17 15:02:25,261 P4504 INFO Epoch 5/50, train discriminator loss: 7.94426
2026-09-17 15:02:25,407 P4504 INFO *** Test time is 0.14651775360107422
2026-09-17 15:02:25,407 P4504 INFO Epoch 5/50, test f1: 0.16216 rc: 0.11538 pc: 0.27273. [0.23s]
2026-09-17 15:02:25,407 P4504 INFO early stopping epoch 5/15
2026-09-17 15:02:25,524 P4504 INFO Epoch 6/50, train generator loss: 0.64898
2026-09-17 15:02:25,634 P4504 INFO Epoch 6/50, train discriminator loss: 8.27566
2026-09-17 15:02:25,769 P4504 INFO *** Test time is 0.13506507873535156
2026-09-17 15:02:25,769 P4504 INFO Epoch 6/50, test f1: 0.16216 rc: 0.11538 pc: 0.27273. [0.23s]
2026-09-17 15:02:25,769 P4504 INFO early stopping epoch 6/15
2026-09-17 15:02:25,864 P4504 INFO Epoch 7/50, train generator loss: 0.66984
2026-09-17 15:02:25,965 P4504 INFO Epoch 7/50, train discriminator loss: 7.19942
2026-09-17 15:02:26,150 P4504 INFO *** Test time is 0.18523001670837402
2026-09-17 15:02:26,150 P4504 INFO Epoch 7/50, test f1: 0.16216 rc: 0.11538 pc: 0.27273. [0.20s]
2026-09-17 15:02:26,150 P4504 INFO early stopping epoch 7/15
2026-09-17 15:02:26,246 P4504 INFO Epoch 8/50, train generator loss: 0.61959
2026-09-17 15:02:26,390 P4504 INFO Epoch 8/50, train discriminator loss: 6.14622
2026-09-17 15:02:26,616 P4504 INFO *** Test time is 0.2244713306427002
2026-09-17 15:02:26,616 P4504 INFO Epoch 8/50, test f1: 0.16216 rc: 0.11538 pc: 0.27273. [0.24s]
2026-09-17 15:02:26,616 P4504 INFO early stopping epoch 8/15
2026-09-17 15:02:26,753 P4504 INFO Epoch 9/50, train generator loss: 0.51593
2026-09-17 15:02:26,888 P4504 INFO Epoch 9/50, train discriminator loss: 5.61293
2026-09-17 15:02:27,119 P4504 INFO *** Test time is 0.23126864433288574
2026-09-17 15:02:27,119 P4504 INFO Epoch 9/50, test f1: 0.15789 rc: 0.11538 pc: 0.25000. [0.27s]
2026-09-17 15:02:27,119 P4504 INFO early stopping epoch 9/15
2026-09-17 15:02:27,282 P4504 INFO Epoch 10/50, train generator loss: 0.50449
2026-09-17 15:02:27,441 P4504 INFO Epoch 10/50, train discriminator loss: 5.50742
2026-09-17 15:02:27,633 P4504 INFO *** Test time is 0.1919384002685547
2026-09-17 15:02:27,633 P4504 INFO Epoch 10/50, test f1: 0.15789 rc: 0.11538 pc: 0.25000. [0.32s]
2026-09-17 15:02:27,633 P4504 INFO early stopping epoch 10/15
2026-09-17 15:02:27,822 P4504 INFO Epoch 11/50, train generator loss: 0.51773
2026-09-17 15:02:27,964 P4504 INFO Epoch 11/50, train discriminator loss: 5.52263
2026-09-17 15:02:28,170 P4504 INFO *** Test time is 0.20650029182434082
2026-09-17 15:02:28,170 P4504 INFO Epoch 11/50, test f1: 0.15789 rc: 0.11538 pc: 0.25000. [0.33s]
2026-09-17 15:02:28,170 P4504 INFO early stopping epoch 11/15
2026-09-17 15:02:28,324 P4504 INFO Epoch 12/50, train generator loss: 0.48100
2026-09-17 15:02:28,455 P4504 INFO Epoch 12/50, train discriminator loss: 5.54081
2026-09-17 15:02:28,659 P4504 INFO *** Test time is 0.20387768745422363
2026-09-17 15:02:28,659 P4504 INFO Epoch 12/50, test f1: 0.15789 rc: 0.11538 pc: 0.25000. [0.29s]
2026-09-17 15:02:28,674 P4504 INFO early stopping epoch 12/15
2026-09-17 15:02:28,832 P4504 INFO Epoch 13/50, train generator loss: 0.48075
2026-09-17 15:02:28,953 P4504 INFO Epoch 13/50, train discriminator loss: 5.55999
2026-09-17 15:02:29,085 P4504 INFO *** Test time is 0.13241982460021973
2026-09-17 15:02:29,085 P4504 INFO Epoch 13/50, test f1: 0.15789 rc: 0.11538 pc: 0.25000. [0.28s]
2026-09-17 15:02:29,085 P4504 INFO early stopping epoch 13/15
2026-09-17 15:02:29,180 P4504 INFO Epoch 14/50, train generator loss: 0.47410
2026-09-17 15:02:29,295 P4504 INFO Epoch 14/50, train discriminator loss: 5.60461
2026-09-17 15:02:29,434 P4504 INFO *** Test time is 0.13654828071594238
2026-09-17 15:02:29,434 P4504 INFO Epoch 14/50, test f1: 0.15789 rc: 0.11538 pc: 0.25000. [0.21s]
2026-09-17 15:02:29,434 P4504 INFO early stopping epoch 14/15
2026-09-17 15:02:29,551 P4504 INFO Epoch 15/50, train generator loss: 0.44981
2026-09-17 15:02:29,683 P4504 INFO Epoch 15/50, train discriminator loss: 5.65164
2026-09-17 15:02:29,817 P4504 INFO *** Test time is 0.13320136070251465
2026-09-17 15:02:29,817 P4504 INFO Epoch 15/50, test f1: 0.15789 rc: 0.11538 pc: 0.25000. [0.25s]
2026-09-17 15:02:29,817 P4504 INFO early stopping epoch 15/15
2026-09-17 15:02:29,817 P4504 INFO Early stopping
2026-09-17 15:02:29,939 P4504 INFO Threshold (p=95.0, src=val): 1.719837
2026-09-17 15:02:29,971 P4504 INFO *** Test F1 0.7143  of unsupervised traning
2026-09-17 15:02:29,971 P4504 INFO *** Best F1 {'f1': 0.875, 'rc': 0.8076923076923077, 'pc': 0.9545454545454546, 'threshold': np.float64(1.7410713052749633)}  of unsupervised traning
2026-09-17 15:02:29,982 P4504 INFO Current hash id 2bd906dc
