2026-09-17 11:43:52,835 P27204 INFO ^^^^^^^^^^ Current Model:hades, ec88df57 ^^^^^^^^^^
2026-09-17 11:43:52,835 P27204 INFO Load from D:\UAM-AD\data\sn
2026-09-17 11:43:53,152 P27204 INFO 375 unique log templates found.
2026-09-17 11:43:53,160 P27204 INFO Transforming unlabel train data.
2026-09-17 11:43:53,205 P27204 INFO Transforming test data.
2026-09-17 11:43:53,249 P27204 INFO 721 new templates show.
2026-09-17 11:43:53,302 P27204 INFO Transforming val data.
2026-09-17 11:43:53,304 P27204 INFO 77 new templates show.
2026-09-17 11:43:53,306 P27204 INFO Data loaded done!
2026-09-17 11:43:53,365 P27204 INFO Known word number: 375
2026-09-17 11:43:55,713 P27204 INFO Epoch 0/10, train generator loss: 1.22324
2026-09-17 11:43:55,819 P27204 INFO Epoch 0/10, train discriminator loss: 2.83546
2026-09-17 11:43:55,965 P27204 INFO *** Test time is 0.14623618125915527
2026-09-17 11:43:55,965 P27204 INFO Epoch 0/10, test f1: 0.83333 rc: 0.76923 pc: 0.90909. [0.63s]
2026-09-17 11:43:56,092 P27204 INFO Epoch 1/10, train generator loss: 1.17783
2026-09-17 11:43:56,186 P27204 INFO Epoch 1/10, train discriminator loss: 2.29632
2026-09-17 11:43:56,345 P27204 INFO *** Test time is 0.15882086753845215
2026-09-17 11:43:56,345 P27204 INFO Epoch 1/10, test f1: 0.83333 rc: 0.76923 pc: 0.90909. [0.21s]
2026-09-17 11:43:56,345 P27204 INFO early stopping epoch 1/5
2026-09-17 11:43:56,479 P27204 INFO Epoch 2/10, train generator loss: 1.20750
2026-09-17 11:43:56,567 P27204 INFO Epoch 2/10, train discriminator loss: 1.90338
2026-09-17 11:43:56,733 P27204 INFO *** Test time is 0.1662139892578125
2026-09-17 11:43:56,733 P27204 INFO Epoch 2/10, test f1: 0.83333 rc: 0.76923 pc: 0.90909. [0.22s]
2026-09-17 11:43:56,733 P27204 INFO early stopping epoch 2/5
2026-09-17 11:43:56,830 P27204 INFO Epoch 3/10, train generator loss: 1.27884
2026-09-17 11:43:56,916 P27204 INFO Epoch 3/10, train discriminator loss: 1.59443
2026-09-17 11:43:57,052 P27204 INFO *** Test time is 0.13570356369018555
2026-09-17 11:43:57,052 P27204 INFO Epoch 3/10, test f1: 0.83333 rc: 0.76923 pc: 0.90909. [0.18s]
2026-09-17 11:43:57,052 P27204 INFO early stopping epoch 3/5
2026-09-17 11:43:57,137 P27204 INFO Epoch 4/10, train generator loss: 1.36806
2026-09-17 11:43:57,224 P27204 INFO Epoch 4/10, train discriminator loss: 1.38013
2026-09-17 11:43:57,372 P27204 INFO *** Test time is 0.14737176895141602
2026-09-17 11:43:57,372 P27204 INFO Epoch 4/10, test f1: 0.83333 rc: 0.76923 pc: 0.90909. [0.17s]
2026-09-17 11:43:57,372 P27204 INFO early stopping epoch 4/5
2026-09-17 11:43:57,501 P27204 INFO Epoch 5/10, train generator loss: 1.46171
2026-09-17 11:43:57,585 P27204 INFO Epoch 5/10, train discriminator loss: 1.24188
2026-09-17 11:43:57,752 P27204 INFO *** Test time is 0.16629505157470703
2026-09-17 11:43:57,752 P27204 INFO Epoch 5/10, test f1: 0.85106 rc: 0.76923 pc: 0.95238. [0.21s]
2026-09-17 11:43:57,865 P27204 INFO Epoch 6/10, train generator loss: 1.56029
2026-09-17 11:43:57,944 P27204 INFO Epoch 6/10, train discriminator loss: 1.13846
2026-09-17 11:43:58,108 P27204 INFO *** Test time is 0.1636979579925537
2026-09-17 11:43:58,108 P27204 INFO Epoch 6/10, test f1: 0.85106 rc: 0.76923 pc: 0.95238. [0.18s]
2026-09-17 11:43:58,108 P27204 INFO early stopping epoch 1/5
2026-09-17 11:43:58,209 P27204 INFO Epoch 7/10, train generator loss: 1.66306
2026-09-17 11:43:58,290 P27204 INFO Epoch 7/10, train discriminator loss: 1.06002
2026-09-17 11:43:58,442 P27204 INFO *** Test time is 0.15166354179382324
2026-09-17 11:43:58,442 P27204 INFO Epoch 7/10, test f1: 0.85106 rc: 0.76923 pc: 0.95238. [0.18s]
2026-09-17 11:43:58,442 P27204 INFO early stopping epoch 2/5
2026-09-17 11:43:58,571 P27204 INFO Epoch 8/10, train generator loss: 1.76383
2026-09-17 11:43:58,689 P27204 INFO Epoch 8/10, train discriminator loss: 1.02632
2026-09-17 11:43:58,886 P27204 INFO *** Test time is 0.19707131385803223
2026-09-17 11:43:58,886 P27204 INFO Epoch 8/10, test f1: 0.85106 rc: 0.76923 pc: 0.95238. [0.25s]
2026-09-17 11:43:58,886 P27204 INFO early stopping epoch 3/5
2026-09-17 11:43:59,044 P27204 INFO Epoch 9/10, train generator loss: 1.84272
2026-09-17 11:43:59,149 P27204 INFO Epoch 9/10, train discriminator loss: 1.06665
2026-09-17 11:43:59,360 P27204 INFO *** Test time is 0.21119928359985352
2026-09-17 11:43:59,360 P27204 INFO Epoch 9/10, test f1: 0.89362 rc: 0.80769 pc: 1.00000. [0.26s]
2026-09-17 11:43:59,518 P27204 INFO Threshold (p=95.0, src=val): 1.358830
2026-09-17 11:43:59,568 P27204 INFO *** Test F1 0.8627  of unsupervised traning
2026-09-17 11:43:59,568 P27204 INFO *** Best F1 {'f1': 0.8936170212765957, 'rc': 0.8076923076923077, 'pc': 1.0, 'threshold': np.float64(1.400238914489746)}  of unsupervised traning
2026-09-17 11:43:59,570 P27204 INFO Current hash id ec88df57
