2026-09-17 14:54:53,267 P23216 INFO ^^^^^^^^^^ Current Model:hades, c27c0810 ^^^^^^^^^^
2026-09-17 14:54:53,267 P23216 INFO Load from D:\UAM-AD\data\sn
2026-09-17 14:54:53,538 P23216 INFO 375 unique log templates found.
2026-09-17 14:54:53,544 P23216 INFO Transforming unlabel train data.
2026-09-17 14:54:53,570 P23216 INFO Transforming test data.
2026-09-17 14:54:53,602 P23216 INFO 734 new templates show.
2026-09-17 14:54:53,634 P23216 INFO Transforming val data.
2026-09-17 14:54:53,634 P23216 INFO 77 new templates show.
2026-09-17 14:54:53,634 P23216 INFO Data loaded done!
2026-09-17 14:54:53,668 P23216 INFO Known word number: 375
2026-09-17 14:54:53,872 P23216 INFO Epoch 0/50, train generator loss: 1.55372
2026-09-17 14:54:53,986 P23216 INFO Epoch 0/50, train discriminator loss: 5.67604
2026-09-17 14:54:54,141 P23216 INFO *** Test time is 0.15565276145935059
2026-09-17 14:54:54,141 P23216 INFO Epoch 0/50, test f1: 0.96296 rc: 0.92857 pc: 1.00000. [0.27s]
2026-09-17 14:54:54,281 P23216 INFO Epoch 1/50, train generator loss: 1.38088
2026-09-17 14:54:54,377 P23216 INFO Epoch 1/50, train discriminator loss: 5.17876
2026-09-17 14:54:54,520 P23216 INFO *** Test time is 0.1424858570098877
2026-09-17 14:54:54,520 P23216 INFO Epoch 1/50, test f1: 0.96296 rc: 0.92857 pc: 1.00000. [0.23s]
2026-09-17 14:54:54,520 P23216 INFO early stopping epoch 1/15
2026-09-17 14:54:54,669 P23216 INFO Epoch 2/50, train generator loss: 1.30113
2026-09-17 14:54:54,778 P23216 INFO Epoch 2/50, train discriminator loss: 5.07092
2026-09-17 14:54:54,914 P23216 INFO *** Test time is 0.13609838485717773
2026-09-17 14:54:54,914 P23216 INFO Epoch 2/50, test f1: 0.96296 rc: 0.92857 pc: 1.00000. [0.26s]
2026-09-17 14:54:54,914 P23216 INFO early stopping epoch 2/15
2026-09-17 14:54:55,041 P23216 INFO Epoch 3/50, train generator loss: 1.19918
2026-09-17 14:54:55,144 P23216 INFO Epoch 3/50, train discriminator loss: 5.44921
2026-09-17 14:54:55,302 P23216 INFO *** Test time is 0.15757060050964355
2026-09-17 14:54:55,302 P23216 INFO Epoch 3/50, test f1: 0.96296 rc: 0.92857 pc: 1.00000. [0.23s]
2026-09-17 14:54:55,302 P23216 INFO early stopping epoch 3/15
2026-09-17 14:54:55,437 P23216 INFO Epoch 4/50, train generator loss: 1.04559
2026-09-17 14:54:55,548 P23216 INFO Epoch 4/50, train discriminator loss: 6.48515
2026-09-17 14:54:55,692 P23216 INFO *** Test time is 0.14438962936401367
2026-09-17 14:54:55,692 P23216 INFO Epoch 4/50, test f1: 0.96296 rc: 0.92857 pc: 1.00000. [0.25s]
2026-09-17 14:54:55,692 P23216 INFO early stopping epoch 4/15
2026-09-17 14:54:55,820 P23216 INFO Epoch 5/50, train generator loss: 0.86257
2026-09-17 14:54:55,927 P23216 INFO Epoch 5/50, train discriminator loss: 7.72447
2026-09-17 14:54:56,077 P23216 INFO *** Test time is 0.1506340503692627
2026-09-17 14:54:56,077 P23216 INFO Epoch 5/50, test f1: 0.96296 rc: 0.92857 pc: 1.00000. [0.23s]
2026-09-17 14:54:56,077 P23216 INFO early stopping epoch 5/15
2026-09-17 14:54:56,196 P23216 INFO Epoch 6/50, train generator loss: 0.69502
2026-09-17 14:54:56,313 P23216 INFO Epoch 6/50, train discriminator loss: 8.32701
2026-09-17 14:54:56,450 P23216 INFO *** Test time is 0.1353626251220703
2026-09-17 14:54:56,450 P23216 INFO Epoch 6/50, test f1: 0.88462 rc: 0.82143 pc: 0.95833. [0.24s]
2026-09-17 14:54:56,450 P23216 INFO early stopping epoch 6/15
2026-09-17 14:54:56,564 P23216 INFO Epoch 7/50, train generator loss: 0.65425
2026-09-17 14:54:56,675 P23216 INFO Epoch 7/50, train discriminator loss: 7.53109
2026-09-17 14:54:56,815 P23216 INFO *** Test time is 0.13825654983520508
2026-09-17 14:54:56,815 P23216 INFO Epoch 7/50, test f1: 0.90566 rc: 0.85714 pc: 0.96000. [0.23s]
2026-09-17 14:54:56,815 P23216 INFO early stopping epoch 7/15
2026-09-17 14:54:56,921 P23216 INFO Epoch 8/50, train generator loss: 0.63107
2026-09-17 14:54:57,077 P23216 INFO Epoch 8/50, train discriminator loss: 6.42730
2026-09-17 14:54:57,275 P23216 INFO *** Test time is 0.1975231170654297
2026-09-17 14:54:57,275 P23216 INFO Epoch 8/50, test f1: 0.90566 rc: 0.85714 pc: 0.96000. [0.26s]
2026-09-17 14:54:57,275 P23216 INFO early stopping epoch 8/15
2026-09-17 14:54:57,454 P23216 INFO Epoch 9/50, train generator loss: 0.54206
2026-09-17 14:54:57,603 P23216 INFO Epoch 9/50, train discriminator loss: 5.68653
2026-09-17 14:54:57,813 P23216 INFO *** Test time is 0.21025991439819336
2026-09-17 14:54:57,813 P23216 INFO Epoch 9/50, test f1: 0.90566 rc: 0.85714 pc: 0.96000. [0.33s]
2026-09-17 14:54:57,813 P23216 INFO early stopping epoch 9/15
2026-09-17 14:54:57,976 P23216 INFO Epoch 10/50, train generator loss: 0.49059
2026-09-17 14:54:58,139 P23216 INFO Epoch 10/50, train discriminator loss: 5.51806
2026-09-17 14:54:58,336 P23216 INFO *** Test time is 0.19649100303649902
2026-09-17 14:54:58,336 P23216 INFO Epoch 10/50, test f1: 0.92308 rc: 0.85714 pc: 1.00000. [0.33s]
2026-09-17 14:54:58,336 P23216 INFO early stopping epoch 10/15
2026-09-17 14:54:58,533 P23216 INFO Epoch 11/50, train generator loss: 0.52324
2026-09-17 14:54:58,694 P23216 INFO Epoch 11/50, train discriminator loss: 5.62445
2026-09-17 14:54:58,891 P23216 INFO *** Test time is 0.1935272216796875
2026-09-17 14:54:58,891 P23216 INFO Epoch 11/50, test f1: 0.92308 rc: 0.85714 pc: 1.00000. [0.36s]
2026-09-17 14:54:58,891 P23216 INFO early stopping epoch 11/15
2026-09-17 14:54:59,108 P23216 INFO Epoch 12/50, train generator loss: 0.48127
2026-09-17 14:54:59,286 P23216 INFO Epoch 12/50, train discriminator loss: 5.71814
2026-09-17 14:54:59,485 P23216 INFO *** Test time is 0.19931793212890625
2026-09-17 14:54:59,485 P23216 INFO Epoch 12/50, test f1: 0.92308 rc: 0.85714 pc: 1.00000. [0.39s]
2026-09-17 14:54:59,485 P23216 INFO early stopping epoch 12/15
2026-09-17 14:54:59,636 P23216 INFO Epoch 13/50, train generator loss: 0.49893
2026-09-17 14:54:59,752 P23216 INFO Epoch 13/50, train discriminator loss: 5.69559
2026-09-17 14:54:59,920 P23216 INFO *** Test time is 0.16748547554016113
2026-09-17 14:54:59,920 P23216 INFO Epoch 13/50, test f1: 0.92308 rc: 0.85714 pc: 1.00000. [0.27s]
2026-09-17 14:54:59,920 P23216 INFO early stopping epoch 13/15
2026-09-17 14:55:00,016 P23216 INFO Epoch 14/50, train generator loss: 0.50479
2026-09-17 14:55:00,124 P23216 INFO Epoch 14/50, train discriminator loss: 5.65676
2026-09-17 14:55:00,280 P23216 INFO *** Test time is 0.1560499668121338
2026-09-17 14:55:00,280 P23216 INFO Epoch 14/50, test f1: 0.92308 rc: 0.85714 pc: 1.00000. [0.20s]
2026-09-17 14:55:00,280 P23216 INFO early stopping epoch 14/15
2026-09-17 14:55:00,370 P23216 INFO Epoch 15/50, train generator loss: 0.46999
2026-09-17 14:55:00,486 P23216 INFO Epoch 15/50, train discriminator loss: 5.64796
2026-09-17 14:55:00,623 P23216 INFO *** Test time is 0.13721132278442383
2026-09-17 14:55:00,623 P23216 INFO Epoch 15/50, test f1: 0.92308 rc: 0.85714 pc: 1.00000. [0.21s]
2026-09-17 14:55:00,623 P23216 INFO early stopping epoch 15/15
2026-09-17 14:55:00,623 P23216 INFO Early stopping
2026-09-17 14:55:00,719 P23216 INFO Threshold (p=95.0, src=val): 1.703866
2026-09-17 14:55:00,751 P23216 INFO *** Test F1 0.9474  of unsupervised traning
2026-09-17 14:55:00,751 P23216 INFO *** Best F1 {'f1': 0.9629629629629629, 'rc': 0.9285714285714286, 'pc': 1.0, 'threshold': np.float64(2.508723459243775)}  of unsupervised traning
2026-09-17 14:55:00,751 P23216 INFO Current hash id c27c0810
