2026-09-17 15:00:22,405 P8488 INFO ^^^^^^^^^^ Current Model:hades, 3f31bddc ^^^^^^^^^^
2026-09-17 15:00:22,405 P8488 INFO Load from D:\UAM-AD\data\sn
2026-09-17 15:00:22,596 P8488 INFO 375 unique log templates found.
2026-09-17 15:00:22,612 P8488 INFO Transforming unlabel train data.
2026-09-17 15:00:22,640 P8488 INFO Transforming test data.
2026-09-17 15:00:22,679 P8488 INFO 721 new templates show.
2026-09-17 15:00:22,706 P8488 INFO Transforming val data.
2026-09-17 15:00:22,706 P8488 INFO 77 new templates show.
2026-09-17 15:00:22,706 P8488 INFO Data loaded done!
2026-09-17 15:00:22,746 P8488 INFO Known word number: 375
2026-09-17 15:00:22,928 P8488 INFO Epoch 0/50, train generator loss: 1.46679
2026-09-17 15:00:23,036 P8488 INFO Epoch 0/50, train discriminator loss: 5.53523
2026-09-17 15:00:23,180 P8488 INFO *** Test time is 0.14244842529296875
2026-09-17 15:00:23,180 P8488 INFO Epoch 0/50, test f1: 0.66667 rc: 0.53846 pc: 0.87500. [0.23s]
2026-09-17 15:00:23,327 P8488 INFO Epoch 1/50, train generator loss: 1.34616
2026-09-17 15:00:23,424 P8488 INFO Epoch 1/50, train discriminator loss: 4.94988
2026-09-17 15:00:23,592 P8488 INFO *** Test time is 0.16799044609069824
2026-09-17 15:00:23,592 P8488 INFO Epoch 1/50, test f1: 0.78261 rc: 0.69231 pc: 0.90000. [0.23s]
2026-09-17 15:00:23,755 P8488 INFO Epoch 2/50, train generator loss: 1.27563
2026-09-17 15:00:23,859 P8488 INFO Epoch 2/50, train discriminator loss: 4.85001
2026-09-17 15:00:24,003 P8488 INFO *** Test time is 0.14340472221374512
2026-09-17 15:00:24,003 P8488 INFO Epoch 2/50, test f1: 0.78261 rc: 0.69231 pc: 0.90000. [0.24s]
2026-09-17 15:00:24,003 P8488 INFO early stopping epoch 1/15
2026-09-17 15:00:24,149 P8488 INFO Epoch 3/50, train generator loss: 1.15763
2026-09-17 15:00:24,263 P8488 INFO Epoch 3/50, train discriminator loss: 5.43094
2026-09-17 15:00:24,425 P8488 INFO *** Test time is 0.16280674934387207
2026-09-17 15:00:24,425 P8488 INFO Epoch 3/50, test f1: 0.78261 rc: 0.69231 pc: 0.90000. [0.26s]
2026-09-17 15:00:24,425 P8488 INFO early stopping epoch 2/15
2026-09-17 15:00:24,547 P8488 INFO Epoch 4/50, train generator loss: 1.03254
2026-09-17 15:00:24,653 P8488 INFO Epoch 4/50, train discriminator loss: 6.48053
2026-09-17 15:00:24,792 P8488 INFO *** Test time is 0.13980984687805176
2026-09-17 15:00:24,792 P8488 INFO Epoch 4/50, test f1: 0.59091 rc: 0.50000 pc: 0.72222. [0.23s]
2026-09-17 15:00:24,792 P8488 INFO early stopping epoch 3/15
2026-09-17 15:00:24,955 P8488 INFO Epoch 5/50, train generator loss: 0.84980
2026-09-17 15:00:25,062 P8488 INFO Epoch 5/50, train discriminator loss: 7.42716
2026-09-17 15:00:25,219 P8488 INFO *** Test time is 0.15738630294799805
2026-09-17 15:00:25,219 P8488 INFO Epoch 5/50, test f1: 0.48889 rc: 0.42308 pc: 0.57895. [0.27s]
2026-09-17 15:00:25,219 P8488 INFO early stopping epoch 4/15
2026-09-17 15:00:25,350 P8488 INFO Epoch 6/50, train generator loss: 0.66128
2026-09-17 15:00:25,476 P8488 INFO Epoch 6/50, train discriminator loss: 7.95263
2026-09-17 15:00:25,617 P8488 INFO *** Test time is 0.14036059379577637
2026-09-17 15:00:25,617 P8488 INFO Epoch 6/50, test f1: 0.30769 rc: 0.23077 pc: 0.46154. [0.26s]
2026-09-17 15:00:25,617 P8488 INFO early stopping epoch 5/15
2026-09-17 15:00:25,749 P8488 INFO Epoch 7/50, train generator loss: 0.62281
2026-09-17 15:00:25,871 P8488 INFO Epoch 7/50, train discriminator loss: 7.35019
2026-09-17 15:00:26,066 P8488 INFO *** Test time is 0.19335699081420898
2026-09-17 15:00:26,066 P8488 INFO Epoch 7/50, test f1: 0.30000 rc: 0.23077 pc: 0.42857. [0.26s]
2026-09-17 15:00:26,066 P8488 INFO early stopping epoch 6/15
2026-09-17 15:00:26,214 P8488 INFO Epoch 8/50, train generator loss: 0.61911
2026-09-17 15:00:26,367 P8488 INFO Epoch 8/50, train discriminator loss: 6.26561
2026-09-17 15:00:26,583 P8488 INFO *** Test time is 0.21687650680541992
2026-09-17 15:00:26,583 P8488 INFO Epoch 8/50, test f1: 0.30000 rc: 0.23077 pc: 0.42857. [0.30s]
2026-09-17 15:00:26,583 P8488 INFO early stopping epoch 7/15
2026-09-17 15:00:26,737 P8488 INFO Epoch 9/50, train generator loss: 0.53082
2026-09-17 15:00:26,874 P8488 INFO Epoch 9/50, train discriminator loss: 5.57790
2026-09-17 15:00:27,099 P8488 INFO *** Test time is 0.22465252876281738
2026-09-17 15:00:27,099 P8488 INFO Epoch 9/50, test f1: 0.32432 rc: 0.23077 pc: 0.54545. [0.29s]
2026-09-17 15:00:27,099 P8488 INFO early stopping epoch 8/15
2026-09-17 15:00:27,297 P8488 INFO Epoch 10/50, train generator loss: 0.48719
2026-09-17 15:00:27,458 P8488 INFO Epoch 10/50, train discriminator loss: 5.43542
2026-09-17 15:00:27,664 P8488 INFO *** Test time is 0.20544695854187012
2026-09-17 15:00:27,664 P8488 INFO Epoch 10/50, test f1: 0.33333 rc: 0.23077 pc: 0.60000. [0.36s]
2026-09-17 15:00:27,664 P8488 INFO early stopping epoch 9/15
2026-09-17 15:00:27,855 P8488 INFO Epoch 11/50, train generator loss: 0.51452
2026-09-17 15:00:28,016 P8488 INFO Epoch 11/50, train discriminator loss: 5.44166
2026-09-17 15:00:28,221 P8488 INFO *** Test time is 0.2047119140625
2026-09-17 15:00:28,221 P8488 INFO Epoch 11/50, test f1: 0.31579 rc: 0.23077 pc: 0.50000. [0.35s]
2026-09-17 15:00:28,221 P8488 INFO early stopping epoch 10/15
2026-09-17 15:00:28,373 P8488 INFO Epoch 12/50, train generator loss: 0.46723
2026-09-17 15:00:28,505 P8488 INFO Epoch 12/50, train discriminator loss: 5.46360
2026-09-17 15:00:28,652 P8488 INFO *** Test time is 0.14722919464111328
2026-09-17 15:00:28,652 P8488 INFO Epoch 12/50, test f1: 0.30769 rc: 0.23077 pc: 0.46154. [0.28s]
2026-09-17 15:00:28,652 P8488 INFO early stopping epoch 11/15
2026-09-17 15:00:28,764 P8488 INFO Epoch 13/50, train generator loss: 0.46314
2026-09-17 15:00:28,871 P8488 INFO Epoch 13/50, train discriminator loss: 5.49277
2026-09-17 15:00:29,016 P8488 INFO *** Test time is 0.14480352401733398
2026-09-17 15:00:29,016 P8488 INFO Epoch 13/50, test f1: 0.30769 rc: 0.23077 pc: 0.46154. [0.22s]
2026-09-17 15:00:29,016 P8488 INFO early stopping epoch 12/15
2026-09-17 15:00:29,124 P8488 INFO Epoch 14/50, train generator loss: 0.45402
2026-09-17 15:00:29,231 P8488 INFO Epoch 14/50, train discriminator loss: 5.54924
2026-09-17 15:00:29,401 P8488 INFO *** Test time is 0.16985368728637695
2026-09-17 15:00:29,403 P8488 INFO Epoch 14/50, test f1: 0.30769 rc: 0.23077 pc: 0.46154. [0.21s]
2026-09-17 15:00:29,403 P8488 INFO early stopping epoch 13/15
2026-09-17 15:00:29,500 P8488 INFO Epoch 15/50, train generator loss: 0.42419
2026-09-17 15:00:29,611 P8488 INFO Epoch 15/50, train discriminator loss: 5.60906
2026-09-17 15:00:29,753 P8488 INFO *** Test time is 0.14213347434997559
2026-09-17 15:00:29,753 P8488 INFO Epoch 15/50, test f1: 0.32432 rc: 0.23077 pc: 0.54545. [0.21s]
2026-09-17 15:00:29,753 P8488 INFO early stopping epoch 14/15
2026-09-17 15:00:29,859 P8488 INFO Epoch 16/50, train generator loss: 0.40047
2026-09-17 15:00:29,957 P8488 INFO Epoch 16/50, train discriminator loss: 5.62709
2026-09-17 15:00:30,116 P8488 INFO *** Test time is 0.15839290618896484
2026-09-17 15:00:30,116 P8488 INFO Epoch 16/50, test f1: 0.33333 rc: 0.23077 pc: 0.60000. [0.20s]
2026-09-17 15:00:30,116 P8488 INFO early stopping epoch 15/15
2026-09-17 15:00:30,116 P8488 INFO Early stopping
2026-09-17 15:00:30,226 P8488 INFO Threshold (p=95.0, src=val): 1.608269
2026-09-17 15:00:30,270 P8488 INFO *** Test F1 0.3529  of unsupervised traning
2026-09-17 15:00:30,270 P8488 INFO *** Best F1 {'f1': 0.782608695652174, 'rc': 0.6923076923076923, 'pc': 0.9, 'threshold': np.float64(1.5830139493942261)}  of unsupervised traning
2026-09-17 15:00:30,273 P8488 INFO Current hash id 3f31bddc
