2026-09-27 10:06:04,860 P25580 INFO ^^^^^^^^^^ Current Model:hades, eefd19f8 ^^^^^^^^^^
2026-09-27 10:06:04,860 P25580 INFO Load from D:/UAM-AD/data/deeptralog
2026-09-27 10:06:09,710 P25580 INFO 642 unique log templates found.
2026-09-27 10:06:09,714 P25580 INFO Transforming unlabel train data.
2026-09-27 10:06:10,060 P25580 INFO Transforming test data.
2026-09-27 10:06:10,165 P25580 INFO 742 new templates show.
2026-09-27 10:06:11,185 P25580 INFO Transforming val data.
2026-09-27 10:06:11,194 P25580 INFO 53 new templates show.
2026-09-27 10:06:11,509 P25580 INFO Data loaded done!
2026-09-27 10:13:37,800 P25580 INFO Known word number: 642
2026-09-27 10:14:13,035 P25580 INFO Epoch 0/10, train generator loss: 0.62762
2026-09-27 10:14:29,049 P25580 INFO Epoch 0/10, train discriminator loss: 4.50311
2026-09-27 10:14:31,359 P25580 INFO Epoch 0/10, val score: 0.35449. [37.51s]
2026-09-27 10:14:45,440 P25580 INFO Epoch 1/10, train generator loss: 0.34419
2026-09-27 10:15:01,070 P25580 INFO Epoch 1/10, train discriminator loss: 5.62330
2026-09-27 10:15:03,502 P25580 INFO Epoch 1/10, val score: 0.25171. [29.60s]
2026-09-27 10:15:21,381 P25580 INFO Epoch 2/10, train generator loss: 0.27666
2026-09-27 10:15:41,648 P25580 INFO Epoch 2/10, train discriminator loss: 5.41661
2026-09-27 10:15:44,420 P25580 INFO Epoch 2/10, val score: 0.20818. [38.08s]
2026-09-27 10:16:04,886 P25580 INFO Epoch 3/10, train generator loss: 0.23641
2026-09-27 10:16:25,402 P25580 INFO Epoch 3/10, train discriminator loss: 4.59424
2026-09-27 10:16:27,843 P25580 INFO Epoch 3/10, val score: 0.18148. [40.89s]
2026-09-27 10:16:46,508 P25580 INFO Epoch 4/10, train generator loss: 0.19455
2026-09-27 10:17:04,889 P25580 INFO Epoch 4/10, train discriminator loss: 4.30472
2026-09-27 10:17:07,392 P25580 INFO Epoch 4/10, val score: 0.15078. [36.97s]
2026-09-27 10:17:26,236 P25580 INFO Epoch 5/10, train generator loss: 0.16610
2026-09-27 10:17:40,843 P25580 INFO Epoch 5/10, train discriminator loss: 3.28901
2026-09-27 10:17:42,806 P25580 INFO Epoch 5/10, val score: 0.13252. [33.38s]
2026-09-27 10:17:57,539 P25580 INFO Epoch 6/10, train generator loss: 0.13099
2026-09-27 10:18:16,612 P25580 INFO Epoch 6/10, train discriminator loss: 2.98002
2026-09-27 10:18:19,895 P25580 INFO Epoch 6/10, val score: 0.11782. [33.76s]
2026-09-27 10:18:44,705 P25580 INFO Epoch 7/10, train generator loss: 0.10286
2026-09-27 10:19:04,295 P25580 INFO Epoch 7/10, train discriminator loss: 2.49373
2026-09-27 10:19:06,703 P25580 INFO Epoch 7/10, val score: 0.10595. [44.29s]
2026-09-27 10:19:25,758 P25580 INFO Epoch 8/10, train generator loss: 0.08800
2026-09-27 10:19:45,172 P25580 INFO Epoch 8/10, train discriminator loss: 2.23535
2026-09-27 10:19:48,223 P25580 INFO Epoch 8/10, val score: 0.09657. [38.40s]
2026-09-27 10:20:08,257 P25580 INFO Epoch 9/10, train generator loss: 0.07623
2026-09-27 10:20:28,107 P25580 INFO Epoch 9/10, train discriminator loss: 2.14105
2026-09-27 10:20:30,738 P25580 INFO Epoch 9/10, val score: 0.08834. [39.80s]
2026-09-27 10:20:34,735 P25580 INFO Threshold (p=95.0, src=val, n=7475): 0.359636
2026-09-27 10:20:43,888 P25580 INFO Saved trace_scores.npz -> D:/ClaudeWork/e5/res_C_F13_s2\eefd19f8\trace_scores.npz
2026-09-27 10:20:52,420 P25580 INFO *** Oracle F1 0.4502 (test-swept threshold, point_adjust)
2026-09-27 10:21:01,559 P25580 INFO Dumped score components -> D:/ClaudeWork/e5/comp_C_F13_s2.npz
2026-09-27 10:21:01,564 P25580 INFO *** (reference) raw fusion_loss sum: F1 0.2630 P 0.3964 R 0.1967 AUROC 0.8278 AUPRC 0.3321
2026-09-27 10:21:11,030 P25580 INFO trace_err term: val median 0.0000, scale 0.1733; one error span -> z=4.0
2026-09-27 10:21:11,032 P25580 INFO async count term normalised within message-bearing traces: 650 val entries (8.7%), median 0.0276, scale 0.1869; z=0 without messages
2026-09-27 10:21:11,104 P25580 INFO *** Test F1 0.8614 P 0.7571 R 0.9989 AUROC 0.9896 AUPRC 0.8900 (norm_sum, val threshold; terms=['log_kpi_loss', 'trace_dis', 'trace_dis_async', 'trace_dis_order', 'trace_err'], val-median={'log_kpi_loss': 0.0219, 'trace_dis': 0.9522, 'trace_dis_async': 0.0002, 'trace_dis_order': 0.0044, 'trace_err': 0.0}, val-p95.0-minus-median={'log_kpi_loss': 0.3054, 'trace_dis': 0.012, 'trace_dis_async': 0.0262, 'trace_dis_order': 0.6065, 'trace_err': np.float64(0.1733)})
2026-09-27 10:21:11,224 P25580 INFO Current hash id eefd19f8
