2026-09-17 11:43:41,729 P23128 INFO ^^^^^^^^^^ Current Model:hades, 27e1458d ^^^^^^^^^^
2026-09-17 11:43:41,729 P23128 INFO Load from D:\UAM-AD\data\sn
2026-09-17 11:43:42,028 P23128 INFO 375 unique log templates found.
2026-09-17 11:43:42,032 P23128 INFO Transforming unlabel train data.
2026-09-17 11:43:42,081 P23128 INFO Transforming test data.
2026-09-17 11:43:42,117 P23128 INFO 729 new templates show.
2026-09-17 11:43:42,172 P23128 INFO Transforming val data.
2026-09-17 11:43:42,172 P23128 INFO 77 new templates show.
2026-09-17 11:43:42,172 P23128 INFO Data loaded done!
2026-09-17 11:43:42,228 P23128 INFO Known word number: 375
2026-09-17 11:43:42,444 P23128 INFO Epoch 0/10, train generator loss: 1.22599
2026-09-17 11:43:42,601 P23128 INFO Epoch 0/10, train discriminator loss: 2.60772
2026-09-17 11:43:42,811 P23128 INFO *** Test time is 0.21074604988098145
2026-09-17 11:43:42,811 P23128 INFO Epoch 0/10, test f1: 0.87500 rc: 0.77778 pc: 1.00000. [0.33s]
2026-09-17 11:43:42,977 P23128 INFO Epoch 1/10, train generator loss: 1.14028
2026-09-17 11:43:43,098 P23128 INFO Epoch 1/10, train discriminator loss: 2.02059
2026-09-17 11:43:43,324 P23128 INFO *** Test time is 0.2260591983795166
2026-09-17 11:43:43,324 P23128 INFO Epoch 1/10, test f1: 0.87500 rc: 0.77778 pc: 1.00000. [0.27s]
2026-09-17 11:43:43,324 P23128 INFO early stopping epoch 1/5
2026-09-17 11:43:43,481 P23128 INFO Epoch 2/10, train generator loss: 1.13525
2026-09-17 11:43:43,608 P23128 INFO Epoch 2/10, train discriminator loss: 1.59772
2026-09-17 11:43:43,805 P23128 INFO *** Test time is 0.19715452194213867
2026-09-17 11:43:43,805 P23128 INFO Epoch 2/10, test f1: 0.87500 rc: 0.77778 pc: 1.00000. [0.28s]
2026-09-17 11:43:43,805 P23128 INFO early stopping epoch 2/5
2026-09-17 11:43:43,901 P23128 INFO Epoch 3/10, train generator loss: 1.15447
2026-09-17 11:43:43,963 P23128 INFO Epoch 3/10, train discriminator loss: 1.33802
2026-09-17 11:43:44,115 P23128 INFO *** Test time is 0.15207982063293457
2026-09-17 11:43:44,115 P23128 INFO Epoch 3/10, test f1: 0.83333 rc: 0.74074 pc: 0.95238. [0.16s]
2026-09-17 11:43:44,115 P23128 INFO early stopping epoch 3/5
2026-09-17 11:43:44,214 P23128 INFO Epoch 4/10, train generator loss: 1.17377
2026-09-17 11:43:44,295 P23128 INFO Epoch 4/10, train discriminator loss: 1.19089
2026-09-17 11:43:44,437 P23128 INFO *** Test time is 0.14249730110168457
2026-09-17 11:43:44,437 P23128 INFO Epoch 4/10, test f1: 0.83333 rc: 0.74074 pc: 0.95238. [0.18s]
2026-09-17 11:43:44,437 P23128 INFO early stopping epoch 4/5
2026-09-17 11:43:44,561 P23128 INFO Epoch 5/10, train generator loss: 1.20246
2026-09-17 11:43:44,646 P23128 INFO Epoch 5/10, train discriminator loss: 1.08867
2026-09-17 11:43:44,800 P23128 INFO *** Test time is 0.15402865409851074
2026-09-17 11:43:44,800 P23128 INFO Epoch 5/10, test f1: 0.83333 rc: 0.74074 pc: 0.95238. [0.21s]
2026-09-17 11:43:44,800 P23128 INFO early stopping epoch 5/5
2026-09-17 11:43:44,800 P23128 INFO Early stopping
2026-09-17 11:43:44,909 P23128 INFO Threshold (p=95.0, src=val): 1.320045
2026-09-17 11:43:44,935 P23128 INFO *** Test F1 0.8525  of unsupervised traning
2026-09-17 11:43:44,935 P23128 INFO *** Best F1 {'f1': 0.875, 'rc': 0.7777777777777778, 'pc': 1.0, 'threshold': np.float64(1.397975869178772)}  of unsupervised traning
2026-09-17 11:43:44,945 P23128 INFO Current hash id 27e1458d
