2026-09-17 14:57:46,085 P29060 INFO ^^^^^^^^^^ Current Model:hades, f2da36f7 ^^^^^^^^^^
2026-09-17 14:57:46,085 P29060 INFO Load from D:\UAM-AD\data\sn
2026-09-17 14:57:46,382 P29060 INFO 375 unique log templates found.
2026-09-17 14:57:46,382 P29060 INFO Transforming unlabel train data.
2026-09-17 14:57:46,424 P29060 INFO Transforming test data.
2026-09-17 14:57:46,461 P29060 INFO 729 new templates show.
2026-09-17 14:57:46,514 P29060 INFO Transforming val data.
2026-09-17 14:57:46,514 P29060 INFO 77 new templates show.
2026-09-17 14:57:46,525 P29060 INFO Data loaded done!
2026-09-17 14:57:46,581 P29060 INFO Known word number: 375
2026-09-17 14:57:46,796 P29060 INFO Epoch 0/50, train generator loss: 1.45805
2026-09-17 14:57:46,905 P29060 INFO Epoch 0/50, train discriminator loss: 5.36255
2026-09-17 14:57:47,047 P29060 INFO *** Test time is 0.14215636253356934
2026-09-17 14:57:47,047 P29060 INFO Epoch 0/50, test f1: 0.80851 rc: 0.67857 pc: 1.00000. [0.25s]
2026-09-17 14:57:47,218 P29060 INFO Epoch 1/50, train generator loss: 1.36388
2026-09-17 14:57:47,343 P29060 INFO Epoch 1/50, train discriminator loss: 4.86314
2026-09-17 14:57:47,491 P29060 INFO *** Test time is 0.14777922630310059
2026-09-17 14:57:47,491 P29060 INFO Epoch 1/50, test f1: 0.80851 rc: 0.67857 pc: 1.00000. [0.27s]
2026-09-17 14:57:47,491 P29060 INFO early stopping epoch 1/15
2026-09-17 14:57:47,647 P29060 INFO Epoch 2/50, train generator loss: 1.27138
2026-09-17 14:57:47,755 P29060 INFO Epoch 2/50, train discriminator loss: 4.87529
2026-09-17 14:57:47,917 P29060 INFO *** Test time is 0.16205692291259766
2026-09-17 14:57:47,917 P29060 INFO Epoch 2/50, test f1: 0.80851 rc: 0.67857 pc: 1.00000. [0.26s]
2026-09-17 14:57:47,917 P29060 INFO early stopping epoch 2/15
2026-09-17 14:57:48,070 P29060 INFO Epoch 3/50, train generator loss: 1.15137
2026-09-17 14:57:48,203 P29060 INFO Epoch 3/50, train discriminator loss: 5.56495
2026-09-17 14:57:48,353 P29060 INFO *** Test time is 0.15090060234069824
2026-09-17 14:57:48,353 P29060 INFO Epoch 3/50, test f1: 0.80851 rc: 0.67857 pc: 1.00000. [0.29s]
2026-09-17 14:57:48,353 P29060 INFO early stopping epoch 3/15
2026-09-17 14:57:48,468 P29060 INFO Epoch 4/50, train generator loss: 1.02645
2026-09-17 14:57:48,565 P29060 INFO Epoch 4/50, train discriminator loss: 6.66244
2026-09-17 14:57:48,720 P29060 INFO *** Test time is 0.15531349182128906
2026-09-17 14:57:48,728 P29060 INFO Epoch 4/50, test f1: 0.75000 rc: 0.64286 pc: 0.90000. [0.21s]
2026-09-17 14:57:48,728 P29060 INFO early stopping epoch 4/15
2026-09-17 14:57:48,873 P29060 INFO Epoch 5/50, train generator loss: 0.84767
2026-09-17 14:57:48,976 P29060 INFO Epoch 5/50, train discriminator loss: 7.66248
2026-09-17 14:57:49,132 P29060 INFO *** Test time is 0.1559619903564453
2026-09-17 14:57:49,132 P29060 INFO Epoch 5/50, test f1: 0.41860 rc: 0.32143 pc: 0.60000. [0.25s]
2026-09-17 14:57:49,132 P29060 INFO early stopping epoch 5/15
2026-09-17 14:57:49,257 P29060 INFO Epoch 6/50, train generator loss: 0.64312
2026-09-17 14:57:49,353 P29060 INFO Epoch 6/50, train discriminator loss: 8.15372
2026-09-17 14:57:49,557 P29060 INFO *** Test time is 0.20416951179504395
2026-09-17 14:57:49,557 P29060 INFO Epoch 6/50, test f1: 0.31818 rc: 0.25000 pc: 0.43750. [0.22s]
2026-09-17 14:57:49,557 P29060 INFO early stopping epoch 6/15
2026-09-17 14:57:49,646 P29060 INFO Epoch 7/50, train generator loss: 0.64015
2026-09-17 14:57:49,757 P29060 INFO Epoch 7/50, train discriminator loss: 7.28927
2026-09-17 14:57:49,921 P29060 INFO *** Test time is 0.1645646095275879
2026-09-17 14:57:49,921 P29060 INFO Epoch 7/50, test f1: 0.27273 rc: 0.21429 pc: 0.37500. [0.20s]
2026-09-17 14:57:49,921 P29060 INFO early stopping epoch 7/15
2026-09-17 14:57:50,022 P29060 INFO Epoch 8/50, train generator loss: 0.63174
2026-09-17 14:57:50,132 P29060 INFO Epoch 8/50, train discriminator loss: 6.15371
2026-09-17 14:57:50,287 P29060 INFO *** Test time is 0.15456700325012207
2026-09-17 14:57:50,287 P29060 INFO Epoch 8/50, test f1: 0.27273 rc: 0.21429 pc: 0.37500. [0.21s]
2026-09-17 14:57:50,287 P29060 INFO early stopping epoch 8/15
2026-09-17 14:57:50,398 P29060 INFO Epoch 9/50, train generator loss: 0.54183
2026-09-17 14:57:50,508 P29060 INFO Epoch 9/50, train discriminator loss: 5.51421
2026-09-17 14:57:50,666 P29060 INFO *** Test time is 0.15787267684936523
2026-09-17 14:57:50,666 P29060 INFO Epoch 9/50, test f1: 0.36364 rc: 0.28571 pc: 0.50000. [0.22s]
2026-09-17 14:57:50,666 P29060 INFO early stopping epoch 9/15
2026-09-17 14:57:50,856 P29060 INFO Epoch 10/50, train generator loss: 0.48815
2026-09-17 14:57:51,007 P29060 INFO Epoch 10/50, train discriminator loss: 5.38246
2026-09-17 14:57:51,204 P29060 INFO *** Test time is 0.19695806503295898
2026-09-17 14:57:51,204 P29060 INFO Epoch 10/50, test f1: 0.40000 rc: 0.32143 pc: 0.52941. [0.34s]
2026-09-17 14:57:51,204 P29060 INFO early stopping epoch 10/15
2026-09-17 14:57:51,391 P29060 INFO Epoch 11/50, train generator loss: 0.52884
2026-09-17 14:57:51,553 P29060 INFO Epoch 11/50, train discriminator loss: 5.39959
2026-09-17 14:57:51,760 P29060 INFO *** Test time is 0.20663094520568848
2026-09-17 14:57:51,760 P29060 INFO Epoch 11/50, test f1: 0.40000 rc: 0.32143 pc: 0.52941. [0.35s]
2026-09-17 14:57:51,760 P29060 INFO early stopping epoch 11/15
2026-09-17 14:57:51,973 P29060 INFO Epoch 12/50, train generator loss: 0.51555
2026-09-17 14:57:52,155 P29060 INFO Epoch 12/50, train discriminator loss: 5.42861
2026-09-17 14:57:52,373 P29060 INFO *** Test time is 0.21796321868896484
2026-09-17 14:57:52,373 P29060 INFO Epoch 12/50, test f1: 0.35556 rc: 0.28571 pc: 0.47059. [0.40s]
2026-09-17 14:57:52,373 P29060 INFO early stopping epoch 12/15
2026-09-17 14:57:52,553 P29060 INFO Epoch 13/50, train generator loss: 0.47377
2026-09-17 14:57:52,709 P29060 INFO Epoch 13/50, train discriminator loss: 5.42701
2026-09-17 14:57:52,916 P29060 INFO *** Test time is 0.2069849967956543
2026-09-17 14:57:52,916 P29060 INFO Epoch 13/50, test f1: 0.27907 rc: 0.21429 pc: 0.40000. [0.34s]
2026-09-17 14:57:52,916 P29060 INFO early stopping epoch 13/15
2026-09-17 14:57:53,089 P29060 INFO Epoch 14/50, train generator loss: 0.47332
2026-09-17 14:57:53,247 P29060 INFO Epoch 14/50, train discriminator loss: 5.44608
2026-09-17 14:57:53,413 P29060 INFO *** Test time is 0.16569209098815918
2026-09-17 14:57:53,413 P29060 INFO Epoch 14/50, test f1: 0.27907 rc: 0.21429 pc: 0.40000. [0.33s]
2026-09-17 14:57:53,413 P29060 INFO early stopping epoch 14/15
2026-09-17 14:57:53,519 P29060 INFO Epoch 15/50, train generator loss: 0.47386
2026-09-17 14:57:53,622 P29060 INFO Epoch 15/50, train discriminator loss: 5.49145
2026-09-17 14:57:53,790 P29060 INFO *** Test time is 0.16769003868103027
2026-09-17 14:57:53,790 P29060 INFO Epoch 15/50, test f1: 0.27907 rc: 0.21429 pc: 0.40000. [0.21s]
2026-09-17 14:57:53,790 P29060 INFO early stopping epoch 15/15
2026-09-17 14:57:53,790 P29060 INFO Early stopping
2026-09-17 14:57:53,917 P29060 INFO Threshold (p=95.0, src=val): 1.750791
2026-09-17 14:57:53,949 P29060 INFO *** Test F1 0.9492  of unsupervised traning
2026-09-17 14:57:53,949 P29060 INFO *** Best F1 {'f1': 0.8085106382978723, 'rc': 0.6785714285714286, 'pc': 1.0, 'threshold': np.float64(1.8517073392868042)}  of unsupervised traning
2026-09-17 14:57:53,949 P29060 INFO Current hash id f2da36f7
