2026-09-17 11:41:51,600 P11364 INFO ^^^^^^^^^^ Current Model:hades, 3a9ea283 ^^^^^^^^^^
2026-09-17 11:41:51,602 P11364 INFO Load from D:\UAM-AD\data\sn
2026-09-17 11:41:51,856 P11364 INFO 375 unique log templates found.
2026-09-17 11:41:51,875 P11364 INFO Transforming unlabel train data.
2026-09-17 11:41:51,887 P11364 INFO Transforming test data.
2026-09-17 11:41:51,919 P11364 INFO 734 new templates show.
2026-09-17 11:41:51,951 P11364 INFO Transforming val data.
2026-09-17 11:41:51,951 P11364 INFO 77 new templates show.
2026-09-17 11:41:51,951 P11364 INFO Data loaded done!
2026-09-17 11:41:51,982 P11364 INFO Known word number: 375
2026-09-17 11:41:52,161 P11364 INFO Epoch 0/10, train generator loss: 1.28518
2026-09-17 11:41:52,219 P11364 INFO Epoch 0/10, train discriminator loss: 2.85046
2026-09-17 11:41:52,377 P11364 INFO *** Test time is 0.15832877159118652
2026-09-17 11:41:52,377 P11364 INFO Epoch 0/10, test f1: 0.81633 rc: 0.71429 pc: 0.95238. [0.19s]
2026-09-17 11:41:52,535 P11364 INFO Epoch 1/10, train generator loss: 1.21295
2026-09-17 11:41:52,614 P11364 INFO Epoch 1/10, train discriminator loss: 2.21947
2026-09-17 11:41:52,757 P11364 INFO *** Test time is 0.14226698875427246
2026-09-17 11:41:52,757 P11364 INFO Epoch 1/10, test f1: 0.81633 rc: 0.71429 pc: 0.95238. [0.19s]
2026-09-17 11:41:52,757 P11364 INFO early stopping epoch 1/5
2026-09-17 11:41:52,871 P11364 INFO Epoch 2/10, train generator loss: 1.20124
2026-09-17 11:41:52,937 P11364 INFO Epoch 2/10, train discriminator loss: 1.80910
2026-09-17 11:41:53,075 P11364 INFO *** Test time is 0.13768720626831055
2026-09-17 11:41:53,075 P11364 INFO Epoch 2/10, test f1: 0.81633 rc: 0.71429 pc: 0.95238. [0.18s]
2026-09-17 11:41:53,075 P11364 INFO early stopping epoch 2/5
2026-09-17 11:41:53,191 P11364 INFO Epoch 3/10, train generator loss: 1.21343
2026-09-17 11:41:53,268 P11364 INFO Epoch 3/10, train discriminator loss: 1.53488
2026-09-17 11:41:53,420 P11364 INFO *** Test time is 0.15211820602416992
2026-09-17 11:41:53,420 P11364 INFO Epoch 3/10, test f1: 0.81633 rc: 0.71429 pc: 0.95238. [0.19s]
2026-09-17 11:41:53,420 P11364 INFO early stopping epoch 3/5
2026-09-17 11:41:53,557 P11364 INFO Epoch 4/10, train generator loss: 1.24503
2026-09-17 11:41:53,633 P11364 INFO Epoch 4/10, train discriminator loss: 1.31593
2026-09-17 11:41:53,785 P11364 INFO *** Test time is 0.15179061889648438
2026-09-17 11:41:53,785 P11364 INFO Epoch 4/10, test f1: 0.81633 rc: 0.71429 pc: 0.95238. [0.21s]
2026-09-17 11:41:53,785 P11364 INFO early stopping epoch 4/5
2026-09-17 11:41:53,890 P11364 INFO Epoch 5/10, train generator loss: 1.28512
2026-09-17 11:41:53,969 P11364 INFO Epoch 5/10, train discriminator loss: 1.13694
2026-09-17 11:41:54,133 P11364 INFO *** Test time is 0.16404414176940918
2026-09-17 11:41:54,133 P11364 INFO Epoch 5/10, test f1: 0.81633 rc: 0.71429 pc: 0.95238. [0.18s]
2026-09-17 11:41:54,133 P11364 INFO early stopping epoch 5/5
2026-09-17 11:41:54,133 P11364 INFO Early stopping
2026-09-17 11:41:54,246 P11364 INFO Threshold (p=95.0, src=val): 1.388526
2026-09-17 11:41:54,279 P11364 INFO *** Test F1 0.9032  of unsupervised traning
2026-09-17 11:41:54,279 P11364 INFO *** Best F1 {'f1': 0.8163265306122449, 'rc': 0.7142857142857143, 'pc': 0.9523809523809523, 'threshold': np.float64(1.462020182609558)}  of unsupervised traning
2026-09-17 11:41:54,279 P11364 INFO Current hash id 3a9ea283
