2026-09-17 14:57:30,372 P29060 INFO ^^^^^^^^^^ Current Model:hades, 059f702f ^^^^^^^^^^
2026-09-17 14:57:30,372 P29060 INFO Load from D:\UAM-AD\data\sn
2026-09-17 14:57:30,578 P29060 INFO 375 unique log templates found.
2026-09-17 14:57:30,590 P29060 INFO Transforming unlabel train data.
2026-09-17 14:57:30,623 P29060 INFO Transforming test data.
2026-09-17 14:57:30,657 P29060 INFO 729 new templates show.
2026-09-17 14:57:30,705 P29060 INFO Transforming val data.
2026-09-17 14:57:30,715 P29060 INFO 77 new templates show.
2026-09-17 14:57:30,719 P29060 INFO Data loaded done!
2026-09-17 14:57:30,784 P29060 INFO Known word number: 375
2026-09-17 14:57:31,047 P29060 INFO Epoch 0/50, train generator loss: 1.50927
2026-09-17 14:57:31,184 P29060 INFO Epoch 0/50, train discriminator loss: 5.39439
2026-09-17 14:57:31,388 P29060 INFO *** Test time is 0.20487666130065918
2026-09-17 14:57:31,388 P29060 INFO Epoch 0/50, test f1: 0.80851 rc: 0.67857 pc: 1.00000. [0.33s]
2026-09-17 14:57:31,585 P29060 INFO Epoch 1/50, train generator loss: 1.39401
2026-09-17 14:57:31,718 P29060 INFO Epoch 1/50, train discriminator loss: 4.88752
2026-09-17 14:57:31,941 P29060 INFO *** Test time is 0.22159695625305176
2026-09-17 14:57:31,941 P29060 INFO Epoch 1/50, test f1: 0.80851 rc: 0.67857 pc: 1.00000. [0.32s]
2026-09-17 14:57:31,941 P29060 INFO early stopping epoch 1/15
2026-09-17 14:57:32,151 P29060 INFO Epoch 2/50, train generator loss: 1.29090
2026-09-17 14:57:32,331 P29060 INFO Epoch 2/50, train discriminator loss: 4.88102
2026-09-17 14:57:32,526 P29060 INFO *** Test time is 0.19479656219482422
2026-09-17 14:57:32,526 P29060 INFO Epoch 2/50, test f1: 0.80851 rc: 0.67857 pc: 1.00000. [0.39s]
2026-09-17 14:57:32,526 P29060 INFO early stopping epoch 2/15
2026-09-17 14:57:32,697 P29060 INFO Epoch 3/50, train generator loss: 1.17664
2026-09-17 14:57:32,848 P29060 INFO Epoch 3/50, train discriminator loss: 5.55720
2026-09-17 14:57:33,079 P29060 INFO *** Test time is 0.23049426078796387
2026-09-17 14:57:33,079 P29060 INFO Epoch 3/50, test f1: 0.80851 rc: 0.67857 pc: 1.00000. [0.32s]
2026-09-17 14:57:33,079 P29060 INFO early stopping epoch 3/15
2026-09-17 14:57:33,271 P29060 INFO Epoch 4/50, train generator loss: 1.04204
2026-09-17 14:57:33,374 P29060 INFO Epoch 4/50, train discriminator loss: 6.68249
2026-09-17 14:57:33,518 P29060 INFO *** Test time is 0.14387798309326172
2026-09-17 14:57:33,518 P29060 INFO Epoch 4/50, test f1: 0.76596 rc: 0.64286 pc: 0.94737. [0.30s]
2026-09-17 14:57:33,518 P29060 INFO early stopping epoch 4/15
2026-09-17 14:57:33,635 P29060 INFO Epoch 5/50, train generator loss: 0.86264
2026-09-17 14:57:33,755 P29060 INFO Epoch 5/50, train discriminator loss: 7.76081
2026-09-17 14:57:33,900 P29060 INFO *** Test time is 0.1452031135559082
2026-09-17 14:57:33,900 P29060 INFO Epoch 5/50, test f1: 0.52174 rc: 0.42857 pc: 0.66667. [0.24s]
2026-09-17 14:57:33,900 P29060 INFO early stopping epoch 5/15
2026-09-17 14:57:34,016 P29060 INFO Epoch 6/50, train generator loss: 0.64404
2026-09-17 14:57:34,144 P29060 INFO Epoch 6/50, train discriminator loss: 8.43820
2026-09-17 14:57:34,299 P29060 INFO *** Test time is 0.15473127365112305
2026-09-17 14:57:34,299 P29060 INFO Epoch 6/50, test f1: 0.27907 rc: 0.21429 pc: 0.40000. [0.24s]
2026-09-17 14:57:34,299 P29060 INFO early stopping epoch 6/15
2026-09-17 14:57:34,428 P29060 INFO Epoch 7/50, train generator loss: 0.64068
2026-09-17 14:57:34,530 P29060 INFO Epoch 7/50, train discriminator loss: 7.53892
2026-09-17 14:57:34,669 P29060 INFO *** Test time is 0.1396632194519043
2026-09-17 14:57:34,669 P29060 INFO Epoch 7/50, test f1: 0.27273 rc: 0.21429 pc: 0.37500. [0.23s]
2026-09-17 14:57:34,669 P29060 INFO early stopping epoch 7/15
2026-09-17 14:57:34,792 P29060 INFO Epoch 8/50, train generator loss: 0.64498
2026-09-17 14:57:34,891 P29060 INFO Epoch 8/50, train discriminator loss: 6.32010
2026-09-17 14:57:35,034 P29060 INFO *** Test time is 0.14246416091918945
2026-09-17 14:57:35,034 P29060 INFO Epoch 8/50, test f1: 0.27273 rc: 0.21429 pc: 0.37500. [0.22s]
2026-09-17 14:57:35,034 P29060 INFO early stopping epoch 8/15
2026-09-17 14:57:35,161 P29060 INFO Epoch 9/50, train generator loss: 0.54132
2026-09-17 14:57:35,263 P29060 INFO Epoch 9/50, train discriminator loss: 5.55293
2026-09-17 14:57:35,399 P29060 INFO *** Test time is 0.13649725914001465
2026-09-17 14:57:35,413 P29060 INFO Epoch 9/50, test f1: 0.27273 rc: 0.21429 pc: 0.37500. [0.23s]
2026-09-17 14:57:35,413 P29060 INFO early stopping epoch 9/15
2026-09-17 14:57:35,529 P29060 INFO Epoch 10/50, train generator loss: 0.45759
2026-09-17 14:57:35,622 P29060 INFO Epoch 10/50, train discriminator loss: 5.34587
2026-09-17 14:57:35,767 P29060 INFO *** Test time is 0.14476275444030762
2026-09-17 14:57:35,767 P29060 INFO Epoch 10/50, test f1: 0.40000 rc: 0.32143 pc: 0.52941. [0.21s]
2026-09-17 14:57:35,767 P29060 INFO early stopping epoch 10/15
2026-09-17 14:57:35,914 P29060 INFO Epoch 11/50, train generator loss: 0.49309
2026-09-17 14:57:36,017 P29060 INFO Epoch 11/50, train discriminator loss: 5.42645
2026-09-17 14:57:36,175 P29060 INFO *** Test time is 0.15811824798583984
2026-09-17 14:57:36,175 P29060 INFO Epoch 11/50, test f1: 0.40000 rc: 0.32143 pc: 0.52941. [0.25s]
2026-09-17 14:57:36,175 P29060 INFO early stopping epoch 11/15
2026-09-17 14:57:36,318 P29060 INFO Epoch 12/50, train generator loss: 0.49244
2026-09-17 14:57:36,416 P29060 INFO Epoch 12/50, train discriminator loss: 5.55220
2026-09-17 14:57:36,595 P29060 INFO *** Test time is 0.17879033088684082
2026-09-17 14:57:36,595 P29060 INFO Epoch 12/50, test f1: 0.35556 rc: 0.28571 pc: 0.47059. [0.24s]
2026-09-17 14:57:36,595 P29060 INFO early stopping epoch 12/15
2026-09-17 14:57:36,701 P29060 INFO Epoch 13/50, train generator loss: 0.44529
2026-09-17 14:57:36,800 P29060 INFO Epoch 13/50, train discriminator loss: 5.62874
2026-09-17 14:57:36,958 P29060 INFO *** Test time is 0.158402681350708
2026-09-17 14:57:36,958 P29060 INFO Epoch 13/50, test f1: 0.31111 rc: 0.25000 pc: 0.41176. [0.20s]
2026-09-17 14:57:36,958 P29060 INFO early stopping epoch 13/15
2026-09-17 14:57:37,054 P29060 INFO Epoch 14/50, train generator loss: 0.43099
2026-09-17 14:57:37,176 P29060 INFO Epoch 14/50, train discriminator loss: 5.63859
2026-09-17 14:57:37,333 P29060 INFO *** Test time is 0.15665006637573242
2026-09-17 14:57:37,333 P29060 INFO Epoch 14/50, test f1: 0.31111 rc: 0.25000 pc: 0.41176. [0.22s]
2026-09-17 14:57:37,335 P29060 INFO early stopping epoch 14/15
2026-09-17 14:57:37,473 P29060 INFO Epoch 15/50, train generator loss: 0.43163
2026-09-17 14:57:37,607 P29060 INFO Epoch 15/50, train discriminator loss: 5.61400
2026-09-17 14:57:37,826 P29060 INFO *** Test time is 0.21881771087646484
2026-09-17 14:57:37,826 P29060 INFO Epoch 15/50, test f1: 0.31111 rc: 0.25000 pc: 0.41176. [0.27s]
2026-09-17 14:57:37,826 P29060 INFO early stopping epoch 15/15
2026-09-17 14:57:37,826 P29060 INFO Early stopping
2026-09-17 14:57:38,018 P29060 INFO Threshold (p=95.0, src=val): 1.718081
2026-09-17 14:57:38,071 P29060 INFO *** Test F1 0.8929  of unsupervised traning
2026-09-17 14:57:38,071 P29060 INFO *** Best F1 {'f1': 0.8085106382978723, 'rc': 0.6785714285714286, 'pc': 1.0, 'threshold': np.float64(1.7923004674911498)}  of unsupervised traning
2026-09-17 14:57:38,071 P29060 INFO Current hash id 059f702f
