2026-09-16 11:10:04,799 P9604 INFO ^^^^^^^^^^ Current Model:hades, 1d298a02 ^^^^^^^^^^
2026-09-16 11:10:04,799 P9604 INFO Load from D:\UAM-AD\data\sn
2026-09-16 11:10:05,163 P9604 INFO 375 unique log templates found.
2026-09-16 11:10:05,163 P9604 INFO Transforming unlabel train data.
2026-09-16 11:10:05,195 P9604 INFO Transforming test data.
2026-09-16 11:10:05,210 P9604 INFO 197 new templates show.
2026-09-16 11:10:05,242 P9604 INFO Transforming val data.
2026-09-16 11:10:05,242 P9604 INFO 77 new templates show.
2026-09-16 11:10:05,258 P9604 INFO Data loaded done!
2026-09-16 11:10:05,289 P9604 INFO Known word number: 375
2026-09-16 11:10:05,516 P9604 INFO Epoch 0/10, train generator loss: 1.54565
2026-09-16 11:10:05,638 P9604 INFO Epoch 0/10, train discriminator loss: 5.63127
2026-09-16 11:10:05,778 P9604 INFO *** Test time is 0.13243389129638672
2026-09-16 11:10:05,778 P9604 INFO Epoch 0/10, test f1: 0.66667 rc: 0.50000 pc: 1.00000. [0.31s]
2026-09-16 11:10:05,932 P9604 INFO Epoch 1/10, train generator loss: 1.39384
2026-09-16 11:10:06,053 P9604 INFO Epoch 1/10, train discriminator loss: 5.05472
2026-09-16 11:10:06,186 P9604 INFO *** Test time is 0.13335084915161133
2026-09-16 11:10:06,186 P9604 INFO Epoch 1/10, test f1: 0.66667 rc: 0.50000 pc: 1.00000. [0.27s]
2026-09-16 11:10:06,186 P9604 INFO early stopping epoch 1/5
2026-09-16 11:10:06,334 P9604 INFO Epoch 2/10, train generator loss: 1.38864
2026-09-16 11:10:06,446 P9604 INFO Epoch 2/10, train discriminator loss: 4.61746
2026-09-16 11:10:06,581 P9604 INFO *** Test time is 0.13594865798950195
2026-09-16 11:10:06,581 P9604 INFO Epoch 2/10, test f1: 0.66667 rc: 0.50000 pc: 1.00000. [0.26s]
2026-09-16 11:10:06,581 P9604 INFO early stopping epoch 2/5
2026-09-16 11:10:06,731 P9604 INFO Epoch 3/10, train generator loss: 1.40989
2026-09-16 11:10:06,836 P9604 INFO Epoch 3/10, train discriminator loss: 4.32595
2026-09-16 11:10:06,985 P9604 INFO *** Test time is 0.1493062973022461
2026-09-16 11:10:06,985 P9604 INFO Epoch 3/10, test f1: 0.66667 rc: 0.50000 pc: 1.00000. [0.25s]
2026-09-16 11:10:06,985 P9604 INFO early stopping epoch 3/5
2026-09-16 11:10:07,113 P9604 INFO Epoch 4/10, train generator loss: 1.44406
2026-09-16 11:10:07,235 P9604 INFO Epoch 4/10, train discriminator loss: 4.12550
2026-09-16 11:10:07,372 P9604 INFO *** Test time is 0.13698649406433105
2026-09-16 11:10:07,372 P9604 INFO Epoch 4/10, test f1: 0.66667 rc: 0.50000 pc: 1.00000. [0.25s]
2026-09-16 11:10:07,372 P9604 INFO early stopping epoch 4/5
2026-09-16 11:10:07,508 P9604 INFO Epoch 5/10, train generator loss: 1.48747
2026-09-16 11:10:07,603 P9604 INFO Epoch 5/10, train discriminator loss: 3.98169
2026-09-16 11:10:07,766 P9604 INFO *** Test time is 0.16234040260314941
2026-09-16 11:10:07,766 P9604 INFO Epoch 5/10, test f1: 0.66667 rc: 0.50000 pc: 1.00000. [0.23s]
2026-09-16 11:10:07,766 P9604 INFO early stopping epoch 5/5
2026-09-16 11:10:07,766 P9604 INFO Early stopping
2026-09-16 11:10:07,882 P9604 INFO Threshold (p=95.0, src=val): 1.736350
2026-09-16 11:10:07,910 P9604 INFO *** Test F1 0.4615  of unsupervised traning
2026-09-16 11:10:07,910 P9604 INFO *** Best F1 {'f1': 0.6666666666666666, 'rc': 0.5, 'pc': 1.0, 'threshold': np.float64(2.17835030555725)}  of unsupervised traning
2026-09-16 11:10:07,926 P9604 INFO Current hash id 1d298a02
