2026-09-17 11:43:00,605 P18612 INFO ^^^^^^^^^^ Current Model:hades, 2373a6bc ^^^^^^^^^^
2026-09-17 11:43:00,605 P18612 INFO Load from D:\UAM-AD\data\sn
2026-09-17 11:43:00,927 P18612 INFO 375 unique log templates found.
2026-09-17 11:43:00,935 P18612 INFO Transforming unlabel train data.
2026-09-17 11:43:00,976 P18612 INFO Transforming test data.
2026-09-17 11:43:01,012 P18612 INFO 729 new templates show.
2026-09-17 11:43:01,071 P18612 INFO Transforming val data.
2026-09-17 11:43:01,071 P18612 INFO 77 new templates show.
2026-09-17 11:43:01,071 P18612 INFO Data loaded done!
2026-09-17 11:43:01,118 P18612 INFO Known word number: 375
2026-09-17 11:43:01,359 P18612 INFO Epoch 0/10, train generator loss: 1.28935
2026-09-17 11:43:01,447 P18612 INFO Epoch 0/10, train discriminator loss: 2.81817
2026-09-17 11:43:01,580 P18612 INFO *** Test time is 0.13275909423828125
2026-09-17 11:43:01,580 P18612 INFO Epoch 0/10, test f1: 0.75556 rc: 0.60714 pc: 1.00000. [0.27s]
2026-09-17 11:43:01,706 P18612 INFO Epoch 1/10, train generator loss: 1.23449
2026-09-17 11:43:01,780 P18612 INFO Epoch 1/10, train discriminator loss: 2.22395
2026-09-17 11:43:01,938 P18612 INFO *** Test time is 0.158461332321167
2026-09-17 11:43:01,938 P18612 INFO Epoch 1/10, test f1: 0.78261 rc: 0.64286 pc: 1.00000. [0.17s]
2026-09-17 11:43:02,038 P18612 INFO Epoch 2/10, train generator loss: 1.19510
2026-09-17 11:43:02,119 P18612 INFO Epoch 2/10, train discriminator loss: 1.83851
2026-09-17 11:43:02,272 P18612 INFO *** Test time is 0.1523115634918213
2026-09-17 11:43:02,272 P18612 INFO Epoch 2/10, test f1: 0.78261 rc: 0.64286 pc: 1.00000. [0.18s]
2026-09-17 11:43:02,272 P18612 INFO early stopping epoch 1/5
2026-09-17 11:43:02,383 P18612 INFO Epoch 3/10, train generator loss: 1.20133
2026-09-17 11:43:02,449 P18612 INFO Epoch 3/10, train discriminator loss: 1.54975
2026-09-17 11:43:02,607 P18612 INFO *** Test time is 0.15885376930236816
2026-09-17 11:43:02,607 P18612 INFO Epoch 3/10, test f1: 0.78261 rc: 0.64286 pc: 1.00000. [0.18s]
2026-09-17 11:43:02,607 P18612 INFO early stopping epoch 2/5
2026-09-17 11:43:02,730 P18612 INFO Epoch 4/10, train generator loss: 1.23023
2026-09-17 11:43:02,813 P18612 INFO Epoch 4/10, train discriminator loss: 1.32493
2026-09-17 11:43:02,973 P18612 INFO *** Test time is 0.15995264053344727
2026-09-17 11:43:02,973 P18612 INFO Epoch 4/10, test f1: 0.78261 rc: 0.64286 pc: 1.00000. [0.21s]
2026-09-17 11:43:02,973 P18612 INFO early stopping epoch 3/5
2026-09-17 11:43:03,085 P18612 INFO Epoch 5/10, train generator loss: 1.26958
2026-09-17 11:43:03,176 P18612 INFO Epoch 5/10, train discriminator loss: 1.15592
2026-09-17 11:43:03,345 P18612 INFO *** Test time is 0.16939616203308105
2026-09-17 11:43:03,345 P18612 INFO Epoch 5/10, test f1: 0.78261 rc: 0.64286 pc: 1.00000. [0.20s]
2026-09-17 11:43:03,345 P18612 INFO early stopping epoch 4/5
2026-09-17 11:43:03,443 P18612 INFO Epoch 6/10, train generator loss: 1.31579
2026-09-17 11:43:03,532 P18612 INFO Epoch 6/10, train discriminator loss: 1.02813
2026-09-17 11:43:03,671 P18612 INFO *** Test time is 0.1393439769744873
2026-09-17 11:43:03,671 P18612 INFO Epoch 6/10, test f1: 0.78261 rc: 0.64286 pc: 1.00000. [0.19s]
2026-09-17 11:43:03,671 P18612 INFO early stopping epoch 5/5
2026-09-17 11:43:03,671 P18612 INFO Early stopping
2026-09-17 11:43:03,752 P18612 INFO Threshold (p=95.0, src=val): 1.376971
2026-09-17 11:43:03,778 P18612 INFO *** Test F1 0.9333  of unsupervised traning
2026-09-17 11:43:03,778 P18612 INFO *** Best F1 {'f1': 0.782608695652174, 'rc': 0.6428571428571429, 'pc': 1.0, 'threshold': np.float64(1.6097824239730836)}  of unsupervised traning
2026-09-17 11:43:03,780 P18612 INFO Current hash id 2373a6bc
