2026-09-17 14:54:43,020 P23216 INFO ^^^^^^^^^^ Current Model:hades, b8ac5e00 ^^^^^^^^^^
2026-09-17 14:54:43,020 P23216 INFO Load from D:\UAM-AD\data\sn
2026-09-17 14:54:43,433 P23216 INFO 375 unique log templates found.
2026-09-17 14:54:43,433 P23216 INFO Transforming unlabel train data.
2026-09-17 14:54:43,465 P23216 INFO Transforming test data.
2026-09-17 14:54:43,481 P23216 INFO 734 new templates show.
2026-09-17 14:54:43,513 P23216 INFO Transforming val data.
2026-09-17 14:54:43,513 P23216 INFO 77 new templates show.
2026-09-17 14:54:43,513 P23216 INFO Data loaded done!
2026-09-17 14:54:43,560 P23216 INFO Known word number: 375
2026-09-17 14:54:45,996 P23216 INFO Epoch 0/50, train generator loss: 1.47141
2026-09-17 14:54:46,253 P23216 INFO Epoch 0/50, train discriminator loss: 5.62057
2026-09-17 14:54:46,390 P23216 INFO *** Test time is 0.13649606704711914
2026-09-17 14:54:46,390 P23216 INFO Epoch 0/50, test f1: 0.94340 rc: 0.89286 pc: 1.00000. [1.17s]
2026-09-17 14:54:46,532 P23216 INFO Epoch 1/50, train generator loss: 1.39328
2026-09-17 14:54:46,632 P23216 INFO Epoch 1/50, train discriminator loss: 5.03205
2026-09-17 14:54:46,783 P23216 INFO *** Test time is 0.15029430389404297
2026-09-17 14:54:46,783 P23216 INFO Epoch 1/50, test f1: 0.94340 rc: 0.89286 pc: 1.00000. [0.22s]
2026-09-17 14:54:46,783 P23216 INFO early stopping epoch 1/15
2026-09-17 14:54:46,916 P23216 INFO Epoch 2/50, train generator loss: 1.29991
2026-09-17 14:54:47,011 P23216 INFO Epoch 2/50, train discriminator loss: 4.92348
2026-09-17 14:54:47,174 P23216 INFO *** Test time is 0.16254067420959473
2026-09-17 14:54:47,174 P23216 INFO Epoch 2/50, test f1: 0.94340 rc: 0.89286 pc: 1.00000. [0.23s]
2026-09-17 14:54:47,174 P23216 INFO early stopping epoch 2/15
2026-09-17 14:54:47,304 P23216 INFO Epoch 3/50, train generator loss: 1.19451
2026-09-17 14:54:47,404 P23216 INFO Epoch 3/50, train discriminator loss: 5.46206
2026-09-17 14:54:47,556 P23216 INFO *** Test time is 0.1520247459411621
2026-09-17 14:54:47,556 P23216 INFO Epoch 3/50, test f1: 0.94340 rc: 0.89286 pc: 1.00000. [0.23s]
2026-09-17 14:54:47,556 P23216 INFO early stopping epoch 3/15
2026-09-17 14:54:47,700 P23216 INFO Epoch 4/50, train generator loss: 1.07023
2026-09-17 14:54:47,808 P23216 INFO Epoch 4/50, train discriminator loss: 6.57492
2026-09-17 14:54:47,972 P23216 INFO *** Test time is 0.16393280029296875
2026-09-17 14:54:47,972 P23216 INFO Epoch 4/50, test f1: 0.94340 rc: 0.89286 pc: 1.00000. [0.25s]
2026-09-17 14:54:47,972 P23216 INFO early stopping epoch 4/15
2026-09-17 14:54:48,106 P23216 INFO Epoch 5/50, train generator loss: 0.90226
2026-09-17 14:54:48,195 P23216 INFO Epoch 5/50, train discriminator loss: 7.74606
2026-09-17 14:54:48,358 P23216 INFO *** Test time is 0.1628248691558838
2026-09-17 14:54:48,358 P23216 INFO Epoch 5/50, test f1: 0.80769 rc: 0.75000 pc: 0.87500. [0.22s]
2026-09-17 14:54:48,358 P23216 INFO early stopping epoch 5/15
2026-09-17 14:54:48,495 P23216 INFO Epoch 6/50, train generator loss: 0.73228
2026-09-17 14:54:48,614 P23216 INFO Epoch 6/50, train discriminator loss: 8.44619
2026-09-17 14:54:48,773 P23216 INFO *** Test time is 0.1587512493133545
2026-09-17 14:54:48,775 P23216 INFO Epoch 6/50, test f1: 0.76000 rc: 0.67857 pc: 0.86364. [0.26s]
2026-09-17 14:54:48,775 P23216 INFO early stopping epoch 6/15
2026-09-17 14:54:48,906 P23216 INFO Epoch 7/50, train generator loss: 0.68556
2026-09-17 14:54:49,013 P23216 INFO Epoch 7/50, train discriminator loss: 7.78653
2026-09-17 14:54:49,171 P23216 INFO *** Test time is 0.15761709213256836
2026-09-17 14:54:49,171 P23216 INFO Epoch 7/50, test f1: 0.74510 rc: 0.67857 pc: 0.82609. [0.24s]
2026-09-17 14:54:49,171 P23216 INFO early stopping epoch 7/15
2026-09-17 14:54:49,288 P23216 INFO Epoch 8/50, train generator loss: 0.64941
2026-09-17 14:54:49,378 P23216 INFO Epoch 8/50, train discriminator loss: 6.67839
2026-09-17 14:54:49,521 P23216 INFO *** Test time is 0.14297008514404297
2026-09-17 14:54:49,521 P23216 INFO Epoch 8/50, test f1: 0.74510 rc: 0.67857 pc: 0.82609. [0.21s]
2026-09-17 14:54:49,521 P23216 INFO early stopping epoch 8/15
2026-09-17 14:54:49,661 P23216 INFO Epoch 9/50, train generator loss: 0.56105
2026-09-17 14:54:49,775 P23216 INFO Epoch 9/50, train discriminator loss: 5.89024
2026-09-17 14:54:49,918 P23216 INFO *** Test time is 0.1424851417541504
2026-09-17 14:54:49,918 P23216 INFO Epoch 9/50, test f1: 0.74510 rc: 0.67857 pc: 0.82609. [0.25s]
2026-09-17 14:54:49,918 P23216 INFO early stopping epoch 9/15
2026-09-17 14:54:50,066 P23216 INFO Epoch 10/50, train generator loss: 0.51435
2026-09-17 14:54:50,192 P23216 INFO Epoch 10/50, train discriminator loss: 5.60150
2026-09-17 14:54:50,378 P23216 INFO *** Test time is 0.186384916305542
2026-09-17 14:54:50,378 P23216 INFO Epoch 10/50, test f1: 0.74510 rc: 0.67857 pc: 0.82609. [0.27s]
2026-09-17 14:54:50,378 P23216 INFO early stopping epoch 10/15
2026-09-17 14:54:50,553 P23216 INFO Epoch 11/50, train generator loss: 0.53736
2026-09-17 14:54:50,730 P23216 INFO Epoch 11/50, train discriminator loss: 5.56908
2026-09-17 14:54:50,932 P23216 INFO *** Test time is 0.20203828811645508
2026-09-17 14:54:50,932 P23216 INFO Epoch 11/50, test f1: 0.74510 rc: 0.67857 pc: 0.82609. [0.35s]
2026-09-17 14:54:50,932 P23216 INFO early stopping epoch 11/15
2026-09-17 14:54:51,139 P23216 INFO Epoch 12/50, train generator loss: 0.53308
2026-09-17 14:54:51,279 P23216 INFO Epoch 12/50, train discriminator loss: 5.56113
2026-09-17 14:54:51,516 P23216 INFO *** Test time is 0.23683857917785645
2026-09-17 14:54:51,516 P23216 INFO Epoch 12/50, test f1: 0.74510 rc: 0.67857 pc: 0.82609. [0.35s]
2026-09-17 14:54:51,516 P23216 INFO early stopping epoch 12/15
2026-09-17 14:54:51,705 P23216 INFO Epoch 13/50, train generator loss: 0.53080
2026-09-17 14:54:51,853 P23216 INFO Epoch 13/50, train discriminator loss: 5.55402
2026-09-17 14:54:52,068 P23216 INFO *** Test time is 0.21552205085754395
2026-09-17 14:54:52,068 P23216 INFO Epoch 13/50, test f1: 0.74510 rc: 0.67857 pc: 0.82609. [0.34s]
2026-09-17 14:54:52,068 P23216 INFO early stopping epoch 13/15
2026-09-17 14:54:52,259 P23216 INFO Epoch 14/50, train generator loss: 0.51647
2026-09-17 14:54:52,397 P23216 INFO Epoch 14/50, train discriminator loss: 5.56669
2026-09-17 14:54:52,606 P23216 INFO *** Test time is 0.20920419692993164
2026-09-17 14:54:52,606 P23216 INFO Epoch 14/50, test f1: 0.74510 rc: 0.67857 pc: 0.82609. [0.33s]
2026-09-17 14:54:52,606 P23216 INFO early stopping epoch 14/15
2026-09-17 14:54:52,795 P23216 INFO Epoch 15/50, train generator loss: 0.49333
2026-09-17 14:54:52,961 P23216 INFO Epoch 15/50, train discriminator loss: 5.59698
2026-09-17 14:54:53,092 P23216 INFO *** Test time is 0.13176894187927246
2026-09-17 14:54:53,092 P23216 INFO Epoch 15/50, test f1: 0.74510 rc: 0.67857 pc: 0.82609. [0.35s]
2026-09-17 14:54:53,092 P23216 INFO early stopping epoch 15/15
2026-09-17 14:54:53,092 P23216 INFO Early stopping
2026-09-17 14:54:53,187 P23216 INFO Threshold (p=95.0, src=val): 1.794333
2026-09-17 14:54:53,235 P23216 INFO *** Test F1 0.9474  of unsupervised traning
2026-09-17 14:54:53,235 P23216 INFO *** Best F1 {'f1': 0.9433962264150944, 'rc': 0.8928571428571429, 'pc': 1.0, 'threshold': np.float64(2.243150691986084)}  of unsupervised traning
2026-09-17 14:54:53,235 P23216 INFO Current hash id b8ac5e00
