2026-09-16 11:10:47,442 P5160 INFO ^^^^^^^^^^ Current Model:hades, 556632b1 ^^^^^^^^^^
2026-09-16 11:10:47,442 P5160 INFO Load from D:\UAM-AD\data\sn
2026-09-16 11:10:47,644 P5160 INFO 375 unique log templates found.
2026-09-16 11:10:47,659 P5160 INFO Transforming unlabel train data.
2026-09-16 11:10:47,674 P5160 INFO Transforming test data.
2026-09-16 11:10:47,706 P5160 INFO 197 new templates show.
2026-09-16 11:10:47,738 P5160 INFO Transforming val data.
2026-09-16 11:10:47,738 P5160 INFO 77 new templates show.
2026-09-16 11:10:47,738 P5160 INFO Data loaded done!
2026-09-16 11:10:47,770 P5160 INFO Known word number: 375
2026-09-16 11:10:47,968 P5160 INFO Epoch 0/10, train generator loss: 1.58008
2026-09-16 11:10:48,061 P5160 INFO Epoch 0/10, train discriminator loss: 5.58165
2026-09-16 11:10:48,216 P5160 INFO *** Test time is 0.14587020874023438
2026-09-16 11:10:48,216 P5160 INFO Epoch 0/10, test f1: 0.92308 rc: 1.00000 pc: 0.85714. [0.25s]
2026-09-16 11:10:48,340 P5160 INFO Epoch 1/10, train generator loss: 1.41205
2026-09-16 11:10:48,452 P5160 INFO Epoch 1/10, train discriminator loss: 4.99504
2026-09-16 11:10:48,590 P5160 INFO *** Test time is 0.1381828784942627
2026-09-16 11:10:48,590 P5160 INFO Epoch 1/10, test f1: 0.92308 rc: 1.00000 pc: 0.85714. [0.22s]
2026-09-16 11:10:48,590 P5160 INFO early stopping epoch 1/5
2026-09-16 11:10:48,723 P5160 INFO Epoch 2/10, train generator loss: 1.39058
2026-09-16 11:10:48,812 P5160 INFO Epoch 2/10, train discriminator loss: 4.60433
2026-09-16 11:10:48,954 P5160 INFO *** Test time is 0.14204001426696777
2026-09-16 11:10:48,954 P5160 INFO Epoch 2/10, test f1: 0.92308 rc: 1.00000 pc: 0.85714. [0.22s]
2026-09-16 11:10:48,954 P5160 INFO early stopping epoch 2/5
2026-09-16 11:10:49,096 P5160 INFO Epoch 3/10, train generator loss: 1.40675
2026-09-16 11:10:49,192 P5160 INFO Epoch 3/10, train discriminator loss: 4.29597
2026-09-16 11:10:49,334 P5160 INFO *** Test time is 0.14252066612243652
2026-09-16 11:10:49,334 P5160 INFO Epoch 3/10, test f1: 0.92308 rc: 1.00000 pc: 0.85714. [0.24s]
2026-09-16 11:10:49,334 P5160 INFO early stopping epoch 3/5
2026-09-16 11:10:49,484 P5160 INFO Epoch 4/10, train generator loss: 1.44664
2026-09-16 11:10:49,571 P5160 INFO Epoch 4/10, train discriminator loss: 4.08915
2026-09-16 11:10:49,726 P5160 INFO *** Test time is 0.1556384563446045
2026-09-16 11:10:49,726 P5160 INFO Epoch 4/10, test f1: 0.92308 rc: 1.00000 pc: 0.85714. [0.24s]
2026-09-16 11:10:49,726 P5160 INFO early stopping epoch 4/5
2026-09-16 11:10:49,875 P5160 INFO Epoch 5/10, train generator loss: 1.48760
2026-09-16 11:10:50,053 P5160 INFO Epoch 5/10, train discriminator loss: 3.96093
2026-09-16 11:10:50,238 P5160 INFO *** Test time is 0.18297219276428223
2026-09-16 11:10:50,238 P5160 INFO Epoch 5/10, test f1: 0.92308 rc: 1.00000 pc: 0.85714. [0.33s]
2026-09-16 11:10:50,238 P5160 INFO early stopping epoch 5/5
2026-09-16 11:10:50,238 P5160 INFO Early stopping
2026-09-16 11:10:50,365 P5160 INFO Threshold (p=95.0, src=val): 1.734872
2026-09-16 11:10:50,428 P5160 INFO *** Test F1 0.9231  of unsupervised traning
2026-09-16 11:10:50,428 P5160 INFO *** Best F1 {'f1': 0.9230769230769231, 'rc': 1.0, 'pc': 0.8571428571428571, 'threshold': np.float64(1.7578308725357055)}  of unsupervised traning
2026-09-16 11:10:50,428 P5160 INFO Current hash id 556632b1
