2026-09-17 11:44:30,360 P9760 INFO ^^^^^^^^^^ Current Model:hades, 6ca31e81 ^^^^^^^^^^
2026-09-17 11:44:30,360 P9760 INFO Load from D:\UAM-AD\data\sn
2026-09-17 11:44:30,638 P9760 INFO 375 unique log templates found.
2026-09-17 11:44:30,654 P9760 INFO Transforming unlabel train data.
2026-09-17 11:44:30,670 P9760 INFO Transforming test data.
2026-09-17 11:44:30,701 P9760 INFO 733 new templates show.
2026-09-17 11:44:30,733 P9760 INFO Transforming val data.
2026-09-17 11:44:30,733 P9760 INFO 77 new templates show.
2026-09-17 11:44:30,733 P9760 INFO Data loaded done!
2026-09-17 11:44:30,765 P9760 INFO Known word number: 375
2026-09-17 11:44:30,949 P9760 INFO Epoch 0/10, train generator loss: 1.21274
2026-09-17 11:44:31,036 P9760 INFO Epoch 0/10, train discriminator loss: 2.51820
2026-09-17 11:44:31,213 P9760 INFO *** Test time is 0.17635440826416016
2026-09-17 11:44:31,213 P9760 INFO Epoch 0/10, test f1: 0.84444 rc: 0.73077 pc: 1.00000. [0.22s]
2026-09-17 11:44:31,323 P9760 INFO Epoch 1/10, train generator loss: 1.21886
2026-09-17 11:44:31,401 P9760 INFO Epoch 1/10, train discriminator loss: 1.93800
2026-09-17 11:44:31,566 P9760 INFO *** Test time is 0.1656489372253418
2026-09-17 11:44:31,566 P9760 INFO Epoch 1/10, test f1: 0.76190 rc: 0.61538 pc: 1.00000. [0.18s]
2026-09-17 11:44:31,566 P9760 INFO early stopping epoch 1/5
2026-09-17 11:44:31,678 P9760 INFO Epoch 2/10, train generator loss: 1.17485
2026-09-17 11:44:31,744 P9760 INFO Epoch 2/10, train discriminator loss: 1.62452
2026-09-17 11:44:31,899 P9760 INFO *** Test time is 0.15473604202270508
2026-09-17 11:44:31,899 P9760 INFO Epoch 2/10, test f1: 0.76190 rc: 0.61538 pc: 1.00000. [0.18s]
2026-09-17 11:44:31,899 P9760 INFO early stopping epoch 2/5
2026-09-17 11:44:31,986 P9760 INFO Epoch 3/10, train generator loss: 1.16475
2026-09-17 11:44:32,060 P9760 INFO Epoch 3/10, train discriminator loss: 1.41515
2026-09-17 11:44:32,205 P9760 INFO *** Test time is 0.1444835662841797
2026-09-17 11:44:32,205 P9760 INFO Epoch 3/10, test f1: 0.76190 rc: 0.61538 pc: 1.00000. [0.16s]
2026-09-17 11:44:32,205 P9760 INFO early stopping epoch 3/5
2026-09-17 11:44:32,299 P9760 INFO Epoch 4/10, train generator loss: 1.17452
2026-09-17 11:44:32,378 P9760 INFO Epoch 4/10, train discriminator loss: 1.26561
2026-09-17 11:44:32,531 P9760 INFO *** Test time is 0.15243053436279297
2026-09-17 11:44:32,532 P9760 INFO Epoch 4/10, test f1: 0.76190 rc: 0.61538 pc: 1.00000. [0.17s]
2026-09-17 11:44:32,532 P9760 INFO early stopping epoch 4/5
2026-09-17 11:44:32,629 P9760 INFO Epoch 5/10, train generator loss: 1.19975
2026-09-17 11:44:32,711 P9760 INFO Epoch 5/10, train discriminator loss: 1.15686
2026-09-17 11:44:32,850 P9760 INFO *** Test time is 0.1396188735961914
2026-09-17 11:44:32,850 P9760 INFO Epoch 5/10, test f1: 0.76190 rc: 0.61538 pc: 1.00000. [0.18s]
2026-09-17 11:44:32,850 P9760 INFO early stopping epoch 5/5
2026-09-17 11:44:32,850 P9760 INFO Early stopping
2026-09-17 11:44:32,936 P9760 INFO Threshold (p=95.0, src=val): 1.351401
2026-09-17 11:44:32,963 P9760 INFO *** Test F1 0.9286  of unsupervised traning
2026-09-17 11:44:32,963 P9760 INFO *** Best F1 {'f1': 0.8444444444444444, 'rc': 0.7307692307692307, 'pc': 1.0, 'threshold': np.float64(1.4972244548797609)}  of unsupervised traning
2026-09-17 11:44:32,965 P9760 INFO Current hash id 6ca31e81
