2026-09-17 14:53:04,198 P10552 INFO ^^^^^^^^^^ Current Model:hades, 7f9a7c1a ^^^^^^^^^^
2026-09-17 14:53:04,198 P10552 INFO Load from D:\UAM-AD\data\sn
2026-09-17 14:53:04,469 P10552 INFO 375 unique log templates found.
2026-09-17 14:53:04,477 P10552 INFO Transforming unlabel train data.
2026-09-17 14:53:04,498 P10552 INFO Transforming test data.
2026-09-17 14:53:04,530 P10552 INFO 738 new templates show.
2026-09-17 14:53:04,562 P10552 INFO Transforming val data.
2026-09-17 14:53:04,562 P10552 INFO 77 new templates show.
2026-09-17 14:53:04,562 P10552 INFO Data loaded done!
2026-09-17 14:53:04,595 P10552 INFO Known word number: 375
2026-09-17 14:53:04,803 P10552 INFO Epoch 0/50, train generator loss: 1.49207
2026-09-17 14:53:04,935 P10552 INFO Epoch 0/50, train discriminator loss: 5.58432
2026-09-17 14:53:05,085 P10552 INFO *** Test time is 0.14954543113708496
2026-09-17 14:53:05,085 P10552 INFO Epoch 0/50, test f1: 0.75758 rc: 0.60976 pc: 1.00000. [0.29s]
2026-09-17 14:53:05,242 P10552 INFO Epoch 1/50, train generator loss: 1.39560
2026-09-17 14:53:05,347 P10552 INFO Epoch 1/50, train discriminator loss: 5.14117
2026-09-17 14:53:05,515 P10552 INFO *** Test time is 0.16759228706359863
2026-09-17 14:53:05,517 P10552 INFO Epoch 1/50, test f1: 0.75758 rc: 0.60976 pc: 1.00000. [0.25s]
2026-09-17 14:53:05,517 P10552 INFO early stopping epoch 1/15
2026-09-17 14:53:05,664 P10552 INFO Epoch 2/50, train generator loss: 1.32297
2026-09-17 14:53:05,780 P10552 INFO Epoch 2/50, train discriminator loss: 5.03653
2026-09-17 14:53:05,943 P10552 INFO *** Test time is 0.1633305549621582
2026-09-17 14:53:05,943 P10552 INFO Epoch 2/50, test f1: 0.75758 rc: 0.60976 pc: 1.00000. [0.26s]
2026-09-17 14:53:05,943 P10552 INFO early stopping epoch 2/15
2026-09-17 14:53:06,082 P10552 INFO Epoch 3/50, train generator loss: 1.19646
2026-09-17 14:53:06,275 P10552 INFO Epoch 3/50, train discriminator loss: 5.66463
2026-09-17 14:53:06,500 P10552 INFO *** Test time is 0.2248539924621582
2026-09-17 14:53:06,500 P10552 INFO Epoch 3/50, test f1: 0.75758 rc: 0.60976 pc: 1.00000. [0.33s]
2026-09-17 14:53:06,500 P10552 INFO early stopping epoch 3/15
2026-09-17 14:53:06,705 P10552 INFO Epoch 4/50, train generator loss: 1.04630
2026-09-17 14:53:06,881 P10552 INFO Epoch 4/50, train discriminator loss: 6.90553
2026-09-17 14:53:07,109 P10552 INFO *** Test time is 0.22873544692993164
2026-09-17 14:53:07,109 P10552 INFO Epoch 4/50, test f1: 0.75758 rc: 0.60976 pc: 1.00000. [0.38s]
2026-09-17 14:53:07,109 P10552 INFO early stopping epoch 4/15
2026-09-17 14:53:07,310 P10552 INFO Epoch 5/50, train generator loss: 0.86086
2026-09-17 14:53:07,407 P10552 INFO Epoch 5/50, train discriminator loss: 8.05783
2026-09-17 14:53:07,562 P10552 INFO *** Test time is 0.15521597862243652
2026-09-17 14:53:07,562 P10552 INFO Epoch 5/50, test f1: 0.81159 rc: 0.68293 pc: 1.00000. [0.30s]
2026-09-17 14:53:07,721 P10552 INFO Epoch 6/50, train generator loss: 0.67252
2026-09-17 14:53:07,840 P10552 INFO Epoch 6/50, train discriminator loss: 8.42600
2026-09-17 14:53:07,989 P10552 INFO *** Test time is 0.14863109588623047
2026-09-17 14:53:07,989 P10552 INFO Epoch 6/50, test f1: 0.78261 rc: 0.65854 pc: 0.96429. [0.27s]
2026-09-17 14:53:07,989 P10552 INFO early stopping epoch 1/15
2026-09-17 14:53:08,121 P10552 INFO Epoch 7/50, train generator loss: 0.66889
2026-09-17 14:53:08,239 P10552 INFO Epoch 7/50, train discriminator loss: 7.44263
2026-09-17 14:53:08,393 P10552 INFO *** Test time is 0.15418744087219238
2026-09-17 14:53:08,393 P10552 INFO Epoch 7/50, test f1: 0.78261 rc: 0.65854 pc: 0.96429. [0.25s]
2026-09-17 14:53:08,393 P10552 INFO early stopping epoch 2/15
2026-09-17 14:53:08,513 P10552 INFO Epoch 8/50, train generator loss: 0.64403
2026-09-17 14:53:08,631 P10552 INFO Epoch 8/50, train discriminator loss: 6.30644
2026-09-17 14:53:08,790 P10552 INFO *** Test time is 0.15909552574157715
2026-09-17 14:53:08,790 P10552 INFO Epoch 8/50, test f1: 0.78261 rc: 0.65854 pc: 0.96429. [0.24s]
2026-09-17 14:53:08,790 P10552 INFO early stopping epoch 3/15
2026-09-17 14:53:08,915 P10552 INFO Epoch 9/50, train generator loss: 0.53936
2026-09-17 14:53:09,043 P10552 INFO Epoch 9/50, train discriminator loss: 5.64481
2026-09-17 14:53:09,214 P10552 INFO *** Test time is 0.17057132720947266
2026-09-17 14:53:09,214 P10552 INFO Epoch 9/50, test f1: 0.78261 rc: 0.65854 pc: 0.96429. [0.25s]
2026-09-17 14:53:09,214 P10552 INFO early stopping epoch 4/15
2026-09-17 14:53:09,324 P10552 INFO Epoch 10/50, train generator loss: 0.47794
2026-09-17 14:53:09,439 P10552 INFO Epoch 10/50, train discriminator loss: 5.47778
2026-09-17 14:53:09,602 P10552 INFO *** Test time is 0.1635293960571289
2026-09-17 14:53:09,602 P10552 INFO Epoch 10/50, test f1: 0.79412 rc: 0.65854 pc: 1.00000. [0.22s]
2026-09-17 14:53:09,602 P10552 INFO early stopping epoch 5/15
2026-09-17 14:53:09,757 P10552 INFO Epoch 11/50, train generator loss: 0.52071
2026-09-17 14:53:09,873 P10552 INFO Epoch 11/50, train discriminator loss: 5.51979
2026-09-17 14:53:10,032 P10552 INFO *** Test time is 0.15891385078430176
2026-09-17 14:53:10,032 P10552 INFO Epoch 11/50, test f1: 0.79412 rc: 0.65854 pc: 1.00000. [0.27s]
2026-09-17 14:53:10,032 P10552 INFO early stopping epoch 6/15
2026-09-17 14:53:10,168 P10552 INFO Epoch 12/50, train generator loss: 0.51359
2026-09-17 14:53:10,288 P10552 INFO Epoch 12/50, train discriminator loss: 5.59812
2026-09-17 14:53:10,443 P10552 INFO *** Test time is 0.15475249290466309
2026-09-17 14:53:10,443 P10552 INFO Epoch 12/50, test f1: 0.74627 rc: 0.60976 pc: 0.96154. [0.26s]
2026-09-17 14:53:10,443 P10552 INFO early stopping epoch 7/15
2026-09-17 14:53:10,569 P10552 INFO Epoch 13/50, train generator loss: 0.49029
2026-09-17 14:53:10,699 P10552 INFO Epoch 13/50, train discriminator loss: 5.63044
2026-09-17 14:53:10,853 P10552 INFO *** Test time is 0.15441536903381348
2026-09-17 14:53:10,853 P10552 INFO Epoch 13/50, test f1: 0.73529 rc: 0.60976 pc: 0.92593. [0.26s]
2026-09-17 14:53:10,853 P10552 INFO early stopping epoch 8/15
2026-09-17 14:53:10,968 P10552 INFO Epoch 14/50, train generator loss: 0.49363
2026-09-17 14:53:11,108 P10552 INFO Epoch 14/50, train discriminator loss: 5.63701
2026-09-17 14:53:11,346 P10552 INFO *** Test time is 0.23774266242980957
2026-09-17 14:53:11,346 P10552 INFO Epoch 14/50, test f1: 0.73529 rc: 0.60976 pc: 0.92593. [0.25s]
2026-09-17 14:53:11,346 P10552 INFO early stopping epoch 9/15
2026-09-17 14:53:11,517 P10552 INFO Epoch 15/50, train generator loss: 0.48401
2026-09-17 14:53:11,720 P10552 INFO Epoch 15/50, train discriminator loss: 5.64121
2026-09-17 14:53:11,944 P10552 INFO *** Test time is 0.2245025634765625
2026-09-17 14:53:11,944 P10552 INFO Epoch 15/50, test f1: 0.73529 rc: 0.60976 pc: 0.92593. [0.37s]
2026-09-17 14:53:11,944 P10552 INFO early stopping epoch 10/15
2026-09-17 14:53:12,125 P10552 INFO Epoch 16/50, train generator loss: 0.45124
2026-09-17 14:53:12,302 P10552 INFO Epoch 16/50, train discriminator loss: 5.64847
2026-09-17 14:53:12,421 P10552 INFO *** Test time is 0.11933016777038574
2026-09-17 14:53:12,421 P10552 INFO Epoch 16/50, test f1: 0.73529 rc: 0.60976 pc: 0.92593. [0.36s]
2026-09-17 14:53:12,421 P10552 INFO early stopping epoch 11/15
2026-09-17 14:53:12,540 P10552 INFO Epoch 17/50, train generator loss: 0.42116
2026-09-17 14:53:12,656 P10552 INFO Epoch 17/50, train discriminator loss: 5.62466
2026-09-17 14:53:12,815 P10552 INFO *** Test time is 0.15821599960327148
2026-09-17 14:53:12,815 P10552 INFO Epoch 17/50, test f1: 0.78261 rc: 0.65854 pc: 0.96429. [0.24s]
2026-09-17 14:53:12,815 P10552 INFO early stopping epoch 12/15
2026-09-17 14:53:12,938 P10552 INFO Epoch 18/50, train generator loss: 0.42219
2026-09-17 14:53:13,053 P10552 INFO Epoch 18/50, train discriminator loss: 5.55626
2026-09-17 14:53:13,211 P10552 INFO *** Test time is 0.15260601043701172
2026-09-17 14:53:13,211 P10552 INFO Epoch 18/50, test f1: 0.70769 rc: 0.56098 pc: 0.95833. [0.24s]
2026-09-17 14:53:13,211 P10552 INFO early stopping epoch 13/15
2026-09-17 14:53:13,310 P10552 INFO Epoch 19/50, train generator loss: 0.41096
2026-09-17 14:53:13,448 P10552 INFO Epoch 19/50, train discriminator loss: 5.47465
2026-09-17 14:53:13,609 P10552 INFO *** Test time is 0.1611313819885254
2026-09-17 14:53:13,609 P10552 INFO Epoch 19/50, test f1: 0.69841 rc: 0.53659 pc: 1.00000. [0.24s]
2026-09-17 14:53:13,609 P10552 INFO early stopping epoch 14/15
2026-09-17 14:53:13,739 P10552 INFO Epoch 20/50, train generator loss: 0.40497
2026-09-17 14:53:13,861 P10552 INFO Epoch 20/50, train discriminator loss: 5.39930
2026-09-17 14:53:14,015 P10552 INFO *** Test time is 0.1544508934020996
2026-09-17 14:53:14,015 P10552 INFO Epoch 20/50, test f1: 0.69841 rc: 0.53659 pc: 1.00000. [0.25s]
2026-09-17 14:53:14,015 P10552 INFO early stopping epoch 15/15
2026-09-17 14:53:14,015 P10552 INFO Early stopping
2026-09-17 14:53:14,135 P10552 INFO Threshold (p=95.0, src=val): 0.655115
2026-09-17 14:53:14,175 P10552 INFO *** Test F1 0.8632  of unsupervised traning
2026-09-17 14:53:14,175 P10552 INFO *** Best F1 {'f1': 0.8115942028985508, 'rc': 0.6829268292682927, 'pc': 1.0, 'threshold': np.float64(2.0047620010375975)}  of unsupervised traning
2026-09-17 14:53:14,175 P10552 INFO Current hash id 7f9a7c1a
