2026-09-17 14:59:45,559 P8488 INFO ^^^^^^^^^^ Current Model:hades, ef311026 ^^^^^^^^^^
2026-09-17 14:59:45,559 P8488 INFO Load from D:\UAM-AD\data\sn
2026-09-17 14:59:46,001 P8488 INFO 375 unique log templates found.
2026-09-17 14:59:46,006 P8488 INFO Transforming unlabel train data.
2026-09-17 14:59:46,032 P8488 INFO Transforming test data.
2026-09-17 14:59:46,064 P8488 INFO 721 new templates show.
2026-09-17 14:59:46,096 P8488 INFO Transforming val data.
2026-09-17 14:59:46,096 P8488 INFO 77 new templates show.
2026-09-17 14:59:46,096 P8488 INFO Data loaded done!
2026-09-17 14:59:46,128 P8488 INFO Known word number: 375
2026-09-17 14:59:48,690 P8488 INFO Epoch 0/50, train generator loss: 1.51878
2026-09-17 14:59:48,850 P8488 INFO Epoch 0/50, train discriminator loss: 5.67121
2026-09-17 14:59:48,999 P8488 INFO *** Test time is 0.14136147499084473
2026-09-17 14:59:48,999 P8488 INFO Epoch 0/50, test f1: 0.78261 rc: 0.69231 pc: 0.90000. [0.83s]
2026-09-17 14:59:49,144 P8488 INFO Epoch 1/50, train generator loss: 1.41085
2026-09-17 14:59:49,245 P8488 INFO Epoch 1/50, train discriminator loss: 5.01143
2026-09-17 14:59:49,393 P8488 INFO *** Test time is 0.14763545989990234
2026-09-17 14:59:49,393 P8488 INFO Epoch 1/50, test f1: 0.78261 rc: 0.69231 pc: 0.90000. [0.23s]
2026-09-17 14:59:49,393 P8488 INFO early stopping epoch 1/15
2026-09-17 14:59:49,542 P8488 INFO Epoch 2/50, train generator loss: 1.30684
2026-09-17 14:59:49,677 P8488 INFO Epoch 2/50, train discriminator loss: 4.91962
2026-09-17 14:59:49,832 P8488 INFO *** Test time is 0.15520334243774414
2026-09-17 14:59:49,832 P8488 INFO Epoch 2/50, test f1: 0.78261 rc: 0.69231 pc: 0.90000. [0.28s]
2026-09-17 14:59:49,832 P8488 INFO early stopping epoch 2/15
2026-09-17 14:59:49,960 P8488 INFO Epoch 3/50, train generator loss: 1.19569
2026-09-17 14:59:50,071 P8488 INFO Epoch 3/50, train discriminator loss: 5.54831
2026-09-17 14:59:50,216 P8488 INFO *** Test time is 0.144148588180542
2026-09-17 14:59:50,218 P8488 INFO Epoch 3/50, test f1: 0.78261 rc: 0.69231 pc: 0.90000. [0.24s]
2026-09-17 14:59:50,218 P8488 INFO early stopping epoch 3/15
2026-09-17 14:59:50,344 P8488 INFO Epoch 4/50, train generator loss: 1.06875
2026-09-17 14:59:50,443 P8488 INFO Epoch 4/50, train discriminator loss: 6.79102
2026-09-17 14:59:50,593 P8488 INFO *** Test time is 0.14983463287353516
2026-09-17 14:59:50,593 P8488 INFO Epoch 4/50, test f1: 0.59091 rc: 0.50000 pc: 0.72222. [0.23s]
2026-09-17 14:59:50,593 P8488 INFO early stopping epoch 4/15
2026-09-17 14:59:50,738 P8488 INFO Epoch 5/50, train generator loss: 0.89544
2026-09-17 14:59:50,830 P8488 INFO Epoch 5/50, train discriminator loss: 7.99304
2026-09-17 14:59:50,995 P8488 INFO *** Test time is 0.16508722305297852
2026-09-17 14:59:50,995 P8488 INFO Epoch 5/50, test f1: 0.34146 rc: 0.26923 pc: 0.46667. [0.24s]
2026-09-17 14:59:50,997 P8488 INFO early stopping epoch 5/15
2026-09-17 14:59:51,135 P8488 INFO Epoch 6/50, train generator loss: 0.72643
2026-09-17 14:59:51,241 P8488 INFO Epoch 6/50, train discriminator loss: 8.63601
2026-09-17 14:59:51,420 P8488 INFO *** Test time is 0.17123770713806152
2026-09-17 14:59:51,420 P8488 INFO Epoch 6/50, test f1: 0.30769 rc: 0.23077 pc: 0.46154. [0.25s]
2026-09-17 14:59:51,420 P8488 INFO early stopping epoch 6/15
2026-09-17 14:59:51,549 P8488 INFO Epoch 7/50, train generator loss: 0.67995
2026-09-17 14:59:51,699 P8488 INFO Epoch 7/50, train discriminator loss: 7.94938
2026-09-17 14:59:51,862 P8488 INFO *** Test time is 0.16263270378112793
2026-09-17 14:59:51,862 P8488 INFO Epoch 7/50, test f1: 0.30000 rc: 0.23077 pc: 0.42857. [0.28s]
2026-09-17 14:59:51,862 P8488 INFO early stopping epoch 7/15
2026-09-17 14:59:51,992 P8488 INFO Epoch 8/50, train generator loss: 0.66918
2026-09-17 14:59:52,111 P8488 INFO Epoch 8/50, train discriminator loss: 6.76694
2026-09-17 14:59:52,267 P8488 INFO *** Test time is 0.1566329002380371
2026-09-17 14:59:52,267 P8488 INFO Epoch 8/50, test f1: 0.30000 rc: 0.23077 pc: 0.42857. [0.25s]
2026-09-17 14:59:52,267 P8488 INFO early stopping epoch 8/15
2026-09-17 14:59:52,408 P8488 INFO Epoch 9/50, train generator loss: 0.57923
2026-09-17 14:59:52,574 P8488 INFO Epoch 9/50, train discriminator loss: 5.91747
2026-09-17 14:59:52,789 P8488 INFO *** Test time is 0.21472549438476562
2026-09-17 14:59:52,789 P8488 INFO Epoch 9/50, test f1: 0.30000 rc: 0.23077 pc: 0.42857. [0.31s]
2026-09-17 14:59:52,789 P8488 INFO early stopping epoch 9/15
2026-09-17 14:59:52,981 P8488 INFO Epoch 10/50, train generator loss: 0.50299
2026-09-17 14:59:53,148 P8488 INFO Epoch 10/50, train discriminator loss: 5.58926
2026-09-17 14:59:53,360 P8488 INFO *** Test time is 0.21204471588134766
2026-09-17 14:59:53,360 P8488 INFO Epoch 10/50, test f1: 0.31579 rc: 0.23077 pc: 0.50000. [0.36s]
2026-09-17 14:59:53,360 P8488 INFO early stopping epoch 10/15
2026-09-17 14:59:53,551 P8488 INFO Epoch 11/50, train generator loss: 0.52805
2026-09-17 14:59:53,707 P8488 INFO Epoch 11/50, train discriminator loss: 5.53540
2026-09-17 14:59:53,942 P8488 INFO *** Test time is 0.2348322868347168
2026-09-17 14:59:53,942 P8488 INFO Epoch 11/50, test f1: 0.32432 rc: 0.23077 pc: 0.54545. [0.35s]
2026-09-17 14:59:53,942 P8488 INFO early stopping epoch 11/15
2026-09-17 14:59:54,121 P8488 INFO Epoch 12/50, train generator loss: 0.54206
2026-09-17 14:59:54,265 P8488 INFO Epoch 12/50, train discriminator loss: 5.54315
2026-09-17 14:59:54,481 P8488 INFO *** Test time is 0.21584224700927734
2026-09-17 14:59:54,481 P8488 INFO Epoch 12/50, test f1: 0.31579 rc: 0.23077 pc: 0.50000. [0.32s]
2026-09-17 14:59:54,481 P8488 INFO early stopping epoch 12/15
2026-09-17 14:59:54,694 P8488 INFO Epoch 13/50, train generator loss: 0.53895
2026-09-17 14:59:54,843 P8488 INFO Epoch 13/50, train discriminator loss: 5.55978
2026-09-17 14:59:55,034 P8488 INFO *** Test time is 0.19114470481872559
2026-09-17 14:59:55,034 P8488 INFO Epoch 13/50, test f1: 0.31579 rc: 0.23077 pc: 0.50000. [0.36s]
2026-09-17 14:59:55,034 P8488 INFO early stopping epoch 13/15
2026-09-17 14:59:55,158 P8488 INFO Epoch 14/50, train generator loss: 0.51831
2026-09-17 14:59:55,261 P8488 INFO Epoch 14/50, train discriminator loss: 5.56550
2026-09-17 14:59:55,410 P8488 INFO *** Test time is 0.14964079856872559
2026-09-17 14:59:55,410 P8488 INFO Epoch 14/50, test f1: 0.30769 rc: 0.23077 pc: 0.46154. [0.23s]
2026-09-17 14:59:55,410 P8488 INFO early stopping epoch 14/15
2026-09-17 14:59:55,534 P8488 INFO Epoch 15/50, train generator loss: 0.49774
2026-09-17 14:59:55,637 P8488 INFO Epoch 15/50, train discriminator loss: 5.57015
2026-09-17 14:59:55,783 P8488 INFO *** Test time is 0.14657902717590332
2026-09-17 14:59:55,783 P8488 INFO Epoch 15/50, test f1: 0.30769 rc: 0.23077 pc: 0.46154. [0.23s]
2026-09-17 14:59:55,783 P8488 INFO early stopping epoch 15/15
2026-09-17 14:59:55,783 P8488 INFO Early stopping
2026-09-17 14:59:55,921 P8488 INFO Threshold (p=95.0, src=val): 1.796314
2026-09-17 14:59:55,952 P8488 INFO *** Test F1 0.3529  of unsupervised traning
2026-09-17 14:59:55,952 P8488 INFO *** Best F1 {'f1': 0.782608695652174, 'rc': 0.6923076923076923, 'pc': 0.9, 'threshold': np.float64(1.7492006301879883)}  of unsupervised traning
2026-09-17 14:59:55,952 P8488 INFO Current hash id ef311026
