2026-09-17 11:45:16,496 P28716 INFO ^^^^^^^^^^ Current Model:hades, 2f951e9f ^^^^^^^^^^
2026-09-17 11:45:16,496 P28716 INFO Load from D:\UAM-AD\data\sn
2026-09-17 11:45:16,698 P28716 INFO 375 unique log templates found.
2026-09-17 11:45:16,698 P28716 INFO Transforming unlabel train data.
2026-09-17 11:45:16,730 P28716 INFO Transforming test data.
2026-09-17 11:45:16,761 P28716 INFO 713 new templates show.
2026-09-17 11:45:16,809 P28716 INFO Transforming val data.
2026-09-17 11:45:16,809 P28716 INFO 77 new templates show.
2026-09-17 11:45:16,809 P28716 INFO Data loaded done!
2026-09-17 11:45:16,841 P28716 INFO Known word number: 375
2026-09-17 11:45:17,031 P28716 INFO Epoch 0/10, train generator loss: 1.21132
2026-09-17 11:45:17,120 P28716 INFO Epoch 0/10, train discriminator loss: 2.56684
2026-09-17 11:45:17,283 P28716 INFO *** Test time is 0.16072821617126465
2026-09-17 11:45:17,283 P28716 INFO Epoch 0/10, test f1: 0.89362 rc: 0.80769 pc: 1.00000. [0.25s]
2026-09-17 11:45:17,403 P28716 INFO Epoch 1/10, train generator loss: 1.15854
2026-09-17 11:45:17,528 P28716 INFO Epoch 1/10, train discriminator loss: 2.07337
2026-09-17 11:45:17,725 P28716 INFO *** Test time is 0.19672155380249023
2026-09-17 11:45:17,725 P28716 INFO Epoch 1/10, test f1: 0.81818 rc: 0.69231 pc: 1.00000. [0.23s]
2026-09-17 11:45:17,725 P28716 INFO early stopping epoch 1/5
2026-09-17 11:45:17,870 P28716 INFO Epoch 2/10, train generator loss: 1.13510
2026-09-17 11:45:17,979 P28716 INFO Epoch 2/10, train discriminator loss: 1.65853
2026-09-17 11:45:18,184 P28716 INFO *** Test time is 0.2047743797302246
2026-09-17 11:45:18,184 P28716 INFO Epoch 2/10, test f1: 0.81818 rc: 0.69231 pc: 1.00000. [0.25s]
2026-09-17 11:45:18,184 P28716 INFO early stopping epoch 2/5
2026-09-17 11:45:18,331 P28716 INFO Epoch 3/10, train generator loss: 1.14271
2026-09-17 11:45:18,446 P28716 INFO Epoch 3/10, train discriminator loss: 1.37248
2026-09-17 11:45:18,678 P28716 INFO *** Test time is 0.23183250427246094
2026-09-17 11:45:18,678 P28716 INFO Epoch 3/10, test f1: 0.76190 rc: 0.61538 pc: 1.00000. [0.26s]
2026-09-17 11:45:18,678 P28716 INFO early stopping epoch 3/5
2026-09-17 11:45:18,835 P28716 INFO Epoch 4/10, train generator loss: 1.16466
2026-09-17 11:45:18,941 P28716 INFO Epoch 4/10, train discriminator loss: 1.18270
2026-09-17 11:45:19,182 P28716 INFO *** Test time is 0.24059414863586426
2026-09-17 11:45:19,182 P28716 INFO Epoch 4/10, test f1: 0.81818 rc: 0.69231 pc: 1.00000. [0.26s]
2026-09-17 11:45:19,182 P28716 INFO early stopping epoch 4/5
2026-09-17 11:45:19,349 P28716 INFO Epoch 5/10, train generator loss: 1.19297
2026-09-17 11:45:19,467 P28716 INFO Epoch 5/10, train discriminator loss: 1.05368
2026-09-17 11:45:19,687 P28716 INFO *** Test time is 0.21949505805969238
2026-09-17 11:45:19,687 P28716 INFO Epoch 5/10, test f1: 0.76190 rc: 0.61538 pc: 1.00000. [0.29s]
2026-09-17 11:45:19,696 P28716 INFO early stopping epoch 5/5
2026-09-17 11:45:19,696 P28716 INFO Early stopping
2026-09-17 11:45:19,863 P28716 INFO Threshold (p=95.0, src=val): 1.321605
2026-09-17 11:45:19,913 P28716 INFO *** Test F1 0.7536  of unsupervised traning
2026-09-17 11:45:19,913 P28716 INFO *** Best F1 {'f1': 0.8936170212765957, 'rc': 0.8076923076923077, 'pc': 1.0, 'threshold': np.float64(1.4588196659088135)}  of unsupervised traning
2026-09-17 11:45:19,915 P28716 INFO Current hash id 2f951e9f
