2026-09-17 14:54:29,921 P28456 INFO ^^^^^^^^^^ Current Model:hades, 76503e69 ^^^^^^^^^^
2026-09-17 14:54:29,921 P28456 INFO Load from D:\UAM-AD\data\sn
2026-09-17 14:54:30,127 P28456 INFO 375 unique log templates found.
2026-09-17 14:54:30,127 P28456 INFO Transforming unlabel train data.
2026-09-17 14:54:30,160 P28456 INFO Transforming test data.
2026-09-17 14:54:30,193 P28456 INFO 406 new templates show.
2026-09-17 14:54:30,225 P28456 INFO Transforming val data.
2026-09-17 14:54:30,225 P28456 INFO 77 new templates show.
2026-09-17 14:54:30,225 P28456 INFO Data loaded done!
2026-09-17 14:54:30,259 P28456 INFO Known word number: 375
2026-09-17 14:54:30,450 P28456 INFO Epoch 0/50, train generator loss: 1.45443
2026-09-17 14:54:30,570 P28456 INFO Epoch 0/50, train discriminator loss: 5.63334
2026-09-17 14:54:30,717 P28456 INFO *** Test time is 0.14780545234680176
2026-09-17 14:54:30,717 P28456 INFO Epoch 0/50, test f1: 0.94118 rc: 0.88889 pc: 1.00000. [0.25s]
2026-09-17 14:54:30,870 P28456 INFO Epoch 1/50, train generator loss: 1.39752
2026-09-17 14:54:31,002 P28456 INFO Epoch 1/50, train discriminator loss: 5.06014
2026-09-17 14:54:31,171 P28456 INFO *** Test time is 0.16923761367797852
2026-09-17 14:54:31,171 P28456 INFO Epoch 1/50, test f1: 0.94118 rc: 0.88889 pc: 1.00000. [0.27s]
2026-09-17 14:54:31,171 P28456 INFO early stopping epoch 1/15
2026-09-17 14:54:31,300 P28456 INFO Epoch 2/50, train generator loss: 1.25794
2026-09-17 14:54:31,424 P28456 INFO Epoch 2/50, train discriminator loss: 4.98873
2026-09-17 14:54:31,584 P28456 INFO *** Test time is 0.15965962409973145
2026-09-17 14:54:31,584 P28456 INFO Epoch 2/50, test f1: 0.94118 rc: 0.88889 pc: 1.00000. [0.25s]
2026-09-17 14:54:31,584 P28456 INFO early stopping epoch 2/15
2026-09-17 14:54:31,707 P28456 INFO Epoch 3/50, train generator loss: 1.14742
2026-09-17 14:54:31,808 P28456 INFO Epoch 3/50, train discriminator loss: 5.41967
2026-09-17 14:54:31,971 P28456 INFO *** Test time is 0.16341042518615723
2026-09-17 14:54:31,971 P28456 INFO Epoch 3/50, test f1: 0.94118 rc: 0.88889 pc: 1.00000. [0.22s]
2026-09-17 14:54:31,971 P28456 INFO early stopping epoch 3/15
2026-09-17 14:54:32,103 P28456 INFO Epoch 4/50, train generator loss: 1.00396
2026-09-17 14:54:32,215 P28456 INFO Epoch 4/50, train discriminator loss: 6.41102
2026-09-17 14:54:32,366 P28456 INFO *** Test time is 0.15145158767700195
2026-09-17 14:54:32,366 P28456 INFO Epoch 4/50, test f1: 0.94118 rc: 0.88889 pc: 1.00000. [0.24s]
2026-09-17 14:54:32,366 P28456 INFO early stopping epoch 4/15
2026-09-17 14:54:32,488 P28456 INFO Epoch 5/50, train generator loss: 0.82830
2026-09-17 14:54:32,594 P28456 INFO Epoch 5/50, train discriminator loss: 7.39678
2026-09-17 14:54:32,760 P28456 INFO *** Test time is 0.1652085781097412
2026-09-17 14:54:32,760 P28456 INFO Epoch 5/50, test f1: 0.92308 rc: 0.88889 pc: 0.96000. [0.23s]
2026-09-17 14:54:32,760 P28456 INFO early stopping epoch 5/15
2026-09-17 14:54:32,897 P28456 INFO Epoch 6/50, train generator loss: 0.64827
2026-09-17 14:54:33,013 P28456 INFO Epoch 6/50, train discriminator loss: 7.77725
2026-09-17 14:54:33,254 P28456 INFO *** Test time is 0.24054956436157227
2026-09-17 14:54:33,254 P28456 INFO Epoch 6/50, test f1: 0.88889 rc: 0.88889 pc: 0.88889. [0.25s]
2026-09-17 14:54:33,254 P28456 INFO early stopping epoch 6/15
2026-09-17 14:54:33,403 P28456 INFO Epoch 7/50, train generator loss: 0.63606
2026-09-17 14:54:33,577 P28456 INFO Epoch 7/50, train discriminator loss: 7.02369
2026-09-17 14:54:33,812 P28456 INFO *** Test time is 0.23316335678100586
2026-09-17 14:54:33,812 P28456 INFO Epoch 7/50, test f1: 0.88889 rc: 0.88889 pc: 0.88889. [0.33s]
2026-09-17 14:54:33,812 P28456 INFO early stopping epoch 7/15
2026-09-17 14:54:33,959 P28456 INFO Epoch 8/50, train generator loss: 0.62450
2026-09-17 14:54:34,115 P28456 INFO Epoch 8/50, train discriminator loss: 6.08581
2026-09-17 14:54:34,319 P28456 INFO *** Test time is 0.20352935791015625
2026-09-17 14:54:34,319 P28456 INFO Epoch 8/50, test f1: 0.88889 rc: 0.88889 pc: 0.88889. [0.30s]
2026-09-17 14:54:34,319 P28456 INFO early stopping epoch 8/15
2026-09-17 14:54:34,501 P28456 INFO Epoch 9/50, train generator loss: 0.55364
2026-09-17 14:54:34,682 P28456 INFO Epoch 9/50, train discriminator loss: 5.53854
2026-09-17 14:54:34,889 P28456 INFO *** Test time is 0.20749592781066895
2026-09-17 14:54:34,889 P28456 INFO Epoch 9/50, test f1: 0.88889 rc: 0.88889 pc: 0.88889. [0.36s]
2026-09-17 14:54:34,889 P28456 INFO early stopping epoch 9/15
2026-09-17 14:54:35,051 P28456 INFO Epoch 10/50, train generator loss: 0.49142
2026-09-17 14:54:35,193 P28456 INFO Epoch 10/50, train discriminator loss: 5.40202
2026-09-17 14:54:35,410 P28456 INFO *** Test time is 0.21666884422302246
2026-09-17 14:54:35,410 P28456 INFO Epoch 10/50, test f1: 0.90566 rc: 0.88889 pc: 0.92308. [0.30s]
2026-09-17 14:54:35,410 P28456 INFO early stopping epoch 10/15
2026-09-17 14:54:35,636 P28456 INFO Epoch 11/50, train generator loss: 0.53632
2026-09-17 14:54:35,740 P28456 INFO Epoch 11/50, train discriminator loss: 5.45452
2026-09-17 14:54:35,883 P28456 INFO *** Test time is 0.14264822006225586
2026-09-17 14:54:35,883 P28456 INFO Epoch 11/50, test f1: 0.90566 rc: 0.88889 pc: 0.92308. [0.33s]
2026-09-17 14:54:35,883 P28456 INFO early stopping epoch 11/15
2026-09-17 14:54:36,017 P28456 INFO Epoch 12/50, train generator loss: 0.54445
2026-09-17 14:54:36,126 P28456 INFO Epoch 12/50, train discriminator loss: 5.53829
2026-09-17 14:54:36,279 P28456 INFO *** Test time is 0.15355777740478516
2026-09-17 14:54:36,279 P28456 INFO Epoch 12/50, test f1: 0.88889 rc: 0.88889 pc: 0.88889. [0.24s]
2026-09-17 14:54:36,279 P28456 INFO early stopping epoch 12/15
2026-09-17 14:54:36,424 P28456 INFO Epoch 13/50, train generator loss: 0.50889
2026-09-17 14:54:36,517 P28456 INFO Epoch 13/50, train discriminator loss: 5.57553
2026-09-17 14:54:36,675 P28456 INFO *** Test time is 0.15312647819519043
2026-09-17 14:54:36,675 P28456 INFO Epoch 13/50, test f1: 0.88889 rc: 0.88889 pc: 0.88889. [0.24s]
2026-09-17 14:54:36,675 P28456 INFO early stopping epoch 13/15
2026-09-17 14:54:36,790 P28456 INFO Epoch 14/50, train generator loss: 0.47522
2026-09-17 14:54:36,897 P28456 INFO Epoch 14/50, train discriminator loss: 5.56300
2026-09-17 14:54:37,051 P28456 INFO *** Test time is 0.15401530265808105
2026-09-17 14:54:37,051 P28456 INFO Epoch 14/50, test f1: 0.88889 rc: 0.88889 pc: 0.88889. [0.22s]
2026-09-17 14:54:37,051 P28456 INFO early stopping epoch 14/15
2026-09-17 14:54:37,147 P28456 INFO Epoch 15/50, train generator loss: 0.47970
2026-09-17 14:54:37,276 P28456 INFO Epoch 15/50, train discriminator loss: 5.54408
2026-09-17 14:54:37,418 P28456 INFO *** Test time is 0.1345515251159668
2026-09-17 14:54:37,418 P28456 INFO Epoch 15/50, test f1: 0.87273 rc: 0.88889 pc: 0.85714. [0.23s]
2026-09-17 14:54:37,418 P28456 INFO early stopping epoch 15/15
2026-09-17 14:54:37,418 P28456 INFO Early stopping
2026-09-17 14:54:37,576 P28456 INFO Threshold (p=95.0, src=val): 1.776282
2026-09-17 14:54:37,608 P28456 INFO *** Test F1 0.8085  of unsupervised traning
2026-09-17 14:54:37,608 P28456 INFO *** Best F1 {'f1': 0.9411764705882353, 'rc': 0.8888888888888888, 'pc': 1.0, 'threshold': np.float64(2.210360679626465)}  of unsupervised traning
2026-09-17 14:54:37,608 P28456 INFO Current hash id 76503e69
