2026-04-11 08:25:02,165 P15976 INFO ^^^^^^^^^^ Current Model:hades, micross_50_1_l1_True_False_template_appear_False_False_40_False_add_multi_modal_self_attn_fuse_32_False_False_True_False_True_False_True_True_True_16_0 ^^^^^^^^^^
2026-04-11 08:25:02,165 P15976 INFO Load from D:/UAM-AD/data/micross
2026-04-11 08:25:49,197 P20608 INFO ^^^^^^^^^^ Current Model:hades, micross_50_1_l1_True_False_template_appear_False_False_40_False_add_multi_modal_self_attn_fuse_32_False_False_True_False_True_False_True_True_True_16_0 ^^^^^^^^^^
2026-04-11 08:25:49,197 P20608 INFO Load from D:/UAM-AD/data/micross
2026-04-11 08:25:56,630 P20608 INFO 33 unique log templates found.
2026-04-11 08:25:56,763 P20608 INFO Transforming unlabel train data.
2026-04-11 08:25:57,458 P20608 INFO Transforming test data.
2026-04-11 08:25:57,496 P20608 INFO 1 new templates show.
2026-04-11 08:25:57,967 P20608 INFO Data loaded done!
2026-04-11 08:26:13,020 P20608 INFO Known word number: 33
2026-04-11 08:30:52,837 P20608 INFO Epoch 0/10, train generator loss: 0.35261
2026-04-11 08:33:31,596 P20608 INFO Epoch 0/10, train discriminator loss: 2.43357
2026-04-11 08:33:33,385 P20608 INFO *** Test time is 1.7898240089416504
2026-04-11 08:33:33,385 P20608 INFO Epoch 0/10, test f1: 0.06533 rc: 0.04118 pc: 0.15799. [434.08s]
2026-04-11 08:36:56,928 P20608 INFO Epoch 1/10, train generator loss: 0.18485
2026-04-11 08:39:34,415 P20608 INFO Epoch 1/10, train discriminator loss: 1.98998
2026-04-11 08:39:36,141 P20608 INFO *** Test time is 1.7261290550231934
2026-04-11 08:39:36,141 P20608 INFO Epoch 1/10, test f1: 0.29924 rc: 0.35078 pc: 0.26090. [360.98s]
2026-04-11 08:42:46,117 P20608 INFO Epoch 2/10, train generator loss: 0.15867
2026-04-11 08:45:31,334 P20608 INFO Epoch 2/10, train discriminator loss: 2.50157
2026-04-11 08:45:33,073 P20608 INFO *** Test time is 1.739692211151123
2026-04-11 08:45:33,073 P20608 INFO Epoch 2/10, test f1: 0.30816 rc: 0.36870 pc: 0.26470. [355.16s]
2026-04-11 08:48:53,944 P20608 INFO Epoch 3/10, train generator loss: 0.11540
2026-04-11 08:51:39,240 P20608 INFO Epoch 3/10, train discriminator loss: 2.01494
2026-04-11 08:51:41,125 P20608 INFO *** Test time is 1.8853988647460938
2026-04-11 08:51:41,125 P20608 INFO Epoch 3/10, test f1: 0.33825 rc: 0.41134 pc: 0.28721. [366.10s]
2026-04-11 08:55:03,687 P20608 INFO Epoch 4/10, train generator loss: 0.09812
2026-04-11 08:57:43,326 P20608 INFO Epoch 4/10, train discriminator loss: 3.01082
2026-04-11 08:57:44,926 P20608 INFO *** Test time is 1.6001100540161133
2026-04-11 08:57:44,926 P20608 INFO Epoch 4/10, test f1: 0.34958 rc: 0.42733 pc: 0.29577. [362.14s]
2026-04-11 09:00:56,785 P20608 INFO Epoch 5/10, train generator loss: 0.08337
2026-04-11 09:03:38,137 P20608 INFO Epoch 5/10, train discriminator loss: 1.58893
2026-04-11 09:03:39,848 P20608 INFO *** Test time is 1.7110486030578613
2026-04-11 09:03:39,848 P20608 INFO Epoch 5/10, test f1: 0.34584 rc: 0.42200 pc: 0.29297. [353.07s]
2026-04-11 09:03:39,848 P20608 INFO early stopping epoch 1/5
2026-04-11 09:06:55,514 P20608 INFO Epoch 6/10, train generator loss: 0.08977
2026-04-11 09:09:39,870 P20608 INFO Epoch 6/10, train discriminator loss: 2.40593
2026-04-11 09:09:41,766 P20608 INFO *** Test time is 1.8959083557128906
2026-04-11 09:09:41,766 P20608 INFO Epoch 6/10, test f1: 0.28108 rc: 0.33140 pc: 0.24402. [360.02s]
2026-04-11 09:09:41,766 P20608 INFO early stopping epoch 2/5
2026-04-11 09:12:54,810 P20608 INFO Epoch 7/10, train generator loss: 0.07235
2026-04-11 09:15:28,907 P20608 INFO Epoch 7/10, train discriminator loss: 1.75609
2026-04-11 09:15:30,926 P20608 INFO *** Test time is 2.019308567047119
2026-04-11 09:15:30,926 P20608 INFO Epoch 7/10, test f1: 0.33838 rc: 0.41134 pc: 0.28741. [347.14s]
2026-04-11 09:15:30,926 P20608 INFO early stopping epoch 3/5
2026-04-11 09:18:51,744 P20608 INFO Epoch 8/10, train generator loss: 0.06896
2026-04-11 09:21:31,075 P20608 INFO Epoch 8/10, train discriminator loss: 1.50296
2026-04-11 09:21:32,980 P20608 INFO *** Test time is 1.905794382095337
2026-04-11 09:21:32,980 P20608 INFO Epoch 8/10, test f1: 0.34931 rc: 0.42733 pc: 0.29538. [360.15s]
2026-04-11 09:21:32,980 P20608 INFO early stopping epoch 4/5
2026-04-11 09:24:52,312 P20608 INFO Epoch 9/10, train generator loss: 0.06531
2026-04-11 09:27:42,482 P20608 INFO Epoch 9/10, train discriminator loss: 1.43341
2026-04-11 09:27:44,438 P20608 INFO *** Test time is 1.955899953842163
2026-04-11 09:27:44,438 P20608 INFO Epoch 9/10, test f1: 0.34557 rc: 0.42200 pc: 0.29258. [369.50s]
2026-04-11 09:27:44,438 P20608 INFO early stopping epoch 5/5
2026-04-11 09:27:44,438 P20608 INFO Early stopping
2026-04-11 09:27:46,814 P20608 INFO *** Test F1 0.3496  of unsupervised traning
2026-04-11 09:27:46,814 P20608 INFO *** Best F1 {'f1': 0.34958382877526756, 'rc': 0.4273255813953488, 'pc': 0.29577464788732394}  of unsupervised traning
2026-04-11 09:27:47,038 P20608 INFO Current hash id micross_50_1_l1_True_False_template_appear_False_False_40_False_add_multi_modal_self_attn_fuse_32_False_False_True_False_True_False_True_True_True_16_0
