2026-09-17 14:58:10,884 P26596 INFO ^^^^^^^^^^ Current Model:hades, 6794f9fb ^^^^^^^^^^
2026-09-17 14:58:10,884 P26596 INFO Load from D:\UAM-AD\data\sn
2026-09-17 14:58:11,264 P26596 INFO 375 unique log templates found.
2026-09-17 14:58:11,264 P26596 INFO Transforming unlabel train data.
2026-09-17 14:58:11,312 P26596 INFO Transforming test data.
2026-09-17 14:58:11,343 P26596 INFO 733 new templates show.
2026-09-17 14:58:11,396 P26596 INFO Transforming val data.
2026-09-17 14:58:11,396 P26596 INFO 77 new templates show.
2026-09-17 14:58:11,407 P26596 INFO Data loaded done!
2026-09-17 14:58:11,462 P26596 INFO Known word number: 375
2026-09-17 14:58:11,712 P26596 INFO Epoch 0/50, train generator loss: 1.59906
2026-09-17 14:58:11,886 P26596 INFO Epoch 0/50, train discriminator loss: 5.69417
2026-09-17 14:58:12,096 P26596 INFO *** Test time is 0.20571446418762207
2026-09-17 14:58:12,096 P26596 INFO Epoch 0/50, test f1: 0.77551 rc: 0.65517 pc: 0.95000. [0.37s]
2026-09-17 14:58:12,283 P26596 INFO Epoch 1/50, train generator loss: 1.38561
2026-09-17 14:58:12,407 P26596 INFO Epoch 1/50, train discriminator loss: 5.16773
2026-09-17 14:58:12,554 P26596 INFO *** Test time is 0.1468970775604248
2026-09-17 14:58:12,554 P26596 INFO Epoch 1/50, test f1: 0.77551 rc: 0.65517 pc: 0.95000. [0.29s]
2026-09-17 14:58:12,554 P26596 INFO early stopping epoch 1/15
2026-09-17 14:58:12,690 P26596 INFO Epoch 2/50, train generator loss: 1.30321
2026-09-17 14:58:12,807 P26596 INFO Epoch 2/50, train discriminator loss: 5.12835
2026-09-17 14:58:12,976 P26596 INFO *** Test time is 0.16925668716430664
2026-09-17 14:58:12,976 P26596 INFO Epoch 2/50, test f1: 0.79167 rc: 0.65517 pc: 1.00000. [0.25s]
2026-09-17 14:58:13,114 P26596 INFO Epoch 3/50, train generator loss: 1.18857
2026-09-17 14:58:13,198 P26596 INFO Epoch 3/50, train discriminator loss: 5.63689
2026-09-17 14:58:13,357 P26596 INFO *** Test time is 0.14519667625427246
2026-09-17 14:58:13,357 P26596 INFO Epoch 3/50, test f1: 0.79167 rc: 0.65517 pc: 1.00000. [0.22s]
2026-09-17 14:58:13,357 P26596 INFO early stopping epoch 1/15
2026-09-17 14:58:13,500 P26596 INFO Epoch 4/50, train generator loss: 1.03686
2026-09-17 14:58:13,643 P26596 INFO Epoch 4/50, train discriminator loss: 6.79222
2026-09-17 14:58:13,808 P26596 INFO *** Test time is 0.16455650329589844
2026-09-17 14:58:13,808 P26596 INFO Epoch 4/50, test f1: 0.76000 rc: 0.65517 pc: 0.90476. [0.29s]
2026-09-17 14:58:13,808 P26596 INFO early stopping epoch 2/15
2026-09-17 14:58:13,962 P26596 INFO Epoch 5/50, train generator loss: 0.83992
2026-09-17 14:58:14,075 P26596 INFO Epoch 5/50, train discriminator loss: 7.93812
2026-09-17 14:58:14,260 P26596 INFO *** Test time is 0.18485283851623535
2026-09-17 14:58:14,260 P26596 INFO Epoch 5/50, test f1: 0.62745 rc: 0.55172 pc: 0.72727. [0.27s]
2026-09-17 14:58:14,260 P26596 INFO early stopping epoch 3/15
2026-09-17 14:58:14,401 P26596 INFO Epoch 6/50, train generator loss: 0.66297
2026-09-17 14:58:14,522 P26596 INFO Epoch 6/50, train discriminator loss: 8.40638
2026-09-17 14:58:14,705 P26596 INFO *** Test time is 0.18224382400512695
2026-09-17 14:58:14,705 P26596 INFO Epoch 6/50, test f1: 0.39130 rc: 0.31034 pc: 0.52941. [0.26s]
2026-09-17 14:58:14,705 P26596 INFO early stopping epoch 4/15
2026-09-17 14:58:14,862 P26596 INFO Epoch 7/50, train generator loss: 0.66862
2026-09-17 14:58:15,008 P26596 INFO Epoch 7/50, train discriminator loss: 7.38253
2026-09-17 14:58:15,216 P26596 INFO *** Test time is 0.2053694725036621
2026-09-17 14:58:15,216 P26596 INFO Epoch 7/50, test f1: 0.35556 rc: 0.27586 pc: 0.50000. [0.31s]
2026-09-17 14:58:15,216 P26596 INFO early stopping epoch 5/15
2026-09-17 14:58:15,353 P26596 INFO Epoch 8/50, train generator loss: 0.63126
2026-09-17 14:58:15,488 P26596 INFO Epoch 8/50, train discriminator loss: 6.19056
2026-09-17 14:58:15,671 P26596 INFO *** Test time is 0.18295931816101074
2026-09-17 14:58:15,671 P26596 INFO Epoch 8/50, test f1: 0.34783 rc: 0.27586 pc: 0.47059. [0.27s]
2026-09-17 14:58:15,687 P26596 INFO early stopping epoch 6/15
2026-09-17 14:58:15,823 P26596 INFO Epoch 9/50, train generator loss: 0.52736
2026-09-17 14:58:15,954 P26596 INFO Epoch 9/50, train discriminator loss: 5.57379
2026-09-17 14:58:16,190 P26596 INFO *** Test time is 0.23569703102111816
2026-09-17 14:58:16,190 P26596 INFO Epoch 9/50, test f1: 0.40909 rc: 0.31034 pc: 0.60000. [0.27s]
2026-09-17 14:58:16,190 P26596 INFO early stopping epoch 7/15
2026-09-17 14:58:16,372 P26596 INFO Epoch 10/50, train generator loss: 0.49863
2026-09-17 14:58:16,541 P26596 INFO Epoch 10/50, train discriminator loss: 5.44975
2026-09-17 14:58:16,821 P26596 INFO *** Test time is 0.26892900466918945
2026-09-17 14:58:16,821 P26596 INFO Epoch 10/50, test f1: 0.51064 rc: 0.41379 pc: 0.66667. [0.36s]
2026-09-17 14:58:16,821 P26596 INFO early stopping epoch 8/15
2026-09-17 14:58:17,047 P26596 INFO Epoch 11/50, train generator loss: 0.53134
2026-09-17 14:58:17,219 P26596 INFO Epoch 11/50, train discriminator loss: 5.50844
2026-09-17 14:58:17,487 P26596 INFO *** Test time is 0.2678954601287842
2026-09-17 14:58:17,487 P26596 INFO Epoch 11/50, test f1: 0.62745 rc: 0.55172 pc: 0.72727. [0.40s]
2026-09-17 14:58:17,487 P26596 INFO early stopping epoch 9/15
2026-09-17 14:58:17,703 P26596 INFO Epoch 12/50, train generator loss: 0.51260
2026-09-17 14:58:17,889 P26596 INFO Epoch 12/50, train discriminator loss: 5.58343
2026-09-17 14:58:18,143 P26596 INFO *** Test time is 0.2543513774871826
2026-09-17 14:58:18,143 P26596 INFO Epoch 12/50, test f1: 0.40000 rc: 0.31034 pc: 0.56250. [0.40s]
2026-09-17 14:58:18,143 P26596 INFO early stopping epoch 10/15
2026-09-17 14:58:18,280 P26596 INFO Epoch 13/50, train generator loss: 0.49938
2026-09-17 14:58:18,418 P26596 INFO Epoch 13/50, train discriminator loss: 5.61741
2026-09-17 14:58:18,636 P26596 INFO *** Test time is 0.2184131145477295
2026-09-17 14:58:18,636 P26596 INFO Epoch 13/50, test f1: 0.39130 rc: 0.31034 pc: 0.52941. [0.27s]
2026-09-17 14:58:18,636 P26596 INFO early stopping epoch 11/15
2026-09-17 14:58:18,769 P26596 INFO Epoch 14/50, train generator loss: 0.49630
2026-09-17 14:58:18,867 P26596 INFO Epoch 14/50, train discriminator loss: 5.62874
2026-09-17 14:58:19,044 P26596 INFO *** Test time is 0.17726969718933105
2026-09-17 14:58:19,044 P26596 INFO Epoch 14/50, test f1: 0.36364 rc: 0.27586 pc: 0.53333. [0.23s]
2026-09-17 14:58:19,044 P26596 INFO early stopping epoch 12/15
2026-09-17 14:58:19,157 P26596 INFO Epoch 15/50, train generator loss: 0.47317
2026-09-17 14:58:19,257 P26596 INFO Epoch 15/50, train discriminator loss: 5.63415
2026-09-17 14:58:19,427 P26596 INFO *** Test time is 0.16976475715637207
2026-09-17 14:58:19,427 P26596 INFO Epoch 15/50, test f1: 0.40000 rc: 0.31034 pc: 0.56250. [0.21s]
2026-09-17 14:58:19,427 P26596 INFO early stopping epoch 13/15
2026-09-17 14:58:19,527 P26596 INFO Epoch 16/50, train generator loss: 0.43900
2026-09-17 14:58:19,642 P26596 INFO Epoch 16/50, train discriminator loss: 5.63114
2026-09-17 14:58:19,807 P26596 INFO *** Test time is 0.1653287410736084
2026-09-17 14:58:19,807 P26596 INFO Epoch 16/50, test f1: 0.46809 rc: 0.37931 pc: 0.61111. [0.21s]
2026-09-17 14:58:19,807 P26596 INFO early stopping epoch 14/15
2026-09-17 14:58:19,902 P26596 INFO Epoch 17/50, train generator loss: 0.41851
2026-09-17 14:58:20,009 P26596 INFO Epoch 17/50, train discriminator loss: 5.59970
2026-09-17 14:58:20,172 P26596 INFO *** Test time is 0.16286849975585938
2026-09-17 14:58:20,172 P26596 INFO Epoch 17/50, test f1: 0.62745 rc: 0.55172 pc: 0.72727. [0.20s]
2026-09-17 14:58:20,172 P26596 INFO early stopping epoch 15/15
2026-09-17 14:58:20,172 P26596 INFO Early stopping
2026-09-17 14:58:20,267 P26596 INFO Threshold (p=95.0, src=val): 1.459009
2026-09-17 14:58:20,299 P26596 INFO *** Test F1 0.6047  of unsupervised traning
2026-09-17 14:58:20,299 P26596 INFO *** Best F1 {'f1': 0.7916666666666666, 'rc': 0.6551724137931034, 'pc': 1.0, 'threshold': np.float64(1.7634361505508422)}  of unsupervised traning
2026-09-17 14:58:20,299 P26596 INFO Current hash id 6794f9fb
