2026-04-11 07:15:28,838 P9940 INFO ^^^^^^^^^^ Current Model:hades, micross_50_1_l1_True_False_template_appear_False_False_40_False_add_multi_modal_self_attn_fuse_32_False_False_True_False_True_False_True_True_True_16_1 ^^^^^^^^^^
2026-04-11 07:15:28,838 P9940 INFO Load from D:/UAM-AD/data/micross
2026-04-11 07:15:37,132 P9940 INFO 33 unique log templates found.
2026-04-11 07:15:37,249 P9940 INFO Transforming unlabel train data.
2026-04-11 07:15:38,072 P9940 INFO Transforming test data.
2026-04-11 07:15:38,103 P9940 INFO 1 new templates show.
2026-04-11 07:15:38,535 P9940 INFO Data loaded done!
2026-04-11 07:15:53,023 P9940 INFO Known word number: 33
2026-04-11 07:17:42,856 P9940 INFO Epoch 0/10, train generator loss: 0.33297
2026-04-11 07:19:28,448 P9940 INFO Epoch 0/10, train discriminator loss: 0.62921
2026-04-11 07:19:29,895 P9940 INFO *** Test time is 1.4468111991882324
2026-04-11 07:19:29,895 P9940 INFO Epoch 0/10, test f1: 0.06546 rc: 0.04118 pc: 0.15947. [215.02s]
2026-04-11 07:21:01,345 P9940 INFO Epoch 1/10, train generator loss: 0.13191
2026-04-11 07:22:54,763 P9940 INFO Epoch 1/10, train discriminator loss: 2.24133
2026-04-11 07:22:56,152 P9940 INFO *** Test time is 1.3888132572174072
2026-04-11 07:22:56,152 P9940 INFO Epoch 1/10, test f1: 0.25063 rc: 0.28876 pc: 0.22140. [204.83s]
2026-04-11 07:24:31,986 P9940 INFO Epoch 2/10, train generator loss: 0.08336
2026-04-11 07:26:18,823 P9940 INFO Epoch 2/10, train discriminator loss: 1.45222
2026-04-11 07:26:20,226 P9940 INFO *** Test time is 1.403090238571167
2026-04-11 07:26:20,226 P9940 INFO Epoch 2/10, test f1: 0.33559 rc: 0.40891 pc: 0.28456. [202.64s]
2026-04-11 07:27:52,593 P9940 INFO Epoch 3/10, train generator loss: 0.05558
2026-04-11 07:29:45,659 P9940 INFO Epoch 3/10, train discriminator loss: 1.25866
2026-04-11 07:29:47,072 P9940 INFO *** Test time is 1.4125471115112305
2026-04-11 07:29:47,072 P9940 INFO Epoch 3/10, test f1: 0.31352 rc: 0.37694 pc: 0.26837. [205.41s]
2026-04-11 07:29:47,072 P9940 INFO early stopping epoch 1/5
2026-04-11 07:31:19,874 P9940 INFO Epoch 4/10, train generator loss: 0.04611
2026-04-11 07:33:09,699 P9940 INFO Epoch 4/10, train discriminator loss: 1.02921
2026-04-11 07:33:11,172 P9940 INFO *** Test time is 1.4730839729309082
2026-04-11 07:33:11,172 P9940 INFO Epoch 4/10, test f1: 0.31782 rc: 0.38227 pc: 0.27198. [202.63s]
2026-04-11 07:33:11,172 P9940 INFO early stopping epoch 2/5
2026-04-11 07:34:45,185 P9940 INFO Epoch 5/10, train generator loss: 0.04377
2026-04-11 07:36:35,801 P9940 INFO Epoch 5/10, train discriminator loss: 0.84877
2026-04-11 07:36:37,226 P9940 INFO *** Test time is 1.4246647357940674
2026-04-11 07:36:37,226 P9940 INFO Epoch 5/10, test f1: 0.31371 rc: 0.37694 pc: 0.26865. [204.63s]
2026-04-11 07:36:37,226 P9940 INFO early stopping epoch 3/5
2026-04-11 07:38:14,641 P9940 INFO Epoch 6/10, train generator loss: 0.03848
2026-04-11 07:40:06,425 P9940 INFO Epoch 6/10, train discriminator loss: 0.43681
2026-04-11 07:40:07,799 P9940 INFO *** Test time is 1.3738250732421875
2026-04-11 07:40:07,799 P9940 INFO Epoch 6/10, test f1: 0.33804 rc: 0.41134 pc: 0.28692. [209.20s]
2026-04-11 07:41:51,165 P9940 INFO Epoch 7/10, train generator loss: 0.03719
2026-04-11 07:43:43,904 P9940 INFO Epoch 7/10, train discriminator loss: 0.22389
2026-04-11 07:43:45,299 P9940 INFO *** Test time is 1.3947360515594482
2026-04-11 07:43:45,299 P9940 INFO Epoch 7/10, test f1: 0.33167 rc: 0.40213 pc: 0.28222. [216.07s]
2026-04-11 07:43:45,299 P9940 INFO early stopping epoch 1/5
2026-04-11 07:45:32,986 P9940 INFO Epoch 8/10, train generator loss: 0.03669
2026-04-11 07:47:25,781 P9940 INFO Epoch 8/10, train discriminator loss: 1.86904
2026-04-11 07:47:27,416 P9940 INFO *** Test time is 1.6356189250946045
2026-04-11 07:47:27,416 P9940 INFO Epoch 8/10, test f1: 0.33944 rc: 0.41279 pc: 0.28823. [220.48s]
2026-04-11 07:49:04,106 P9940 INFO Epoch 9/10, train generator loss: 0.03584
2026-04-11 07:50:57,785 P9940 INFO Epoch 9/10, train discriminator loss: 0.88942
2026-04-11 07:50:59,354 P9940 INFO *** Test time is 1.5692086219787598
2026-04-11 07:50:59,354 P9940 INFO Epoch 9/10, test f1: 0.33937 rc: 0.41279 pc: 0.28813. [210.32s]
2026-04-11 07:50:59,354 P9940 INFO early stopping epoch 1/5
2026-04-11 07:51:01,429 P9940 INFO *** Test F1 0.3394  of unsupervised traning
2026-04-11 07:51:01,429 P9940 INFO *** Best F1 {'f1': 0.3394422310756972, 'rc': 0.4127906976744186, 'pc': 0.2882273342354533}  of unsupervised traning
2026-04-11 07:51:01,579 P9940 INFO Current hash id micross_50_1_l1_True_False_template_appear_False_False_40_False_add_multi_modal_self_attn_fuse_32_False_False_True_False_True_False_True_True_True_16_1
