2026-09-17 15:02:30,003 P4504 INFO ^^^^^^^^^^ Current Model:hades, 9c2f94ec ^^^^^^^^^^
2026-09-17 15:02:30,003 P4504 INFO Load from D:\UAM-AD\data\sn
2026-09-17 15:02:30,249 P4504 INFO 375 unique log templates found.
2026-09-17 15:02:30,251 P4504 INFO Transforming unlabel train data.
2026-09-17 15:02:30,276 P4504 INFO Transforming test data.
2026-09-17 15:02:30,308 P4504 INFO 713 new templates show.
2026-09-17 15:02:30,339 P4504 INFO Transforming val data.
2026-09-17 15:02:30,339 P4504 INFO 77 new templates show.
2026-09-17 15:02:30,339 P4504 INFO Data loaded done!
2026-09-17 15:02:30,371 P4504 INFO Known word number: 375
2026-09-17 15:02:30,584 P4504 INFO Epoch 0/50, train generator loss: 1.46863
2026-09-17 15:02:30,688 P4504 INFO Epoch 0/50, train discriminator loss: 5.40441
2026-09-17 15:02:30,861 P4504 INFO *** Test time is 0.1564807891845703
2026-09-17 15:02:30,861 P4504 INFO Epoch 0/50, test f1: 0.87500 rc: 0.80769 pc: 0.95455. [0.27s]
2026-09-17 15:02:31,013 P4504 INFO Epoch 1/50, train generator loss: 1.43376
2026-09-17 15:02:31,134 P4504 INFO Epoch 1/50, train discriminator loss: 4.85098
2026-09-17 15:02:31,292 P4504 INFO *** Test time is 0.15719223022460938
2026-09-17 15:02:31,292 P4504 INFO Epoch 1/50, test f1: 0.82609 rc: 0.73077 pc: 0.95000. [0.26s]
2026-09-17 15:02:31,292 P4504 INFO early stopping epoch 1/15
2026-09-17 15:02:31,440 P4504 INFO Epoch 2/50, train generator loss: 1.29617
2026-09-17 15:02:31,576 P4504 INFO Epoch 2/50, train discriminator loss: 4.82591
2026-09-17 15:02:31,719 P4504 INFO *** Test time is 0.14270257949829102
2026-09-17 15:02:31,719 P4504 INFO Epoch 2/50, test f1: 0.82609 rc: 0.73077 pc: 0.95000. [0.28s]
2026-09-17 15:02:31,719 P4504 INFO early stopping epoch 2/15
2026-09-17 15:02:31,847 P4504 INFO Epoch 3/50, train generator loss: 1.17585
2026-09-17 15:02:31,941 P4504 INFO Epoch 3/50, train discriminator loss: 5.46517
2026-09-17 15:02:32,098 P4504 INFO *** Test time is 0.15751910209655762
2026-09-17 15:02:32,098 P4504 INFO Epoch 3/50, test f1: 0.82609 rc: 0.73077 pc: 0.95000. [0.22s]
2026-09-17 15:02:32,098 P4504 INFO early stopping epoch 3/15
2026-09-17 15:02:32,224 P4504 INFO Epoch 4/50, train generator loss: 1.04660
2026-09-17 15:02:32,330 P4504 INFO Epoch 4/50, train discriminator loss: 6.71876
2026-09-17 15:02:32,487 P4504 INFO *** Test time is 0.15723419189453125
2026-09-17 15:02:32,487 P4504 INFO Epoch 4/50, test f1: 0.63636 rc: 0.53846 pc: 0.77778. [0.23s]
2026-09-17 15:02:32,487 P4504 INFO early stopping epoch 4/15
2026-09-17 15:02:32,613 P4504 INFO Epoch 5/50, train generator loss: 0.89228
2026-09-17 15:02:32,720 P4504 INFO Epoch 5/50, train discriminator loss: 7.89989
2026-09-17 15:02:32,856 P4504 INFO *** Test time is 0.1363966464996338
2026-09-17 15:02:32,856 P4504 INFO Epoch 5/50, test f1: 0.38095 rc: 0.30769 pc: 0.50000. [0.23s]
2026-09-17 15:02:32,856 P4504 INFO early stopping epoch 5/15
2026-09-17 15:02:33,015 P4504 INFO Epoch 6/50, train generator loss: 0.68387
2026-09-17 15:02:33,202 P4504 INFO Epoch 6/50, train discriminator loss: 8.45150
2026-09-17 15:02:33,410 P4504 INFO *** Test time is 0.2071394920349121
2026-09-17 15:02:33,410 P4504 INFO Epoch 6/50, test f1: 0.15385 rc: 0.11538 pc: 0.23077. [0.35s]
2026-09-17 15:02:33,410 P4504 INFO early stopping epoch 6/15
2026-09-17 15:02:33,551 P4504 INFO Epoch 7/50, train generator loss: 0.62258
2026-09-17 15:02:33,704 P4504 INFO Epoch 7/50, train discriminator loss: 7.43642
2026-09-17 15:02:33,915 P4504 INFO *** Test time is 0.2115340232849121
2026-09-17 15:02:33,915 P4504 INFO Epoch 7/50, test f1: 0.15789 rc: 0.11538 pc: 0.25000. [0.29s]
2026-09-17 15:02:33,915 P4504 INFO early stopping epoch 7/15
2026-09-17 15:02:34,042 P4504 INFO Epoch 8/50, train generator loss: 0.63064
2026-09-17 15:02:34,200 P4504 INFO Epoch 8/50, train discriminator loss: 6.14288
2026-09-17 15:02:34,423 P4504 INFO *** Test time is 0.2210996150970459
2026-09-17 15:02:34,423 P4504 INFO Epoch 8/50, test f1: 0.15385 rc: 0.11538 pc: 0.23077. [0.29s]
2026-09-17 15:02:34,423 P4504 INFO early stopping epoch 8/15
2026-09-17 15:02:34,569 P4504 INFO Epoch 9/50, train generator loss: 0.54803
2026-09-17 15:02:34,721 P4504 INFO Epoch 9/50, train discriminator loss: 5.40409
2026-09-17 15:02:34,918 P4504 INFO *** Test time is 0.19675564765930176
2026-09-17 15:02:34,918 P4504 INFO Epoch 9/50, test f1: 0.15385 rc: 0.11538 pc: 0.23077. [0.30s]
2026-09-17 15:02:34,930 P4504 INFO early stopping epoch 9/15
2026-09-17 15:02:35,082 P4504 INFO Epoch 10/50, train generator loss: 0.46869
2026-09-17 15:02:35,223 P4504 INFO Epoch 10/50, train discriminator loss: 5.26662
2026-09-17 15:02:35,453 P4504 INFO *** Test time is 0.23093795776367188
2026-09-17 15:02:35,453 P4504 INFO Epoch 10/50, test f1: 0.15385 rc: 0.11538 pc: 0.23077. [0.29s]
2026-09-17 15:02:35,453 P4504 INFO early stopping epoch 10/15
2026-09-17 15:02:35,645 P4504 INFO Epoch 11/50, train generator loss: 0.47931
2026-09-17 15:02:35,760 P4504 INFO Epoch 11/50, train discriminator loss: 5.41457
2026-09-17 15:02:35,911 P4504 INFO *** Test time is 0.15047979354858398
2026-09-17 15:02:35,911 P4504 INFO Epoch 11/50, test f1: 0.15789 rc: 0.11538 pc: 0.25000. [0.31s]
2026-09-17 15:02:35,911 P4504 INFO early stopping epoch 11/15
2026-09-17 15:02:36,023 P4504 INFO Epoch 12/50, train generator loss: 0.46477
2026-09-17 15:02:36,126 P4504 INFO Epoch 12/50, train discriminator loss: 5.58702
2026-09-17 15:02:36,271 P4504 INFO *** Test time is 0.14513731002807617
2026-09-17 15:02:36,271 P4504 INFO Epoch 12/50, test f1: 0.15789 rc: 0.11538 pc: 0.25000. [0.22s]
2026-09-17 15:02:36,271 P4504 INFO early stopping epoch 12/15
2026-09-17 15:02:36,367 P4504 INFO Epoch 13/50, train generator loss: 0.44348
2026-09-17 15:02:36,493 P4504 INFO Epoch 13/50, train discriminator loss: 5.68575
2026-09-17 15:02:36,635 P4504 INFO *** Test time is 0.14197921752929688
2026-09-17 15:02:36,635 P4504 INFO Epoch 13/50, test f1: 0.15789 rc: 0.11538 pc: 0.25000. [0.22s]
2026-09-17 15:02:36,635 P4504 INFO early stopping epoch 13/15
2026-09-17 15:02:36,730 P4504 INFO Epoch 14/50, train generator loss: 0.44725
2026-09-17 15:02:36,844 P4504 INFO Epoch 14/50, train discriminator loss: 5.71628
2026-09-17 15:02:36,982 P4504 INFO *** Test time is 0.1379995346069336
2026-09-17 15:02:36,998 P4504 INFO Epoch 14/50, test f1: 0.16216 rc: 0.11538 pc: 0.27273. [0.21s]
2026-09-17 15:02:36,998 P4504 INFO early stopping epoch 14/15
2026-09-17 15:02:37,090 P4504 INFO Epoch 15/50, train generator loss: 0.43768
2026-09-17 15:02:37,180 P4504 INFO Epoch 15/50, train discriminator loss: 5.71342
2026-09-17 15:02:37,330 P4504 INFO *** Test time is 0.15034937858581543
2026-09-17 15:02:37,330 P4504 INFO Epoch 15/50, test f1: 0.21622 rc: 0.15385 pc: 0.36364. [0.18s]
2026-09-17 15:02:37,342 P4504 INFO early stopping epoch 15/15
2026-09-17 15:02:37,342 P4504 INFO Early stopping
2026-09-17 15:02:37,475 P4504 INFO Threshold (p=95.0, src=val): 1.747734
2026-09-17 15:02:37,509 P4504 INFO *** Test F1 0.5405  of unsupervised traning
2026-09-17 15:02:37,509 P4504 INFO *** Best F1 {'f1': 0.875, 'rc': 0.8076923076923077, 'pc': 0.9545454545454546, 'threshold': np.float64(1.728595175743103)}  of unsupervised traning
2026-09-17 15:02:37,509 P4504 INFO Current hash id 9c2f94ec
