2026-09-16 11:09:16,307 P2008 INFO ^^^^^^^^^^ Current Model:hades, da64d01b ^^^^^^^^^^
2026-09-16 11:09:16,307 P2008 INFO Load from D:\UAM-AD\data\sn
2026-09-16 11:09:16,641 P2008 INFO 375 unique log templates found.
2026-09-16 11:09:16,657 P2008 INFO Transforming unlabel train data.
2026-09-16 11:09:16,689 P2008 INFO Transforming test data.
2026-09-16 11:09:16,722 P2008 INFO 185 new templates show.
2026-09-16 11:09:16,754 P2008 INFO Transforming val data.
2026-09-16 11:09:16,755 P2008 INFO 77 new templates show.
2026-09-16 11:09:16,755 P2008 INFO Data loaded done!
2026-09-16 11:09:16,785 P2008 INFO Known word number: 375
2026-09-16 11:09:18,792 P2008 INFO Epoch 0/10, train generator loss: 1.49103
2026-09-16 11:09:18,964 P2008 INFO Epoch 0/10, train discriminator loss: 5.76037
2026-09-16 11:09:19,147 P2008 INFO *** Test time is 0.17420697212219238
2026-09-16 11:09:19,147 P2008 INFO Epoch 0/10, test f1: 1.00000 rc: 1.00000 pc: 1.00000. [0.80s]
2026-09-16 11:09:19,339 P2008 INFO Epoch 1/10, train generator loss: 1.39710
2026-09-16 11:09:19,448 P2008 INFO Epoch 1/10, train discriminator loss: 5.12058
2026-09-16 11:09:19,622 P2008 INFO *** Test time is 0.16745686531066895
2026-09-16 11:09:19,622 P2008 INFO Epoch 1/10, test f1: 1.00000 rc: 1.00000 pc: 1.00000. [0.29s]
2026-09-16 11:09:19,622 P2008 INFO early stopping epoch 1/5
2026-09-16 11:09:19,769 P2008 INFO Epoch 2/10, train generator loss: 1.35843
2026-09-16 11:09:19,875 P2008 INFO Epoch 2/10, train discriminator loss: 4.70162
2026-09-16 11:09:20,011 P2008 INFO *** Test time is 0.13591694831848145
2026-09-16 11:09:20,011 P2008 INFO Epoch 2/10, test f1: 1.00000 rc: 1.00000 pc: 1.00000. [0.25s]
2026-09-16 11:09:20,011 P2008 INFO early stopping epoch 2/5
2026-09-16 11:09:20,141 P2008 INFO Epoch 3/10, train generator loss: 1.36961
2026-09-16 11:09:20,269 P2008 INFO Epoch 3/10, train discriminator loss: 4.37663
2026-09-16 11:09:20,456 P2008 INFO *** Test time is 0.1867685317993164
2026-09-16 11:09:20,456 P2008 INFO Epoch 3/10, test f1: 1.00000 rc: 1.00000 pc: 1.00000. [0.26s]
2026-09-16 11:09:20,456 P2008 INFO early stopping epoch 3/5
2026-09-16 11:09:20,644 P2008 INFO Epoch 4/10, train generator loss: 1.40042
2026-09-16 11:09:20,782 P2008 INFO Epoch 4/10, train discriminator loss: 4.14500
2026-09-16 11:09:21,007 P2008 INFO *** Test time is 0.2249903678894043
2026-09-16 11:09:21,007 P2008 INFO Epoch 4/10, test f1: 1.00000 rc: 1.00000 pc: 1.00000. [0.33s]
2026-09-16 11:09:21,007 P2008 INFO early stopping epoch 4/5
2026-09-16 11:09:21,182 P2008 INFO Epoch 5/10, train generator loss: 1.43234
2026-09-16 11:09:21,321 P2008 INFO Epoch 5/10, train discriminator loss: 3.99283
2026-09-16 11:09:21,520 P2008 INFO *** Test time is 0.19859910011291504
2026-09-16 11:09:21,520 P2008 INFO Epoch 5/10, test f1: 1.00000 rc: 1.00000 pc: 1.00000. [0.31s]
2026-09-16 11:09:21,520 P2008 INFO early stopping epoch 5/5
2026-09-16 11:09:21,520 P2008 INFO Early stopping
2026-09-16 11:09:21,605 P2008 INFO Threshold (p=95.0, src=val): 1.827836
2026-09-16 11:09:21,637 P2008 INFO *** Test F1 0.9231  of unsupervised traning
2026-09-16 11:09:21,637 P2008 INFO *** Best F1 {'f1': 1.0, 'rc': 1.0, 'pc': 1.0, 'threshold': np.float64(1.938499927520752)}  of unsupervised traning
2026-09-16 11:09:21,653 P2008 INFO Current hash id da64d01b
