2026-09-17 14:57:21,621 P29060 INFO ^^^^^^^^^^ Current Model:hades, ad5342b7 ^^^^^^^^^^
2026-09-17 14:57:21,621 P29060 INFO Load from D:\UAM-AD\data\sn
2026-09-17 14:57:21,891 P29060 INFO 375 unique log templates found.
2026-09-17 14:57:21,903 P29060 INFO Transforming unlabel train data.
2026-09-17 14:57:21,923 P29060 INFO Transforming test data.
2026-09-17 14:57:21,955 P29060 INFO 729 new templates show.
2026-09-17 14:57:21,987 P29060 INFO Transforming val data.
2026-09-17 14:57:21,987 P29060 INFO 77 new templates show.
2026-09-17 14:57:21,987 P29060 INFO Data loaded done!
2026-09-17 14:57:22,019 P29060 INFO Known word number: 375
2026-09-17 14:57:22,206 P29060 INFO Epoch 0/50, train generator loss: 1.48686
2026-09-17 14:57:22,336 P29060 INFO Epoch 0/50, train discriminator loss: 5.65776
2026-09-17 14:57:22,479 P29060 INFO *** Test time is 0.14265871047973633
2026-09-17 14:57:22,479 P29060 INFO Epoch 0/50, test f1: 0.80851 rc: 0.67857 pc: 1.00000. [0.27s]
2026-09-17 14:57:22,649 P29060 INFO Epoch 1/50, train generator loss: 1.40388
2026-09-17 14:57:22,749 P29060 INFO Epoch 1/50, train discriminator loss: 5.17752
2026-09-17 14:57:22,900 P29060 INFO *** Test time is 0.1510636806488037
2026-09-17 14:57:22,900 P29060 INFO Epoch 1/50, test f1: 0.80851 rc: 0.67857 pc: 1.00000. [0.25s]
2026-09-17 14:57:22,900 P29060 INFO early stopping epoch 1/15
2026-09-17 14:57:23,033 P29060 INFO Epoch 2/50, train generator loss: 1.31618
2026-09-17 14:57:23,137 P29060 INFO Epoch 2/50, train discriminator loss: 5.08816
2026-09-17 14:57:23,309 P29060 INFO *** Test time is 0.17203664779663086
2026-09-17 14:57:23,309 P29060 INFO Epoch 2/50, test f1: 0.80851 rc: 0.67857 pc: 1.00000. [0.24s]
2026-09-17 14:57:23,309 P29060 INFO early stopping epoch 2/15
2026-09-17 14:57:23,466 P29060 INFO Epoch 3/50, train generator loss: 1.19724
2026-09-17 14:57:23,571 P29060 INFO Epoch 3/50, train discriminator loss: 5.72019
2026-09-17 14:57:23,732 P29060 INFO *** Test time is 0.16083312034606934
2026-09-17 14:57:23,732 P29060 INFO Epoch 3/50, test f1: 0.83333 rc: 0.71429 pc: 1.00000. [0.26s]
2026-09-17 14:57:23,895 P29060 INFO Epoch 4/50, train generator loss: 1.03776
2026-09-17 14:57:24,043 P29060 INFO Epoch 4/50, train discriminator loss: 6.97045
2026-09-17 14:57:24,252 P29060 INFO *** Test time is 0.2094566822052002
2026-09-17 14:57:24,252 P29060 INFO Epoch 4/50, test f1: 0.75000 rc: 0.64286 pc: 0.90000. [0.30s]
2026-09-17 14:57:24,252 P29060 INFO early stopping epoch 1/15
2026-09-17 14:57:24,451 P29060 INFO Epoch 5/50, train generator loss: 0.84028
2026-09-17 14:57:24,609 P29060 INFO Epoch 5/50, train discriminator loss: 8.17285
2026-09-17 14:57:24,815 P29060 INFO *** Test time is 0.20683813095092773
2026-09-17 14:57:24,815 P29060 INFO Epoch 5/50, test f1: 0.40909 rc: 0.32143 pc: 0.56250. [0.36s]
2026-09-17 14:57:24,815 P29060 INFO early stopping epoch 2/15
2026-09-17 14:57:25,004 P29060 INFO Epoch 6/50, train generator loss: 0.66682
2026-09-17 14:57:25,152 P29060 INFO Epoch 6/50, train discriminator loss: 8.68763
2026-09-17 14:57:25,362 P29060 INFO *** Test time is 0.20982933044433594
2026-09-17 14:57:25,362 P29060 INFO Epoch 6/50, test f1: 0.27273 rc: 0.21429 pc: 0.37500. [0.34s]
2026-09-17 14:57:25,362 P29060 INFO early stopping epoch 3/15
2026-09-17 14:57:25,529 P29060 INFO Epoch 7/50, train generator loss: 0.66821
2026-09-17 14:57:25,678 P29060 INFO Epoch 7/50, train discriminator loss: 7.64240
2026-09-17 14:57:25,884 P29060 INFO *** Test time is 0.20597100257873535
2026-09-17 14:57:25,884 P29060 INFO Epoch 7/50, test f1: 0.27273 rc: 0.21429 pc: 0.37500. [0.32s]
2026-09-17 14:57:25,884 P29060 INFO early stopping epoch 4/15
2026-09-17 14:57:26,068 P29060 INFO Epoch 8/50, train generator loss: 0.64135
2026-09-17 14:57:26,203 P29060 INFO Epoch 8/50, train discriminator loss: 6.35437
2026-09-17 14:57:26,424 P29060 INFO *** Test time is 0.22079086303710938
2026-09-17 14:57:26,424 P29060 INFO Epoch 8/50, test f1: 0.27273 rc: 0.21429 pc: 0.37500. [0.32s]
2026-09-17 14:57:26,426 P29060 INFO early stopping epoch 5/15
2026-09-17 14:57:26,590 P29060 INFO Epoch 9/50, train generator loss: 0.51668
2026-09-17 14:57:26,682 P29060 INFO Epoch 9/50, train discriminator loss: 5.63445
2026-09-17 14:57:26,830 P29060 INFO *** Test time is 0.14759564399719238
2026-09-17 14:57:26,830 P29060 INFO Epoch 9/50, test f1: 0.35556 rc: 0.28571 pc: 0.47059. [0.26s]
2026-09-17 14:57:26,831 P29060 INFO early stopping epoch 6/15
2026-09-17 14:57:26,933 P29060 INFO Epoch 10/50, train generator loss: 0.48170
2026-09-17 14:57:27,031 P29060 INFO Epoch 10/50, train discriminator loss: 5.46228
2026-09-17 14:57:27,164 P29060 INFO *** Test time is 0.13305068016052246
2026-09-17 14:57:27,164 P29060 INFO Epoch 10/50, test f1: 0.40909 rc: 0.32143 pc: 0.56250. [0.20s]
2026-09-17 14:57:27,164 P29060 INFO early stopping epoch 7/15
2026-09-17 14:57:27,307 P29060 INFO Epoch 11/50, train generator loss: 0.55254
2026-09-17 14:57:27,403 P29060 INFO Epoch 11/50, train discriminator loss: 5.48859
2026-09-17 14:57:27,550 P29060 INFO *** Test time is 0.14700770378112793
2026-09-17 14:57:27,550 P29060 INFO Epoch 11/50, test f1: 0.40909 rc: 0.32143 pc: 0.56250. [0.24s]
2026-09-17 14:57:27,550 P29060 INFO early stopping epoch 8/15
2026-09-17 14:57:27,680 P29060 INFO Epoch 12/50, train generator loss: 0.53432
2026-09-17 14:57:27,798 P29060 INFO Epoch 12/50, train discriminator loss: 5.53394
2026-09-17 14:57:27,941 P29060 INFO *** Test time is 0.14109373092651367
2026-09-17 14:57:27,941 P29060 INFO Epoch 12/50, test f1: 0.36364 rc: 0.28571 pc: 0.50000. [0.25s]
2026-09-17 14:57:27,941 P29060 INFO early stopping epoch 9/15
2026-09-17 14:57:28,064 P29060 INFO Epoch 13/50, train generator loss: 0.48864
2026-09-17 14:57:28,167 P29060 INFO Epoch 13/50, train discriminator loss: 5.55661
2026-09-17 14:57:28,330 P29060 INFO *** Test time is 0.1628589630126953
2026-09-17 14:57:28,330 P29060 INFO Epoch 13/50, test f1: 0.27273 rc: 0.21429 pc: 0.37500. [0.23s]
2026-09-17 14:57:28,330 P29060 INFO early stopping epoch 10/15
2026-09-17 14:57:28,430 P29060 INFO Epoch 14/50, train generator loss: 0.49169
2026-09-17 14:57:28,571 P29060 INFO Epoch 14/50, train discriminator loss: 5.56804
2026-09-17 14:57:28,720 P29060 INFO *** Test time is 0.14870572090148926
2026-09-17 14:57:28,722 P29060 INFO Epoch 14/50, test f1: 0.27273 rc: 0.21429 pc: 0.37500. [0.24s]
2026-09-17 14:57:28,722 P29060 INFO early stopping epoch 11/15
2026-09-17 14:57:28,826 P29060 INFO Epoch 15/50, train generator loss: 0.48671
2026-09-17 14:57:28,951 P29060 INFO Epoch 15/50, train discriminator loss: 5.58710
2026-09-17 14:57:29,092 P29060 INFO *** Test time is 0.14107823371887207
2026-09-17 14:57:29,092 P29060 INFO Epoch 15/50, test f1: 0.27273 rc: 0.21429 pc: 0.37500. [0.23s]
2026-09-17 14:57:29,092 P29060 INFO early stopping epoch 12/15
2026-09-17 14:57:29,203 P29060 INFO Epoch 16/50, train generator loss: 0.45775
2026-09-17 14:57:29,312 P29060 INFO Epoch 16/50, train discriminator loss: 5.60956
2026-09-17 14:57:29,457 P29060 INFO *** Test time is 0.14380574226379395
2026-09-17 14:57:29,457 P29060 INFO Epoch 16/50, test f1: 0.27273 rc: 0.21429 pc: 0.37500. [0.22s]
2026-09-17 14:57:29,457 P29060 INFO early stopping epoch 13/15
2026-09-17 14:57:29,559 P29060 INFO Epoch 17/50, train generator loss: 0.42213
2026-09-17 14:57:29,660 P29060 INFO Epoch 17/50, train discriminator loss: 5.60877
2026-09-17 14:57:29,815 P29060 INFO *** Test time is 0.1558823585510254
2026-09-17 14:57:29,815 P29060 INFO Epoch 17/50, test f1: 0.36364 rc: 0.28571 pc: 0.50000. [0.20s]
2026-09-17 14:57:29,815 P29060 INFO early stopping epoch 14/15
2026-09-17 14:57:29,962 P29060 INFO Epoch 18/50, train generator loss: 0.41834
2026-09-17 14:57:30,057 P29060 INFO Epoch 18/50, train discriminator loss: 5.56718
2026-09-17 14:57:30,214 P29060 INFO *** Test time is 0.15615606307983398
2026-09-17 14:57:30,214 P29060 INFO Epoch 18/50, test f1: 0.36364 rc: 0.28571 pc: 0.50000. [0.24s]
2026-09-17 14:57:30,214 P29060 INFO early stopping epoch 15/15
2026-09-17 14:57:30,214 P29060 INFO Early stopping
2026-09-17 14:57:30,309 P29060 INFO Threshold (p=95.0, src=val): 1.220288
2026-09-17 14:57:30,341 P29060 INFO *** Test F1 0.9655  of unsupervised traning
2026-09-17 14:57:30,341 P29060 INFO *** Best F1 {'f1': 0.8333333333333334, 'rc': 0.7142857142857143, 'pc': 1.0, 'threshold': np.float64(1.3472412300109864)}  of unsupervised traning
2026-09-17 14:57:30,341 P29060 INFO Current hash id ad5342b7
