2026-09-17 11:44:47,020 P26940 INFO ^^^^^^^^^^ Current Model:hades, 79f320ac ^^^^^^^^^^
2026-09-17 11:44:47,020 P26940 INFO Load from D:\UAM-AD\data\sn
2026-09-17 11:44:47,366 P26940 INFO 375 unique log templates found.
2026-09-17 11:44:47,376 P26940 INFO Transforming unlabel train data.
2026-09-17 11:44:47,408 P26940 INFO Transforming test data.
2026-09-17 11:44:47,463 P26940 INFO 733 new templates show.
2026-09-17 11:44:47,504 P26940 INFO Transforming val data.
2026-09-17 11:44:47,504 P26940 INFO 77 new templates show.
2026-09-17 11:44:47,504 P26940 INFO Data loaded done!
2026-09-17 11:44:47,566 P26940 INFO Known word number: 375
2026-09-17 11:44:47,762 P26940 INFO Epoch 0/10, train generator loss: 1.38441
2026-09-17 11:44:47,881 P26940 INFO Epoch 0/10, train discriminator loss: 2.84649
2026-09-17 11:44:48,087 P26940 INFO *** Test time is 0.2069089412689209
2026-09-17 11:44:48,087 P26940 INFO Epoch 0/10, test f1: 0.88000 rc: 0.78571 pc: 1.00000. [0.27s]
2026-09-17 11:44:48,245 P26940 INFO Epoch 1/10, train generator loss: 1.31327
2026-09-17 11:44:48,358 P26940 INFO Epoch 1/10, train discriminator loss: 2.20762
2026-09-17 11:44:48,564 P26940 INFO *** Test time is 0.20639610290527344
2026-09-17 11:44:48,564 P26940 INFO Epoch 1/10, test f1: 0.90196 rc: 0.82143 pc: 1.00000. [0.26s]
2026-09-17 11:44:48,761 P26940 INFO Epoch 2/10, train generator loss: 1.27013
2026-09-17 11:44:48,879 P26940 INFO Epoch 2/10, train discriminator loss: 1.80388
2026-09-17 11:44:49,097 P26940 INFO *** Test time is 0.21848011016845703
2026-09-17 11:44:49,097 P26940 INFO Epoch 2/10, test f1: 0.90196 rc: 0.82143 pc: 1.00000. [0.28s]
2026-09-17 11:44:49,097 P26940 INFO early stopping epoch 1/5
2026-09-17 11:44:49,259 P26940 INFO Epoch 3/10, train generator loss: 1.28008
2026-09-17 11:44:49,337 P26940 INFO Epoch 3/10, train discriminator loss: 1.57346
2026-09-17 11:44:49,481 P26940 INFO *** Test time is 0.14411687850952148
2026-09-17 11:44:49,481 P26940 INFO Epoch 3/10, test f1: 0.88000 rc: 0.78571 pc: 1.00000. [0.24s]
2026-09-17 11:44:49,481 P26940 INFO early stopping epoch 2/5
2026-09-17 11:44:49,605 P26940 INFO Epoch 4/10, train generator loss: 1.30738
2026-09-17 11:44:49,681 P26940 INFO Epoch 4/10, train discriminator loss: 1.42631
2026-09-17 11:44:49,831 P26940 INFO *** Test time is 0.14614439010620117
2026-09-17 11:44:49,831 P26940 INFO Epoch 4/10, test f1: 0.90196 rc: 0.82143 pc: 1.00000. [0.20s]
2026-09-17 11:44:49,831 P26940 INFO early stopping epoch 3/5
2026-09-17 11:44:49,937 P26940 INFO Epoch 5/10, train generator loss: 1.35224
2026-09-17 11:44:50,016 P26940 INFO Epoch 5/10, train discriminator loss: 1.31431
2026-09-17 11:44:50,142 P26940 INFO *** Test time is 0.12412810325622559
2026-09-17 11:44:50,142 P26940 INFO Epoch 5/10, test f1: 0.90196 rc: 0.82143 pc: 1.00000. [0.19s]
2026-09-17 11:44:50,142 P26940 INFO early stopping epoch 4/5
2026-09-17 11:44:50,239 P26940 INFO Epoch 6/10, train generator loss: 1.40405
2026-09-17 11:44:50,320 P26940 INFO Epoch 6/10, train discriminator loss: 1.21476
2026-09-17 11:44:50,474 P26940 INFO *** Test time is 0.15399670600891113
2026-09-17 11:44:50,474 P26940 INFO Epoch 6/10, test f1: 0.90196 rc: 0.82143 pc: 1.00000. [0.18s]
2026-09-17 11:44:50,474 P26940 INFO early stopping epoch 5/5
2026-09-17 11:44:50,474 P26940 INFO Early stopping
2026-09-17 11:44:50,557 P26940 INFO Threshold (p=95.0, src=val): 1.365929
2026-09-17 11:44:50,588 P26940 INFO *** Test F1 0.9032  of unsupervised traning
2026-09-17 11:44:50,588 P26940 INFO *** Best F1 {'f1': 0.9019607843137255, 'rc': 0.8214285714285714, 'pc': 1.0, 'threshold': np.float64(1.5171757698059083)}  of unsupervised traning
2026-09-17 11:44:50,600 P26940 INFO Current hash id 79f320ac
