2026-09-17 15:02:46,890 P4504 INFO ^^^^^^^^^^ Current Model:hades, 850e32b2 ^^^^^^^^^^
2026-09-17 15:02:46,890 P4504 INFO Load from D:\UAM-AD\data\sn
2026-09-17 15:02:47,268 P4504 INFO 375 unique log templates found.
2026-09-17 15:02:47,268 P4504 INFO Transforming unlabel train data.
2026-09-17 15:02:47,320 P4504 INFO Transforming test data.
2026-09-17 15:02:47,378 P4504 INFO 713 new templates show.
2026-09-17 15:02:47,427 P4504 INFO Transforming val data.
2026-09-17 15:02:47,427 P4504 INFO 77 new templates show.
2026-09-17 15:02:47,427 P4504 INFO Data loaded done!
2026-09-17 15:02:47,490 P4504 INFO Known word number: 375
2026-09-17 15:02:47,758 P4504 INFO Epoch 0/50, train generator loss: 1.46313
2026-09-17 15:02:47,923 P4504 INFO Epoch 0/50, train discriminator loss: 5.48138
2026-09-17 15:02:48,140 P4504 INFO *** Test time is 0.21706318855285645
2026-09-17 15:02:48,140 P4504 INFO Epoch 0/50, test f1: 0.82609 rc: 0.73077 pc: 0.95000. [0.36s]
2026-09-17 15:02:48,376 P4504 INFO Epoch 1/50, train generator loss: 1.34932
2026-09-17 15:02:48,539 P4504 INFO Epoch 1/50, train discriminator loss: 4.92140
2026-09-17 15:02:48,777 P4504 INFO *** Test time is 0.23776698112487793
2026-09-17 15:02:48,777 P4504 INFO Epoch 1/50, test f1: 0.82609 rc: 0.73077 pc: 0.95000. [0.37s]
2026-09-17 15:02:48,777 P4504 INFO early stopping epoch 1/15
2026-09-17 15:02:48,969 P4504 INFO Epoch 2/50, train generator loss: 1.26678
2026-09-17 15:02:49,076 P4504 INFO Epoch 2/50, train discriminator loss: 4.87445
2026-09-17 15:02:49,228 P4504 INFO *** Test time is 0.15204524993896484
2026-09-17 15:02:49,228 P4504 INFO Epoch 2/50, test f1: 0.82609 rc: 0.73077 pc: 0.95000. [0.30s]
2026-09-17 15:02:49,228 P4504 INFO early stopping epoch 2/15
2026-09-17 15:02:49,377 P4504 INFO Epoch 3/50, train generator loss: 1.15900
2026-09-17 15:02:49,466 P4504 INFO Epoch 3/50, train discriminator loss: 5.52248
2026-09-17 15:02:49,611 P4504 INFO *** Test time is 0.1446385383605957
2026-09-17 15:02:49,611 P4504 INFO Epoch 3/50, test f1: 0.87500 rc: 0.80769 pc: 0.95455. [0.24s]
2026-09-17 15:02:49,769 P4504 INFO Epoch 4/50, train generator loss: 1.03833
2026-09-17 15:02:49,887 P4504 INFO Epoch 4/50, train discriminator loss: 6.50114
2026-09-17 15:02:50,020 P4504 INFO *** Test time is 0.13275814056396484
2026-09-17 15:02:50,020 P4504 INFO Epoch 4/50, test f1: 0.52381 rc: 0.42308 pc: 0.68750. [0.26s]
2026-09-17 15:02:50,020 P4504 INFO early stopping epoch 1/15
2026-09-17 15:02:50,163 P4504 INFO Epoch 5/50, train generator loss: 0.87571
2026-09-17 15:02:50,256 P4504 INFO Epoch 5/50, train discriminator loss: 7.31766
2026-09-17 15:02:50,413 P4504 INFO *** Test time is 0.15763545036315918
2026-09-17 15:02:50,413 P4504 INFO Epoch 5/50, test f1: 0.26316 rc: 0.19231 pc: 0.41667. [0.24s]
2026-09-17 15:02:50,413 P4504 INFO early stopping epoch 2/15
2026-09-17 15:02:50,533 P4504 INFO Epoch 6/50, train generator loss: 0.67935
2026-09-17 15:02:50,650 P4504 INFO Epoch 6/50, train discriminator loss: 7.86315
2026-09-17 15:02:50,808 P4504 INFO *** Test time is 0.15782523155212402
2026-09-17 15:02:50,808 P4504 INFO Epoch 6/50, test f1: 0.15385 rc: 0.11538 pc: 0.23077. [0.24s]
2026-09-17 15:02:50,808 P4504 INFO early stopping epoch 3/15
2026-09-17 15:02:50,957 P4504 INFO Epoch 7/50, train generator loss: 0.60939
2026-09-17 15:02:51,072 P4504 INFO Epoch 7/50, train discriminator loss: 7.38332
2026-09-17 15:02:51,217 P4504 INFO *** Test time is 0.14534664154052734
2026-09-17 15:02:51,217 P4504 INFO Epoch 7/50, test f1: 0.16216 rc: 0.11538 pc: 0.27273. [0.26s]
2026-09-17 15:02:51,217 P4504 INFO early stopping epoch 4/15
2026-09-17 15:02:51,324 P4504 INFO Epoch 8/50, train generator loss: 0.62129
2026-09-17 15:02:51,420 P4504 INFO Epoch 8/50, train discriminator loss: 6.36113
2026-09-17 15:02:51,566 P4504 INFO *** Test time is 0.14569878578186035
2026-09-17 15:02:51,566 P4504 INFO Epoch 8/50, test f1: 0.15789 rc: 0.11538 pc: 0.25000. [0.20s]
2026-09-17 15:02:51,566 P4504 INFO early stopping epoch 5/15
2026-09-17 15:02:51,682 P4504 INFO Epoch 9/50, train generator loss: 0.54618
2026-09-17 15:02:51,785 P4504 INFO Epoch 9/50, train discriminator loss: 5.66182
2026-09-17 15:02:51,940 P4504 INFO *** Test time is 0.15279936790466309
2026-09-17 15:02:51,940 P4504 INFO Epoch 9/50, test f1: 0.15789 rc: 0.11538 pc: 0.25000. [0.22s]
2026-09-17 15:02:51,940 P4504 INFO early stopping epoch 6/15
2026-09-17 15:02:52,024 P4504 INFO Epoch 10/50, train generator loss: 0.47632
2026-09-17 15:02:52,129 P4504 INFO Epoch 10/50, train discriminator loss: 5.43705
2026-09-17 15:02:52,279 P4504 INFO *** Test time is 0.15018510818481445
2026-09-17 15:02:52,279 P4504 INFO Epoch 10/50, test f1: 0.24390 rc: 0.19231 pc: 0.33333. [0.19s]
2026-09-17 15:02:52,279 P4504 INFO early stopping epoch 7/15
2026-09-17 15:02:52,436 P4504 INFO Epoch 11/50, train generator loss: 0.55940
2026-09-17 15:02:52,548 P4504 INFO Epoch 11/50, train discriminator loss: 5.40322
2026-09-17 15:02:52,707 P4504 INFO *** Test time is 0.15872931480407715
2026-09-17 15:02:52,707 P4504 INFO Epoch 11/50, test f1: 0.24390 rc: 0.19231 pc: 0.33333. [0.27s]
2026-09-17 15:02:52,707 P4504 INFO early stopping epoch 8/15
2026-09-17 15:02:52,853 P4504 INFO Epoch 12/50, train generator loss: 0.53644
2026-09-17 15:02:52,994 P4504 INFO Epoch 12/50, train discriminator loss: 5.38248
2026-09-17 15:02:53,214 P4504 INFO *** Test time is 0.21951651573181152
2026-09-17 15:02:53,214 P4504 INFO Epoch 12/50, test f1: 0.15789 rc: 0.11538 pc: 0.25000. [0.29s]
2026-09-17 15:02:53,214 P4504 INFO early stopping epoch 9/15
2026-09-17 15:02:53,411 P4504 INFO Epoch 13/50, train generator loss: 0.48816
2026-09-17 15:02:53,583 P4504 INFO Epoch 13/50, train discriminator loss: 5.35491
2026-09-17 15:02:53,800 P4504 INFO *** Test time is 0.2167668342590332
2026-09-17 15:02:53,800 P4504 INFO Epoch 13/50, test f1: 0.15789 rc: 0.11538 pc: 0.25000. [0.37s]
2026-09-17 15:02:53,800 P4504 INFO early stopping epoch 10/15
2026-09-17 15:02:53,938 P4504 INFO Epoch 14/50, train generator loss: 0.49213
2026-09-17 15:02:54,079 P4504 INFO Epoch 14/50, train discriminator loss: 5.38255
2026-09-17 15:02:54,294 P4504 INFO *** Test time is 0.21572446823120117
2026-09-17 15:02:54,294 P4504 INFO Epoch 14/50, test f1: 0.15789 rc: 0.11538 pc: 0.25000. [0.28s]
2026-09-17 15:02:54,294 P4504 INFO early stopping epoch 11/15
2026-09-17 15:02:54,431 P4504 INFO Epoch 15/50, train generator loss: 0.49045
2026-09-17 15:02:54,605 P4504 INFO Epoch 15/50, train discriminator loss: 5.44385
2026-09-17 15:02:54,807 P4504 INFO *** Test time is 0.20215845108032227
2026-09-17 15:02:54,807 P4504 INFO Epoch 15/50, test f1: 0.15789 rc: 0.11538 pc: 0.25000. [0.31s]
2026-09-17 15:02:54,807 P4504 INFO early stopping epoch 12/15
2026-09-17 15:02:54,958 P4504 INFO Epoch 16/50, train generator loss: 0.45565
2026-09-17 15:02:55,131 P4504 INFO Epoch 16/50, train discriminator loss: 5.50300
2026-09-17 15:02:55,374 P4504 INFO *** Test time is 0.24313926696777344
2026-09-17 15:02:55,374 P4504 INFO Epoch 16/50, test f1: 0.15789 rc: 0.11538 pc: 0.25000. [0.32s]
2026-09-17 15:02:55,374 P4504 INFO early stopping epoch 13/15
2026-09-17 15:02:55,527 P4504 INFO Epoch 17/50, train generator loss: 0.41770
2026-09-17 15:02:55,673 P4504 INFO Epoch 17/50, train discriminator loss: 5.52742
2026-09-17 15:02:55,835 P4504 INFO *** Test time is 0.1611781120300293
2026-09-17 15:02:55,835 P4504 INFO Epoch 17/50, test f1: 0.15789 rc: 0.11538 pc: 0.25000. [0.30s]
2026-09-17 15:02:55,835 P4504 INFO early stopping epoch 14/15
2026-09-17 15:02:55,955 P4504 INFO Epoch 18/50, train generator loss: 0.43202
2026-09-17 15:02:56,056 P4504 INFO Epoch 18/50, train discriminator loss: 5.48025
2026-09-17 15:02:56,209 P4504 INFO *** Test time is 0.15313100814819336
2026-09-17 15:02:56,209 P4504 INFO Epoch 18/50, test f1: 0.15789 rc: 0.11538 pc: 0.25000. [0.22s]
2026-09-17 15:02:56,209 P4504 INFO early stopping epoch 15/15
2026-09-17 15:02:56,209 P4504 INFO Early stopping
2026-09-17 15:02:56,326 P4504 INFO Threshold (p=95.0, src=val): 1.287484
2026-09-17 15:02:56,358 P4504 INFO *** Test F1 0.6500  of unsupervised traning
2026-09-17 15:02:56,358 P4504 INFO *** Best F1 {'f1': 0.875, 'rc': 0.8076923076923077, 'pc': 0.9545454545454546, 'threshold': np.float64(1.2978307104110718)}  of unsupervised traning
2026-09-17 15:02:56,381 P4504 INFO Current hash id 850e32b2
