2026-09-17 14:54:21,318 P28456 INFO ^^^^^^^^^^ Current Model:hades, 872924e3 ^^^^^^^^^^
2026-09-17 14:54:21,318 P28456 INFO Load from D:\UAM-AD\data\sn
2026-09-17 14:54:21,634 P28456 INFO 375 unique log templates found.
2026-09-17 14:54:21,634 P28456 INFO Transforming unlabel train data.
2026-09-17 14:54:21,667 P28456 INFO Transforming test data.
2026-09-17 14:54:21,713 P28456 INFO 406 new templates show.
2026-09-17 14:54:21,761 P28456 INFO Transforming val data.
2026-09-17 14:54:21,761 P28456 INFO 77 new templates show.
2026-09-17 14:54:21,766 P28456 INFO Data loaded done!
2026-09-17 14:54:21,820 P28456 INFO Known word number: 375
2026-09-17 14:54:22,111 P28456 INFO Epoch 0/50, train generator loss: 1.62801
2026-09-17 14:54:22,269 P28456 INFO Epoch 0/50, train discriminator loss: 5.22443
2026-09-17 14:54:22,477 P28456 INFO *** Test time is 0.20801997184753418
2026-09-17 14:54:22,477 P28456 INFO Epoch 0/50, test f1: 0.94118 rc: 0.88889 pc: 1.00000. [0.38s]
2026-09-17 14:54:22,647 P28456 INFO Epoch 1/50, train generator loss: 1.39088
2026-09-17 14:54:22,748 P28456 INFO Epoch 1/50, train discriminator loss: 4.77460
2026-09-17 14:54:22,909 P28456 INFO *** Test time is 0.1612532138824463
2026-09-17 14:54:22,909 P28456 INFO Epoch 1/50, test f1: 0.94118 rc: 0.88889 pc: 1.00000. [0.26s]
2026-09-17 14:54:22,909 P28456 INFO early stopping epoch 1/15
2026-09-17 14:54:23,026 P28456 INFO Epoch 2/50, train generator loss: 1.33446
2026-09-17 14:54:23,138 P28456 INFO Epoch 2/50, train discriminator loss: 4.65698
2026-09-17 14:54:23,288 P28456 INFO *** Test time is 0.14953279495239258
2026-09-17 14:54:23,288 P28456 INFO Epoch 2/50, test f1: 0.96154 rc: 0.92593 pc: 1.00000. [0.23s]
2026-09-17 14:54:23,432 P28456 INFO Epoch 3/50, train generator loss: 1.25477
2026-09-17 14:54:23,547 P28456 INFO Epoch 3/50, train discriminator loss: 5.11204
2026-09-17 14:54:23,707 P28456 INFO *** Test time is 0.15984106063842773
2026-09-17 14:54:23,707 P28456 INFO Epoch 3/50, test f1: 0.96154 rc: 0.92593 pc: 1.00000. [0.25s]
2026-09-17 14:54:23,707 P28456 INFO early stopping epoch 1/15
2026-09-17 14:54:23,841 P28456 INFO Epoch 4/50, train generator loss: 1.14212
2026-09-17 14:54:23,948 P28456 INFO Epoch 4/50, train discriminator loss: 6.37987
2026-09-17 14:54:24,098 P28456 INFO *** Test time is 0.15018367767333984
2026-09-17 14:54:24,098 P28456 INFO Epoch 4/50, test f1: 0.96154 rc: 0.92593 pc: 1.00000. [0.24s]
2026-09-17 14:54:24,098 P28456 INFO early stopping epoch 2/15
2026-09-17 14:54:24,249 P28456 INFO Epoch 5/50, train generator loss: 1.00246
2026-09-17 14:54:24,360 P28456 INFO Epoch 5/50, train discriminator loss: 7.98799
2026-09-17 14:54:24,525 P28456 INFO *** Test time is 0.1652536392211914
2026-09-17 14:54:24,525 P28456 INFO Epoch 5/50, test f1: 0.96154 rc: 0.92593 pc: 1.00000. [0.26s]
2026-09-17 14:54:24,525 P28456 INFO early stopping epoch 3/15
2026-09-17 14:54:24,642 P28456 INFO Epoch 6/50, train generator loss: 0.84508
2026-09-17 14:54:24,752 P28456 INFO Epoch 6/50, train discriminator loss: 9.09254
2026-09-17 14:54:24,891 P28456 INFO *** Test time is 0.13937926292419434
2026-09-17 14:54:24,891 P28456 INFO Epoch 6/50, test f1: 0.90566 rc: 0.88889 pc: 0.92308. [0.23s]
2026-09-17 14:54:24,891 P28456 INFO early stopping epoch 4/15
2026-09-17 14:54:25,020 P28456 INFO Epoch 7/50, train generator loss: 0.66873
2026-09-17 14:54:25,138 P28456 INFO Epoch 7/50, train discriminator loss: 9.34130
2026-09-17 14:54:25,272 P28456 INFO *** Test time is 0.13434982299804688
2026-09-17 14:54:25,272 P28456 INFO Epoch 7/50, test f1: 0.86792 rc: 0.85185 pc: 0.88462. [0.25s]
2026-09-17 14:54:25,272 P28456 INFO early stopping epoch 5/15
2026-09-17 14:54:25,375 P28456 INFO Epoch 8/50, train generator loss: 0.66678
2026-09-17 14:54:25,477 P28456 INFO Epoch 8/50, train discriminator loss: 7.78644
2026-09-17 14:54:25,637 P28456 INFO *** Test time is 0.15995526313781738
2026-09-17 14:54:25,637 P28456 INFO Epoch 8/50, test f1: 0.86792 rc: 0.85185 pc: 0.88462. [0.20s]
2026-09-17 14:54:25,637 P28456 INFO early stopping epoch 6/15
2026-09-17 14:54:25,736 P28456 INFO Epoch 9/50, train generator loss: 0.60108
2026-09-17 14:54:25,844 P28456 INFO Epoch 9/50, train discriminator loss: 6.32884
2026-09-17 14:54:26,011 P28456 INFO *** Test time is 0.16639971733093262
2026-09-17 14:54:26,013 P28456 INFO Epoch 9/50, test f1: 0.86792 rc: 0.85185 pc: 0.88462. [0.21s]
2026-09-17 14:54:26,013 P28456 INFO early stopping epoch 7/15
2026-09-17 14:54:26,137 P28456 INFO Epoch 10/50, train generator loss: 0.48462
2026-09-17 14:54:26,241 P28456 INFO Epoch 10/50, train discriminator loss: 5.60562
2026-09-17 14:54:26,396 P28456 INFO *** Test time is 0.15478801727294922
2026-09-17 14:54:26,396 P28456 INFO Epoch 10/50, test f1: 0.88889 rc: 0.88889 pc: 0.88889. [0.23s]
2026-09-17 14:54:26,396 P28456 INFO early stopping epoch 8/15
2026-09-17 14:54:26,564 P28456 INFO Epoch 11/50, train generator loss: 0.49081
2026-09-17 14:54:26,712 P28456 INFO Epoch 11/50, train discriminator loss: 5.44172
2026-09-17 14:54:26,919 P28456 INFO *** Test time is 0.20732569694519043
2026-09-17 14:54:26,925 P28456 INFO Epoch 11/50, test f1: 0.86792 rc: 0.85185 pc: 0.88462. [0.32s]
2026-09-17 14:54:26,925 P28456 INFO early stopping epoch 9/15
2026-09-17 14:54:27,124 P28456 INFO Epoch 12/50, train generator loss: 0.53242
2026-09-17 14:54:27,290 P28456 INFO Epoch 12/50, train discriminator loss: 5.45366
2026-09-17 14:54:27,508 P28456 INFO *** Test time is 0.21753859519958496
2026-09-17 14:54:27,508 P28456 INFO Epoch 12/50, test f1: 0.88889 rc: 0.88889 pc: 0.88889. [0.36s]
2026-09-17 14:54:27,508 P28456 INFO early stopping epoch 10/15
2026-09-17 14:54:27,667 P28456 INFO Epoch 13/50, train generator loss: 0.49929
2026-09-17 14:54:27,808 P28456 INFO Epoch 13/50, train discriminator loss: 5.49151
2026-09-17 14:54:28,022 P28456 INFO *** Test time is 0.21430015563964844
2026-09-17 14:54:28,022 P28456 INFO Epoch 13/50, test f1: 0.85185 rc: 0.85185 pc: 0.85185. [0.30s]
2026-09-17 14:54:28,022 P28456 INFO early stopping epoch 11/15
2026-09-17 14:54:28,157 P28456 INFO Epoch 14/50, train generator loss: 0.47820
2026-09-17 14:54:28,312 P28456 INFO Epoch 14/50, train discriminator loss: 5.52039
2026-09-17 14:54:28,524 P28456 INFO *** Test time is 0.21233177185058594
2026-09-17 14:54:28,526 P28456 INFO Epoch 14/50, test f1: 0.85185 rc: 0.85185 pc: 0.85185. [0.29s]
2026-09-17 14:54:28,526 P28456 INFO early stopping epoch 12/15
2026-09-17 14:54:28,689 P28456 INFO Epoch 15/50, train generator loss: 0.48700
2026-09-17 14:54:28,845 P28456 INFO Epoch 15/50, train discriminator loss: 5.55703
2026-09-17 14:54:29,061 P28456 INFO *** Test time is 0.21640539169311523
2026-09-17 14:54:29,061 P28456 INFO Epoch 15/50, test f1: 0.80769 rc: 0.77778 pc: 0.84000. [0.32s]
2026-09-17 14:54:29,061 P28456 INFO early stopping epoch 13/15
2026-09-17 14:54:29,173 P28456 INFO Epoch 16/50, train generator loss: 0.46208
2026-09-17 14:54:29,267 P28456 INFO Epoch 16/50, train discriminator loss: 5.60876
2026-09-17 14:54:29,401 P28456 INFO *** Test time is 0.13410544395446777
2026-09-17 14:54:29,417 P28456 INFO Epoch 16/50, test f1: 0.80769 rc: 0.77778 pc: 0.84000. [0.21s]
2026-09-17 14:54:29,417 P28456 INFO early stopping epoch 14/15
2026-09-17 14:54:29,521 P28456 INFO Epoch 17/50, train generator loss: 0.41099
2026-09-17 14:54:29,619 P28456 INFO Epoch 17/50, train discriminator loss: 5.64432
2026-09-17 14:54:29,763 P28456 INFO *** Test time is 0.14226651191711426
2026-09-17 14:54:29,763 P28456 INFO Epoch 17/50, test f1: 0.80769 rc: 0.77778 pc: 0.84000. [0.20s]
2026-09-17 14:54:29,763 P28456 INFO early stopping epoch 15/15
2026-09-17 14:54:29,763 P28456 INFO Early stopping
2026-09-17 14:54:29,862 P28456 INFO Threshold (p=95.0, src=val): 1.554362
2026-09-17 14:54:29,898 P28456 INFO *** Test F1 0.7917  of unsupervised traning
2026-09-17 14:54:29,898 P28456 INFO *** Best F1 {'f1': 0.9615384615384616, 'rc': 0.9259259259259259, 'pc': 1.0, 'threshold': np.float64(1.8973929166793824)}  of unsupervised traning
2026-09-17 14:54:29,898 P28456 INFO Current hash id 872924e3
