2026-09-17 15:00:55,203 P2732 INFO ^^^^^^^^^^ Current Model:hades, a1dded0d ^^^^^^^^^^
2026-09-17 15:00:55,203 P2732 INFO Load from D:\UAM-AD\data\sn
2026-09-17 15:00:55,410 P2732 INFO 375 unique log templates found.
2026-09-17 15:00:55,410 P2732 INFO Transforming unlabel train data.
2026-09-17 15:00:55,441 P2732 INFO Transforming test data.
2026-09-17 15:00:55,457 P2732 INFO 733 new templates show.
2026-09-17 15:00:55,489 P2732 INFO Transforming val data.
2026-09-17 15:00:55,489 P2732 INFO 77 new templates show.
2026-09-17 15:00:55,504 P2732 INFO Data loaded done!
2026-09-17 15:00:55,542 P2732 INFO Known word number: 375
2026-09-17 15:00:55,717 P2732 INFO Epoch 0/50, train generator loss: 1.46047
2026-09-17 15:00:55,844 P2732 INFO Epoch 0/50, train discriminator loss: 5.47325
2026-09-17 15:00:56,001 P2732 INFO *** Test time is 0.1565852165222168
2026-09-17 15:00:56,001 P2732 INFO Epoch 0/50, test f1: 0.71429 rc: 0.57692 pc: 0.93750. [0.25s]
2026-09-17 15:00:56,135 P2732 INFO Epoch 1/50, train generator loss: 1.38420
2026-09-17 15:00:56,260 P2732 INFO Epoch 1/50, train discriminator loss: 4.97105
2026-09-17 15:00:56,414 P2732 INFO *** Test time is 0.1543586254119873
2026-09-17 15:00:56,414 P2732 INFO Epoch 1/50, test f1: 0.71429 rc: 0.57692 pc: 0.93750. [0.25s]
2026-09-17 15:00:56,414 P2732 INFO early stopping epoch 1/15
2026-09-17 15:00:56,530 P2732 INFO Epoch 2/50, train generator loss: 1.27706
2026-09-17 15:00:56,671 P2732 INFO Epoch 2/50, train discriminator loss: 4.93193
2026-09-17 15:00:56,890 P2732 INFO *** Test time is 0.21864843368530273
2026-09-17 15:00:56,890 P2732 INFO Epoch 2/50, test f1: 0.71429 rc: 0.57692 pc: 0.93750. [0.26s]
2026-09-17 15:00:56,890 P2732 INFO early stopping epoch 2/15
2026-09-17 15:00:57,100 P2732 INFO Epoch 3/50, train generator loss: 1.14613
2026-09-17 15:00:57,267 P2732 INFO Epoch 3/50, train discriminator loss: 5.67132
2026-09-17 15:00:57,462 P2732 INFO *** Test time is 0.19536256790161133
2026-09-17 15:00:57,462 P2732 INFO Epoch 3/50, test f1: 0.71429 rc: 0.57692 pc: 0.93750. [0.38s]
2026-09-17 15:00:57,462 P2732 INFO early stopping epoch 3/15
2026-09-17 15:00:57,642 P2732 INFO Epoch 4/50, train generator loss: 1.01692
2026-09-17 15:00:57,808 P2732 INFO Epoch 4/50, train discriminator loss: 6.75325
2026-09-17 15:00:58,031 P2732 INFO *** Test time is 0.22327494621276855
2026-09-17 15:00:58,031 P2732 INFO Epoch 4/50, test f1: 0.57143 rc: 0.46154 pc: 0.75000. [0.35s]
2026-09-17 15:00:58,031 P2732 INFO early stopping epoch 4/15
2026-09-17 15:00:58,218 P2732 INFO Epoch 5/50, train generator loss: 0.84615
2026-09-17 15:00:58,377 P2732 INFO Epoch 5/50, train discriminator loss: 7.65143
2026-09-17 15:00:58,581 P2732 INFO *** Test time is 0.20371508598327637
2026-09-17 15:00:58,581 P2732 INFO Epoch 5/50, test f1: 0.41860 rc: 0.34615 pc: 0.52941. [0.35s]
2026-09-17 15:00:58,581 P2732 INFO early stopping epoch 5/15
2026-09-17 15:00:58,768 P2732 INFO Epoch 6/50, train generator loss: 0.63154
2026-09-17 15:00:58,929 P2732 INFO Epoch 6/50, train discriminator loss: 8.10135
2026-09-17 15:00:59,131 P2732 INFO *** Test time is 0.2019786834716797
2026-09-17 15:00:59,131 P2732 INFO Epoch 6/50, test f1: 0.29268 rc: 0.23077 pc: 0.40000. [0.35s]
2026-09-17 15:00:59,131 P2732 INFO early stopping epoch 6/15
2026-09-17 15:00:59,272 P2732 INFO Epoch 7/50, train generator loss: 0.64353
2026-09-17 15:00:59,367 P2732 INFO Epoch 7/50, train discriminator loss: 7.26484
2026-09-17 15:00:59,494 P2732 INFO *** Test time is 0.1270899772644043
2026-09-17 15:00:59,494 P2732 INFO Epoch 7/50, test f1: 0.29268 rc: 0.23077 pc: 0.40000. [0.24s]
2026-09-17 15:00:59,494 P2732 INFO early stopping epoch 7/15
2026-09-17 15:00:59,588 P2732 INFO Epoch 8/50, train generator loss: 0.62854
2026-09-17 15:00:59,698 P2732 INFO Epoch 8/50, train discriminator loss: 6.21427
2026-09-17 15:00:59,825 P2732 INFO *** Test time is 0.12681150436401367
2026-09-17 15:00:59,825 P2732 INFO Epoch 8/50, test f1: 0.29268 rc: 0.23077 pc: 0.40000. [0.20s]
2026-09-17 15:00:59,825 P2732 INFO early stopping epoch 8/15
2026-09-17 15:00:59,945 P2732 INFO Epoch 9/50, train generator loss: 0.53718
2026-09-17 15:01:00,058 P2732 INFO Epoch 9/50, train discriminator loss: 5.57236
2026-09-17 15:01:00,220 P2732 INFO *** Test time is 0.161146879196167
2026-09-17 15:01:00,220 P2732 INFO Epoch 9/50, test f1: 0.29268 rc: 0.23077 pc: 0.40000. [0.23s]
2026-09-17 15:01:00,220 P2732 INFO early stopping epoch 9/15
2026-09-17 15:01:00,345 P2732 INFO Epoch 10/50, train generator loss: 0.47523
2026-09-17 15:01:00,441 P2732 INFO Epoch 10/50, train discriminator loss: 5.40249
2026-09-17 15:01:00,581 P2732 INFO *** Test time is 0.1406240463256836
2026-09-17 15:01:00,581 P2732 INFO Epoch 10/50, test f1: 0.34146 rc: 0.26923 pc: 0.46667. [0.22s]
2026-09-17 15:01:00,581 P2732 INFO early stopping epoch 10/15
2026-09-17 15:01:00,707 P2732 INFO Epoch 11/50, train generator loss: 0.50496
2026-09-17 15:01:00,828 P2732 INFO Epoch 11/50, train discriminator loss: 5.45609
2026-09-17 15:01:01,001 P2732 INFO *** Test time is 0.17298293113708496
2026-09-17 15:01:01,001 P2732 INFO Epoch 11/50, test f1: 0.34146 rc: 0.26923 pc: 0.46667. [0.25s]
2026-09-17 15:01:01,001 P2732 INFO early stopping epoch 11/15
2026-09-17 15:01:01,126 P2732 INFO Epoch 12/50, train generator loss: 0.51356
2026-09-17 15:01:01,227 P2732 INFO Epoch 12/50, train discriminator loss: 5.54521
2026-09-17 15:01:01,368 P2732 INFO *** Test time is 0.14075493812561035
2026-09-17 15:01:01,368 P2732 INFO Epoch 12/50, test f1: 0.30000 rc: 0.23077 pc: 0.42857. [0.23s]
2026-09-17 15:01:01,368 P2732 INFO early stopping epoch 12/15
2026-09-17 15:01:01,470 P2732 INFO Epoch 13/50, train generator loss: 0.47140
2026-09-17 15:01:01,557 P2732 INFO Epoch 13/50, train discriminator loss: 5.60759
2026-09-17 15:01:01,698 P2732 INFO *** Test time is 0.14092063903808594
2026-09-17 15:01:01,698 P2732 INFO Epoch 13/50, test f1: 0.29268 rc: 0.23077 pc: 0.40000. [0.19s]
2026-09-17 15:01:01,698 P2732 INFO early stopping epoch 13/15
2026-09-17 15:01:01,816 P2732 INFO Epoch 14/50, train generator loss: 0.46522
2026-09-17 15:01:01,930 P2732 INFO Epoch 14/50, train discriminator loss: 5.62402
2026-09-17 15:01:02,086 P2732 INFO *** Test time is 0.15548229217529297
2026-09-17 15:01:02,086 P2732 INFO Epoch 14/50, test f1: 0.29268 rc: 0.23077 pc: 0.40000. [0.23s]
2026-09-17 15:01:02,086 P2732 INFO early stopping epoch 14/15
2026-09-17 15:01:02,173 P2732 INFO Epoch 15/50, train generator loss: 0.45854
2026-09-17 15:01:02,267 P2732 INFO Epoch 15/50, train discriminator loss: 5.61378
2026-09-17 15:01:02,458 P2732 INFO *** Test time is 0.1904747486114502
2026-09-17 15:01:02,458 P2732 INFO Epoch 15/50, test f1: 0.29268 rc: 0.23077 pc: 0.40000. [0.18s]
2026-09-17 15:01:02,458 P2732 INFO early stopping epoch 15/15
2026-09-17 15:01:02,458 P2732 INFO Early stopping
2026-09-17 15:01:02,569 P2732 INFO Threshold (p=95.0, src=val): 1.721979
2026-09-17 15:01:02,600 P2732 INFO *** Test F1 0.6829  of unsupervised traning
2026-09-17 15:01:02,600 P2732 INFO *** Best F1 {'f1': 0.7142857142857143, 'rc': 0.5769230769230769, 'pc': 0.9375, 'threshold': np.float64(1.7429625844955445)}  of unsupervised traning
2026-09-17 15:01:02,600 P2732 INFO Current hash id a1dded0d
