2026-09-17 11:44:50,632 P26940 INFO ^^^^^^^^^^ Current Model:hades, e09b69bc ^^^^^^^^^^
2026-09-17 11:44:50,632 P26940 INFO Load from D:\UAM-AD\data\sn
2026-09-17 11:44:50,841 P26940 INFO 375 unique log templates found.
2026-09-17 11:44:50,841 P26940 INFO Transforming unlabel train data.
2026-09-17 11:44:50,872 P26940 INFO Transforming test data.
2026-09-17 11:44:50,901 P26940 INFO 733 new templates show.
2026-09-17 11:44:50,934 P26940 INFO Transforming val data.
2026-09-17 11:44:50,934 P26940 INFO 77 new templates show.
2026-09-17 11:44:50,938 P26940 INFO Data loaded done!
2026-09-17 11:44:50,994 P26940 INFO Known word number: 375
2026-09-17 11:44:51,151 P26940 INFO Epoch 0/10, train generator loss: 1.30040
2026-09-17 11:44:51,255 P26940 INFO Epoch 0/10, train discriminator loss: 2.78219
2026-09-17 11:44:51,403 P26940 INFO *** Test time is 0.14865970611572266
2026-09-17 11:44:51,403 P26940 INFO Epoch 0/10, test f1: 0.88000 rc: 0.78571 pc: 1.00000. [0.22s]
2026-09-17 11:44:51,521 P26940 INFO Epoch 1/10, train generator loss: 1.20318
2026-09-17 11:44:51,623 P26940 INFO Epoch 1/10, train discriminator loss: 2.11036
2026-09-17 11:44:51,785 P26940 INFO *** Test time is 0.16262435913085938
2026-09-17 11:44:51,789 P26940 INFO Epoch 1/10, test f1: 0.90196 rc: 0.82143 pc: 1.00000. [0.21s]
2026-09-17 11:44:51,922 P26940 INFO Epoch 2/10, train generator loss: 1.19654
2026-09-17 11:44:51,992 P26940 INFO Epoch 2/10, train discriminator loss: 1.72808
2026-09-17 11:44:52,152 P26940 INFO *** Test time is 0.16040253639221191
2026-09-17 11:44:52,152 P26940 INFO Epoch 2/10, test f1: 0.90196 rc: 0.82143 pc: 1.00000. [0.20s]
2026-09-17 11:44:52,152 P26940 INFO early stopping epoch 1/5
2026-09-17 11:44:52,271 P26940 INFO Epoch 3/10, train generator loss: 1.22295
2026-09-17 11:44:52,356 P26940 INFO Epoch 3/10, train discriminator loss: 1.47092
2026-09-17 11:44:52,498 P26940 INFO *** Test time is 0.14131784439086914
2026-09-17 11:44:52,498 P26940 INFO Epoch 3/10, test f1: 0.90196 rc: 0.82143 pc: 1.00000. [0.20s]
2026-09-17 11:44:52,498 P26940 INFO early stopping epoch 2/5
2026-09-17 11:44:52,606 P26940 INFO Epoch 4/10, train generator loss: 1.27042
2026-09-17 11:44:52,690 P26940 INFO Epoch 4/10, train discriminator loss: 1.31529
2026-09-17 11:44:52,835 P26940 INFO *** Test time is 0.14507055282592773
2026-09-17 11:44:52,835 P26940 INFO Epoch 4/10, test f1: 0.90196 rc: 0.82143 pc: 1.00000. [0.19s]
2026-09-17 11:44:52,835 P26940 INFO early stopping epoch 3/5
2026-09-17 11:44:52,940 P26940 INFO Epoch 5/10, train generator loss: 1.31473
2026-09-17 11:44:53,032 P26940 INFO Epoch 5/10, train discriminator loss: 1.22938
2026-09-17 11:44:53,190 P26940 INFO *** Test time is 0.15895843505859375
2026-09-17 11:44:53,190 P26940 INFO Epoch 5/10, test f1: 0.88000 rc: 0.78571 pc: 1.00000. [0.20s]
2026-09-17 11:44:53,191 P26940 INFO early stopping epoch 4/5
2026-09-17 11:44:53,304 P26940 INFO Epoch 6/10, train generator loss: 1.36706
2026-09-17 11:44:53,423 P26940 INFO Epoch 6/10, train discriminator loss: 1.14426
2026-09-17 11:44:53,630 P26940 INFO *** Test time is 0.20645451545715332
2026-09-17 11:44:53,630 P26940 INFO Epoch 6/10, test f1: 0.88000 rc: 0.78571 pc: 1.00000. [0.23s]
2026-09-17 11:44:53,630 P26940 INFO early stopping epoch 5/5
2026-09-17 11:44:53,630 P26940 INFO Early stopping
2026-09-17 11:44:53,735 P26940 INFO Threshold (p=95.0, src=val): 1.246429
2026-09-17 11:44:53,779 P26940 INFO *** Test F1 0.8889  of unsupervised traning
2026-09-17 11:44:53,779 P26940 INFO *** Best F1 {'f1': 0.9019607843137255, 'rc': 0.8214285714285714, 'pc': 1.0, 'threshold': np.float64(1.3995220613479615)}  of unsupervised traning
2026-09-17 11:44:53,781 P26940 INFO Current hash id e09b69bc
