2026-09-16 11:09:07,789 P12128 INFO ^^^^^^^^^^ Current Model:hades, 69d491f0 ^^^^^^^^^^
2026-09-16 11:09:07,789 P12128 INFO Load from D:\UAM-AD\data\sn
2026-09-16 11:09:08,168 P12128 INFO 375 unique log templates found.
2026-09-16 11:09:08,175 P12128 INFO Transforming unlabel train data.
2026-09-16 11:09:08,264 P12128 INFO Transforming test data.
2026-09-16 11:09:08,312 P12128 INFO 198 new templates show.
2026-09-16 11:09:08,359 P12128 INFO Transforming val data.
2026-09-16 11:09:08,359 P12128 INFO 77 new templates show.
2026-09-16 11:09:08,359 P12128 INFO Data loaded done!
2026-09-16 11:09:08,407 P12128 INFO Known word number: 375
2026-09-16 11:09:08,741 P12128 INFO Epoch 0/10, train generator loss: 1.54774
2026-09-16 11:09:08,903 P12128 INFO Epoch 0/10, train discriminator loss: 5.68062
2026-09-16 11:09:09,033 P12128 INFO *** Test time is 0.12997174263000488
2026-09-16 11:09:09,033 P12128 INFO Epoch 0/10, test f1: 0.90909 rc: 0.83333 pc: 1.00000. [0.43s]
2026-09-16 11:09:09,164 P12128 INFO Epoch 1/10, train generator loss: 1.42138
2026-09-16 11:09:09,261 P12128 INFO Epoch 1/10, train discriminator loss: 5.09738
2026-09-16 11:09:09,405 P12128 INFO *** Test time is 0.14381718635559082
2026-09-16 11:09:09,405 P12128 INFO Epoch 1/10, test f1: 0.90909 rc: 0.83333 pc: 1.00000. [0.21s]
2026-09-16 11:09:09,405 P12128 INFO early stopping epoch 1/5
2026-09-16 11:09:09,516 P12128 INFO Epoch 2/10, train generator loss: 1.40514
2026-09-16 11:09:09,603 P12128 INFO Epoch 2/10, train discriminator loss: 4.66748
2026-09-16 11:09:09,723 P12128 INFO *** Test time is 0.12053751945495605
2026-09-16 11:09:09,723 P12128 INFO Epoch 2/10, test f1: 0.90909 rc: 0.83333 pc: 1.00000. [0.20s]
2026-09-16 11:09:09,723 P12128 INFO early stopping epoch 2/5
2026-09-16 11:09:09,853 P12128 INFO Epoch 3/10, train generator loss: 1.41660
2026-09-16 11:09:09,960 P12128 INFO Epoch 3/10, train discriminator loss: 4.36691
2026-09-16 11:09:10,106 P12128 INFO *** Test time is 0.14566922187805176
2026-09-16 11:09:10,106 P12128 INFO Epoch 3/10, test f1: 0.90909 rc: 0.83333 pc: 1.00000. [0.24s]
2026-09-16 11:09:10,106 P12128 INFO early stopping epoch 3/5
2026-09-16 11:09:10,207 P12128 INFO Epoch 4/10, train generator loss: 1.44803
2026-09-16 11:09:10,307 P12128 INFO Epoch 4/10, train discriminator loss: 4.17346
2026-09-16 11:09:10,459 P12128 INFO *** Test time is 0.15166544914245605
2026-09-16 11:09:10,459 P12128 INFO Epoch 4/10, test f1: 0.90909 rc: 0.83333 pc: 1.00000. [0.20s]
2026-09-16 11:09:10,459 P12128 INFO early stopping epoch 4/5
2026-09-16 11:09:10,599 P12128 INFO Epoch 5/10, train generator loss: 1.48611
2026-09-16 11:09:10,687 P12128 INFO Epoch 5/10, train discriminator loss: 4.04140
2026-09-16 11:09:10,808 P12128 INFO *** Test time is 0.12129354476928711
2026-09-16 11:09:10,808 P12128 INFO Epoch 5/10, test f1: 0.90909 rc: 0.83333 pc: 1.00000. [0.23s]
2026-09-16 11:09:10,808 P12128 INFO early stopping epoch 5/5
2026-09-16 11:09:10,808 P12128 INFO Early stopping
2026-09-16 11:09:10,935 P12128 INFO Threshold (p=95.0, src=val): 1.762194
2026-09-16 11:09:10,967 P12128 INFO *** Test F1 0.8571  of unsupervised traning
2026-09-16 11:09:10,967 P12128 INFO *** Best F1 {'f1': 0.9090909090909091, 'rc': 0.8333333333333334, 'pc': 1.0, 'threshold': np.float64(98776139.84654559)}  of unsupervised traning
2026-09-16 11:09:10,967 P12128 INFO Current hash id 69d491f0
