2026-09-17 11:44:26,944 P9760 INFO ^^^^^^^^^^ Current Model:hades, 49af24ad ^^^^^^^^^^
2026-09-17 11:44:26,944 P9760 INFO Load from D:\UAM-AD\data\sn
2026-09-17 11:44:27,140 P9760 INFO 375 unique log templates found.
2026-09-17 11:44:27,156 P9760 INFO Transforming unlabel train data.
2026-09-17 11:44:27,172 P9760 INFO Transforming test data.
2026-09-17 11:44:27,203 P9760 INFO 733 new templates show.
2026-09-17 11:44:27,235 P9760 INFO Transforming val data.
2026-09-17 11:44:27,235 P9760 INFO 77 new templates show.
2026-09-17 11:44:27,235 P9760 INFO Data loaded done!
2026-09-17 11:44:27,269 P9760 INFO Known word number: 375
2026-09-17 11:44:27,441 P9760 INFO Epoch 0/10, train generator loss: 1.27508
2026-09-17 11:44:27,515 P9760 INFO Epoch 0/10, train discriminator loss: 2.75226
2026-09-17 11:44:27,679 P9760 INFO *** Test time is 0.1642134189605713
2026-09-17 11:44:27,679 P9760 INFO Epoch 0/10, test f1: 0.84444 rc: 0.73077 pc: 1.00000. [0.20s]
2026-09-17 11:44:27,800 P9760 INFO Epoch 1/10, train generator loss: 1.20477
2026-09-17 11:44:27,894 P9760 INFO Epoch 1/10, train discriminator loss: 2.13643
2026-09-17 11:44:28,091 P9760 INFO *** Test time is 0.1976451873779297
2026-09-17 11:44:28,091 P9760 INFO Epoch 1/10, test f1: 0.76190 rc: 0.61538 pc: 1.00000. [0.21s]
2026-09-17 11:44:28,091 P9760 INFO early stopping epoch 1/5
2026-09-17 11:44:28,252 P9760 INFO Epoch 2/10, train generator loss: 1.20652
2026-09-17 11:44:28,363 P9760 INFO Epoch 2/10, train discriminator loss: 1.74072
2026-09-17 11:44:28,586 P9760 INFO *** Test time is 0.22289085388183594
2026-09-17 11:44:28,586 P9760 INFO Epoch 2/10, test f1: 0.76190 rc: 0.61538 pc: 1.00000. [0.27s]
2026-09-17 11:44:28,586 P9760 INFO early stopping epoch 2/5
2026-09-17 11:44:28,734 P9760 INFO Epoch 3/10, train generator loss: 1.24408
2026-09-17 11:44:28,868 P9760 INFO Epoch 3/10, train discriminator loss: 1.47485
2026-09-17 11:44:29,076 P9760 INFO *** Test time is 0.20697712898254395
2026-09-17 11:44:29,076 P9760 INFO Epoch 3/10, test f1: 0.76190 rc: 0.61538 pc: 1.00000. [0.28s]
2026-09-17 11:44:29,076 P9760 INFO early stopping epoch 3/5
2026-09-17 11:44:29,231 P9760 INFO Epoch 4/10, train generator loss: 1.29889
2026-09-17 11:44:29,353 P9760 INFO Epoch 4/10, train discriminator loss: 1.31425
2026-09-17 11:44:29,601 P9760 INFO *** Test time is 0.24788784980773926
2026-09-17 11:44:29,601 P9760 INFO Epoch 4/10, test f1: 0.76190 rc: 0.61538 pc: 1.00000. [0.28s]
2026-09-17 11:44:29,601 P9760 INFO early stopping epoch 4/5
2026-09-17 11:44:29,769 P9760 INFO Epoch 5/10, train generator loss: 1.35786
2026-09-17 11:44:29,864 P9760 INFO Epoch 5/10, train discriminator loss: 1.19560
2026-09-17 11:44:30,138 P9760 INFO *** Test time is 0.2742953300476074
2026-09-17 11:44:30,138 P9760 INFO Epoch 5/10, test f1: 0.76190 rc: 0.61538 pc: 1.00000. [0.26s]
2026-09-17 11:44:30,138 P9760 INFO early stopping epoch 5/5
2026-09-17 11:44:30,138 P9760 INFO Early stopping
2026-09-17 11:44:30,273 P9760 INFO Threshold (p=95.0, src=val): 1.311320
2026-09-17 11:44:30,324 P9760 INFO *** Test F1 0.8966  of unsupervised traning
2026-09-17 11:44:30,324 P9760 INFO *** Best F1 {'f1': 0.8444444444444444, 'rc': 0.7307692307692307, 'pc': 1.0, 'threshold': np.float64(1.4664513921737672)}  of unsupervised traning
2026-09-17 11:44:30,325 P9760 INFO Current hash id 49af24ad
