2026-09-17 11:42:07,419 P26260 INFO ^^^^^^^^^^ Current Model:hades, 0119e3af ^^^^^^^^^^
2026-09-17 11:42:07,419 P26260 INFO Load from D:\UAM-AD\data\sn
2026-09-17 11:42:07,630 P26260 INFO 375 unique log templates found.
2026-09-17 11:42:07,636 P26260 INFO Transforming unlabel train data.
2026-09-17 11:42:07,664 P26260 INFO Transforming test data.
2026-09-17 11:42:07,693 P26260 INFO 721 new templates show.
2026-09-17 11:42:07,733 P26260 INFO Transforming val data.
2026-09-17 11:42:07,733 P26260 INFO 77 new templates show.
2026-09-17 11:42:07,737 P26260 INFO Data loaded done!
2026-09-17 11:42:07,781 P26260 INFO Known word number: 375
2026-09-17 11:42:07,925 P26260 INFO Epoch 0/10, train generator loss: 1.35510
2026-09-17 11:42:08,020 P26260 INFO Epoch 0/10, train discriminator loss: 2.91408
2026-09-17 11:42:08,178 P26260 INFO *** Test time is 0.15819406509399414
2026-09-17 11:42:08,178 P26260 INFO Epoch 0/10, test f1: 0.84615 rc: 0.73333 pc: 1.00000. [0.20s]
2026-09-17 11:42:08,297 P26260 INFO Epoch 1/10, train generator loss: 1.21713
2026-09-17 11:42:08,381 P26260 INFO Epoch 1/10, train discriminator loss: 2.24288
2026-09-17 11:42:08,564 P26260 INFO *** Test time is 0.18317723274230957
2026-09-17 11:42:08,564 P26260 INFO Epoch 1/10, test f1: 0.84615 rc: 0.73333 pc: 1.00000. [0.19s]
2026-09-17 11:42:08,564 P26260 INFO early stopping epoch 1/5
2026-09-17 11:42:08,719 P26260 INFO Epoch 2/10, train generator loss: 1.19674
2026-09-17 11:42:08,828 P26260 INFO Epoch 2/10, train discriminator loss: 1.80907
2026-09-17 11:42:09,049 P26260 INFO *** Test time is 0.22123193740844727
2026-09-17 11:42:09,049 P26260 INFO Epoch 2/10, test f1: 0.84615 rc: 0.73333 pc: 1.00000. [0.26s]
2026-09-17 11:42:09,049 P26260 INFO early stopping epoch 2/5
2026-09-17 11:42:09,205 P26260 INFO Epoch 3/10, train generator loss: 1.21549
2026-09-17 11:42:09,315 P26260 INFO Epoch 3/10, train discriminator loss: 1.50172
2026-09-17 11:42:09,541 P26260 INFO *** Test time is 0.2254784107208252
2026-09-17 11:42:09,541 P26260 INFO Epoch 3/10, test f1: 0.84615 rc: 0.73333 pc: 1.00000. [0.27s]
2026-09-17 11:42:09,541 P26260 INFO early stopping epoch 3/5
2026-09-17 11:42:09,691 P26260 INFO Epoch 4/10, train generator loss: 1.26242
2026-09-17 11:42:09,795 P26260 INFO Epoch 4/10, train discriminator loss: 1.31411
2026-09-17 11:42:10,020 P26260 INFO *** Test time is 0.22458124160766602
2026-09-17 11:42:10,020 P26260 INFO Epoch 4/10, test f1: 0.84615 rc: 0.73333 pc: 1.00000. [0.25s]
2026-09-17 11:42:10,020 P26260 INFO early stopping epoch 4/5
2026-09-17 11:42:10,174 P26260 INFO Epoch 5/10, train generator loss: 1.31501
2026-09-17 11:42:10,304 P26260 INFO Epoch 5/10, train discriminator loss: 1.19527
2026-09-17 11:42:10,518 P26260 INFO *** Test time is 0.21365118026733398
2026-09-17 11:42:10,518 P26260 INFO Epoch 5/10, test f1: 0.84615 rc: 0.73333 pc: 1.00000. [0.28s]
2026-09-17 11:42:10,518 P26260 INFO early stopping epoch 5/5
2026-09-17 11:42:10,518 P26260 INFO Early stopping
2026-09-17 11:42:10,688 P26260 INFO Threshold (p=95.0, src=val): 1.301343
2026-09-17 11:42:10,731 P26260 INFO *** Test F1 0.8824  of unsupervised traning
2026-09-17 11:42:10,733 P26260 INFO *** Best F1 {'f1': 0.8461538461538461, 'rc': 0.7333333333333333, 'pc': 1.0, 'threshold': np.float64(1.5330250024795533)}  of unsupervised traning
2026-09-17 11:42:10,740 P26260 INFO Current hash id 0119e3af
