2026-09-17 11:41:36,460 P11364 INFO ^^^^^^^^^^ Current Model:hades, 6dbb20e7 ^^^^^^^^^^
2026-09-17 11:41:36,460 P11364 INFO Load from D:\UAM-AD\data\sn
2026-09-17 11:41:36,805 P11364 INFO 375 unique log templates found.
2026-09-17 11:41:36,810 P11364 INFO Transforming unlabel train data.
2026-09-17 11:41:36,824 P11364 INFO Transforming test data.
2026-09-17 11:41:36,866 P11364 INFO 734 new templates show.
2026-09-17 11:41:36,891 P11364 INFO Transforming val data.
2026-09-17 11:41:36,891 P11364 INFO 77 new templates show.
2026-09-17 11:41:36,903 P11364 INFO Data loaded done!
2026-09-17 11:41:36,948 P11364 INFO Known word number: 375
2026-09-17 11:41:39,030 P11364 INFO Epoch 0/10, train generator loss: 1.21734
2026-09-17 11:41:39,157 P11364 INFO Epoch 0/10, train discriminator loss: 2.91100
2026-09-17 11:41:39,321 P11364 INFO *** Test time is 0.16286754608154297
2026-09-17 11:41:39,321 P11364 INFO Epoch 0/10, test f1: 0.84000 rc: 0.75000 pc: 0.95455. [0.64s]
2026-09-17 11:41:39,443 P11364 INFO Epoch 1/10, train generator loss: 1.17885
2026-09-17 11:41:39,528 P11364 INFO Epoch 1/10, train discriminator loss: 2.33814
2026-09-17 11:41:39,669 P11364 INFO *** Test time is 0.140977144241333
2026-09-17 11:41:39,669 P11364 INFO Epoch 1/10, test f1: 0.81633 rc: 0.71429 pc: 0.95238. [0.19s]
2026-09-17 11:41:39,671 P11364 INFO early stopping epoch 1/5
2026-09-17 11:41:39,778 P11364 INFO Epoch 2/10, train generator loss: 1.20149
2026-09-17 11:41:39,847 P11364 INFO Epoch 2/10, train discriminator loss: 1.92455
2026-09-17 11:41:39,985 P11364 INFO *** Test time is 0.13849282264709473
2026-09-17 11:41:39,985 P11364 INFO Epoch 2/10, test f1: 0.81633 rc: 0.71429 pc: 0.95238. [0.18s]
2026-09-17 11:41:39,985 P11364 INFO early stopping epoch 2/5
2026-09-17 11:41:40,089 P11364 INFO Epoch 3/10, train generator loss: 1.27144
2026-09-17 11:41:40,158 P11364 INFO Epoch 3/10, train discriminator loss: 1.62754
2026-09-17 11:41:40,309 P11364 INFO *** Test time is 0.15187811851501465
2026-09-17 11:41:40,309 P11364 INFO Epoch 3/10, test f1: 0.81633 rc: 0.71429 pc: 0.95238. [0.17s]
2026-09-17 11:41:40,309 P11364 INFO early stopping epoch 3/5
2026-09-17 11:41:40,467 P11364 INFO Epoch 4/10, train generator loss: 1.35306
2026-09-17 11:41:40,586 P11364 INFO Epoch 4/10, train discriminator loss: 1.43167
2026-09-17 11:41:40,810 P11364 INFO *** Test time is 0.2239055633544922
2026-09-17 11:41:40,812 P11364 INFO Epoch 4/10, test f1: 0.81633 rc: 0.71429 pc: 0.95238. [0.28s]
2026-09-17 11:41:40,812 P11364 INFO early stopping epoch 4/5
2026-09-17 11:41:40,944 P11364 INFO Epoch 5/10, train generator loss: 1.44376
2026-09-17 11:41:41,045 P11364 INFO Epoch 5/10, train discriminator loss: 1.30294
2026-09-17 11:41:41,250 P11364 INFO *** Test time is 0.20408177375793457
2026-09-17 11:41:41,250 P11364 INFO Epoch 5/10, test f1: 0.81633 rc: 0.71429 pc: 0.95238. [0.23s]
2026-09-17 11:41:41,250 P11364 INFO early stopping epoch 5/5
2026-09-17 11:41:41,250 P11364 INFO Early stopping
2026-09-17 11:41:41,397 P11364 INFO Threshold (p=95.0, src=val): 1.384342
2026-09-17 11:41:41,438 P11364 INFO *** Test F1 0.8485  of unsupervised traning
2026-09-17 11:41:41,438 P11364 INFO *** Best F1 {'f1': 0.84, 'rc': 0.75, 'pc': 0.9545454545454546, 'threshold': np.float64(1.446940631866455)}  of unsupervised traning
2026-09-17 11:41:41,438 P11364 INFO Current hash id 6dbb20e7
