2026-09-17 15:00:04,808 P8488 INFO ^^^^^^^^^^ Current Model:hades, 1054312a ^^^^^^^^^^
2026-09-17 15:00:04,808 P8488 INFO Load from D:\UAM-AD\data\sn
2026-09-17 15:00:05,046 P8488 INFO 375 unique log templates found.
2026-09-17 15:00:05,052 P8488 INFO Transforming unlabel train data.
2026-09-17 15:00:05,129 P8488 INFO Transforming test data.
2026-09-17 15:00:05,180 P8488 INFO 721 new templates show.
2026-09-17 15:00:05,243 P8488 INFO Transforming val data.
2026-09-17 15:00:05,243 P8488 INFO 77 new templates show.
2026-09-17 15:00:05,247 P8488 INFO Data loaded done!
2026-09-17 15:00:05,297 P8488 INFO Known word number: 375
2026-09-17 15:00:05,476 P8488 INFO Epoch 0/50, train generator loss: 1.49104
2026-09-17 15:00:05,590 P8488 INFO Epoch 0/50, train discriminator loss: 5.45384
2026-09-17 15:00:05,762 P8488 INFO *** Test time is 0.17172574996948242
2026-09-17 15:00:05,762 P8488 INFO Epoch 0/50, test f1: 0.78261 rc: 0.69231 pc: 0.90000. [0.23s]
2026-09-17 15:00:05,972 P8488 INFO Epoch 1/50, train generator loss: 1.37980
2026-09-17 15:00:06,131 P8488 INFO Epoch 1/50, train discriminator loss: 4.91254
2026-09-17 15:00:06,332 P8488 INFO *** Test time is 0.2011127471923828
2026-09-17 15:00:06,332 P8488 INFO Epoch 1/50, test f1: 0.76596 rc: 0.69231 pc: 0.85714. [0.35s]
2026-09-17 15:00:06,332 P8488 INFO early stopping epoch 1/15
2026-09-17 15:00:06,513 P8488 INFO Epoch 2/50, train generator loss: 1.27874
2026-09-17 15:00:06,658 P8488 INFO Epoch 2/50, train discriminator loss: 4.89477
2026-09-17 15:00:06,876 P8488 INFO *** Test time is 0.21757245063781738
2026-09-17 15:00:06,876 P8488 INFO Epoch 2/50, test f1: 0.78261 rc: 0.69231 pc: 0.90000. [0.33s]
2026-09-17 15:00:06,876 P8488 INFO early stopping epoch 2/15
2026-09-17 15:00:07,079 P8488 INFO Epoch 3/50, train generator loss: 1.16994
2026-09-17 15:00:07,257 P8488 INFO Epoch 3/50, train discriminator loss: 5.51343
2026-09-17 15:00:07,451 P8488 INFO *** Test time is 0.19407367706298828
2026-09-17 15:00:07,451 P8488 INFO Epoch 3/50, test f1: 0.78261 rc: 0.69231 pc: 0.90000. [0.38s]
2026-09-17 15:00:07,451 P8488 INFO early stopping epoch 3/15
2026-09-17 15:00:07,655 P8488 INFO Epoch 4/50, train generator loss: 1.03562
2026-09-17 15:00:07,825 P8488 INFO Epoch 4/50, train discriminator loss: 6.60026
2026-09-17 15:00:08,029 P8488 INFO *** Test time is 0.20157289505004883
2026-09-17 15:00:08,029 P8488 INFO Epoch 4/50, test f1: 0.59091 rc: 0.50000 pc: 0.72222. [0.38s]
2026-09-17 15:00:08,029 P8488 INFO early stopping epoch 4/15
2026-09-17 15:00:08,216 P8488 INFO Epoch 5/50, train generator loss: 0.85607
2026-09-17 15:00:08,364 P8488 INFO Epoch 5/50, train discriminator loss: 7.68787
2026-09-17 15:00:08,507 P8488 INFO *** Test time is 0.14298653602600098
2026-09-17 15:00:08,507 P8488 INFO Epoch 5/50, test f1: 0.48889 rc: 0.42308 pc: 0.57895. [0.34s]
2026-09-17 15:00:08,507 P8488 INFO early stopping epoch 5/15
2026-09-17 15:00:08,638 P8488 INFO Epoch 6/50, train generator loss: 0.64047
2026-09-17 15:00:08,727 P8488 INFO Epoch 6/50, train discriminator loss: 8.34173
2026-09-17 15:00:08,889 P8488 INFO *** Test time is 0.16237759590148926
2026-09-17 15:00:08,889 P8488 INFO Epoch 6/50, test f1: 0.30000 rc: 0.23077 pc: 0.42857. [0.22s]
2026-09-17 15:00:08,903 P8488 INFO early stopping epoch 6/15
2026-09-17 15:00:08,995 P8488 INFO Epoch 7/50, train generator loss: 0.62822
2026-09-17 15:00:09,093 P8488 INFO Epoch 7/50, train discriminator loss: 7.56340
2026-09-17 15:00:09,245 P8488 INFO *** Test time is 0.15259957313537598
2026-09-17 15:00:09,245 P8488 INFO Epoch 7/50, test f1: 0.30000 rc: 0.23077 pc: 0.42857. [0.19s]
2026-09-17 15:00:09,245 P8488 INFO early stopping epoch 7/15
2026-09-17 15:00:09,356 P8488 INFO Epoch 8/50, train generator loss: 0.64426
2026-09-17 15:00:09,487 P8488 INFO Epoch 8/50, train discriminator loss: 6.39006
2026-09-17 15:00:09,630 P8488 INFO *** Test time is 0.14252734184265137
2026-09-17 15:00:09,630 P8488 INFO Epoch 8/50, test f1: 0.30000 rc: 0.23077 pc: 0.42857. [0.24s]
2026-09-17 15:00:09,630 P8488 INFO early stopping epoch 8/15
2026-09-17 15:00:09,725 P8488 INFO Epoch 9/50, train generator loss: 0.55872
2026-09-17 15:00:09,867 P8488 INFO Epoch 9/50, train discriminator loss: 5.62483
2026-09-17 15:00:10,015 P8488 INFO *** Test time is 0.14728403091430664
2026-09-17 15:00:10,015 P8488 INFO Epoch 9/50, test f1: 0.30769 rc: 0.23077 pc: 0.46154. [0.22s]
2026-09-17 15:00:10,015 P8488 INFO early stopping epoch 9/15
2026-09-17 15:00:10,113 P8488 INFO Epoch 10/50, train generator loss: 0.47373
2026-09-17 15:00:10,213 P8488 INFO Epoch 10/50, train discriminator loss: 5.39696
2026-09-17 15:00:10,385 P8488 INFO *** Test time is 0.17228960990905762
2026-09-17 15:00:10,385 P8488 INFO Epoch 10/50, test f1: 0.32432 rc: 0.23077 pc: 0.54545. [0.20s]
2026-09-17 15:00:10,385 P8488 INFO early stopping epoch 10/15
2026-09-17 15:00:10,473 P8488 INFO Epoch 11/50, train generator loss: 0.49424
2026-09-17 15:00:10,592 P8488 INFO Epoch 11/50, train discriminator loss: 5.41818
2026-09-17 15:00:10,751 P8488 INFO *** Test time is 0.15868306159973145
2026-09-17 15:00:10,751 P8488 INFO Epoch 11/50, test f1: 0.33333 rc: 0.23077 pc: 0.60000. [0.21s]
2026-09-17 15:00:10,751 P8488 INFO early stopping epoch 11/15
2026-09-17 15:00:10,871 P8488 INFO Epoch 12/50, train generator loss: 0.55570
2026-09-17 15:00:10,988 P8488 INFO Epoch 12/50, train discriminator loss: 5.50235
2026-09-17 15:00:11,139 P8488 INFO *** Test time is 0.15068888664245605
2026-09-17 15:00:11,139 P8488 INFO Epoch 12/50, test f1: 0.33333 rc: 0.23077 pc: 0.60000. [0.24s]
2026-09-17 15:00:11,139 P8488 INFO early stopping epoch 12/15
2026-09-17 15:00:11,267 P8488 INFO Epoch 13/50, train generator loss: 0.53884
2026-09-17 15:00:11,361 P8488 INFO Epoch 13/50, train discriminator loss: 5.56177
2026-09-17 15:00:11,517 P8488 INFO *** Test time is 0.15583276748657227
2026-09-17 15:00:11,517 P8488 INFO Epoch 13/50, test f1: 0.33333 rc: 0.23077 pc: 0.60000. [0.22s]
2026-09-17 15:00:11,517 P8488 INFO early stopping epoch 13/15
2026-09-17 15:00:11,667 P8488 INFO Epoch 14/50, train generator loss: 0.47827
2026-09-17 15:00:11,759 P8488 INFO Epoch 14/50, train discriminator loss: 5.56963
2026-09-17 15:00:11,935 P8488 INFO *** Test time is 0.17690539360046387
2026-09-17 15:00:11,935 P8488 INFO Epoch 14/50, test f1: 0.31579 rc: 0.23077 pc: 0.50000. [0.24s]
2026-09-17 15:00:11,935 P8488 INFO early stopping epoch 14/15
2026-09-17 15:00:12,050 P8488 INFO Epoch 15/50, train generator loss: 0.45722
2026-09-17 15:00:12,154 P8488 INFO Epoch 15/50, train discriminator loss: 5.55103
2026-09-17 15:00:12,320 P8488 INFO *** Test time is 0.16530823707580566
2026-09-17 15:00:12,320 P8488 INFO Epoch 15/50, test f1: 0.30769 rc: 0.23077 pc: 0.46154. [0.22s]
2026-09-17 15:00:12,320 P8488 INFO early stopping epoch 15/15
2026-09-17 15:00:12,320 P8488 INFO Early stopping
2026-09-17 15:00:12,422 P8488 INFO Threshold (p=95.0, src=val): 1.699024
2026-09-17 15:00:12,466 P8488 INFO *** Test F1 0.3529  of unsupervised traning
2026-09-17 15:00:12,466 P8488 INFO *** Best F1 {'f1': 0.782608695652174, 'rc': 0.6923076923076923, 'pc': 0.9, 'threshold': np.float64(1.677750768661499)}  of unsupervised traning
2026-09-17 15:00:12,482 P8488 INFO Current hash id 1054312a
