2026-09-17 11:42:49,175 P18612 INFO ^^^^^^^^^^ Current Model:hades, 641c8f5f ^^^^^^^^^^
2026-09-17 11:42:49,175 P18612 INFO Load from D:\UAM-AD\data\sn
2026-09-17 11:42:49,415 P18612 INFO 375 unique log templates found.
2026-09-17 11:42:49,415 P18612 INFO Transforming unlabel train data.
2026-09-17 11:42:49,448 P18612 INFO Transforming test data.
2026-09-17 11:42:49,483 P18612 INFO 729 new templates show.
2026-09-17 11:42:49,515 P18612 INFO Transforming val data.
2026-09-17 11:42:49,515 P18612 INFO 77 new templates show.
2026-09-17 11:42:49,523 P18612 INFO Data loaded done!
2026-09-17 11:42:49,554 P18612 INFO Known word number: 375
2026-09-17 11:42:49,704 P18612 INFO Epoch 0/10, train generator loss: 1.38560
2026-09-17 11:42:49,779 P18612 INFO Epoch 0/10, train discriminator loss: 2.96011
2026-09-17 11:42:49,914 P18612 INFO *** Test time is 0.13569855690002441
2026-09-17 11:42:49,914 P18612 INFO Epoch 0/10, test f1: 0.80851 rc: 0.67857 pc: 1.00000. [0.21s]
2026-09-17 11:42:50,024 P18612 INFO Epoch 1/10, train generator loss: 1.27986
2026-09-17 11:42:50,094 P18612 INFO Epoch 1/10, train discriminator loss: 2.28141
2026-09-17 11:42:50,244 P18612 INFO *** Test time is 0.15011119842529297
2026-09-17 11:42:50,244 P18612 INFO Epoch 1/10, test f1: 0.78261 rc: 0.64286 pc: 1.00000. [0.17s]
2026-09-17 11:42:50,244 P18612 INFO early stopping epoch 1/5
2026-09-17 11:42:50,347 P18612 INFO Epoch 2/10, train generator loss: 1.25355
2026-09-17 11:42:50,426 P18612 INFO Epoch 2/10, train discriminator loss: 1.98344
2026-09-17 11:42:50,594 P18612 INFO *** Test time is 0.1679372787475586
2026-09-17 11:42:50,594 P18612 INFO Epoch 2/10, test f1: 0.78261 rc: 0.64286 pc: 1.00000. [0.18s]
2026-09-17 11:42:50,594 P18612 INFO early stopping epoch 2/5
2026-09-17 11:42:50,695 P18612 INFO Epoch 3/10, train generator loss: 1.25987
2026-09-17 11:42:50,782 P18612 INFO Epoch 3/10, train discriminator loss: 1.72381
2026-09-17 11:42:50,950 P18612 INFO *** Test time is 0.1680300235748291
2026-09-17 11:42:50,950 P18612 INFO Epoch 3/10, test f1: 0.78261 rc: 0.64286 pc: 1.00000. [0.19s]
2026-09-17 11:42:50,950 P18612 INFO early stopping epoch 3/5
2026-09-17 11:42:51,048 P18612 INFO Epoch 4/10, train generator loss: 1.29540
2026-09-17 11:42:51,119 P18612 INFO Epoch 4/10, train discriminator loss: 1.49991
2026-09-17 11:42:51,260 P18612 INFO *** Test time is 0.14081549644470215
2026-09-17 11:42:51,260 P18612 INFO Epoch 4/10, test f1: 0.78261 rc: 0.64286 pc: 1.00000. [0.17s]
2026-09-17 11:42:51,260 P18612 INFO early stopping epoch 4/5
2026-09-17 11:42:51,371 P18612 INFO Epoch 5/10, train generator loss: 1.34288
2026-09-17 11:42:51,445 P18612 INFO Epoch 5/10, train discriminator loss: 1.30357
2026-09-17 11:42:51,597 P18612 INFO *** Test time is 0.15215158462524414
2026-09-17 11:42:51,597 P18612 INFO Epoch 5/10, test f1: 0.78261 rc: 0.64286 pc: 1.00000. [0.18s]
2026-09-17 11:42:51,597 P18612 INFO early stopping epoch 5/5
2026-09-17 11:42:51,597 P18612 INFO Early stopping
2026-09-17 11:42:51,678 P18612 INFO Threshold (p=95.0, src=val): 1.361802
2026-09-17 11:42:51,694 P18612 INFO *** Test F1 0.8000  of unsupervised traning
2026-09-17 11:42:51,694 P18612 INFO *** Best F1 {'f1': 0.8085106382978723, 'rc': 0.6785714285714286, 'pc': 1.0, 'threshold': np.float64(1.600339288711548)}  of unsupervised traning
2026-09-17 11:42:51,694 P18612 INFO Current hash id 641c8f5f
