2026-09-17 15:01:34,280 P14664 INFO ^^^^^^^^^^ Current Model:hades, d0d951a6 ^^^^^^^^^^
2026-09-17 15:01:34,280 P14664 INFO Load from D:\UAM-AD\data\sn
2026-09-17 15:01:34,549 P14664 INFO 375 unique log templates found.
2026-09-17 15:01:34,549 P14664 INFO Transforming unlabel train data.
2026-09-17 15:01:34,581 P14664 INFO Transforming test data.
2026-09-17 15:01:34,613 P14664 INFO 733 new templates show.
2026-09-17 15:01:34,644 P14664 INFO Transforming val data.
2026-09-17 15:01:34,644 P14664 INFO 77 new templates show.
2026-09-17 15:01:34,644 P14664 INFO Data loaded done!
2026-09-17 15:01:34,683 P14664 INFO Known word number: 375
2026-09-17 15:01:34,864 P14664 INFO Epoch 0/50, train generator loss: 1.54025
2026-09-17 15:01:34,976 P14664 INFO Epoch 0/50, train discriminator loss: 5.66854
2026-09-17 15:01:35,124 P14664 INFO *** Test time is 0.1477651596069336
2026-09-17 15:01:35,124 P14664 INFO Epoch 0/50, test f1: 0.88000 rc: 0.78571 pc: 1.00000. [0.24s]
2026-09-17 15:01:35,280 P14664 INFO Epoch 1/50, train generator loss: 1.39669
2026-09-17 15:01:35,402 P14664 INFO Epoch 1/50, train discriminator loss: 5.13870
2026-09-17 15:01:35,697 P14664 INFO *** Test time is 0.29445385932922363
2026-09-17 15:01:35,697 P14664 INFO Epoch 1/50, test f1: 0.88000 rc: 0.78571 pc: 1.00000. [0.27s]
2026-09-17 15:01:35,697 P14664 INFO early stopping epoch 1/15
2026-09-17 15:01:35,894 P14664 INFO Epoch 2/50, train generator loss: 1.31933
2026-09-17 15:01:36,065 P14664 INFO Epoch 2/50, train discriminator loss: 5.05797
2026-09-17 15:01:36,263 P14664 INFO *** Test time is 0.19822096824645996
2026-09-17 15:01:36,263 P14664 INFO Epoch 2/50, test f1: 0.88000 rc: 0.78571 pc: 1.00000. [0.37s]
2026-09-17 15:01:36,263 P14664 INFO early stopping epoch 2/15
2026-09-17 15:01:36,455 P14664 INFO Epoch 3/50, train generator loss: 1.20120
2026-09-17 15:01:36,602 P14664 INFO Epoch 3/50, train discriminator loss: 5.65367
2026-09-17 15:01:36,816 P14664 INFO *** Test time is 0.21430063247680664
2026-09-17 15:01:36,816 P14664 INFO Epoch 3/50, test f1: 0.80851 rc: 0.67857 pc: 1.00000. [0.34s]
2026-09-17 15:01:36,816 P14664 INFO early stopping epoch 3/15
2026-09-17 15:01:37,012 P14664 INFO Epoch 4/50, train generator loss: 1.05240
2026-09-17 15:01:37,186 P14664 INFO Epoch 4/50, train discriminator loss: 6.89571
2026-09-17 15:01:37,388 P14664 INFO *** Test time is 0.2017664909362793
2026-09-17 15:01:37,388 P14664 INFO Epoch 4/50, test f1: 0.72340 rc: 0.60714 pc: 0.89474. [0.37s]
2026-09-17 15:01:37,388 P14664 INFO early stopping epoch 4/15
2026-09-17 15:01:37,582 P14664 INFO Epoch 5/50, train generator loss: 0.85715
2026-09-17 15:01:37,716 P14664 INFO Epoch 5/50, train discriminator loss: 8.15030
2026-09-17 15:01:37,945 P14664 INFO *** Test time is 0.22892189025878906
2026-09-17 15:01:37,945 P14664 INFO Epoch 5/50, test f1: 0.51064 rc: 0.42857 pc: 0.63158. [0.33s]
2026-09-17 15:01:37,945 P14664 INFO early stopping epoch 5/15
2026-09-17 15:01:38,105 P14664 INFO Epoch 6/50, train generator loss: 0.64747
2026-09-17 15:01:38,191 P14664 INFO Epoch 6/50, train discriminator loss: 8.66693
2026-09-17 15:01:38,327 P14664 INFO *** Test time is 0.1360926628112793
2026-09-17 15:01:38,327 P14664 INFO Epoch 6/50, test f1: 0.47826 rc: 0.39286 pc: 0.61111. [0.25s]
2026-09-17 15:01:38,327 P14664 INFO early stopping epoch 6/15
2026-09-17 15:01:38,445 P14664 INFO Epoch 7/50, train generator loss: 0.68677
2026-09-17 15:01:38,547 P14664 INFO Epoch 7/50, train discriminator loss: 7.47597
2026-09-17 15:01:38,689 P14664 INFO *** Test time is 0.1424720287322998
2026-09-17 15:01:38,689 P14664 INFO Epoch 7/50, test f1: 0.47826 rc: 0.39286 pc: 0.61111. [0.22s]
2026-09-17 15:01:38,689 P14664 INFO early stopping epoch 7/15
2026-09-17 15:01:38,798 P14664 INFO Epoch 8/50, train generator loss: 0.67271
2026-09-17 15:01:38,901 P14664 INFO Epoch 8/50, train discriminator loss: 6.19991
2026-09-17 15:01:39,046 P14664 INFO *** Test time is 0.1449270248413086
2026-09-17 15:01:39,046 P14664 INFO Epoch 8/50, test f1: 0.47826 rc: 0.39286 pc: 0.61111. [0.21s]
2026-09-17 15:01:39,046 P14664 INFO early stopping epoch 8/15
2026-09-17 15:01:39,145 P14664 INFO Epoch 9/50, train generator loss: 0.55397
2026-09-17 15:01:39,250 P14664 INFO Epoch 9/50, train discriminator loss: 5.56009
2026-09-17 15:01:39,400 P14664 INFO *** Test time is 0.1502399444580078
2026-09-17 15:01:39,400 P14664 INFO Epoch 9/50, test f1: 0.47826 rc: 0.39286 pc: 0.61111. [0.20s]
2026-09-17 15:01:39,400 P14664 INFO early stopping epoch 9/15
2026-09-17 15:01:39,487 P14664 INFO Epoch 10/50, train generator loss: 0.48076
2026-09-17 15:01:39,611 P14664 INFO Epoch 10/50, train discriminator loss: 5.41989
2026-09-17 15:01:39,759 P14664 INFO *** Test time is 0.14865398406982422
2026-09-17 15:01:39,760 P14664 INFO Epoch 10/50, test f1: 0.51064 rc: 0.42857 pc: 0.63158. [0.21s]
2026-09-17 15:01:39,760 P14664 INFO early stopping epoch 10/15
2026-09-17 15:01:39,891 P14664 INFO Epoch 11/50, train generator loss: 0.52857
2026-09-17 15:01:39,993 P14664 INFO Epoch 11/50, train discriminator loss: 5.47872
2026-09-17 15:01:40,166 P14664 INFO *** Test time is 0.17384552955627441
2026-09-17 15:01:40,166 P14664 INFO Epoch 11/50, test f1: 0.51064 rc: 0.42857 pc: 0.63158. [0.23s]
2026-09-17 15:01:40,166 P14664 INFO early stopping epoch 11/15
2026-09-17 15:01:40,293 P14664 INFO Epoch 12/50, train generator loss: 0.55129
2026-09-17 15:01:40,409 P14664 INFO Epoch 12/50, train discriminator loss: 5.57004
2026-09-17 15:01:40,561 P14664 INFO *** Test time is 0.1518409252166748
2026-09-17 15:01:40,561 P14664 INFO Epoch 12/50, test f1: 0.51064 rc: 0.42857 pc: 0.63158. [0.24s]
2026-09-17 15:01:40,561 P14664 INFO early stopping epoch 12/15
2026-09-17 15:01:40,704 P14664 INFO Epoch 13/50, train generator loss: 0.51644
2026-09-17 15:01:40,815 P14664 INFO Epoch 13/50, train discriminator loss: 5.62037
2026-09-17 15:01:40,958 P14664 INFO *** Test time is 0.1412804126739502
2026-09-17 15:01:40,958 P14664 INFO Epoch 13/50, test f1: 0.47826 rc: 0.39286 pc: 0.61111. [0.26s]
2026-09-17 15:01:40,958 P14664 INFO early stopping epoch 13/15
2026-09-17 15:01:41,092 P14664 INFO Epoch 14/50, train generator loss: 0.47584
2026-09-17 15:01:41,198 P14664 INFO Epoch 14/50, train discriminator loss: 5.62645
2026-09-17 15:01:41,339 P14664 INFO *** Test time is 0.141815185546875
2026-09-17 15:01:41,339 P14664 INFO Epoch 14/50, test f1: 0.47826 rc: 0.39286 pc: 0.61111. [0.24s]
2026-09-17 15:01:41,339 P14664 INFO early stopping epoch 14/15
2026-09-17 15:01:41,449 P14664 INFO Epoch 15/50, train generator loss: 0.47347
2026-09-17 15:01:41,553 P14664 INFO Epoch 15/50, train discriminator loss: 5.61494
2026-09-17 15:01:41,703 P14664 INFO *** Test time is 0.15012025833129883
2026-09-17 15:01:41,703 P14664 INFO Epoch 15/50, test f1: 0.47826 rc: 0.39286 pc: 0.61111. [0.21s]
2026-09-17 15:01:41,703 P14664 INFO early stopping epoch 15/15
2026-09-17 15:01:41,703 P14664 INFO Early stopping
2026-09-17 15:01:41,801 P14664 INFO Threshold (p=95.0, src=val): 1.734027
2026-09-17 15:01:41,833 P14664 INFO *** Test F1 0.8627  of unsupervised traning
2026-09-17 15:01:41,833 P14664 INFO *** Best F1 {'f1': 0.88, 'rc': 0.7857142857142857, 'pc': 1.0, 'threshold': np.float64(1.8098404455184938)}  of unsupervised traning
2026-09-17 15:01:41,833 P14664 INFO Current hash id d0d951a6
