2026-09-17 11:40:50,538 P4504 INFO ^^^^^^^^^^ Current Model:hades, 679ad391 ^^^^^^^^^^
2026-09-17 11:40:50,538 P4504 INFO Load from D:\UAM-AD\data\sn
2026-09-17 11:40:50,861 P4504 INFO 375 unique log templates found.
2026-09-17 11:40:50,867 P4504 INFO Transforming unlabel train data.
2026-09-17 11:40:50,903 P4504 INFO Transforming test data.
2026-09-17 11:40:50,945 P4504 INFO 738 new templates show.
2026-09-17 11:40:50,981 P4504 INFO Transforming val data.
2026-09-17 11:40:50,981 P4504 INFO 77 new templates show.
2026-09-17 11:40:50,981 P4504 INFO Data loaded done!
2026-09-17 11:40:51,032 P4504 INFO Known word number: 375
2026-09-17 11:40:51,223 P4504 INFO Epoch 0/10, train generator loss: 1.36337
2026-09-17 11:40:51,363 P4504 INFO Epoch 0/10, train discriminator loss: 2.76857
2026-09-17 11:40:51,628 P4504 INFO *** Test time is 0.2641010284423828
2026-09-17 11:40:51,628 P4504 INFO Epoch 0/10, test f1: 0.86111 rc: 0.75610 pc: 1.00000. [0.30s]
2026-09-17 11:40:51,848 P4504 INFO Epoch 1/10, train generator loss: 1.29882
2026-09-17 11:40:51,984 P4504 INFO Epoch 1/10, train discriminator loss: 2.14223
2026-09-17 11:40:52,242 P4504 INFO *** Test time is 0.25762152671813965
2026-09-17 11:40:52,242 P4504 INFO Epoch 1/10, test f1: 0.82857 rc: 0.70732 pc: 1.00000. [0.33s]
2026-09-17 11:40:52,242 P4504 INFO early stopping epoch 1/5
2026-09-17 11:40:52,427 P4504 INFO Epoch 2/10, train generator loss: 1.28760
2026-09-17 11:40:52,516 P4504 INFO Epoch 2/10, train discriminator loss: 1.74979
2026-09-17 11:40:52,713 P4504 INFO *** Test time is 0.1949925422668457
2026-09-17 11:40:52,713 P4504 INFO Epoch 2/10, test f1: 0.82857 rc: 0.70732 pc: 1.00000. [0.27s]
2026-09-17 11:40:52,713 P4504 INFO early stopping epoch 2/5
2026-09-17 11:40:52,831 P4504 INFO Epoch 3/10, train generator loss: 1.32092
2026-09-17 11:40:52,926 P4504 INFO Epoch 3/10, train discriminator loss: 1.54106
2026-09-17 11:40:53,092 P4504 INFO *** Test time is 0.16603398323059082
2026-09-17 11:40:53,092 P4504 INFO Epoch 3/10, test f1: 0.82857 rc: 0.70732 pc: 1.00000. [0.21s]
2026-09-17 11:40:53,092 P4504 INFO early stopping epoch 3/5
2026-09-17 11:40:53,210 P4504 INFO Epoch 4/10, train generator loss: 1.36519
2026-09-17 11:40:53,287 P4504 INFO Epoch 4/10, train discriminator loss: 1.37214
2026-09-17 11:40:53,449 P4504 INFO *** Test time is 0.16164207458496094
2026-09-17 11:40:53,449 P4504 INFO Epoch 4/10, test f1: 0.82857 rc: 0.70732 pc: 1.00000. [0.19s]
2026-09-17 11:40:53,449 P4504 INFO early stopping epoch 4/5
2026-09-17 11:40:53,573 P4504 INFO Epoch 5/10, train generator loss: 1.42161
2026-09-17 11:40:53,666 P4504 INFO Epoch 5/10, train discriminator loss: 1.22882
2026-09-17 11:40:53,830 P4504 INFO *** Test time is 0.16410565376281738
2026-09-17 11:40:53,830 P4504 INFO Epoch 5/10, test f1: 0.82857 rc: 0.70732 pc: 1.00000. [0.22s]
2026-09-17 11:40:53,830 P4504 INFO early stopping epoch 5/5
2026-09-17 11:40:53,830 P4504 INFO Early stopping
2026-09-17 11:40:53,967 P4504 INFO Threshold (p=95.0, src=val): 1.369601
2026-09-17 11:40:53,996 P4504 INFO *** Test F1 0.8000  of unsupervised traning
2026-09-17 11:40:53,996 P4504 INFO *** Best F1 {'f1': 0.8611111111111112, 'rc': 0.7560975609756098, 'pc': 1.0, 'threshold': np.float64(1.8511291551589966)}  of unsupervised traning
2026-09-17 11:40:53,999 P4504 INFO Current hash id 679ad391
