2026-09-17 11:44:53,817 P26940 INFO ^^^^^^^^^^ Current Model:hades, 853e3395 ^^^^^^^^^^
2026-09-17 11:44:53,817 P26940 INFO Load from D:\UAM-AD\data\sn
2026-09-17 11:44:54,104 P26940 INFO 375 unique log templates found.
2026-09-17 11:44:54,109 P26940 INFO Transforming unlabel train data.
2026-09-17 11:44:54,150 P26940 INFO Transforming test data.
2026-09-17 11:44:54,193 P26940 INFO 733 new templates show.
2026-09-17 11:44:54,239 P26940 INFO Transforming val data.
2026-09-17 11:44:54,241 P26940 INFO 77 new templates show.
2026-09-17 11:44:54,243 P26940 INFO Data loaded done!
2026-09-17 11:44:54,295 P26940 INFO Known word number: 375
2026-09-17 11:44:54,529 P26940 INFO Epoch 0/10, train generator loss: 1.23936
2026-09-17 11:44:54,649 P26940 INFO Epoch 0/10, train discriminator loss: 2.54450
2026-09-17 11:44:54,835 P26940 INFO *** Test time is 0.18582892417907715
2026-09-17 11:44:54,835 P26940 INFO Epoch 0/10, test f1: 0.83333 rc: 0.71429 pc: 1.00000. [0.29s]
2026-09-17 11:44:55,024 P26940 INFO Epoch 1/10, train generator loss: 1.20460
2026-09-17 11:44:55,150 P26940 INFO Epoch 1/10, train discriminator loss: 2.05495
2026-09-17 11:44:55,354 P26940 INFO *** Test time is 0.2033693790435791
2026-09-17 11:44:55,354 P26940 INFO Epoch 1/10, test f1: 0.83333 rc: 0.71429 pc: 1.00000. [0.29s]
2026-09-17 11:44:55,358 P26940 INFO early stopping epoch 1/5
2026-09-17 11:44:55,529 P26940 INFO Epoch 2/10, train generator loss: 1.12011
2026-09-17 11:44:55,627 P26940 INFO Epoch 2/10, train discriminator loss: 1.70362
2026-09-17 11:44:55,832 P26940 INFO *** Test time is 0.20520401000976562
2026-09-17 11:44:55,832 P26940 INFO Epoch 2/10, test f1: 0.90196 rc: 0.82143 pc: 1.00000. [0.27s]
2026-09-17 11:44:55,994 P26940 INFO Epoch 3/10, train generator loss: 1.15658
2026-09-17 11:44:56,069 P26940 INFO Epoch 3/10, train discriminator loss: 1.40101
2026-09-17 11:44:56,224 P26940 INFO *** Test time is 0.15486621856689453
2026-09-17 11:44:56,224 P26940 INFO Epoch 3/10, test f1: 0.90196 rc: 0.82143 pc: 1.00000. [0.22s]
2026-09-17 11:44:56,224 P26940 INFO early stopping epoch 1/5
2026-09-17 11:44:56,322 P26940 INFO Epoch 4/10, train generator loss: 1.18071
2026-09-17 11:44:56,413 P26940 INFO Epoch 4/10, train discriminator loss: 1.22125
2026-09-17 11:44:56,569 P26940 INFO *** Test time is 0.15661215782165527
2026-09-17 11:44:56,569 P26940 INFO Epoch 4/10, test f1: 0.88000 rc: 0.78571 pc: 1.00000. [0.19s]
2026-09-17 11:44:56,569 P26940 INFO early stopping epoch 2/5
2026-09-17 11:44:56,679 P26940 INFO Epoch 5/10, train generator loss: 1.19918
2026-09-17 11:44:56,750 P26940 INFO Epoch 5/10, train discriminator loss: 1.13115
2026-09-17 11:44:56,916 P26940 INFO *** Test time is 0.16574406623840332
2026-09-17 11:44:56,916 P26940 INFO Epoch 5/10, test f1: 0.88000 rc: 0.78571 pc: 1.00000. [0.18s]
2026-09-17 11:44:56,916 P26940 INFO early stopping epoch 3/5
2026-09-17 11:44:57,012 P26940 INFO Epoch 6/10, train generator loss: 1.22798
2026-09-17 11:44:57,096 P26940 INFO Epoch 6/10, train discriminator loss: 1.08463
2026-09-17 11:44:57,242 P26940 INFO *** Test time is 0.14643287658691406
2026-09-17 11:44:57,242 P26940 INFO Epoch 6/10, test f1: 0.88000 rc: 0.78571 pc: 1.00000. [0.18s]
2026-09-17 11:44:57,242 P26940 INFO early stopping epoch 4/5
2026-09-17 11:44:57,349 P26940 INFO Epoch 7/10, train generator loss: 1.25549
2026-09-17 11:44:57,444 P26940 INFO Epoch 7/10, train discriminator loss: 1.04685
2026-09-17 11:44:57,589 P26940 INFO *** Test time is 0.1453554630279541
2026-09-17 11:44:57,589 P26940 INFO Epoch 7/10, test f1: 0.88000 rc: 0.78571 pc: 1.00000. [0.20s]
2026-09-17 11:44:57,589 P26940 INFO early stopping epoch 5/5
2026-09-17 11:44:57,589 P26940 INFO Early stopping
2026-09-17 11:44:57,665 P26940 INFO Threshold (p=95.0, src=val): 1.295353
2026-09-17 11:44:57,696 P26940 INFO *** Test F1 0.9492  of unsupervised traning
2026-09-17 11:44:57,696 P26940 INFO *** Best F1 {'f1': 0.9019607843137255, 'rc': 0.8214285714285714, 'pc': 1.0, 'threshold': np.float64(1.4469652080535889)}  of unsupervised traning
2026-09-17 11:44:57,696 P26940 INFO Current hash id 853e3395
