2026-09-17 14:59:20,634 P2384 INFO ^^^^^^^^^^ Current Model:hades, a971fed3 ^^^^^^^^^^
2026-09-17 14:59:20,634 P2384 INFO Load from D:\UAM-AD\data\sn
2026-09-17 14:59:20,903 P2384 INFO 375 unique log templates found.
2026-09-17 14:59:20,908 P2384 INFO Transforming unlabel train data.
2026-09-17 14:59:20,928 P2384 INFO Transforming test data.
2026-09-17 14:59:20,963 P2384 INFO 729 new templates show.
2026-09-17 14:59:20,997 P2384 INFO Transforming val data.
2026-09-17 14:59:20,997 P2384 INFO 77 new templates show.
2026-09-17 14:59:20,997 P2384 INFO Data loaded done!
2026-09-17 14:59:21,029 P2384 INFO Known word number: 375
2026-09-17 14:59:21,246 P2384 INFO Epoch 0/50, train generator loss: 1.57769
2026-09-17 14:59:21,389 P2384 INFO Epoch 0/50, train discriminator loss: 5.31637
2026-09-17 14:59:21,549 P2384 INFO *** Test time is 0.15214991569519043
2026-09-17 14:59:21,549 P2384 INFO Epoch 0/50, test f1: 0.69565 rc: 0.59259 pc: 0.84211. [0.30s]
2026-09-17 14:59:21,775 P2384 INFO Epoch 1/50, train generator loss: 1.39743
2026-09-17 14:59:21,941 P2384 INFO Epoch 1/50, train discriminator loss: 4.80158
2026-09-17 14:59:22,159 P2384 INFO *** Test time is 0.2179880142211914
2026-09-17 14:59:22,159 P2384 INFO Epoch 1/50, test f1: 0.69565 rc: 0.59259 pc: 0.84211. [0.38s]
2026-09-17 14:59:22,159 P2384 INFO early stopping epoch 1/15
2026-09-17 14:59:22,374 P2384 INFO Epoch 2/50, train generator loss: 1.32119
2026-09-17 14:59:22,544 P2384 INFO Epoch 2/50, train discriminator loss: 4.73009
2026-09-17 14:59:22,753 P2384 INFO *** Test time is 0.20931625366210938
2026-09-17 14:59:22,753 P2384 INFO Epoch 2/50, test f1: 0.69565 rc: 0.59259 pc: 0.84211. [0.38s]
2026-09-17 14:59:22,753 P2384 INFO early stopping epoch 2/15
2026-09-17 14:59:22,974 P2384 INFO Epoch 3/50, train generator loss: 1.22082
2026-09-17 14:59:23,149 P2384 INFO Epoch 3/50, train discriminator loss: 5.36990
2026-09-17 14:59:23,380 P2384 INFO *** Test time is 0.23141264915466309
2026-09-17 14:59:23,380 P2384 INFO Epoch 3/50, test f1: 0.72340 rc: 0.62963 pc: 0.85000. [0.40s]
2026-09-17 14:59:23,607 P2384 INFO Epoch 4/50, train generator loss: 1.10449
2026-09-17 14:59:23,815 P2384 INFO Epoch 4/50, train discriminator loss: 6.72722
2026-09-17 14:59:24,019 P2384 INFO *** Test time is 0.20424675941467285
2026-09-17 14:59:24,019 P2384 INFO Epoch 4/50, test f1: 0.72340 rc: 0.62963 pc: 0.85000. [0.41s]
2026-09-17 14:59:24,019 P2384 INFO early stopping epoch 1/15
2026-09-17 14:59:24,240 P2384 INFO Epoch 5/50, train generator loss: 0.96561
2026-09-17 14:59:24,366 P2384 INFO Epoch 5/50, train discriminator loss: 7.99440
2026-09-17 14:59:24,525 P2384 INFO *** Test time is 0.1586596965789795
2026-09-17 14:59:24,525 P2384 INFO Epoch 5/50, test f1: 0.34146 rc: 0.25926 pc: 0.50000. [0.35s]
2026-09-17 14:59:24,525 P2384 INFO early stopping epoch 2/15
2026-09-17 14:59:24,675 P2384 INFO Epoch 6/50, train generator loss: 0.79772
2026-09-17 14:59:24,826 P2384 INFO Epoch 6/50, train discriminator loss: 8.66002
2026-09-17 14:59:24,971 P2384 INFO *** Test time is 0.14261794090270996
2026-09-17 14:59:24,971 P2384 INFO Epoch 6/50, test f1: 0.27778 rc: 0.18519 pc: 0.55556. [0.30s]
2026-09-17 14:59:24,971 P2384 INFO early stopping epoch 3/15
2026-09-17 14:59:25,140 P2384 INFO Epoch 7/50, train generator loss: 0.64349
2026-09-17 14:59:25,273 P2384 INFO Epoch 7/50, train discriminator loss: 8.37460
2026-09-17 14:59:25,420 P2384 INFO *** Test time is 0.14748191833496094
2026-09-17 14:59:25,420 P2384 INFO Epoch 7/50, test f1: 0.25641 rc: 0.18519 pc: 0.41667. [0.30s]
2026-09-17 14:59:25,420 P2384 INFO early stopping epoch 4/15
2026-09-17 14:59:25,554 P2384 INFO Epoch 8/50, train generator loss: 0.66461
2026-09-17 14:59:25,681 P2384 INFO Epoch 8/50, train discriminator loss: 7.00452
2026-09-17 14:59:25,843 P2384 INFO *** Test time is 0.16070771217346191
2026-09-17 14:59:25,843 P2384 INFO Epoch 8/50, test f1: 0.25641 rc: 0.18519 pc: 0.41667. [0.26s]
2026-09-17 14:59:25,843 P2384 INFO early stopping epoch 5/15
2026-09-17 14:59:25,966 P2384 INFO Epoch 9/50, train generator loss: 0.59314
2026-09-17 14:59:26,088 P2384 INFO Epoch 9/50, train discriminator loss: 5.91638
2026-09-17 14:59:26,256 P2384 INFO *** Test time is 0.16777586936950684
2026-09-17 14:59:26,256 P2384 INFO Epoch 9/50, test f1: 0.25641 rc: 0.18519 pc: 0.41667. [0.25s]
2026-09-17 14:59:26,256 P2384 INFO early stopping epoch 6/15
2026-09-17 14:59:26,373 P2384 INFO Epoch 10/50, train generator loss: 0.48212
2026-09-17 14:59:26,508 P2384 INFO Epoch 10/50, train discriminator loss: 5.45347
2026-09-17 14:59:26,668 P2384 INFO *** Test time is 0.1607191562652588
2026-09-17 14:59:26,668 P2384 INFO Epoch 10/50, test f1: 0.25641 rc: 0.18519 pc: 0.41667. [0.25s]
2026-09-17 14:59:26,668 P2384 INFO early stopping epoch 7/15
2026-09-17 14:59:26,826 P2384 INFO Epoch 11/50, train generator loss: 0.49587
2026-09-17 14:59:26,946 P2384 INFO Epoch 11/50, train discriminator loss: 5.43355
2026-09-17 14:59:27,110 P2384 INFO *** Test time is 0.1645197868347168
2026-09-17 14:59:27,110 P2384 INFO Epoch 11/50, test f1: 0.27027 rc: 0.18519 pc: 0.50000. [0.28s]
2026-09-17 14:59:27,110 P2384 INFO early stopping epoch 8/15
2026-09-17 14:59:27,272 P2384 INFO Epoch 12/50, train generator loss: 0.51986
2026-09-17 14:59:27,408 P2384 INFO Epoch 12/50, train discriminator loss: 5.52480
2026-09-17 14:59:27,569 P2384 INFO *** Test time is 0.16058015823364258
2026-09-17 14:59:27,569 P2384 INFO Epoch 12/50, test f1: 0.25641 rc: 0.18519 pc: 0.41667. [0.30s]
2026-09-17 14:59:27,569 P2384 INFO early stopping epoch 9/15
2026-09-17 14:59:27,725 P2384 INFO Epoch 13/50, train generator loss: 0.49194
2026-09-17 14:59:27,838 P2384 INFO Epoch 13/50, train discriminator loss: 5.60296
2026-09-17 14:59:28,008 P2384 INFO *** Test time is 0.1702713966369629
2026-09-17 14:59:28,008 P2384 INFO Epoch 13/50, test f1: 0.25641 rc: 0.18519 pc: 0.41667. [0.27s]
2026-09-17 14:59:28,008 P2384 INFO early stopping epoch 10/15
2026-09-17 14:59:28,131 P2384 INFO Epoch 14/50, train generator loss: 0.49308
2026-09-17 14:59:28,257 P2384 INFO Epoch 14/50, train discriminator loss: 5.63905
2026-09-17 14:59:28,482 P2384 INFO *** Test time is 0.22565984725952148
2026-09-17 14:59:28,482 P2384 INFO Epoch 14/50, test f1: 0.25641 rc: 0.18519 pc: 0.41667. [0.25s]
2026-09-17 14:59:28,482 P2384 INFO early stopping epoch 11/15
2026-09-17 14:59:28,663 P2384 INFO Epoch 15/50, train generator loss: 0.49170
2026-09-17 14:59:28,859 P2384 INFO Epoch 15/50, train discriminator loss: 5.66062
2026-09-17 14:59:29,087 P2384 INFO *** Test time is 0.22654438018798828
2026-09-17 14:59:29,087 P2384 INFO Epoch 15/50, test f1: 0.25641 rc: 0.18519 pc: 0.41667. [0.38s]
2026-09-17 14:59:29,087 P2384 INFO early stopping epoch 12/15
2026-09-17 14:59:29,253 P2384 INFO Epoch 16/50, train generator loss: 0.45300
2026-09-17 14:59:29,422 P2384 INFO Epoch 16/50, train discriminator loss: 5.68210
2026-09-17 14:59:29,654 P2384 INFO *** Test time is 0.23216676712036133
2026-09-17 14:59:29,654 P2384 INFO Epoch 16/50, test f1: 0.25641 rc: 0.18519 pc: 0.41667. [0.33s]
2026-09-17 14:59:29,654 P2384 INFO early stopping epoch 13/15
2026-09-17 14:59:29,829 P2384 INFO Epoch 17/50, train generator loss: 0.41364
2026-09-17 14:59:29,992 P2384 INFO Epoch 17/50, train discriminator loss: 5.67825
2026-09-17 14:59:30,206 P2384 INFO *** Test time is 0.21405863761901855
2026-09-17 14:59:30,206 P2384 INFO Epoch 17/50, test f1: 0.27027 rc: 0.18519 pc: 0.50000. [0.34s]
2026-09-17 14:59:30,206 P2384 INFO early stopping epoch 14/15
2026-09-17 14:59:30,410 P2384 INFO Epoch 18/50, train generator loss: 0.43159
2026-09-17 14:59:30,596 P2384 INFO Epoch 18/50, train discriminator loss: 5.62507
2026-09-17 14:59:30,804 P2384 INFO *** Test time is 0.2083885669708252
2026-09-17 14:59:30,804 P2384 INFO Epoch 18/50, test f1: 0.25641 rc: 0.18519 pc: 0.41667. [0.39s]
2026-09-17 14:59:30,804 P2384 INFO early stopping epoch 15/15
2026-09-17 14:59:30,804 P2384 INFO Early stopping
2026-09-17 14:59:30,953 P2384 INFO Threshold (p=95.0, src=val): 1.329910
2026-09-17 14:59:30,986 P2384 INFO *** Test F1 0.5581  of unsupervised traning
2026-09-17 14:59:30,986 P2384 INFO *** Best F1 {'f1': 0.723404255319149, 'rc': 0.6296296296296297, 'pc': 0.85, 'threshold': np.float64(1.3421427011489868)}  of unsupervised traning
2026-09-17 14:59:30,986 P2384 INFO Current hash id a971fed3
