2026-09-17 11:43:22,718 P29388 INFO ^^^^^^^^^^ Current Model:hades, 85d267a4 ^^^^^^^^^^
2026-09-17 11:43:22,718 P29388 INFO Load from D:\UAM-AD\data\sn
2026-09-17 11:43:22,945 P29388 INFO 375 unique log templates found.
2026-09-17 11:43:22,950 P29388 INFO Transforming unlabel train data.
2026-09-17 11:43:22,972 P29388 INFO Transforming test data.
2026-09-17 11:43:22,998 P29388 INFO 733 new templates show.
2026-09-17 11:43:23,030 P29388 INFO Transforming val data.
2026-09-17 11:43:23,030 P29388 INFO 77 new templates show.
2026-09-17 11:43:23,030 P29388 INFO Data loaded done!
2026-09-17 11:43:23,061 P29388 INFO Known word number: 375
2026-09-17 11:43:23,201 P29388 INFO Epoch 0/10, train generator loss: 1.28490
2026-09-17 11:43:23,277 P29388 INFO Epoch 0/10, train discriminator loss: 2.77145
2026-09-17 11:43:23,426 P29388 INFO *** Test time is 0.14890623092651367
2026-09-17 11:43:23,426 P29388 INFO Epoch 0/10, test f1: 0.76596 rc: 0.62069 pc: 1.00000. [0.18s]
2026-09-17 11:43:23,553 P29388 INFO Epoch 1/10, train generator loss: 1.27560
2026-09-17 11:43:23,611 P29388 INFO Epoch 1/10, train discriminator loss: 2.14373
2026-09-17 11:43:23,771 P29388 INFO *** Test time is 0.15961003303527832
2026-09-17 11:43:23,773 P29388 INFO Epoch 1/10, test f1: 0.76596 rc: 0.62069 pc: 1.00000. [0.17s]
2026-09-17 11:43:23,773 P29388 INFO early stopping epoch 1/5
2026-09-17 11:43:23,900 P29388 INFO Epoch 2/10, train generator loss: 1.21201
2026-09-17 11:43:23,998 P29388 INFO Epoch 2/10, train discriminator loss: 1.85844
2026-09-17 11:43:24,211 P29388 INFO *** Test time is 0.2138054370880127
2026-09-17 11:43:24,211 P29388 INFO Epoch 2/10, test f1: 0.76596 rc: 0.62069 pc: 1.00000. [0.22s]
2026-09-17 11:43:24,211 P29388 INFO early stopping epoch 2/5
2026-09-17 11:43:24,364 P29388 INFO Epoch 3/10, train generator loss: 1.21556
2026-09-17 11:43:24,465 P29388 INFO Epoch 3/10, train discriminator loss: 1.61348
2026-09-17 11:43:24,660 P29388 INFO *** Test time is 0.19496512413024902
2026-09-17 11:43:24,660 P29388 INFO Epoch 3/10, test f1: 0.76596 rc: 0.62069 pc: 1.00000. [0.25s]
2026-09-17 11:43:24,660 P29388 INFO early stopping epoch 3/5
2026-09-17 11:43:24,805 P29388 INFO Epoch 4/10, train generator loss: 1.23551
2026-09-17 11:43:24,939 P29388 INFO Epoch 4/10, train discriminator loss: 1.41431
2026-09-17 11:43:25,131 P29388 INFO *** Test time is 0.1880049705505371
2026-09-17 11:43:25,131 P29388 INFO Epoch 4/10, test f1: 0.76596 rc: 0.62069 pc: 1.00000. [0.28s]
2026-09-17 11:43:25,131 P29388 INFO early stopping epoch 4/5
2026-09-17 11:43:25,286 P29388 INFO Epoch 5/10, train generator loss: 1.27039
2026-09-17 11:43:25,400 P29388 INFO Epoch 5/10, train discriminator loss: 1.25358
2026-09-17 11:43:25,606 P29388 INFO *** Test time is 0.2063443660736084
2026-09-17 11:43:25,606 P29388 INFO Epoch 5/10, test f1: 0.76596 rc: 0.62069 pc: 1.00000. [0.27s]
2026-09-17 11:43:25,606 P29388 INFO early stopping epoch 5/5
2026-09-17 11:43:25,606 P29388 INFO Early stopping
2026-09-17 11:43:25,778 P29388 INFO Threshold (p=95.0, src=val): 1.397512
2026-09-17 11:43:25,815 P29388 INFO *** Test F1 0.8070  of unsupervised traning
2026-09-17 11:43:25,815 P29388 INFO *** Best F1 {'f1': 0.7659574468085106, 'rc': 0.6206896551724138, 'pc': 1.0, 'threshold': np.float64(1.7370560169219968)}  of unsupervised traning
2026-09-17 11:43:25,828 P29388 INFO Current hash id 85d267a4
