2026-09-17 11:44:57,728 P26940 INFO ^^^^^^^^^^ Current Model:hades, 314d5c9b ^^^^^^^^^^
2026-09-17 11:44:57,728 P26940 INFO Load from D:\UAM-AD\data\sn
2026-09-17 11:44:57,934 P26940 INFO 375 unique log templates found.
2026-09-17 11:44:57,934 P26940 INFO Transforming unlabel train data.
2026-09-17 11:44:57,966 P26940 INFO Transforming test data.
2026-09-17 11:44:57,997 P26940 INFO 733 new templates show.
2026-09-17 11:44:58,055 P26940 INFO Transforming val data.
2026-09-17 11:44:58,055 P26940 INFO 77 new templates show.
2026-09-17 11:44:58,055 P26940 INFO Data loaded done!
2026-09-17 11:44:58,093 P26940 INFO Known word number: 375
2026-09-17 11:44:58,239 P26940 INFO Epoch 0/10, train generator loss: 1.24746
2026-09-17 11:44:58,380 P26940 INFO Epoch 0/10, train discriminator loss: 2.87554
2026-09-17 11:44:58,527 P26940 INFO *** Test time is 0.14700555801391602
2026-09-17 11:44:58,527 P26940 INFO Epoch 0/10, test f1: 0.90196 rc: 0.82143 pc: 1.00000. [0.25s]
2026-09-17 11:44:58,641 P26940 INFO Epoch 1/10, train generator loss: 1.24663
2026-09-17 11:44:58,725 P26940 INFO Epoch 1/10, train discriminator loss: 2.24947
2026-09-17 11:44:58,875 P26940 INFO *** Test time is 0.15041661262512207
2026-09-17 11:44:58,875 P26940 INFO Epoch 1/10, test f1: 0.88000 rc: 0.78571 pc: 1.00000. [0.19s]
2026-09-17 11:44:58,875 P26940 INFO early stopping epoch 1/5
2026-09-17 11:44:58,980 P26940 INFO Epoch 2/10, train generator loss: 1.19302
2026-09-17 11:44:59,059 P26940 INFO Epoch 2/10, train discriminator loss: 1.93920
2026-09-17 11:44:59,202 P26940 INFO *** Test time is 0.14306092262268066
2026-09-17 11:44:59,202 P26940 INFO Epoch 2/10, test f1: 0.88000 rc: 0.78571 pc: 1.00000. [0.18s]
2026-09-17 11:44:59,202 P26940 INFO early stopping epoch 2/5
2026-09-17 11:44:59,318 P26940 INFO Epoch 3/10, train generator loss: 1.20322
2026-09-17 11:44:59,407 P26940 INFO Epoch 3/10, train discriminator loss: 1.65547
2026-09-17 11:44:59,565 P26940 INFO *** Test time is 0.15802693367004395
2026-09-17 11:44:59,565 P26940 INFO Epoch 3/10, test f1: 0.90196 rc: 0.82143 pc: 1.00000. [0.20s]
2026-09-17 11:44:59,565 P26940 INFO early stopping epoch 3/5
2026-09-17 11:44:59,670 P26940 INFO Epoch 4/10, train generator loss: 1.22581
2026-09-17 11:44:59,755 P26940 INFO Epoch 4/10, train discriminator loss: 1.42750
2026-09-17 11:44:59,914 P26940 INFO *** Test time is 0.15864992141723633
2026-09-17 11:44:59,914 P26940 INFO Epoch 4/10, test f1: 0.90196 rc: 0.82143 pc: 1.00000. [0.19s]
2026-09-17 11:44:59,914 P26940 INFO early stopping epoch 4/5
2026-09-17 11:45:00,040 P26940 INFO Epoch 5/10, train generator loss: 1.26191
2026-09-17 11:45:00,156 P26940 INFO Epoch 5/10, train discriminator loss: 1.25750
2026-09-17 11:45:00,371 P26940 INFO *** Test time is 0.2148139476776123
2026-09-17 11:45:00,371 P26940 INFO Epoch 5/10, test f1: 0.90196 rc: 0.82143 pc: 1.00000. [0.24s]
2026-09-17 11:45:00,371 P26940 INFO early stopping epoch 5/5
2026-09-17 11:45:00,371 P26940 INFO Early stopping
2026-09-17 11:45:00,572 P26940 INFO Threshold (p=95.0, src=val): 1.409400
2026-09-17 11:45:00,616 P26940 INFO *** Test F1 0.8615  of unsupervised traning
2026-09-17 11:45:00,616 P26940 INFO *** Best F1 {'f1': 0.9019607843137255, 'rc': 0.8214285714285714, 'pc': 1.0, 'threshold': np.float64(1.561653699874878)}  of unsupervised traning
2026-09-17 11:45:00,618 P26940 INFO Current hash id 314d5c9b
