2026-09-17 11:43:20,108 P29388 INFO ^^^^^^^^^^ Current Model:hades, 17460cf4 ^^^^^^^^^^
2026-09-17 11:43:20,108 P29388 INFO Load from D:\UAM-AD\data\sn
2026-09-17 11:43:20,309 P29388 INFO 375 unique log templates found.
2026-09-17 11:43:20,325 P29388 INFO Transforming unlabel train data.
2026-09-17 11:43:20,341 P29388 INFO Transforming test data.
2026-09-17 11:43:20,372 P29388 INFO 733 new templates show.
2026-09-17 11:43:20,411 P29388 INFO Transforming val data.
2026-09-17 11:43:20,411 P29388 INFO 77 new templates show.
2026-09-17 11:43:20,413 P29388 INFO Data loaded done!
2026-09-17 11:43:20,452 P29388 INFO Known word number: 375
2026-09-17 11:43:20,649 P29388 INFO Epoch 0/10, train generator loss: 1.19914
2026-09-17 11:43:20,728 P29388 INFO Epoch 0/10, train discriminator loss: 2.52250
2026-09-17 11:43:20,872 P29388 INFO *** Test time is 0.14429593086242676
2026-09-17 11:43:20,872 P29388 INFO Epoch 0/10, test f1: 0.76596 rc: 0.62069 pc: 1.00000. [0.22s]
2026-09-17 11:43:20,972 P29388 INFO Epoch 1/10, train generator loss: 1.20072
2026-09-17 11:43:21,041 P29388 INFO Epoch 1/10, train discriminator loss: 1.92891
2026-09-17 11:43:21,204 P29388 INFO *** Test time is 0.16228675842285156
2026-09-17 11:43:21,204 P29388 INFO Epoch 1/10, test f1: 0.76596 rc: 0.62069 pc: 1.00000. [0.16s]
2026-09-17 11:43:21,204 P29388 INFO early stopping epoch 1/5
2026-09-17 11:43:21,318 P29388 INFO Epoch 2/10, train generator loss: 1.18375
2026-09-17 11:43:21,398 P29388 INFO Epoch 2/10, train discriminator loss: 1.55783
2026-09-17 11:43:21,541 P29388 INFO *** Test time is 0.14267921447753906
2026-09-17 11:43:21,541 P29388 INFO Epoch 2/10, test f1: 0.76596 rc: 0.62069 pc: 1.00000. [0.19s]
2026-09-17 11:43:21,541 P29388 INFO early stopping epoch 2/5
2026-09-17 11:43:21,646 P29388 INFO Epoch 3/10, train generator loss: 1.19276
2026-09-17 11:43:21,717 P29388 INFO Epoch 3/10, train discriminator loss: 1.34199
2026-09-17 11:43:21,873 P29388 INFO *** Test time is 0.15534591674804688
2026-09-17 11:43:21,873 P29388 INFO Epoch 3/10, test f1: 0.76596 rc: 0.62069 pc: 1.00000. [0.18s]
2026-09-17 11:43:21,873 P29388 INFO early stopping epoch 3/5
2026-09-17 11:43:21,979 P29388 INFO Epoch 4/10, train generator loss: 1.21334
2026-09-17 11:43:22,065 P29388 INFO Epoch 4/10, train discriminator loss: 1.18208
2026-09-17 11:43:22,207 P29388 INFO *** Test time is 0.14214563369750977
2026-09-17 11:43:22,207 P29388 INFO Epoch 4/10, test f1: 0.76596 rc: 0.62069 pc: 1.00000. [0.19s]
2026-09-17 11:43:22,207 P29388 INFO early stopping epoch 4/5
2026-09-17 11:43:22,301 P29388 INFO Epoch 5/10, train generator loss: 1.24215
2026-09-17 11:43:22,397 P29388 INFO Epoch 5/10, train discriminator loss: 1.10007
2026-09-17 11:43:22,555 P29388 INFO *** Test time is 0.15809869766235352
2026-09-17 11:43:22,555 P29388 INFO Epoch 5/10, test f1: 0.76596 rc: 0.62069 pc: 1.00000. [0.19s]
2026-09-17 11:43:22,555 P29388 INFO early stopping epoch 5/5
2026-09-17 11:43:22,555 P29388 INFO Early stopping
2026-09-17 11:43:22,646 P29388 INFO Threshold (p=95.0, src=val): 1.354670
2026-09-17 11:43:22,686 P29388 INFO *** Test F1 0.7213  of unsupervised traning
2026-09-17 11:43:22,687 P29388 INFO *** Best F1 {'f1': 0.7659574468085106, 'rc': 0.6206896551724138, 'pc': 1.0, 'threshold': np.float64(1.7367206573486325)}  of unsupervised traning
2026-09-17 11:43:22,690 P29388 INFO Current hash id 17460cf4
