2026-09-26 13:56:24,530 P2632 INFO ^^^^^^^^^^ Current Model:hades, d9c8831b ^^^^^^^^^^
2026-09-26 13:56:24,530 P2632 INFO Load from D:/UAM-AD/data/deeptralog
2026-09-26 13:56:28,194 P2632 INFO 642 unique log templates found.
2026-09-26 13:56:28,194 P2632 INFO Transforming unlabel train data.
2026-09-26 13:56:28,511 P2632 INFO Transforming test data.
2026-09-26 13:56:28,634 P2632 INFO 572 new templates show.
2026-09-26 13:56:29,443 P2632 INFO Transforming val data.
2026-09-26 13:56:29,459 P2632 INFO 53 new templates show.
2026-09-26 13:56:29,682 P2632 INFO Data loaded done!
2026-09-26 14:01:05,685 P2632 INFO Known word number: 642
2026-09-26 14:01:17,762 P2632 INFO Epoch 0/10, train generator loss: 0.20934
2026-09-26 14:01:28,135 P2632 INFO Epoch 0/10, train discriminator loss: 4.57244
2026-09-26 14:01:29,332 P2632 INFO Epoch 0/10, val score: 0.16643. [19.89s]
2026-09-26 14:01:39,401 P2632 INFO Epoch 1/10, train generator loss: 0.16520
2026-09-26 14:01:49,404 P2632 INFO Epoch 1/10, train discriminator loss: 6.92245
2026-09-26 14:01:50,585 P2632 INFO Epoch 1/10, val score: 0.15505. [20.03s]
2026-09-26 14:02:00,510 P2632 INFO Epoch 2/10, train generator loss: 0.14935
2026-09-26 14:02:10,699 P2632 INFO Epoch 2/10, train discriminator loss: 5.07699
2026-09-26 14:02:11,849 P2632 INFO Epoch 2/10, val score: 0.13505. [20.09s]
2026-09-26 14:02:21,873 P2632 INFO Epoch 3/10, train generator loss: 0.13500
2026-09-26 14:02:32,011 P2632 INFO Epoch 3/10, train discriminator loss: 4.48285
2026-09-26 14:02:33,210 P2632 INFO Epoch 3/10, val score: 0.12298. [20.13s]
2026-09-26 14:02:43,050 P2632 INFO Epoch 4/10, train generator loss: 0.12484
2026-09-26 14:02:53,268 P2632 INFO Epoch 4/10, train discriminator loss: 4.05568
2026-09-26 14:02:54,463 P2632 INFO Epoch 4/10, val score: 0.11186. [20.03s]
2026-09-26 14:03:04,210 P2632 INFO Epoch 5/10, train generator loss: 0.11219
2026-09-26 14:03:14,156 P2632 INFO Epoch 5/10, train discriminator loss: 3.46341
2026-09-26 14:03:15,298 P2632 INFO Epoch 5/10, val score: 0.09881. [19.66s]
2026-09-26 14:03:25,098 P2632 INFO Epoch 6/10, train generator loss: 0.11659
2026-09-26 14:03:35,215 P2632 INFO Epoch 6/10, train discriminator loss: 2.83633
2026-09-26 14:03:36,404 P2632 INFO Epoch 6/10, val score: 0.09467. [19.88s]
2026-09-26 14:03:46,202 P2632 INFO Epoch 7/10, train generator loss: 0.09641
2026-09-26 14:03:56,854 P2632 INFO Epoch 7/10, train discriminator loss: 2.64551
2026-09-26 14:03:58,166 P2632 INFO Epoch 7/10, val score: 0.09661. [20.42s]
2026-09-26 14:03:58,166 P2632 INFO early stopping epoch 1/5
2026-09-26 14:04:08,821 P2632 INFO Epoch 8/10, train generator loss: 0.07959
2026-09-26 14:04:19,851 P2632 INFO Epoch 8/10, train discriminator loss: 2.46312
2026-09-26 14:04:21,153 P2632 INFO Epoch 8/10, val score: 0.09093. [21.68s]
2026-09-26 14:04:31,867 P2632 INFO Epoch 9/10, train generator loss: 0.07120
2026-09-26 14:04:42,873 P2632 INFO Epoch 9/10, train discriminator loss: 2.46756
2026-09-26 14:04:44,150 P2632 INFO Epoch 9/10, val score: 0.08658. [21.68s]
2026-09-26 14:04:45,607 P2632 INFO Threshold (p=95.0, src=val, n=7475): 0.368952
2026-09-26 14:04:48,759 P2632 INFO Saved trace_scores.npz -> D:/ClaudeWork/e2/res_A_F01_s1\d9c8831b\trace_scores.npz
2026-09-26 14:04:53,265 P2632 INFO *** Oracle F1 0.6782 (test-swept threshold, point_adjust)
2026-09-26 14:04:56,992 P2632 INFO Dumped score components -> D:/ClaudeWork/e2/comp_A_F01_s1.npz
2026-09-26 14:04:56,992 P2632 INFO *** (reference) raw fusion_loss sum: F1 0.2024 P 0.3268 R 0.1466 AUROC 0.8949 AUPRC 0.4158
2026-09-26 14:05:00,951 P2632 INFO *** Test F1 0.7682 P 0.7128 R 0.8329 AUROC 0.9397 AUPRC 0.8332 (norm_sum, val threshold; terms=['log_kpi_loss', 'trace_dis'], val-median={'log_kpi_loss': 0.025, 'trace_dis': 0.9258}, val-p95.0-minus-median={'log_kpi_loss': 0.3331, 'trace_dis': 0.0124})
2026-09-26 14:05:00,979 P2632 INFO Current hash id d9c8831b
