2026-09-17 11:40:44,798 P4504 INFO ^^^^^^^^^^ Current Model:hades, 5d204181 ^^^^^^^^^^
2026-09-17 11:40:44,798 P4504 INFO Load from D:\UAM-AD\data\sn
2026-09-17 11:40:45,068 P4504 INFO 375 unique log templates found.
2026-09-17 11:40:45,082 P4504 INFO Transforming unlabel train data.
2026-09-17 11:40:45,100 P4504 INFO Transforming test data.
2026-09-17 11:40:45,133 P4504 INFO 738 new templates show.
2026-09-17 11:40:45,165 P4504 INFO Transforming val data.
2026-09-17 11:40:45,166 P4504 INFO 77 new templates show.
2026-09-17 11:40:45,166 P4504 INFO Data loaded done!
2026-09-17 11:40:45,200 P4504 INFO Known word number: 375
2026-09-17 11:40:48,033 P4504 INFO Epoch 0/10, train generator loss: 1.25000
2026-09-17 11:40:48,129 P4504 INFO Epoch 0/10, train discriminator loss: 2.79124
2026-09-17 11:40:48,298 P4504 INFO *** Test time is 0.16713905334472656
2026-09-17 11:40:48,298 P4504 INFO Epoch 0/10, test f1: 0.82857 rc: 0.70732 pc: 1.00000. [0.68s]
2026-09-17 11:40:48,442 P4504 INFO Epoch 1/10, train generator loss: 1.19494
2026-09-17 11:40:48,552 P4504 INFO Epoch 1/10, train discriminator loss: 2.25022
2026-09-17 11:40:48,726 P4504 INFO *** Test time is 0.17323017120361328
2026-09-17 11:40:48,726 P4504 INFO Epoch 1/10, test f1: 0.82857 rc: 0.70732 pc: 1.00000. [0.24s]
2026-09-17 11:40:48,726 P4504 INFO early stopping epoch 1/5
2026-09-17 11:40:48,856 P4504 INFO Epoch 2/10, train generator loss: 1.22528
2026-09-17 11:40:48,956 P4504 INFO Epoch 2/10, train discriminator loss: 1.86485
2026-09-17 11:40:49,134 P4504 INFO *** Test time is 0.17788934707641602
2026-09-17 11:40:49,134 P4504 INFO Epoch 2/10, test f1: 0.82857 rc: 0.70732 pc: 1.00000. [0.23s]
2026-09-17 11:40:49,134 P4504 INFO early stopping epoch 2/5
2026-09-17 11:40:49,263 P4504 INFO Epoch 3/10, train generator loss: 1.28626
2026-09-17 11:40:49,363 P4504 INFO Epoch 3/10, train discriminator loss: 1.56621
2026-09-17 11:40:49,537 P4504 INFO *** Test time is 0.17362380027770996
2026-09-17 11:40:49,539 P4504 INFO Epoch 3/10, test f1: 0.82857 rc: 0.70732 pc: 1.00000. [0.23s]
2026-09-17 11:40:49,539 P4504 INFO early stopping epoch 3/5
2026-09-17 11:40:49,652 P4504 INFO Epoch 4/10, train generator loss: 1.37325
2026-09-17 11:40:49,735 P4504 INFO Epoch 4/10, train discriminator loss: 1.34411
2026-09-17 11:40:49,935 P4504 INFO *** Test time is 0.1995086669921875
2026-09-17 11:40:49,935 P4504 INFO Epoch 4/10, test f1: 0.82857 rc: 0.70732 pc: 1.00000. [0.20s]
2026-09-17 11:40:49,935 P4504 INFO early stopping epoch 4/5
2026-09-17 11:40:50,068 P4504 INFO Epoch 5/10, train generator loss: 1.47990
2026-09-17 11:40:50,173 P4504 INFO Epoch 5/10, train discriminator loss: 1.17952
2026-09-17 11:40:50,365 P4504 INFO *** Test time is 0.1895608901977539
2026-09-17 11:40:50,365 P4504 INFO Epoch 5/10, test f1: 0.82857 rc: 0.70732 pc: 1.00000. [0.24s]
2026-09-17 11:40:50,365 P4504 INFO early stopping epoch 5/5
2026-09-17 11:40:50,365 P4504 INFO Early stopping
2026-09-17 11:40:50,457 P4504 INFO Threshold (p=95.0, src=val): 1.397919
2026-09-17 11:40:50,489 P4504 INFO *** Test F1 0.8434  of unsupervised traning
2026-09-17 11:40:50,489 P4504 INFO *** Best F1 {'f1': 0.8285714285714286, 'rc': 0.7073170731707317, 'pc': 1.0, 'threshold': np.float64(1.8226671051979064)}  of unsupervised traning
2026-09-17 11:40:50,489 P4504 INFO Current hash id 5d204181
