2026-09-17 14:56:32,635 P6416 INFO ^^^^^^^^^^ Current Model:hades, a4f57846 ^^^^^^^^^^
2026-09-17 14:56:32,635 P6416 INFO Load from D:\UAM-AD\data\sn
2026-09-17 14:56:32,947 P6416 INFO 375 unique log templates found.
2026-09-17 14:56:32,957 P6416 INFO Transforming unlabel train data.
2026-09-17 14:56:32,989 P6416 INFO Transforming test data.
2026-09-17 14:56:33,021 P6416 INFO 729 new templates show.
2026-09-17 14:56:33,058 P6416 INFO Transforming val data.
2026-09-17 14:56:33,060 P6416 INFO 77 new templates show.
2026-09-17 14:56:33,064 P6416 INFO Data loaded done!
2026-09-17 14:56:33,099 P6416 INFO Known word number: 375
2026-09-17 14:56:33,344 P6416 INFO Epoch 0/50, train generator loss: 1.59903
2026-09-17 14:56:33,490 P6416 INFO Epoch 0/50, train discriminator loss: 5.59315
2026-09-17 14:56:33,715 P6416 INFO *** Test time is 0.2225816249847412
2026-09-17 14:56:33,715 P6416 INFO Epoch 0/50, test f1: 0.76596 rc: 0.66667 pc: 0.90000. [0.34s]
2026-09-17 14:56:33,895 P6416 INFO Epoch 1/50, train generator loss: 1.39197
2026-09-17 14:56:34,063 P6416 INFO Epoch 1/50, train discriminator loss: 5.14362
2026-09-17 14:56:34,270 P6416 INFO *** Test time is 0.20680809020996094
2026-09-17 14:56:34,270 P6416 INFO Epoch 1/50, test f1: 0.80851 rc: 0.70370 pc: 0.95000. [0.33s]
2026-09-17 14:56:34,489 P6416 INFO Epoch 2/50, train generator loss: 1.31944
2026-09-17 14:56:34,644 P6416 INFO Epoch 2/50, train discriminator loss: 5.08269
2026-09-17 14:56:34,869 P6416 INFO *** Test time is 0.2250809669494629
2026-09-17 14:56:34,869 P6416 INFO Epoch 2/50, test f1: 0.80851 rc: 0.70370 pc: 0.95000. [0.36s]
2026-09-17 14:56:34,869 P6416 INFO early stopping epoch 1/15
2026-09-17 14:56:35,080 P6416 INFO Epoch 3/50, train generator loss: 1.17923
2026-09-17 14:56:35,248 P6416 INFO Epoch 3/50, train discriminator loss: 5.70167
2026-09-17 14:56:35,454 P6416 INFO *** Test time is 0.20659923553466797
2026-09-17 14:56:35,454 P6416 INFO Epoch 3/50, test f1: 0.80851 rc: 0.70370 pc: 0.95000. [0.38s]
2026-09-17 14:56:35,454 P6416 INFO early stopping epoch 2/15
2026-09-17 14:56:35,663 P6416 INFO Epoch 4/50, train generator loss: 1.02389
2026-09-17 14:56:35,800 P6416 INFO Epoch 4/50, train discriminator loss: 6.87518
2026-09-17 14:56:35,945 P6416 INFO *** Test time is 0.14467787742614746
2026-09-17 14:56:35,945 P6416 INFO Epoch 4/50, test f1: 0.60465 rc: 0.48148 pc: 0.81250. [0.35s]
2026-09-17 14:56:35,945 P6416 INFO early stopping epoch 3/15
2026-09-17 14:56:36,073 P6416 INFO Epoch 5/50, train generator loss: 0.81744
2026-09-17 14:56:36,170 P6416 INFO Epoch 5/50, train discriminator loss: 7.96702
2026-09-17 14:56:36,308 P6416 INFO *** Test time is 0.13881564140319824
2026-09-17 14:56:36,308 P6416 INFO Epoch 5/50, test f1: 0.44444 rc: 0.37037 pc: 0.55556. [0.22s]
2026-09-17 14:56:36,308 P6416 INFO early stopping epoch 4/15
2026-09-17 14:56:36,435 P6416 INFO Epoch 6/50, train generator loss: 0.63662
2026-09-17 14:56:36,562 P6416 INFO Epoch 6/50, train discriminator loss: 8.21532
2026-09-17 14:56:36,703 P6416 INFO *** Test time is 0.1415567398071289
2026-09-17 14:56:36,703 P6416 INFO Epoch 6/50, test f1: 0.34146 rc: 0.25926 pc: 0.50000. [0.25s]
2026-09-17 14:56:36,703 P6416 INFO early stopping epoch 5/15
2026-09-17 14:56:36,814 P6416 INFO Epoch 7/50, train generator loss: 0.66769
2026-09-17 14:56:36,930 P6416 INFO Epoch 7/50, train discriminator loss: 7.10121
2026-09-17 14:56:37,099 P6416 INFO *** Test time is 0.1683495044708252
2026-09-17 14:56:37,099 P6416 INFO Epoch 7/50, test f1: 0.34146 rc: 0.25926 pc: 0.50000. [0.23s]
2026-09-17 14:56:37,099 P6416 INFO early stopping epoch 6/15
2026-09-17 14:56:37,215 P6416 INFO Epoch 8/50, train generator loss: 0.62086
2026-09-17 14:56:37,319 P6416 INFO Epoch 8/50, train discriminator loss: 6.02629
2026-09-17 14:56:37,461 P6416 INFO *** Test time is 0.1421515941619873
2026-09-17 14:56:37,461 P6416 INFO Epoch 8/50, test f1: 0.34146 rc: 0.25926 pc: 0.50000. [0.22s]
2026-09-17 14:56:37,461 P6416 INFO early stopping epoch 7/15
2026-09-17 14:56:37,575 P6416 INFO Epoch 9/50, train generator loss: 0.50685
2026-09-17 14:56:37,682 P6416 INFO Epoch 9/50, train discriminator loss: 5.51337
2026-09-17 14:56:37,825 P6416 INFO *** Test time is 0.14206457138061523
2026-09-17 14:56:37,825 P6416 INFO Epoch 9/50, test f1: 0.35897 rc: 0.25926 pc: 0.58333. [0.22s]
2026-09-17 14:56:37,825 P6416 INFO early stopping epoch 8/15
2026-09-17 14:56:37,959 P6416 INFO Epoch 10/50, train generator loss: 0.50340
2026-09-17 14:56:38,052 P6416 INFO Epoch 10/50, train discriminator loss: 5.45439
2026-09-17 14:56:38,227 P6416 INFO *** Test time is 0.17481446266174316
2026-09-17 14:56:38,227 P6416 INFO Epoch 10/50, test f1: 0.45455 rc: 0.37037 pc: 0.58824. [0.23s]
2026-09-17 14:56:38,227 P6416 INFO early stopping epoch 9/15
2026-09-17 14:56:38,349 P6416 INFO Epoch 11/50, train generator loss: 0.51845
2026-09-17 14:56:38,445 P6416 INFO Epoch 11/50, train discriminator loss: 5.51919
2026-09-17 14:56:38,573 P6416 INFO *** Test time is 0.12794017791748047
2026-09-17 14:56:38,573 P6416 INFO Epoch 11/50, test f1: 0.35897 rc: 0.25926 pc: 0.58333. [0.22s]
2026-09-17 14:56:38,573 P6416 INFO early stopping epoch 10/15
2026-09-17 14:56:38,705 P6416 INFO Epoch 12/50, train generator loss: 0.49113
2026-09-17 14:56:38,847 P6416 INFO Epoch 12/50, train discriminator loss: 5.58435
2026-09-17 14:56:39,014 P6416 INFO *** Test time is 0.16695857048034668
2026-09-17 14:56:39,014 P6416 INFO Epoch 12/50, test f1: 0.34146 rc: 0.25926 pc: 0.50000. [0.27s]
2026-09-17 14:56:39,014 P6416 INFO early stopping epoch 11/15
2026-09-17 14:56:39,163 P6416 INFO Epoch 13/50, train generator loss: 0.49092
2026-09-17 14:56:39,287 P6416 INFO Epoch 13/50, train discriminator loss: 5.61595
2026-09-17 14:56:39,525 P6416 INFO *** Test time is 0.23753738403320312
2026-09-17 14:56:39,525 P6416 INFO Epoch 13/50, test f1: 0.34146 rc: 0.25926 pc: 0.50000. [0.27s]
2026-09-17 14:56:39,525 P6416 INFO early stopping epoch 12/15
2026-09-17 14:56:39,670 P6416 INFO Epoch 14/50, train generator loss: 0.49726
2026-09-17 14:56:39,843 P6416 INFO Epoch 14/50, train discriminator loss: 5.63923
2026-09-17 14:56:40,083 P6416 INFO *** Test time is 0.24077486991882324
2026-09-17 14:56:40,083 P6416 INFO Epoch 14/50, test f1: 0.34146 rc: 0.25926 pc: 0.50000. [0.32s]
2026-09-17 14:56:40,083 P6416 INFO early stopping epoch 13/15
2026-09-17 14:56:40,265 P6416 INFO Epoch 15/50, train generator loss: 0.46789
2026-09-17 14:56:40,428 P6416 INFO Epoch 15/50, train discriminator loss: 5.65949
2026-09-17 14:56:40,638 P6416 INFO *** Test time is 0.20998287200927734
2026-09-17 14:56:40,638 P6416 INFO Epoch 15/50, test f1: 0.35000 rc: 0.25926 pc: 0.53846. [0.34s]
2026-09-17 14:56:40,638 P6416 INFO early stopping epoch 14/15
2026-09-17 14:56:40,786 P6416 INFO Epoch 16/50, train generator loss: 0.43017
2026-09-17 14:56:40,941 P6416 INFO Epoch 16/50, train discriminator loss: 5.66094
2026-09-17 14:56:41,150 P6416 INFO *** Test time is 0.20801162719726562
2026-09-17 14:56:41,153 P6416 INFO Epoch 16/50, test f1: 0.35897 rc: 0.25926 pc: 0.58333. [0.30s]
2026-09-17 14:56:41,153 P6416 INFO early stopping epoch 15/15
2026-09-17 14:56:41,153 P6416 INFO Early stopping
2026-09-17 14:56:41,344 P6416 INFO Threshold (p=95.0, src=val): 1.618703
2026-09-17 14:56:41,406 P6416 INFO *** Test F1 0.9153  of unsupervised traning
2026-09-17 14:56:41,406 P6416 INFO *** Best F1 {'f1': 0.8085106382978723, 'rc': 0.7037037037037037, 'pc': 0.95, 'threshold': np.float64(1.7857965421676636)}  of unsupervised traning
2026-09-17 14:56:41,406 P6416 INFO Current hash id a4f57846
