2026-05-01 18:02:18,533 P21660 INFO ^^^^^^^^^^ Current Model:hades, 2f3055a2 ^^^^^^^^^^
2026-05-01 18:02:18,533 P21660 INFO Load from D:\UAM-AD\data\rcaeval_re3_ob
2026-05-01 18:02:22,985 P21660 INFO 301 unique log templates found.
2026-05-01 18:02:23,000 P21660 INFO Transforming unlabel train data.
2026-05-01 18:02:23,642 P21660 INFO Transforming test data.
2026-05-01 18:02:23,769 P21660 INFO 18 new templates show.
2026-05-01 18:02:24,838 P21660 INFO Data loaded done!
2026-05-01 18:02:52,192 P21660 INFO Known word number: 301
2026-05-01 18:03:51,603 P21660 INFO Epoch 0/5, train generator loss: 0.19070
2026-05-01 18:05:07,081 P21660 INFO Epoch 0/5, train discriminator loss: 0.19379
2026-05-01 18:05:10,175 P21660 INFO *** Test time is 3.093919038772583
2026-05-01 18:05:10,175 P21660 INFO Epoch 0/5, test f1: 0.91841 rc: 0.91501 pc: 0.92184. [130.29s]
2026-05-01 18:06:17,099 P21660 INFO Epoch 1/5, train generator loss: 0.12582
2026-05-01 18:07:37,902 P21660 INFO Epoch 1/5, train discriminator loss: 0.21018
2026-05-01 18:07:41,048 P21660 INFO *** Test time is 3.1406586170196533
2026-05-01 18:07:41,048 P21660 INFO Epoch 1/5, test f1: 0.92315 rc: 0.91941 pc: 0.92692. [147.69s]
2026-05-01 18:09:06,909 P21660 INFO Epoch 2/5, train generator loss: 0.14471
2026-05-01 18:10:27,764 P21660 INFO Epoch 2/5, train discriminator loss: 0.37816
2026-05-01 18:10:30,766 P21660 INFO *** Test time is 3.0019161701202393
2026-05-01 18:10:30,766 P21660 INFO Epoch 2/5, test f1: 0.91777 rc: 0.91501 pc: 0.92055. [166.68s]
2026-05-01 18:10:30,766 P21660 INFO early stopping epoch 1/3
2026-05-01 18:11:57,680 P21660 INFO Epoch 3/5, train generator loss: 0.14645
2026-05-01 18:13:04,280 P21660 INFO Epoch 3/5, train discriminator loss: 0.48977
2026-05-01 18:13:07,639 P21660 INFO *** Test time is 3.351294755935669
2026-05-01 18:13:07,639 P21660 INFO Epoch 3/5, test f1: 0.91474 rc: 0.91315 pc: 0.91634. [153.52s]
2026-05-01 18:13:07,639 P21660 INFO early stopping epoch 2/3
2026-05-01 18:14:17,055 P21660 INFO Epoch 4/5, train generator loss: 0.15548
2026-05-01 18:15:40,986 P21660 INFO Epoch 4/5, train discriminator loss: 0.84079
2026-05-01 18:15:44,011 P21660 INFO *** Test time is 3.0097012519836426
2026-05-01 18:15:44,011 P21660 INFO Epoch 4/5, test f1: 0.91223 rc: 0.91107 pc: 0.91340. [153.35s]
2026-05-01 18:15:44,011 P21660 INFO early stopping epoch 3/3
2026-05-01 18:15:44,011 P21660 INFO Early stopping
2026-05-01 18:16:32,702 P21660 INFO Threshold (p=95.0, src=unlabel(fallback)): 0.200085
2026-05-01 18:16:35,164 P21660 INFO *** Test F1 0.8856  of unsupervised traning
2026-05-01 18:16:35,164 P21660 INFO *** Best F1 {'f1': 0.9231484711080107, 'rc': 0.9194071329319129, 'pc': 0.9269203829091758}  of unsupervised traning
2026-05-01 18:16:35,366 P21660 INFO Current hash id 2f3055a2
