2026-09-17 15:01:50,732 P14664 INFO ^^^^^^^^^^ Current Model:hades, e15741cc ^^^^^^^^^^
2026-09-17 15:01:50,732 P14664 INFO Load from D:\UAM-AD\data\sn
2026-09-17 15:01:51,033 P14664 INFO 375 unique log templates found.
2026-09-17 15:01:51,033 P14664 INFO Transforming unlabel train data.
2026-09-17 15:01:51,108 P14664 INFO Transforming test data.
2026-09-17 15:01:51,143 P14664 INFO 733 new templates show.
2026-09-17 15:01:51,197 P14664 INFO Transforming val data.
2026-09-17 15:01:51,197 P14664 INFO 77 new templates show.
2026-09-17 15:01:51,207 P14664 INFO Data loaded done!
2026-09-17 15:01:51,265 P14664 INFO Known word number: 375
2026-09-17 15:01:51,493 P14664 INFO Epoch 0/50, train generator loss: 1.58048
2026-09-17 15:01:51,630 P14664 INFO Epoch 0/50, train discriminator loss: 5.25192
2026-09-17 15:01:51,776 P14664 INFO *** Test time is 0.14610886573791504
2026-09-17 15:01:51,776 P14664 INFO Epoch 0/50, test f1: 0.88000 rc: 0.78571 pc: 1.00000. [0.30s]
2026-09-17 15:01:51,903 P14664 INFO Epoch 1/50, train generator loss: 1.39733
2026-09-17 15:01:51,997 P14664 INFO Epoch 1/50, train discriminator loss: 4.77668
2026-09-17 15:01:52,140 P14664 INFO *** Test time is 0.14288043975830078
2026-09-17 15:01:52,140 P14664 INFO Epoch 1/50, test f1: 0.88000 rc: 0.78571 pc: 1.00000. [0.21s]
2026-09-17 15:01:52,140 P14664 INFO early stopping epoch 1/15
2026-09-17 15:01:52,290 P14664 INFO Epoch 2/50, train generator loss: 1.32434
2026-09-17 15:01:52,408 P14664 INFO Epoch 2/50, train discriminator loss: 4.75232
2026-09-17 15:01:52,551 P14664 INFO *** Test time is 0.14233613014221191
2026-09-17 15:01:52,551 P14664 INFO Epoch 2/50, test f1: 0.88000 rc: 0.78571 pc: 1.00000. [0.27s]
2026-09-17 15:01:52,551 P14664 INFO early stopping epoch 2/15
2026-09-17 15:01:52,683 P14664 INFO Epoch 3/50, train generator loss: 1.23642
2026-09-17 15:01:52,778 P14664 INFO Epoch 3/50, train discriminator loss: 5.34048
2026-09-17 15:01:52,918 P14664 INFO *** Test time is 0.13997316360473633
2026-09-17 15:01:52,918 P14664 INFO Epoch 3/50, test f1: 0.88000 rc: 0.78571 pc: 1.00000. [0.23s]
2026-09-17 15:01:52,918 P14664 INFO early stopping epoch 3/15
2026-09-17 15:01:53,040 P14664 INFO Epoch 4/50, train generator loss: 1.11429
2026-09-17 15:01:53,147 P14664 INFO Epoch 4/50, train discriminator loss: 6.69600
2026-09-17 15:01:53,316 P14664 INFO *** Test time is 0.16900086402893066
2026-09-17 15:01:53,316 P14664 INFO Epoch 4/50, test f1: 0.85714 rc: 0.75000 pc: 1.00000. [0.23s]
2026-09-17 15:01:53,316 P14664 INFO early stopping epoch 4/15
2026-09-17 15:01:53,473 P14664 INFO Epoch 5/50, train generator loss: 0.97249
2026-09-17 15:01:53,574 P14664 INFO Epoch 5/50, train discriminator loss: 8.07217
2026-09-17 15:01:53,721 P14664 INFO *** Test time is 0.14667296409606934
2026-09-17 15:01:53,721 P14664 INFO Epoch 5/50, test f1: 0.48889 rc: 0.39286 pc: 0.64706. [0.26s]
2026-09-17 15:01:53,721 P14664 INFO early stopping epoch 5/15
2026-09-17 15:01:53,849 P14664 INFO Epoch 6/50, train generator loss: 0.81148
2026-09-17 15:01:53,959 P14664 INFO Epoch 6/50, train discriminator loss: 8.82209
2026-09-17 15:01:54,117 P14664 INFO *** Test time is 0.1561117172241211
2026-09-17 15:01:54,117 P14664 INFO Epoch 6/50, test f1: 0.51064 rc: 0.42857 pc: 0.63158. [0.24s]
2026-09-17 15:01:54,117 P14664 INFO early stopping epoch 6/15
2026-09-17 15:01:54,251 P14664 INFO Epoch 7/50, train generator loss: 0.65792
2026-09-17 15:01:54,358 P14664 INFO Epoch 7/50, train discriminator loss: 8.63985
2026-09-17 15:01:54,513 P14664 INFO *** Test time is 0.15564990043640137
2026-09-17 15:01:54,513 P14664 INFO Epoch 7/50, test f1: 0.47826 rc: 0.39286 pc: 0.61111. [0.24s]
2026-09-17 15:01:54,513 P14664 INFO early stopping epoch 7/15
2026-09-17 15:01:54,608 P14664 INFO Epoch 8/50, train generator loss: 0.68240
2026-09-17 15:01:54,723 P14664 INFO Epoch 8/50, train discriminator loss: 7.11591
2026-09-17 15:01:54,861 P14664 INFO *** Test time is 0.13886094093322754
2026-09-17 15:01:54,861 P14664 INFO Epoch 8/50, test f1: 0.47826 rc: 0.39286 pc: 0.61111. [0.21s]
2026-09-17 15:01:54,861 P14664 INFO early stopping epoch 8/15
2026-09-17 15:01:54,959 P14664 INFO Epoch 9/50, train generator loss: 0.59270
2026-09-17 15:01:55,052 P14664 INFO Epoch 9/50, train discriminator loss: 5.91863
2026-09-17 15:01:55,210 P14664 INFO *** Test time is 0.15781402587890625
2026-09-17 15:01:55,210 P14664 INFO Epoch 9/50, test f1: 0.47826 rc: 0.39286 pc: 0.61111. [0.19s]
2026-09-17 15:01:55,210 P14664 INFO early stopping epoch 9/15
2026-09-17 15:01:55,342 P14664 INFO Epoch 10/50, train generator loss: 0.47503
2026-09-17 15:01:55,430 P14664 INFO Epoch 10/50, train discriminator loss: 5.44985
2026-09-17 15:01:55,655 P14664 INFO *** Test time is 0.22472739219665527
2026-09-17 15:01:55,655 P14664 INFO Epoch 10/50, test f1: 0.51064 rc: 0.42857 pc: 0.63158. [0.22s]
2026-09-17 15:01:55,655 P14664 INFO early stopping epoch 10/15
2026-09-17 15:01:55,834 P14664 INFO Epoch 11/50, train generator loss: 0.52770
2026-09-17 15:01:55,973 P14664 INFO Epoch 11/50, train discriminator loss: 5.44749
2026-09-17 15:01:56,179 P14664 INFO *** Test time is 0.20589756965637207
2026-09-17 15:01:56,179 P14664 INFO Epoch 11/50, test f1: 0.51064 rc: 0.42857 pc: 0.63158. [0.32s]
2026-09-17 15:01:56,179 P14664 INFO early stopping epoch 11/15
2026-09-17 15:01:56,355 P14664 INFO Epoch 12/50, train generator loss: 0.54497
2026-09-17 15:01:56,501 P14664 INFO Epoch 12/50, train discriminator loss: 5.54976
2026-09-17 15:01:56,701 P14664 INFO *** Test time is 0.19998383522033691
2026-09-17 15:01:56,701 P14664 INFO Epoch 12/50, test f1: 0.47826 rc: 0.39286 pc: 0.61111. [0.32s]
2026-09-17 15:01:56,701 P14664 INFO early stopping epoch 12/15
2026-09-17 15:01:56,892 P14664 INFO Epoch 13/50, train generator loss: 0.50716
2026-09-17 15:01:57,069 P14664 INFO Epoch 13/50, train discriminator loss: 5.61856
2026-09-17 15:01:57,273 P14664 INFO *** Test time is 0.20418310165405273
2026-09-17 15:01:57,273 P14664 INFO Epoch 13/50, test f1: 0.47826 rc: 0.39286 pc: 0.61111. [0.37s]
2026-09-17 15:01:57,273 P14664 INFO early stopping epoch 13/15
2026-09-17 15:01:57,428 P14664 INFO Epoch 14/50, train generator loss: 0.50146
2026-09-17 15:01:57,592 P14664 INFO Epoch 14/50, train discriminator loss: 5.62249
2026-09-17 15:01:57,806 P14664 INFO *** Test time is 0.21382761001586914
2026-09-17 15:01:57,806 P14664 INFO Epoch 14/50, test f1: 0.47826 rc: 0.39286 pc: 0.61111. [0.32s]
2026-09-17 15:01:57,806 P14664 INFO early stopping epoch 14/15
2026-09-17 15:01:57,969 P14664 INFO Epoch 15/50, train generator loss: 0.51002
2026-09-17 15:01:58,124 P14664 INFO Epoch 15/50, train discriminator loss: 5.61692
2026-09-17 15:01:58,264 P14664 INFO *** Test time is 0.1407313346862793
2026-09-17 15:01:58,264 P14664 INFO Epoch 15/50, test f1: 0.47826 rc: 0.39286 pc: 0.61111. [0.32s]
2026-09-17 15:01:58,264 P14664 INFO early stopping epoch 15/15
2026-09-17 15:01:58,264 P14664 INFO Early stopping
2026-09-17 15:01:58,344 P14664 INFO Threshold (p=95.0, src=val): 1.744765
2026-09-17 15:01:58,376 P14664 INFO *** Test F1 0.8846  of unsupervised traning
2026-09-17 15:01:58,376 P14664 INFO *** Best F1 {'f1': 0.88, 'rc': 0.7857142857142857, 'pc': 1.0, 'threshold': np.float64(1.825833239555359)}  of unsupervised traning
2026-09-17 15:01:58,376 P14664 INFO Current hash id e15741cc
