2026-09-17 15:00:47,094 P2732 INFO ^^^^^^^^^^ Current Model:hades, 00714818 ^^^^^^^^^^
2026-09-17 15:00:47,094 P2732 INFO Load from D:\UAM-AD\data\sn
2026-09-17 15:00:47,371 P2732 INFO 375 unique log templates found.
2026-09-17 15:00:47,377 P2732 INFO Transforming unlabel train data.
2026-09-17 15:00:47,404 P2732 INFO Transforming test data.
2026-09-17 15:00:47,426 P2732 INFO 733 new templates show.
2026-09-17 15:00:47,468 P2732 INFO Transforming val data.
2026-09-17 15:00:47,468 P2732 INFO 77 new templates show.
2026-09-17 15:00:47,469 P2732 INFO Data loaded done!
2026-09-17 15:00:47,506 P2732 INFO Known word number: 375
2026-09-17 15:00:47,690 P2732 INFO Epoch 0/50, train generator loss: 1.57563
2026-09-17 15:00:47,790 P2732 INFO Epoch 0/50, train discriminator loss: 5.60283
2026-09-17 15:00:47,949 P2732 INFO *** Test time is 0.15114116668701172
2026-09-17 15:00:47,949 P2732 INFO Epoch 0/50, test f1: 0.77273 rc: 0.65385 pc: 0.94444. [0.24s]
2026-09-17 15:00:48,075 P2732 INFO Epoch 1/50, train generator loss: 1.42688
2026-09-17 15:00:48,185 P2732 INFO Epoch 1/50, train discriminator loss: 5.15944
2026-09-17 15:00:48,343 P2732 INFO *** Test time is 0.15846824645996094
2026-09-17 15:00:48,343 P2732 INFO Epoch 1/50, test f1: 0.84444 rc: 0.73077 pc: 1.00000. [0.22s]
2026-09-17 15:00:48,493 P2732 INFO Epoch 2/50, train generator loss: 1.32324
2026-09-17 15:00:48,579 P2732 INFO Epoch 2/50, train discriminator loss: 5.05110
2026-09-17 15:00:48,737 P2732 INFO *** Test time is 0.15826749801635742
2026-09-17 15:00:48,737 P2732 INFO Epoch 2/50, test f1: 0.71429 rc: 0.57692 pc: 0.93750. [0.22s]
2026-09-17 15:00:48,737 P2732 INFO early stopping epoch 1/15
2026-09-17 15:00:48,874 P2732 INFO Epoch 3/50, train generator loss: 1.21250
2026-09-17 15:00:48,973 P2732 INFO Epoch 3/50, train discriminator loss: 5.60148
2026-09-17 15:00:49,147 P2732 INFO *** Test time is 0.17386841773986816
2026-09-17 15:00:49,147 P2732 INFO Epoch 3/50, test f1: 0.81818 rc: 0.69231 pc: 1.00000. [0.24s]
2026-09-17 15:00:49,148 P2732 INFO early stopping epoch 2/15
2026-09-17 15:00:49,277 P2732 INFO Epoch 4/50, train generator loss: 1.07477
2026-09-17 15:00:49,372 P2732 INFO Epoch 4/50, train discriminator loss: 6.73639
2026-09-17 15:00:49,517 P2732 INFO *** Test time is 0.14577054977416992
2026-09-17 15:00:49,517 P2732 INFO Epoch 4/50, test f1: 0.71111 rc: 0.61538 pc: 0.84211. [0.22s]
2026-09-17 15:00:49,517 P2732 INFO early stopping epoch 3/15
2026-09-17 15:00:49,631 P2732 INFO Epoch 5/50, train generator loss: 0.88300
2026-09-17 15:00:49,773 P2732 INFO Epoch 5/50, train discriminator loss: 7.91539
2026-09-17 15:00:49,962 P2732 INFO *** Test time is 0.18812179565429688
2026-09-17 15:00:49,962 P2732 INFO Epoch 5/50, test f1: 0.38095 rc: 0.30769 pc: 0.50000. [0.26s]
2026-09-17 15:00:49,962 P2732 INFO early stopping epoch 4/15
2026-09-17 15:00:50,148 P2732 INFO Epoch 6/50, train generator loss: 0.66622
2026-09-17 15:00:50,292 P2732 INFO Epoch 6/50, train discriminator loss: 8.55529
2026-09-17 15:00:50,496 P2732 INFO *** Test time is 0.20412373542785645
2026-09-17 15:00:50,496 P2732 INFO Epoch 6/50, test f1: 0.30000 rc: 0.23077 pc: 0.42857. [0.33s]
2026-09-17 15:00:50,496 P2732 INFO early stopping epoch 5/15
2026-09-17 15:00:50,656 P2732 INFO Epoch 7/50, train generator loss: 0.63791
2026-09-17 15:00:50,827 P2732 INFO Epoch 7/50, train discriminator loss: 7.62711
2026-09-17 15:00:51,085 P2732 INFO *** Test time is 0.25745368003845215
2026-09-17 15:00:51,085 P2732 INFO Epoch 7/50, test f1: 0.28571 rc: 0.23077 pc: 0.37500. [0.33s]
2026-09-17 15:00:51,085 P2732 INFO early stopping epoch 6/15
2026-09-17 15:00:51,265 P2732 INFO Epoch 8/50, train generator loss: 0.65120
2026-09-17 15:00:51,449 P2732 INFO Epoch 8/50, train discriminator loss: 6.39003
2026-09-17 15:00:51,665 P2732 INFO *** Test time is 0.21581482887268066
2026-09-17 15:00:51,665 P2732 INFO Epoch 8/50, test f1: 0.29268 rc: 0.23077 pc: 0.40000. [0.36s]
2026-09-17 15:00:51,665 P2732 INFO early stopping epoch 7/15
2026-09-17 15:00:51,837 P2732 INFO Epoch 9/50, train generator loss: 0.56732
2026-09-17 15:00:52,015 P2732 INFO Epoch 9/50, train discriminator loss: 5.64698
2026-09-17 15:00:52,283 P2732 INFO *** Test time is 0.26801395416259766
2026-09-17 15:00:52,283 P2732 INFO Epoch 9/50, test f1: 0.30000 rc: 0.23077 pc: 0.42857. [0.35s]
2026-09-17 15:00:52,283 P2732 INFO early stopping epoch 8/15
2026-09-17 15:00:52,441 P2732 INFO Epoch 10/50, train generator loss: 0.50345
2026-09-17 15:00:52,592 P2732 INFO Epoch 10/50, train discriminator loss: 5.42982
2026-09-17 15:00:52,736 P2732 INFO *** Test time is 0.1433560848236084
2026-09-17 15:00:52,736 P2732 INFO Epoch 10/50, test f1: 0.33333 rc: 0.26923 pc: 0.43750. [0.31s]
2026-09-17 15:00:52,736 P2732 INFO early stopping epoch 9/15
2026-09-17 15:00:52,870 P2732 INFO Epoch 11/50, train generator loss: 0.50760
2026-09-17 15:00:52,990 P2732 INFO Epoch 11/50, train discriminator loss: 5.48091
2026-09-17 15:00:53,133 P2732 INFO *** Test time is 0.14357757568359375
2026-09-17 15:00:53,133 P2732 INFO Epoch 11/50, test f1: 0.33333 rc: 0.26923 pc: 0.43750. [0.25s]
2026-09-17 15:00:53,133 P2732 INFO early stopping epoch 10/15
2026-09-17 15:00:53,262 P2732 INFO Epoch 12/50, train generator loss: 0.50833
2026-09-17 15:00:53,371 P2732 INFO Epoch 12/50, train discriminator loss: 5.59166
2026-09-17 15:00:53,530 P2732 INFO *** Test time is 0.15875887870788574
2026-09-17 15:00:53,530 P2732 INFO Epoch 12/50, test f1: 0.29268 rc: 0.23077 pc: 0.40000. [0.24s]
2026-09-17 15:00:53,530 P2732 INFO early stopping epoch 11/15
2026-09-17 15:00:53,638 P2732 INFO Epoch 13/50, train generator loss: 0.49089
2026-09-17 15:00:53,748 P2732 INFO Epoch 13/50, train discriminator loss: 5.66128
2026-09-17 15:00:53,890 P2732 INFO *** Test time is 0.1419081687927246
2026-09-17 15:00:53,890 P2732 INFO Epoch 13/50, test f1: 0.29268 rc: 0.23077 pc: 0.40000. [0.22s]
2026-09-17 15:00:53,890 P2732 INFO early stopping epoch 12/15
2026-09-17 15:00:54,008 P2732 INFO Epoch 14/50, train generator loss: 0.49112
2026-09-17 15:00:54,110 P2732 INFO Epoch 14/50, train discriminator loss: 5.68642
2026-09-17 15:00:54,285 P2732 INFO *** Test time is 0.17493963241577148
2026-09-17 15:00:54,285 P2732 INFO Epoch 14/50, test f1: 0.30000 rc: 0.23077 pc: 0.42857. [0.22s]
2026-09-17 15:00:54,285 P2732 INFO early stopping epoch 13/15
2026-09-17 15:00:54,390 P2732 INFO Epoch 15/50, train generator loss: 0.47596
2026-09-17 15:00:54,496 P2732 INFO Epoch 15/50, train discriminator loss: 5.68994
2026-09-17 15:00:54,656 P2732 INFO *** Test time is 0.15988540649414062
2026-09-17 15:00:54,656 P2732 INFO Epoch 15/50, test f1: 0.30000 rc: 0.23077 pc: 0.42857. [0.21s]
2026-09-17 15:00:54,656 P2732 INFO early stopping epoch 14/15
2026-09-17 15:00:54,743 P2732 INFO Epoch 16/50, train generator loss: 0.44544
2026-09-17 15:00:54,865 P2732 INFO Epoch 16/50, train discriminator loss: 5.68402
2026-09-17 15:00:55,012 P2732 INFO *** Test time is 0.14701461791992188
2026-09-17 15:00:55,012 P2732 INFO Epoch 16/50, test f1: 0.30000 rc: 0.23077 pc: 0.42857. [0.21s]
2026-09-17 15:00:55,012 P2732 INFO early stopping epoch 15/15
2026-09-17 15:00:55,012 P2732 INFO Early stopping
2026-09-17 15:00:55,124 P2732 INFO Threshold (p=95.0, src=val): 1.622011
2026-09-17 15:00:55,156 P2732 INFO *** Test F1 0.8750  of unsupervised traning
2026-09-17 15:00:55,156 P2732 INFO *** Best F1 {'f1': 0.8444444444444444, 'rc': 0.7307692307692307, 'pc': 1.0, 'threshold': np.float64(1.6750770139694213)}  of unsupervised traning
2026-09-17 15:00:55,171 P2732 INFO Current hash id 00714818
