2026-09-16 11:10:13,173 P16312 INFO ^^^^^^^^^^ Current Model:hades, 7fd3c700 ^^^^^^^^^^
2026-09-16 11:10:13,173 P16312 INFO Load from D:\UAM-AD\data\sn
2026-09-16 11:10:13,509 P16312 INFO 375 unique log templates found.
2026-09-16 11:10:13,509 P16312 INFO Transforming unlabel train data.
2026-09-16 11:10:13,541 P16312 INFO Transforming test data.
2026-09-16 11:10:13,573 P16312 INFO 189 new templates show.
2026-09-16 11:10:13,607 P16312 INFO Transforming val data.
2026-09-16 11:10:13,607 P16312 INFO 77 new templates show.
2026-09-16 11:10:13,607 P16312 INFO Data loaded done!
2026-09-16 11:10:13,636 P16312 INFO Known word number: 375
2026-09-16 11:10:15,759 P16312 INFO Epoch 0/10, train generator loss: 1.50750
2026-09-16 11:10:16,010 P16312 INFO Epoch 0/10, train discriminator loss: 5.62453
2026-09-16 11:10:16,215 P16312 INFO *** Test time is 0.20528292655944824
2026-09-16 11:10:16,215 P16312 INFO Epoch 0/10, test f1: 0.72727 rc: 0.80000 pc: 0.66667. [0.99s]
2026-09-16 11:10:16,453 P16312 INFO Epoch 1/10, train generator loss: 1.40424
2026-09-16 11:10:16,599 P16312 INFO Epoch 1/10, train discriminator loss: 4.97309
2026-09-16 11:10:16,786 P16312 INFO *** Test time is 0.18732094764709473
2026-09-16 11:10:16,786 P16312 INFO Epoch 1/10, test f1: 0.72727 rc: 0.80000 pc: 0.66667. [0.35s]
2026-09-16 11:10:16,786 P16312 INFO early stopping epoch 1/5
2026-09-16 11:10:16,911 P16312 INFO Epoch 2/10, train generator loss: 1.37089
2026-09-16 11:10:17,008 P16312 INFO Epoch 2/10, train discriminator loss: 4.60347
2026-09-16 11:10:17,152 P16312 INFO *** Test time is 0.143568754196167
2026-09-16 11:10:17,152 P16312 INFO Epoch 2/10, test f1: 0.72727 rc: 0.80000 pc: 0.66667. [0.22s]
2026-09-16 11:10:17,152 P16312 INFO early stopping epoch 2/5
2026-09-16 11:10:17,255 P16312 INFO Epoch 3/10, train generator loss: 1.38107
2026-09-16 11:10:17,340 P16312 INFO Epoch 3/10, train discriminator loss: 4.30698
2026-09-16 11:10:17,484 P16312 INFO *** Test time is 0.14433884620666504
2026-09-16 11:10:17,484 P16312 INFO Epoch 3/10, test f1: 0.72727 rc: 0.80000 pc: 0.66667. [0.19s]
2026-09-16 11:10:17,484 P16312 INFO early stopping epoch 3/5
2026-09-16 11:10:17,587 P16312 INFO Epoch 4/10, train generator loss: 1.40882
2026-09-16 11:10:17,687 P16312 INFO Epoch 4/10, train discriminator loss: 4.10675
2026-09-16 11:10:17,841 P16312 INFO *** Test time is 0.154205322265625
2026-09-16 11:10:17,841 P16312 INFO Epoch 4/10, test f1: 0.72727 rc: 0.80000 pc: 0.66667. [0.20s]
2026-09-16 11:10:17,841 P16312 INFO early stopping epoch 4/5
2026-09-16 11:10:17,955 P16312 INFO Epoch 5/10, train generator loss: 1.43777
2026-09-16 11:10:18,083 P16312 INFO Epoch 5/10, train discriminator loss: 3.98870
2026-09-16 11:10:18,229 P16312 INFO *** Test time is 0.14600014686584473
2026-09-16 11:10:18,229 P16312 INFO Epoch 5/10, test f1: 0.72727 rc: 0.80000 pc: 0.66667. [0.24s]
2026-09-16 11:10:18,229 P16312 INFO early stopping epoch 5/5
2026-09-16 11:10:18,229 P16312 INFO Early stopping
2026-09-16 11:10:18,350 P16312 INFO Threshold (p=95.0, src=val): 1.778895
2026-09-16 11:10:18,382 P16312 INFO *** Test F1 0.6000  of unsupervised traning
2026-09-16 11:10:18,382 P16312 INFO *** Best F1 {'f1': 0.7272727272727273, 'rc': 0.8, 'pc': 0.6666666666666666, 'threshold': np.float64(1.7627074003219605)}  of unsupervised traning
2026-09-16 11:10:18,382 P16312 INFO Current hash id 7fd3c700
