2026-09-17 14:55:15,910 P23216 INFO ^^^^^^^^^^ Current Model:hades, 5633d23d ^^^^^^^^^^
2026-09-17 14:55:15,910 P23216 INFO Load from D:\UAM-AD\data\sn
2026-09-17 14:55:16,101 P23216 INFO 375 unique log templates found.
2026-09-17 14:55:16,117 P23216 INFO Transforming unlabel train data.
2026-09-17 14:55:16,135 P23216 INFO Transforming test data.
2026-09-17 14:55:16,165 P23216 INFO 734 new templates show.
2026-09-17 14:55:16,197 P23216 INFO Transforming val data.
2026-09-17 14:55:16,197 P23216 INFO 77 new templates show.
2026-09-17 14:55:16,197 P23216 INFO Data loaded done!
2026-09-17 14:55:16,229 P23216 INFO Known word number: 375
2026-09-17 14:55:16,418 P23216 INFO Epoch 0/50, train generator loss: 1.46848
2026-09-17 14:55:16,535 P23216 INFO Epoch 0/50, train discriminator loss: 5.48988
2026-09-17 14:55:16,688 P23216 INFO *** Test time is 0.1539156436920166
2026-09-17 14:55:16,688 P23216 INFO Epoch 0/50, test f1: 0.94340 rc: 0.89286 pc: 1.00000. [0.26s]
2026-09-17 14:55:16,817 P23216 INFO Epoch 1/50, train generator loss: 1.38817
2026-09-17 14:55:16,943 P23216 INFO Epoch 1/50, train discriminator loss: 4.97430
2026-09-17 14:55:17,167 P23216 INFO *** Test time is 0.22412490844726562
2026-09-17 14:55:17,167 P23216 INFO Epoch 1/50, test f1: 0.94340 rc: 0.89286 pc: 1.00000. [0.24s]
2026-09-17 14:55:17,167 P23216 INFO early stopping epoch 1/15
2026-09-17 14:55:17,370 P23216 INFO Epoch 2/50, train generator loss: 1.26232
2026-09-17 14:55:17,523 P23216 INFO Epoch 2/50, train discriminator loss: 4.90636
2026-09-17 14:55:17,741 P23216 INFO *** Test time is 0.21631669998168945
2026-09-17 14:55:17,741 P23216 INFO Epoch 2/50, test f1: 0.94340 rc: 0.89286 pc: 1.00000. [0.36s]
2026-09-17 14:55:17,741 P23216 INFO early stopping epoch 2/15
2026-09-17 14:55:17,938 P23216 INFO Epoch 3/50, train generator loss: 1.14687
2026-09-17 14:55:18,139 P23216 INFO Epoch 3/50, train discriminator loss: 5.52997
2026-09-17 14:55:18,362 P23216 INFO *** Test time is 0.22386956214904785
2026-09-17 14:55:18,362 P23216 INFO Epoch 3/50, test f1: 0.94340 rc: 0.89286 pc: 1.00000. [0.40s]
2026-09-17 14:55:18,362 P23216 INFO early stopping epoch 3/15
2026-09-17 14:55:18,551 P23216 INFO Epoch 4/50, train generator loss: 0.99955
2026-09-17 14:55:18,710 P23216 INFO Epoch 4/50, train discriminator loss: 6.64455
2026-09-17 14:55:18,925 P23216 INFO *** Test time is 0.2155144214630127
2026-09-17 14:55:18,925 P23216 INFO Epoch 4/50, test f1: 0.94340 rc: 0.89286 pc: 1.00000. [0.35s]
2026-09-17 14:55:18,925 P23216 INFO early stopping epoch 4/15
2026-09-17 14:55:19,140 P23216 INFO Epoch 5/50, train generator loss: 0.81169
2026-09-17 14:55:19,347 P23216 INFO Epoch 5/50, train discriminator loss: 7.54464
2026-09-17 14:55:19,580 P23216 INFO *** Test time is 0.23348379135131836
2026-09-17 14:55:19,580 P23216 INFO Epoch 5/50, test f1: 0.80769 rc: 0.75000 pc: 0.87500. [0.42s]
2026-09-17 14:55:19,580 P23216 INFO early stopping epoch 5/15
2026-09-17 14:55:19,768 P23216 INFO Epoch 6/50, train generator loss: 0.63881
2026-09-17 14:55:19,859 P23216 INFO Epoch 6/50, train discriminator loss: 7.77593
2026-09-17 14:55:20,016 P23216 INFO *** Test time is 0.15692138671875
2026-09-17 14:55:20,016 P23216 INFO Epoch 6/50, test f1: 0.74510 rc: 0.67857 pc: 0.82609. [0.28s]
2026-09-17 14:55:20,016 P23216 INFO early stopping epoch 6/15
2026-09-17 14:55:20,122 P23216 INFO Epoch 7/50, train generator loss: 0.63235
2026-09-17 14:55:20,235 P23216 INFO Epoch 7/50, train discriminator loss: 6.89389
2026-09-17 14:55:20,393 P23216 INFO *** Test time is 0.1574993133544922
2026-09-17 14:55:20,393 P23216 INFO Epoch 7/50, test f1: 0.74510 rc: 0.67857 pc: 0.82609. [0.22s]
2026-09-17 14:55:20,393 P23216 INFO early stopping epoch 7/15
2026-09-17 14:55:20,493 P23216 INFO Epoch 8/50, train generator loss: 0.59098
2026-09-17 14:55:20,581 P23216 INFO Epoch 8/50, train discriminator loss: 5.98198
2026-09-17 14:55:20,729 P23216 INFO *** Test time is 0.1478748321533203
2026-09-17 14:55:20,729 P23216 INFO Epoch 8/50, test f1: 0.74510 rc: 0.67857 pc: 0.82609. [0.19s]
2026-09-17 14:55:20,729 P23216 INFO early stopping epoch 8/15
2026-09-17 14:55:20,831 P23216 INFO Epoch 9/50, train generator loss: 0.50114
2026-09-17 14:55:20,949 P23216 INFO Epoch 9/50, train discriminator loss: 5.52646
2026-09-17 14:55:21,112 P23216 INFO *** Test time is 0.16295289993286133
2026-09-17 14:55:21,112 P23216 INFO Epoch 9/50, test f1: 0.74510 rc: 0.67857 pc: 0.82609. [0.22s]
2026-09-17 14:55:21,112 P23216 INFO early stopping epoch 9/15
2026-09-17 14:55:21,261 P23216 INFO Epoch 10/50, train generator loss: 0.54056
2026-09-17 14:55:21,370 P23216 INFO Epoch 10/50, train discriminator loss: 5.47751
2026-09-17 14:55:21,510 P23216 INFO *** Test time is 0.13967061042785645
2026-09-17 14:55:21,510 P23216 INFO Epoch 10/50, test f1: 0.74510 rc: 0.67857 pc: 0.82609. [0.26s]
2026-09-17 14:55:21,510 P23216 INFO early stopping epoch 10/15
2026-09-17 14:55:21,633 P23216 INFO Epoch 11/50, train generator loss: 0.52549
2026-09-17 14:55:21,736 P23216 INFO Epoch 11/50, train discriminator loss: 5.48577
2026-09-17 14:55:21,904 P23216 INFO *** Test time is 0.16822481155395508
2026-09-17 14:55:21,904 P23216 INFO Epoch 11/50, test f1: 0.74510 rc: 0.67857 pc: 0.82609. [0.23s]
2026-09-17 14:55:21,904 P23216 INFO early stopping epoch 11/15
2026-09-17 14:55:22,016 P23216 INFO Epoch 12/50, train generator loss: 0.48480
2026-09-17 14:55:22,123 P23216 INFO Epoch 12/50, train discriminator loss: 5.47714
2026-09-17 14:55:22,268 P23216 INFO *** Test time is 0.1442582607269287
2026-09-17 14:55:22,268 P23216 INFO Epoch 12/50, test f1: 0.74510 rc: 0.67857 pc: 0.82609. [0.22s]
2026-09-17 14:55:22,268 P23216 INFO early stopping epoch 12/15
2026-09-17 14:55:22,362 P23216 INFO Epoch 13/50, train generator loss: 0.49522
2026-09-17 14:55:22,467 P23216 INFO Epoch 13/50, train discriminator loss: 5.48616
2026-09-17 14:55:22,615 P23216 INFO *** Test time is 0.14803218841552734
2026-09-17 14:55:22,615 P23216 INFO Epoch 13/50, test f1: 0.74510 rc: 0.67857 pc: 0.82609. [0.20s]
2026-09-17 14:55:22,615 P23216 INFO early stopping epoch 13/15
2026-09-17 14:55:22,714 P23216 INFO Epoch 14/50, train generator loss: 0.48044
2026-09-17 14:55:22,843 P23216 INFO Epoch 14/50, train discriminator loss: 5.53162
2026-09-17 14:55:22,989 P23216 INFO *** Test time is 0.14623045921325684
2026-09-17 14:55:22,989 P23216 INFO Epoch 14/50, test f1: 0.74510 rc: 0.67857 pc: 0.82609. [0.23s]
2026-09-17 14:55:22,989 P23216 INFO early stopping epoch 14/15
2026-09-17 14:55:23,086 P23216 INFO Epoch 15/50, train generator loss: 0.44214
2026-09-17 14:55:23,180 P23216 INFO Epoch 15/50, train discriminator loss: 5.57874
2026-09-17 14:55:23,338 P23216 INFO *** Test time is 0.15720438957214355
2026-09-17 14:55:23,338 P23216 INFO Epoch 15/50, test f1: 0.74510 rc: 0.67857 pc: 0.82609. [0.19s]
2026-09-17 14:55:23,338 P23216 INFO early stopping epoch 15/15
2026-09-17 14:55:23,338 P23216 INFO Early stopping
2026-09-17 14:55:23,462 P23216 INFO Threshold (p=95.0, src=val): 1.750619
2026-09-17 14:55:23,494 P23216 INFO *** Test F1 0.9655  of unsupervised traning
2026-09-17 14:55:23,494 P23216 INFO *** Best F1 {'f1': 0.9433962264150944, 'rc': 0.8928571428571429, 'pc': 1.0, 'threshold': np.float64(2.2674569225311276)}  of unsupervised traning
2026-09-17 14:55:23,515 P23216 INFO Current hash id 5633d23d
