2026-09-17 11:42:51,739 P18612 INFO ^^^^^^^^^^ Current Model:hades, 0a7e36c3 ^^^^^^^^^^
2026-09-17 11:42:51,739 P18612 INFO Load from D:\UAM-AD\data\sn
2026-09-17 11:42:51,978 P18612 INFO 375 unique log templates found.
2026-09-17 11:42:51,986 P18612 INFO Transforming unlabel train data.
2026-09-17 11:42:52,009 P18612 INFO Transforming test data.
2026-09-17 11:42:52,041 P18612 INFO 729 new templates show.
2026-09-17 11:42:52,072 P18612 INFO Transforming val data.
2026-09-17 11:42:52,072 P18612 INFO 77 new templates show.
2026-09-17 11:42:52,072 P18612 INFO Data loaded done!
2026-09-17 11:42:52,104 P18612 INFO Known word number: 375
2026-09-17 11:42:52,283 P18612 INFO Epoch 0/10, train generator loss: 1.32987
2026-09-17 11:42:52,404 P18612 INFO Epoch 0/10, train discriminator loss: 2.74600
2026-09-17 11:42:52,597 P18612 INFO *** Test time is 0.19276094436645508
2026-09-17 11:42:52,597 P18612 INFO Epoch 0/10, test f1: 0.78261 rc: 0.64286 pc: 1.00000. [0.25s]
2026-09-17 11:42:52,773 P18612 INFO Epoch 1/10, train generator loss: 1.22773
2026-09-17 11:42:52,885 P18612 INFO Epoch 1/10, train discriminator loss: 2.11584
2026-09-17 11:42:53,101 P18612 INFO *** Test time is 0.2157001495361328
2026-09-17 11:42:53,101 P18612 INFO Epoch 1/10, test f1: 0.78261 rc: 0.64286 pc: 1.00000. [0.26s]
2026-09-17 11:42:53,103 P18612 INFO early stopping epoch 1/5
2026-09-17 11:42:53,248 P18612 INFO Epoch 2/10, train generator loss: 1.21985
2026-09-17 11:42:53,364 P18612 INFO Epoch 2/10, train discriminator loss: 1.77408
2026-09-17 11:42:53,576 P18612 INFO *** Test time is 0.21179842948913574
2026-09-17 11:42:53,576 P18612 INFO Epoch 2/10, test f1: 0.78261 rc: 0.64286 pc: 1.00000. [0.26s]
2026-09-17 11:42:53,576 P18612 INFO early stopping epoch 2/5
2026-09-17 11:42:53,741 P18612 INFO Epoch 3/10, train generator loss: 1.25788
2026-09-17 11:42:53,859 P18612 INFO Epoch 3/10, train discriminator loss: 1.52054
2026-09-17 11:42:54,086 P18612 INFO *** Test time is 0.226898193359375
2026-09-17 11:42:54,086 P18612 INFO Epoch 3/10, test f1: 0.80851 rc: 0.67857 pc: 1.00000. [0.28s]
2026-09-17 11:42:54,265 P18612 INFO Epoch 4/10, train generator loss: 1.30730
2026-09-17 11:42:54,401 P18612 INFO Epoch 4/10, train discriminator loss: 1.34390
2026-09-17 11:42:54,621 P18612 INFO *** Test time is 0.2197246551513672
2026-09-17 11:42:54,621 P18612 INFO Epoch 4/10, test f1: 0.80851 rc: 0.67857 pc: 1.00000. [0.30s]
2026-09-17 11:42:54,621 P18612 INFO early stopping epoch 1/5
2026-09-17 11:42:54,771 P18612 INFO Epoch 5/10, train generator loss: 1.35858
2026-09-17 11:42:54,884 P18612 INFO Epoch 5/10, train discriminator loss: 1.22814
2026-09-17 11:42:55,000 P18612 INFO *** Test time is 0.11655974388122559
2026-09-17 11:42:55,000 P18612 INFO Epoch 5/10, test f1: 0.78261 rc: 0.64286 pc: 1.00000. [0.26s]
2026-09-17 11:42:55,000 P18612 INFO early stopping epoch 2/5
2026-09-17 11:42:55,126 P18612 INFO Epoch 6/10, train generator loss: 1.41659
2026-09-17 11:42:55,224 P18612 INFO Epoch 6/10, train discriminator loss: 1.14110
2026-09-17 11:42:55,356 P18612 INFO *** Test time is 0.13135766983032227
2026-09-17 11:42:55,356 P18612 INFO Epoch 6/10, test f1: 0.80851 rc: 0.67857 pc: 1.00000. [0.22s]
2026-09-17 11:42:55,356 P18612 INFO early stopping epoch 3/5
2026-09-17 11:42:55,446 P18612 INFO Epoch 7/10, train generator loss: 1.48115
2026-09-17 11:42:55,537 P18612 INFO Epoch 7/10, train discriminator loss: 1.07737
2026-09-17 11:42:55,686 P18612 INFO *** Test time is 0.14910459518432617
2026-09-17 11:42:55,686 P18612 INFO Epoch 7/10, test f1: 0.78261 rc: 0.64286 pc: 1.00000. [0.18s]
2026-09-17 11:42:55,686 P18612 INFO early stopping epoch 4/5
2026-09-17 11:42:55,832 P18612 INFO Epoch 8/10, train generator loss: 1.54747
2026-09-17 11:42:55,915 P18612 INFO Epoch 8/10, train discriminator loss: 1.01272
2026-09-17 11:42:56,049 P18612 INFO *** Test time is 0.13344335556030273
2026-09-17 11:42:56,049 P18612 INFO Epoch 8/10, test f1: 0.78261 rc: 0.64286 pc: 1.00000. [0.23s]
2026-09-17 11:42:56,049 P18612 INFO early stopping epoch 5/5
2026-09-17 11:42:56,049 P18612 INFO Early stopping
2026-09-17 11:42:56,142 P18612 INFO Threshold (p=95.0, src=val): 1.365562
2026-09-17 11:42:56,167 P18612 INFO *** Test F1 0.9333  of unsupervised traning
2026-09-17 11:42:56,167 P18612 INFO *** Best F1 {'f1': 0.8085106382978723, 'rc': 0.6785714285714286, 'pc': 1.0, 'threshold': np.float64(1.600253505706787)}  of unsupervised traning
2026-09-17 11:42:56,169 P18612 INFO Current hash id 0a7e36c3
