2026-09-17 11:42:10,772 P26260 INFO ^^^^^^^^^^ Current Model:hades, ae19de03 ^^^^^^^^^^
2026-09-17 11:42:10,772 P26260 INFO Load from D:\UAM-AD\data\sn
2026-09-17 11:42:11,099 P26260 INFO 375 unique log templates found.
2026-09-17 11:42:11,104 P26260 INFO Transforming unlabel train data.
2026-09-17 11:42:11,130 P26260 INFO Transforming test data.
2026-09-17 11:42:11,152 P26260 INFO 721 new templates show.
2026-09-17 11:42:11,184 P26260 INFO Transforming val data.
2026-09-17 11:42:11,184 P26260 INFO 77 new templates show.
2026-09-17 11:42:11,184 P26260 INFO Data loaded done!
2026-09-17 11:42:11,216 P26260 INFO Known word number: 375
2026-09-17 11:42:11,398 P26260 INFO Epoch 0/10, train generator loss: 1.24314
2026-09-17 11:42:11,479 P26260 INFO Epoch 0/10, train discriminator loss: 2.46333
2026-09-17 11:42:11,644 P26260 INFO *** Test time is 0.16515541076660156
2026-09-17 11:42:11,644 P26260 INFO Epoch 0/10, test f1: 0.84615 rc: 0.73333 pc: 1.00000. [0.21s]
2026-09-17 11:42:11,768 P26260 INFO Epoch 1/10, train generator loss: 1.17386
2026-09-17 11:42:11,836 P26260 INFO Epoch 1/10, train discriminator loss: 1.92579
2026-09-17 11:42:11,994 P26260 INFO *** Test time is 0.15810680389404297
2026-09-17 11:42:11,994 P26260 INFO Epoch 1/10, test f1: 0.84615 rc: 0.73333 pc: 1.00000. [0.18s]
2026-09-17 11:42:11,994 P26260 INFO early stopping epoch 1/5
2026-09-17 11:42:12,112 P26260 INFO Epoch 2/10, train generator loss: 1.15871
2026-09-17 11:42:12,208 P26260 INFO Epoch 2/10, train discriminator loss: 1.55612
2026-09-17 11:42:12,367 P26260 INFO *** Test time is 0.15887928009033203
2026-09-17 11:42:12,367 P26260 INFO Epoch 2/10, test f1: 0.84615 rc: 0.73333 pc: 1.00000. [0.22s]
2026-09-17 11:42:12,367 P26260 INFO early stopping epoch 2/5
2026-09-17 11:42:12,473 P26260 INFO Epoch 3/10, train generator loss: 1.16604
2026-09-17 11:42:12,542 P26260 INFO Epoch 3/10, train discriminator loss: 1.31715
2026-09-17 11:42:12,699 P26260 INFO *** Test time is 0.15732216835021973
2026-09-17 11:42:12,699 P26260 INFO Epoch 3/10, test f1: 0.84615 rc: 0.73333 pc: 1.00000. [0.17s]
2026-09-17 11:42:12,699 P26260 INFO early stopping epoch 3/5
2026-09-17 11:42:12,805 P26260 INFO Epoch 4/10, train generator loss: 1.18731
2026-09-17 11:42:12,877 P26260 INFO Epoch 4/10, train discriminator loss: 1.16524
2026-09-17 11:42:13,048 P26260 INFO *** Test time is 0.1705951690673828
2026-09-17 11:42:13,048 P26260 INFO Epoch 4/10, test f1: 0.84615 rc: 0.73333 pc: 1.00000. [0.18s]
2026-09-17 11:42:13,048 P26260 INFO early stopping epoch 4/5
2026-09-17 11:42:13,145 P26260 INFO Epoch 5/10, train generator loss: 1.22008
2026-09-17 11:42:13,229 P26260 INFO Epoch 5/10, train discriminator loss: 1.05653
2026-09-17 11:42:13,382 P26260 INFO *** Test time is 0.15343022346496582
2026-09-17 11:42:13,382 P26260 INFO Epoch 5/10, test f1: 0.84615 rc: 0.73333 pc: 1.00000. [0.18s]
2026-09-17 11:42:13,382 P26260 INFO early stopping epoch 5/5
2026-09-17 11:42:13,382 P26260 INFO Early stopping
2026-09-17 11:42:13,510 P26260 INFO Threshold (p=95.0, src=val): 1.318932
2026-09-17 11:42:13,540 P26260 INFO *** Test F1 0.9091  of unsupervised traning
2026-09-17 11:42:13,540 P26260 INFO *** Best F1 {'f1': 0.8461538461538461, 'rc': 0.7333333333333333, 'pc': 1.0, 'threshold': np.float64(1.5512082290649414)}  of unsupervised traning
2026-09-17 11:42:13,541 P26260 INFO Current hash id ae19de03
